[    0.000000] Linux version 7.2.6-070206-generic (kernel@balboa) (x86_64-linux-gnu-gcc-15 (Ubuntu 15.2.0-12ubuntu1) 15.2.0, GNU ld (GNU Binutils for Ubuntu) 2.46) #202609141300 SMP PREEMPT_DYNAMIC Mon Sep 14 15:22:52 UTC 2026
[    0.000000] Command line: console=ttyS0,115200 root=/dev/vda rw rootfstype=ext4 init=/lab-init.sh panic=-1 cgroup_no_v1=all mitigations=off loglevel=4 rcupdate.rcu_cpu_stall_timeout=120 
[    0.000000] KERNEL supported cpus:
[line about the CPU removed]
[line about the CPU removed]
[line about the CPU removed]
[    0.000000]   Centaur CentaurHauls
[    0.000000]   zhaoxin   Shanghai  
[line about the CPU removed]
[line about the CPU removed]
[    0.000000] BIOS-provided physical RAM map:
[    0.000000] BIOS-e820: [mem 0x0000000000000000-0x000000000009fbff]  System RAM
[    0.000000] BIOS-e820: [mem 0x000000000009fc00-0x000000000009ffff]  device reserved
[    0.000000] BIOS-e820: [gap 0x00000000000a0000-0x00000000000effff]
[    0.000000] BIOS-e820: [mem 0x00000000000f0000-0x00000000000fffff]  device reserved
[    0.000000] BIOS-e820: [mem 0x0000000000100000-0x00000000bffdcfff]  System RAM
[    0.000000] BIOS-e820: [mem 0x00000000bffdd000-0x00000000bfffffff]  device reserved
[    0.000000] BIOS-e820: [gap 0x00000000c0000000-0x00000000feffbfff]
[    0.000000] BIOS-e820: [mem 0x00000000feffc000-0x00000000feffffff]  device reserved
[    0.000000] BIOS-e820: [gap 0x00000000ff000000-0x00000000fffbffff]
[    0.000000] BIOS-e820: [mem 0x00000000fffc0000-0x00000000ffffffff]  device reserved
[    0.000000] BIOS-e820: [mem 0x0000000100000000-0x000000013fffffff]  System RAM
[    0.000000] NX (Execute Disable) protection: active
[    0.000000] APIC: Static calls initialized
[    0.000000] DMI: SMBIOS 2.8 present.
[    0.000000] DMI: QEMU Standard PC (i440FX + PIIX, 1996), BIOS [removed]
[    0.000000] DMI: Memory slots populated: 1/1
[    0.000000] Hypervisor detected: KVM
[    0.000000] last_pfn = 0xbffdd max_arch_pfn = 0x400000000
[    0.000000] kvm-clock: Using msrs 4b564d01 and 4b564d00
[    0.000000] kvm-clock: using sched offset of 95217888 cycles
[    0.000002] clocksource: kvm-clock: mask: 0xffffffffffffffff max_cycles: 0x1cd42e4dffb, max_idle_ns: 881590591483 ns
[line about the CPU removed]
[    0.000079] e820: update [mem 0x00000000-0x00000fff] System RAM ==> device reserved
[    0.000081] e820: remove [mem 0x000a0000-0x000fffff] System RAM
[    0.000083] last_pfn = 0x140000 max_arch_pfn = 0x400000000
[    0.000099] MTRR map: 4 entries (3 fixed + 1 variable; max 19), built from 8 variable MTRRs
[    0.000101] x86/PAT: Configuration [0-7]: WB  WC  UC- UC  WB  WP  UC- WT  
[    0.000122] last_pfn = 0xbffdd max_arch_pfn = 0x400000000
[    0.002313] found SMP MP-table at [mem 0x000f54d0-0x000f54df]
[    0.002320] Using GB pages for direct mapping
[    0.002538] ACPI: Early table checksum verification disabled
[    0.002541] ACPI: RSDP 0x00000000000F52F0 000014 (v00 BOCHS )
[    0.002545] ACPI: RSDT 0x00000000BFFE2373 000034 (v01 BOCHS  BXPC     00000001 BXPC 00000001)
[    0.002548] ACPI: FACP 0x00000000BFFE221F 000074 (v01 BOCHS  BXPC     00000001 BXPC 00000001)
[    0.002552] ACPI: DSDT 0x00000000BFFE0040 0021DF (v01 BOCHS  BXPC     00000001 BXPC 00000001)
[    0.002553] ACPI: FACS 0x00000000BFFE0000 000040
[    0.002555] ACPI: APIC 0x00000000BFFE2293 000080 (v03 BOCHS  BXPC     00000001 BXPC 00000001)
[    0.002556] ACPI: HPET 0x00000000BFFE2313 000038 (v01 BOCHS  BXPC     00000001 BXPC 00000001)
[    0.002557] ACPI: WAET 0x00000000BFFE234B 000028 (v01 BOCHS  BXPC     00000001 BXPC 00000001)
[    0.002558] ACPI: Reserving FACP table memory at [mem 0xbffe221f-0xbffe2292]
[    0.002559] ACPI: Reserving DSDT table memory at [mem 0xbffe0040-0xbffe221e]
[    0.002559] ACPI: Reserving FACS table memory at [mem 0xbffe0000-0xbffe003f]
[    0.002559] ACPI: Reserving APIC table memory at [mem 0xbffe2293-0xbffe2312]
[    0.002560] ACPI: Reserving HPET table memory at [mem 0xbffe2313-0xbffe234a]
[    0.002560] ACPI: Reserving WAET table memory at [mem 0xbffe234b-0xbffe2372]
[    0.002777] No NUMA configuration found
[    0.002777] Faking a node at [mem 0x0000000000000000-0x000000013fffffff]
[    0.002781] NODE_DATA(0) allocated [mem 0x13ffd2f80-0x13fffdfff]
[    0.003088] ACPI: PM-Timer IO Port: 0x608
[    0.003093] ACPI: LAPIC_NMI (acpi_id[0xff] dfl dfl lint[0x1])
[    0.003114] IOAPIC[0]: apic_id 0, version 17, address 0xfec00000, GSI 0-23
[    0.003116] ACPI: INT_SRC_OVR (bus 0 bus_irq 0 global_irq 2 dfl dfl)
[    0.003117] ACPI: INT_SRC_OVR (bus 0 bus_irq 5 global_irq 5 high level)
[    0.003118] ACPI: INT_SRC_OVR (bus 0 bus_irq 9 global_irq 9 high level)
[    0.003118] ACPI: INT_SRC_OVR (bus 0 bus_irq 10 global_irq 10 high level)
[    0.003119] ACPI: INT_SRC_OVR (bus 0 bus_irq 11 global_irq 11 high level)
[    0.003120] ACPI: Using ACPI (MADT) for SMP configuration information
[    0.003121] ACPI: HPET id: 0x8086a201 base: 0xfed00000
[    0.003122] TSC deadline timer available
[    0.003124] CPU topo: Max. logical packages:   1
[    0.003124] CPU topo: Max. logical nodes:      1
[    0.003125] CPU topo: Num. nodes per package:  1
[    0.003125] CPU topo: Max. logical dies:       1
[    0.003125] CPU topo: Max. dies per package:   1
[    0.003127] CPU topo: Max. threads per core:   1
[    0.003127] CPU topo: Num. cores per package:     2
[    0.003127] CPU topo: Num. threads per package:   2
[    0.003127] CPU topo: Allowing 2 present CPUs plus 0 hotplug CPUs
[    0.003137] kvm-guest: APIC: eoi() replaced with kvm_guest_apic_eoi_write()
[    0.003145] kvm-guest: KVM setup pv remote TLB flush
[    0.003147] kvm-guest: setup PV sched yield
[    0.003150] PM: hibernation: Registered nosave memory: [mem 0x00000000-0x00000fff]
[    0.003151] PM: hibernation: Registered nosave memory: [mem 0x0009f000-0x000fffff]
[    0.003151] PM: hibernation: Registered nosave memory: [mem 0xbffdd000-0xffffffff]
[    0.003152] [gap 0xc0000000-0xfeffbfff] available for PCI devices
[    0.003153] Booting paravirtualized kernel on KVM
[    0.003154] clocksource: refined-jiffies: mask: 0xffffffff max_cycles: 0xffffffff, max_idle_ns: 1910969940391419 ns
[    0.003168] Zone ranges:
[    0.003169]   DMA      [mem 0x0000000000001000-0x0000000000ffffff]
[    0.003170]   DMA32    [mem 0x0000000001000000-0x00000000ffffffff]
[    0.003171]   Normal   [mem 0x0000000100000000-0x000000013fffffff]
[    0.003171]   Device   empty
[    0.003172] Movable zone start for each node
[    0.003173] Early memory node ranges
[    0.003173]   node   0: [mem 0x0000000000001000-0x000000000009efff]
[    0.003173]   node   0: [mem 0x0000000000100000-0x00000000bffdcfff]
[    0.003174]   node   0: [mem 0x0000000100000000-0x000000013fffffff]
[    0.003175] Initmem setup node 0 [mem 0x0000000000001000-0x000000013fffffff]
[    0.003305] On node 0, zone DMA: 1 pages in unavailable ranges
[    0.003313] On node 0, zone DMA: 97 pages in unavailable ranges
[    0.008540] On node 0, zone Normal: 35 pages in unavailable ranges
[    0.008552] setup_percpu: NR_CPUS:8192 nr_cpumask_bits:2 nr_cpu_ids:2 nr_node_ids:1
[    0.008746] percpu: Embedded 85 pages/cpu s225280 r8192 d114688 u1048576
[    0.008748] pcpu-alloc: s225280 r8192 d114688 u1048576 alloc=1*2097152
[    0.008750] pcpu-alloc: [0] 0 1 
[    0.008774] kvm-guest: PV spinlocks enabled
[    0.008775] PV qspinlock hash table entries: 256 (order: 0, 4096 bytes, linear)
[    0.008778] Kernel command line: console=ttyS0,115200 root=/dev/vda rw rootfstype=ext4 init=/lab-init.sh panic=-1 cgroup_no_v1=all mitigations=off loglevel=4 rcupdate.rcu_cpu_stall_timeout=120 
[    0.008839] random: crng init done
[    0.008840] printk: log buffer data + meta data: 262144 + 1114112 = 1376256 bytes
[    0.009188] Dentry cache hash table entries: 524288 (order: 10, 4194304 bytes, linear)
[    0.009353] Inode-cache hash table entries: 262144 (order: 9, 2097152 bytes, linear)
[    0.009394] software IO TLB: area num 2.
[    0.018660] Fallback order for Node 0: 0 
[    0.018664] Built 1 zonelists, mobility grouping on.  Total pages: 1048443
[    0.018665] Policy zone: Normal
[    0.018672] mem auto-init: stack:all(zero), heap alloc:on, heap free:off
[    0.024665] SLUB: HWalign=64, Order=0-3, MinObjects=0, CPUs=2, Nodes=1
[    0.033321] ftrace: allocating 64495 entries in 252 pages
[    0.033322] ftrace: allocated 252 pages with 6 groups
[    0.033930] Dynamic Preempt: lazy
[    0.034093] rcu: Preemptible hierarchical RCU implementation.
[    0.034093] rcu: 	RCU restricting CPUs from NR_CPUS=8192 to nr_cpu_ids=2.
[    0.034095] 	RCU CPU stall warnings timeout set to 120 (rcu_cpu_stall_timeout).
[    0.034096] 	Trampoline variant of Tasks RCU enabled.
[    0.034096] 	Rude variant of Tasks RCU enabled.
[    0.034096] 	Tracing variant of Tasks RCU enabled.
[    0.034097] rcu: RCU calculated value of scheduler-enlistment delay is 100 jiffies.
[    0.034097] rcu: Adjusting geometry for rcu_fanout_leaf=16, nr_cpu_ids=2
[    0.034103] RCU Tasks: Setting shift to 1 and lim to 1 rcu_task_cb_adjust=1 rcu_task_cpu_ids=2.
[    0.034104] RCU Tasks Rude: Setting shift to 1 and lim to 1 rcu_task_cb_adjust=1 rcu_task_cpu_ids=2.
[    0.036682] NR_IRQS: 524544, nr_irqs: 440, preallocated irqs: 16
[    0.036872] rcu: srcu_init: Setting srcu_struct sizes based on contention.
[    0.036882] clocksource: jiffies: mask: 0xffffffff max_cycles: 0xffffffff, max_idle_ns: 1911260446275000 ns
[    0.036997] Console: colour *CGA 80x25
[    0.037031] printk: legacy console [ttyS0] enabled
[    0.037053] ACPI: Core revision 20260408
[    0.037173] clocksource: hpet: mask: 0xffffffff max_cycles: 0xffffffff, max_idle_ns: 19112604467 ns
[    0.037245] APIC: Switch to symmetric I/O mode setup
[    0.037334] x2apic enabled
[    0.037467] APIC: Switched APIC routing to: physical x2apic
[    0.037470] kvm-guest: APIC: send_IPI_mask() replaced with kvm_send_ipi_mask()
[    0.037474] kvm-guest: APIC: send_IPI_mask_allbutself() replaced with kvm_send_ipi_mask_allbutself()
[    0.037475] kvm-guest: setup PV IPIs
[    0.037936] ..TIMER: vector=0x30 apic1=0 pin1=2 apic2=-1 pin2=-1
[    0.037946] clocksource: tsc-early: mask: 0xffffffffffffffff max_cycles: 0x6a464ae9873, max_idle_ns: 881590529744 ns
[line about the CPU removed]
[line about the CPU removed]
[line about the CPU removed]
[line about the CPU removed]
[    0.038068] mitigations: Enabled attack vectors: SMT mitigations: off
[line about the CPU removed]
[line about the CPU removed]
[line about the CPU removed]
[line about the CPU removed]
[line about the CPU removed]
[line about the CPU removed]
[line about the CPU removed]
[line about the CPU removed]
[line about the CPU removed]
[line about the CPU removed]
[    0.053730] pid_max: default: 32768 minimum: 301
[    0.053829] landlock: Up and running.
[    0.053830] Yama: becoming mindful.
[    0.053905] AppArmor: AppArmor initialized
[    0.053951] Mount-cache hash table entries: 8192 (order: 4, 65536 bytes, linear)
[    0.053956] Mountpoint-cache hash table entries: 8192 (order: 4, 65536 bytes, linear)
[    0.054146] VFS: Finished mounting rootfs on nullfs
[    0.054205] cgroup: Disabling cpuset control group subsystem in v1 mounts
[    0.054209] cgroup: Disabling cpu control group subsystem in v1 mounts
[    0.054211] cgroup: Disabling cpuacct control group subsystem in v1 mounts
[    0.054214] cgroup: Disabling blkio control group subsystem in v1 mounts
[    0.054228] cgroup: Disabling memory control group subsystem in v1 mounts
[    0.054232] cgroup: Disabling devices control group subsystem in v1 mounts
[    0.054236] cgroup: Disabling freezer control group subsystem in v1 mounts
[    0.054239] cgroup: Disabling net_cls control group subsystem in v1 mounts
[    0.054242] cgroup: Disabling perf_event control group subsystem in v1 mounts
[    0.054243] cgroup: Disabling net_prio control group subsystem in v1 mounts
[    0.054244] cgroup: Disabling hugetlb control group subsystem in v1 mounts
[    0.054245] cgroup: Disabling pids control group subsystem in v1 mounts
[    0.054248] cgroup: Disabling rdma control group subsystem in v1 mounts
[    0.054249] cgroup: Disabling misc control group subsystem in v1 mounts
[    0.054251] cgroup: Disabling dmem control group subsystem in v1 mounts
[line about the CPU removed]
[line about the CPU removed]
[    0.054500] signal: max sigframe size: 3632
[    0.054517] rcu: Hierarchical SRCU implementation.
[    0.054517] rcu: 	Max phase no-delay instances is 400.
[    0.054539] Timer migration: 1 hierarchy levels; 8 children per group; 1 crossnode level
[    0.054710] NMI watchdog: Perf NMI watchdog permanently disabled
[    0.054864] smp: Bringing up secondary CPUs ...
[    0.054921] smpboot: x86: Booting SMP configuration:
[    0.054922] .... node  #0, CPUs:      #1
[    0.055033] smp: Brought up 1 node, 2 CPUs
[line about the CPU removed]
[    0.055132] Memory: 3332240K/4193772K available (24112K kernel code, 4942K rwdata, 17556K rodata, 5424K init, 5736K bss, 854364K reserved, 0K cma-reserved)
[    0.055290] devtmpfs: initialized
[    0.055290] x86/mm: Memory block size: 128MB
[    0.055991] posixtimers hash table entries: 1024 (order: 2, 16384 bytes, linear)
[    0.055991] futex hash table entries: 512 (32768 bytes on 1 NUMA nodes, total 32 KiB, linear).
[    0.056389] PM: RTC time: 16:50:03, date: 2026-10-07
[    0.056389] NET: Registered PF_NETLINK/PF_ROUTE protocol family
[    0.056389] DMA: preallocated 512 KiB GFP_KERNEL pool for atomic allocations
[    0.056389] DMA: preallocated 512 KiB GFP_KERNEL|GFP_DMA pool for atomic allocations
[    0.056389] DMA: preallocated 512 KiB GFP_KERNEL|GFP_DMA32 pool for atomic allocations
[    0.056389] audit: initializing netlink subsys (disabled)
[    0.056963] audit: type=2000 audit(1791391803.473:1): state=initialized audit_enabled=0 res=1
[    0.064451] thermal_sys: Registered thermal governor 'fair_share'
[    0.064455] thermal_sys: Registered thermal governor 'bang_bang'
[    0.064455] thermal_sys: Registered thermal governor 'step_wise'
[    0.064456] thermal_sys: Registered thermal governor 'user_space'
[    0.064456] thermal_sys: Registered thermal governor 'power_allocator'
[    0.064464] cpuidle: using governor ladder
[    0.064464] cpuidle: using governor menu
[    0.064464] Freeing SMP alternatives memory: 56K
[    0.064464] acpiphp: ACPI Hot Plug PCI Controller Driver version: 0.5
[    0.064464] PCI: Using configuration type 1 for base access
[    0.064967] virt/tdx: TDX not supported by the host platform
[    0.065399] kprobes: kprobe jump-optimization is enabled. All kprobes are optimized if possible.
[    0.069963] HugeTLB: registered 1.00 GiB page size, pre-allocated 0 pages
[    0.069966] HugeTLB: 16380 KiB vmemmap can be freed for a 1.00 GiB page
[    0.069967] HugeTLB: registered 2.00 MiB page size, pre-allocated 0 pages
[    0.069967] HugeTLB: 28 KiB vmemmap can be freed for a 2.00 MiB page
[    0.077948] ACPI: Added _OSI(Module Device)
[    0.077948] ACPI: Added _OSI(Processor Device)
[    0.077948] ACPI: Added _OSI(Processor Aggregator Device)
[    0.078378] ACPI: 1 ACPI AML tables successfully acquired and loaded
[    0.080964] ACPI: \_SB_: platform _OSC: OS support mask [006e7eff]
[    0.081086] ACPI: Interpreter enabled
[    0.081096] ACPI: PM: (supports S0 S3 S4 S5)
[    0.081097] ACPI: Using IOAPIC for interrupt routing
[    0.081217] PCI: Using host bridge windows from ACPI; if necessary, use "pci=nocrs" and report a bug
[    0.081219] PCI: Ignoring E820 reservations for host bridge windows
[    0.081296] ACPI: Enabled 2 GPEs in block 00 to 0F
[    0.082146] ACPI: PCI Root Bridge [PCI0] (domain 0000 [bus 00-ff])
[    0.082158] acpi PNP0A03:00: fail to add MMCONFIG information, can't access extended configuration space under this bridge
[    0.082433] acpiphp: Slot [2] registered
[    0.082455] acpiphp: Slot [3] registered
[    0.082476] acpiphp: Slot [4] registered
[    0.082498] acpiphp: Slot [5] registered
[    0.082517] acpiphp: Slot [6] registered
[    0.082540] acpiphp: Slot [7] registered
[    0.082559] acpiphp: Slot [8] registered
[    0.082579] acpiphp: Slot [9] registered
[    0.082606] acpiphp: Slot [10] registered
[    0.082627] acpiphp: Slot [11] registered
[    0.082647] acpiphp: Slot [12] registered
[    0.082667] acpiphp: Slot [13] registered
[    0.082687] acpiphp: Slot [14] registered
[    0.082706] acpiphp: Slot [15] registered
[    0.082726] acpiphp: Slot [16] registered
[    0.082746] acpiphp: Slot [17] registered
[    0.082766] acpiphp: Slot [18] registered
[    0.082793] acpiphp: Slot [19] registered
[    0.082816] acpiphp: Slot [20] registered
[    0.082836] acpiphp: Slot [21] registered
[    0.082856] acpiphp: Slot [22] registered
[    0.082876] acpiphp: Slot [23] registered
[    0.082896] acpiphp: Slot [24] registered
[    0.082915] acpiphp: Slot [25] registered
[    0.082935] acpiphp: Slot [26] registered
[    0.083959] acpiphp: Slot [27] registered
[    0.083979] acpiphp: Slot [28] registered
[    0.083999] acpiphp: Slot [29] registered
[    0.084018] acpiphp: Slot [30] registered
[    0.084038] acpiphp: Slot [31] registered
[    0.084056] PCI host bridge to bus 0000:00
[    0.084060] pci_bus 0000:00: root bus resource [io  0x0000-0x0cf7 window]
[    0.084062] pci_bus 0000:00: root bus resource [io  0x0d00-0xffff window]
[    0.084063] pci_bus 0000:00: root bus resource [mem 0x000a0000-0x000bffff window]
[    0.084064] pci_bus 0000:00: root bus resource [mem 0xc0000000-0xfebfffff window]
[    0.084065] pci_bus 0000:00: root bus resource [mem 0xe0000000000-0xe007fffffff window]
[    0.084066] pci_bus 0000:00: root bus resource [bus 00-ff]
[    0.084122] pci 0000:00:00.0: [8086:1237] type 00 class 0x060000 conventional PCI endpoint
[    0.084763] pci 0000:00:01.0: [8086:7000] type 00 class 0x060100 conventional PCI endpoint
[    0.085416] pci 0000:00:01.1: [8086:7010] type 00 class 0x010180 conventional PCI endpoint
[    0.086002] pci 0000:00:01.1: BAR 4 [io  0xc100-0xc10f]
[    0.086056] pci 0000:00:01.1: BAR 0 [io  0x01f0-0x01f7]: legacy IDE quirk
[    0.086059] pci 0000:00:01.1: BAR 1 [io  0x03f6]: legacy IDE quirk
[    0.086060] pci 0000:00:01.1: BAR 2 [io  0x0170-0x0177]: legacy IDE quirk
[    0.086061] pci 0000:00:01.1: BAR 3 [io  0x0376]: legacy IDE quirk
[    0.086258] pci 0000:00:01.3: [8086:7113] type 00 class 0x068000 conventional PCI endpoint
[    0.086744] pci 0000:00:01.3: quirk: [io  0x0600-0x063f] claimed by PIIX4 ACPI
[    0.086757] pci 0000:00:01.3: quirk: [io  0x0700-0x070f] claimed by PIIX4 SMB
[    0.087176] pci 0000:00:02.0: [1af4:1009] type 00 class 0x000200 conventional PCI endpoint
[    0.087963] pci 0000:00:02.0: BAR 0 [io  0xc080-0xc0bf]
[    0.087976] pci 0000:00:02.0: BAR 1 [mem 0xfebfd000-0xfebfdfff]
[    0.088019] pci 0000:00:02.0: BAR 4 [mem 0xe0000000000-0xe0000003fff 64bit pref]
[    0.089365] pci 0000:00:03.0: [1af4:1009] type 00 class 0x000200 conventional PCI endpoint
[    0.090381] pci 0000:00:03.0: BAR 0 [io  0xc0c0-0xc0ff]
[    0.090396] pci 0000:00:03.0: BAR 1 [mem 0xfebfe000-0xfebfefff]
[    0.090441] pci 0000:00:03.0: BAR 4 [mem 0xe0000004000-0xe0000007fff 64bit pref]
[    0.091755] pci 0000:00:04.0: [1af4:1001] type 00 class 0x010000 conventional PCI endpoint
[    0.092492] pci 0000:00:04.0: BAR 0 [io  0xc000-0xc07f]
[    0.092505] pci 0000:00:04.0: BAR 1 [mem 0xfebff000-0xfebfffff]
[    0.092549] pci 0000:00:04.0: BAR 4 [mem 0xe0000008000-0xe000000bfff 64bit pref]
[    0.100175] ACPI: PCI: Interrupt link LNKA configured for IRQ 10
[    0.100301] ACPI: PCI: Interrupt link LNKB configured for IRQ 10
[    0.100409] ACPI: PCI: Interrupt link LNKC configured for IRQ 11
[    0.100508] ACPI: PCI: Interrupt link LNKD configured for IRQ 11
[    0.100560] ACPI: PCI: Interrupt link LNKS configured for IRQ 9
[    0.100966] iommu: Default domain type: Translated
[    0.100966] iommu: DMA domain TLB invalidation policy: lazy mode
[    0.101067] SCSI subsystem initialized
[    0.101089] libata version 3.00 loaded.
[    0.101089] ACPI: bus type USB registered
[    0.101089] usbcore: registered new interface driver usbfs
[    0.101089] usbcore: registered new interface driver hub
[    0.101089] usbcore: registered new device driver usb
[    0.101089] pps_core: LinuxPPS API ver. 1 registered
[    0.101089] pps_core: Software ver. 5.3.6 - Copyright 2005-2007 Rodolfo Giometti <giometti@linux.it>
[    0.101089] PTP clock support registered
[    0.101089] EDAC MC: Ver: 3.0.0
[    0.102159] NetLabel: Initializing
[    0.102161] NetLabel:  domain hash size = 128
[    0.102162] NetLabel:  protocols = UNLABELED CIPSOv4 CALIPSO
[    0.102177] NetLabel:  unlabeled traffic allowed by default
[    0.102188] mctp: management component transport protocol core
[    0.102188] NET: Registered PF_MCTP protocol family
[    0.102188] PCI: Using ACPI for IRQ routing
[    0.102188] PCI: pci_cache_line_size set to 64 bytes
[    0.102188] e820: register RAM buffer resource [mem 0x0009fc00-0x0009ffff]
[    0.102188] e820: register RAM buffer resource [mem 0xbffdd000-0xbfffffff]
[    0.102188] vgaarb: loaded
[    0.102188] hpet0: at MMIO 0xfed00000, IRQs 2, 8, 0
[line about the CPU removed]
[    0.106949] clocksource: Switched to clocksource kvm-clock
[    0.107183] VFS: Disk quotas dquot_6.6.0
[    0.107191] VFS: Dquot-cache hash table entries: 512 (4096 bytes)
[    0.107694] AppArmor: AppArmor Filesystem Enabled
[    0.107716] pnp: PnP ACPI init
[    0.107800] pnp 00:02: [dma 2]
[    0.108035] pnp: PnP ACPI: found 4 devices
[    0.113869] clocksource: acpi_pm: mask: 0xffffff max_cycles: 0xffffff, max_idle_ns: 2085701024 ns
[    0.113935] NET: Registered PF_INET protocol family
[    0.113988] IP idents hash table entries: 65536 (order: 7, 524288 bytes, linear)
[    0.114500] tcp_listen_portaddr_hash hash table entries: 2048 (order: 3, 32768 bytes, linear)
[    0.114518] Table-perturb hash table entries: 65536 (order: 6, 262144 bytes, linear)
[    0.114535] TCP established hash table entries: 32768 (order: 6, 262144 bytes, linear)
[    0.114757] TCP bind hash table entries: 32768 (order: 8, 1048576 bytes, linear)
[    0.114778] TCP: Hash tables configured (established 32768 bind 32768)
[    0.114827] MPTCP token hash table entries: 4096 (order: 5, 98304 bytes, linear)
[    0.114849] UDP hash table entries: 2048 (order: 5, 131072 bytes, linear)
[    0.114879] NET: Registered PF_UNIX/PF_LOCAL protocol family
[    0.114885] NET: Registered PF_XDP protocol family
[    0.114896] pci_bus 0000:00: resource 4 [io  0x0000-0x0cf7 window]
[    0.114898] pci_bus 0000:00: resource 5 [io  0x0d00-0xffff window]
[    0.114900] pci_bus 0000:00: resource 6 [mem 0x000a0000-0x000bffff window]
[    0.114901] pci_bus 0000:00: resource 7 [mem 0xc0000000-0xfebfffff window]
[    0.114902] pci_bus 0000:00: resource 8 [mem 0xe0000000000-0xe007fffffff window]
[    0.114946] pci 0000:00:01.0: PIIX3: Enabling Passive Release
[    0.114963] pci 0000:00:00.0: Limiting direct PCI/PCI transfers
[    0.115042] PCI: CLS 0 bytes, default 64
[    0.115117] PCI-DMA: Using software bounce buffering for IO (SWIOTLB)
[    0.115119] software IO TLB: mapped [mem 0x00000000bbfdd000-0x00000000bffdd000] (64MB)
[line about the CPU removed]
[    0.115601] Initialise system trusted keyrings
[    0.115614] Key type blacklist registered
[    0.115658] workingset: timestamp_bits=36 (anon: 31) max_order=20 bucket_order=0 (anon: 0)
[    0.115865] squashfs: version 4.0 (2009/01/31) Phillip Lougher
[    0.115934] fuse: init (API version 7.45)
[    0.116029] integrity: Platform Keyring initialized
[    0.116032] integrity: Machine keyring initialized
[    0.120728] Key type asymmetric registered
[    0.120730] Asymmetric key parser 'x509' registered
[    0.120749] Block layer SCSI generic (bsg) driver version 0.4 loaded (major 242)
[    0.120830] io scheduler mq-deadline registered
[    0.120925] ledtrig-cpu: registered to indicate activity on CPUs
[    0.121026] input: Power Button as /devices/platform/LNXPWRBN:00/input/input0
[    0.121081] ACPI: button: Power Button [PWRF]
[    0.121703] ACPI: \_SB_.LNKB: Enabled at IRQ 10
[    0.123248] ACPI: \_SB_.LNKC: Enabled at IRQ 11
[    0.124640] ACPI: \_SB_.LNKD: Enabled at IRQ 11
[    0.128482] Serial: 8250/16550 driver, 32 ports, IRQ sharing enabled
[    0.151198] 00:03: ttyS0 at I/O 0x3f8 (irq = 4, base_baud = 115200) is a 16550A
[    0.152752] ACPI: bus type drm_connector registered
[    0.153517] loop: module loaded
[    0.153630] virtio_blk virtio2: 2/0/0 default/read/poll queues
[    0.154150] virtio_blk virtio2: [vda] 16777216 512-byte logical blocks (8.59 GB/8.00 GiB)
[    0.156727] scsi host0: ata_piix
[    0.156837] scsi host1: ata_piix
[    0.156853] ata1: PATA max MWDMA2 cmd 0x1f0 ctl 0x3f6 bmdma 0xc100 irq 14 lpm-pol 0
[    0.156854] ata2: PATA max MWDMA2 cmd 0x170 ctl 0x376 bmdma 0xc108 irq 15 lpm-pol 0
[    0.156941] tun: Universal TUN/TAP device driver, 1.6
[    0.156976] PPP generic driver version 2.4.2
[    0.157119] i8042: PNP: PS/2 Controller [PNP0303:KBD,PNP0f13:MOU] at 0x60,0x64 irq 1,12
[    0.157610] serio: i8042 KBD port at 0x60,0x64 irq 1
[    0.157615] serio: i8042 AUX port at 0x60,0x64 irq 12
[    0.157667] mousedev: PS/2 mouse device common for all mice
[    0.157846] input: AT Translated Set 2 keyboard as /devices/platform/i8042/serio0/input/input1
[    0.157873] rtc_cmos PNP0B00:00: RTC can wake from S4
[    0.158163] rtc_cmos PNP0B00:00: registered as rtc0
[    0.158209] rtc_cmos PNP0B00:00: setting system clock to 2026-10-07T16:50:03 UTC (1791391803)
[    0.158247] rtc_cmos PNP0B00:00: alarms up to one day, y3k, 242 bytes nvram
[    0.158253] i2c_dev: i2c /dev entries driver
[    0.158268] device-mapper: core: CONFIG_IMA_DISABLE_HTABLE is disabled. Duplicate IMA measurements will not be recorded in the IMA log.
[    0.158284] device-mapper: uevent: version 1.0.3
[    0.158378] device-mapper: ioctl: 4.50.0-ioctl (2025-04-28) initialised: dm-devel@lists.linux.dev
[line about the CPU removed]
[    0.158419] drop_monitor: Initializing network drop monitor service
[    0.158492] NET: Registered PF_INET6 protocol family
[    0.158691] Segment Routing with IPv6
[    0.158695] In-situ OAM (IOAM) with IPv6
[    0.158705] NET: Registered PF_PACKET protocol family
[    0.158726] Key type dns_resolver registered
[    0.158853] IPI shorthand broadcast: enabled
[    0.159852] sched_clock: Marking stable (159107514, 65846)->(160214060, -1040700)
[    0.160089] registered taskstats version 1
[    0.160200] Loading compiled-in X.509 certificates
[    0.160578] Loaded X.509 cert 'Build time autogenerated kernel key: 6c73083b749342419af9512cbe204c95289eef58'
[    0.160784] Loaded X.509 cert 'Canonical Ltd. Live Patch Signing 2025 Kmod: d541cef61dc7e793b7eb7e899970a2eef0b5dc8c'
[    0.160984] Loaded X.509 cert 'Canonical Ltd. Live Patch Signing: 14df34d1a87cf37625abec039ef2bf521249b969'
[    0.161210] Loaded X.509 cert 'Canonical Ltd. Kernel Module Signing 2025 Kmod: 4627603d2357a2a3f81006370894c221175893e9'
[    0.161429] Loaded X.509 cert 'Canonical Ltd. Kernel Module Signing: 88f752e560a1e0737e31163a466ad7b70a850c19'
[    0.161430] blacklist: Loading compiled-in revocation X.509 certificates
[    0.161437] Loaded X.509 cert 'Canonical Ltd. Secure Boot Signing: 61482aa2830d0ab2ad5af10b7250da9033ddcef0'
[    0.161444] Loaded X.509 cert 'Canonical Ltd. Secure Boot Signing (2017): 242ade75ac4a15e50d50c84b0d45ff3eae707a03'
[    0.161448] Loaded X.509 cert 'Canonical Ltd. Secure Boot Signing (ESM 2018): 365188c1d374d6b07c3c8f240f8ef722433d6a8b'
[    0.161452] Loaded X.509 cert 'Canonical Ltd. Secure Boot Signing (2019): c0746fd6c5da3ae827864651ad66ae47fe24b3e8'
[    0.161457] Loaded X.509 cert 'Canonical Ltd. Secure Boot Signing (2021 v1): a8d54bbb3825cfb94fa13c9f8a594a195c107b8d'
[    0.161464] Loaded X.509 cert 'Canonical Ltd. Secure Boot Signing (2021 v2): 4cf046892d6fd3c9a5b03f98d845f90851dc6a8c'
[    0.161467] Loaded X.509 cert 'Canonical Ltd. Secure Boot Signing (2021 v3): 100437bb6de6e469b581e61cd66bce3ef4ed53af'
[    0.161471] Loaded X.509 cert 'Canonical Ltd. Secure Boot Signing (Ubuntu Core 2019): c1d57b8f6b743f23ee41f4f7ee292f06eecadfb9'
[    0.163337] Demotion targets for Node 0: null
[    0.163414] Key type .fscrypt registered
[    0.163416] Key type fscrypt-provisioning registered
[    0.163498] Key type big_key registered
[    0.163863] Key type encrypted registered
[    0.163865] AppArmor: AppArmor sha256 policy hashing enabled
[    0.163868] ima: No TPM chip found, activating TPM-bypass!
[    0.163870] Loading compiled-in module X.509 certificates
[    0.164089] Loaded X.509 cert 'Build time autogenerated kernel key: 6c73083b749342419af9512cbe204c95289eef58'
[    0.164090] ima: Allocated hash algorithm: sha256
[    0.164106] ima: No architecture policies found
[    0.164118] evm: Initialising EVM extended attributes:
[    0.164119] evm: security.selinux
[    0.164119] evm: security.SMACK64
[    0.164120] evm: security.SMACK64EXEC
[    0.164120] evm: security.SMACK64TRANSMUTE
[    0.164120] evm: security.SMACK64MMAP
[    0.164121] evm: security.apparmor
[    0.164121] evm: security.ima
[    0.164121] evm: security.capability
[    0.164122] evm: HMAC attrs: 0x1
[    0.164245] PM:   Magic number: 14:36:843
[    0.164369] RAS: Correctable Errors collector initialized.
[    0.164470] clk: Disabling unused clocks
[    0.164472] PM: genpd: Disabling unused power domains
[    0.308391] md: Waiting for all devices to be available before autodetect
[    0.308397] md: If you don't use raid, use raid=noautodetect
[    0.308399] md: Autodetecting RAID arrays.
[    0.308400] md: autorun ...
[    0.308401] md: ... autorun DONE.
[    0.320604] EXT4-fs (vda): mounted filesystem cff9cbb1-45e6-4c4e-a1a3-0150c43eba20 r/w with ordered data mode. Quota mode: none.
[    0.320617] VFS: Mounted root (ext4 filesystem) on device 253:0.
[    0.320711] devtmpfs: mounted
[    0.320738] VFS: Pivoted into new rootfs
[    0.325284] Freeing unused decrypted memory: 2028K
[    0.325926] Freeing unused kernel image (initmem) memory: 5424K
[    0.325947] Write protecting the kernel read-only data: 43008k
[    0.326102] Freeing unused kernel image (text/rodata gap) memory: 460K
[    0.326267] Freeing unused kernel image (rodata/data gap) memory: 876K
[    0.330530] x86/mm: Checked W+X mappings: passed, no W+X pages found.
[    0.330544] Run /lab-init.sh as init process
[    0.330545]   with arguments:
[    0.330546]     /lab-init.sh
[    0.330547]   with environment:
[    0.330547]     HOME=/
[    0.330547]     TERM=linux
[    0.347105] EXT4-fs (vda): re-mounted cff9cbb1-45e6-4c4e-a1a3-0150c43eba20.
[    0.373056] netfs: FS-Cache loaded
[    0.374843] 9pnet: Installing 9P2000 support
[    0.378236] 9p: Installing v9fs 9p2000 file system support
[    0.380193] null_blk: disk nullb0 created
[    0.380198] null_blk: module loaded
[    0.618976] loop0: detected capacity change from 0 to 131072
[    0.631528] loop0: detected capacity change from 0 to 131072
[    0.637148]  loop0: p1
[    0.747534] loop0: detected capacity change from 0 to 131072
[    0.863507] loop0: detected capacity change from 0 to 131072
[    0.865979] operation not supported error, dev loop0, sector 130944 op 0x9:(WRITE_ZEROES) flags 0x10800800 phys_seg 0 prio class 2
[    0.867905] EXT4-fs (loop0): mounted filesystem 96ea3bc1-ba68-4551-b373-b08acd0864dd r/w with ordered data mode. Quota mode: none.
[    0.986605] EXT4-fs (loop0): unmounting filesystem 96ea3bc1-ba68-4551-b373-b08acd0864dd.
[    0.990190] loop0: detected capacity change from 0 to 131072
[    1.102916] loop0: detected capacity change from 0 to 131072
[    3.044280] clocksource: Watchdog remote CPU 1 read timed out
[    3.278551] loop0: detected capacity change from 0 to 131072
[    5.601648] loop0: detected capacity change from 0 to 131072
[    5.768030] zram: Added device: zram0
[    5.768087] zram0: detected capacity change from 0 to 32768
[    5.768366] zram0: detected capacity change from 32768 to 0
[    5.768387] zram: Removed device: zram0
[    7.276286] null_blk: disk obi-test-154 created
[    9.289456] null_blk: disk obi-test-154 created
[    9.935260] loop0: detected capacity change from 0 to 131072
[   11.324265] RPC: Registered named UNIX socket transport module.
[   11.324269] RPC: Registered udp transport module.
[   11.324269] RPC: Registered tcp transport module.
[   11.324270] RPC: Registered tcp-with-tls transport module.
[   11.324270] RPC: Registered tcp NFSv4.1 backchannel transport module.
[   11.645108] null_blk: module loaded
[   11.646311] null_blk: disk ok created
[   11.904177] loop0: detected capacity change from 0 to 131072
[   11.904245]  loop0: p1
[   11.908370] loop1: detected capacity change from 0 to 131072
[   11.956806] operation not supported error, dev loop1, sector 2048 op 0x9:(WRITE_ZEROES) flags 0x10000800 phys_seg 0 prio class 2
[   11.978095] loop2: detected capacity change from 0 to 131072
[   11.978596] loop3: detected capacity change from 0 to 131072
[   11.980871] md: async del_gendisk mode will be removed in future, please upgrade to mdadm-4.5+
[   11.997885] md0: array will not be assembled in old kernels that lack configurable LBS support (<= 6.18)
[   11.997891] md0: detected capacity change from 0 to 253952
[   12.000776] loop4: detected capacity change from 0 to 131072
[   24.068309] loop5: detected capacity change from 0 to 131072
[   24.073898] loop6: detected capacity change from 0 to 131072
[   24.075071] EXT4-fs (loop6): mounted filesystem 857621a1-9f26-41a4-9cb9-6d1df77373dc r/w with ordered data mode. Quota mode: none.
[   25.196092] NFSD: Unable to initialize client recovery tracking! (-110)
[   25.196097] NFSD: Is nfsdcld running? If not, enable CONFIG_NFSD_LEGACY_CLIENT_TRACKING.
[   25.196099] NFSD: starting 90-second grace period (net effffff9)
[   25.252246] NFS: Registering the id_resolver key type
[   25.252261] Key type id_resolver registered
[   25.252262] Key type id_legacy registered
[   25.255408] krb5: 
[   25.255410] krb5: Running selftests
[   25.255411] krb5: Running aes128-cts-hmac-sha256-128 prf
[   25.255418] krb5: Running aes256-cts-hmac-sha384-192 prf
[   25.255422] krb5: Running aes128-cts-hmac-sha256-128 key
[   25.255425] krb5: Running aes256-cts-hmac-sha384-192 key
[   25.255429] krb5: Running camellia128-cts-cmac key
[   25.263040] krb5: Running camellia256-cts-cmac key
[   25.263045] krb5: Running aes128-cts-hmac-sha256-128 enc no plain
[   25.266458] krb5: Running aes128-cts-hmac-sha256-128 enc plain<block
[   25.266465] krb5: Running aes128-cts-hmac-sha256-128 enc plain==block
[   25.266468] krb5: Running aes128-cts-hmac-sha256-128 enc plain>block
[   25.266470] krb5: Running aes256-cts-hmac-sha384-192 enc no plain
[   25.267599] krb5: Running aes256-cts-hmac-sha384-192 enc plain<block
[   25.267606] krb5: Running aes256-cts-hmac-sha384-192 enc plain==block
[   25.267611] krb5: Running aes256-cts-hmac-sha384-192 enc plain>block
[   25.267615] krb5: Running camellia128-cts-cmac enc no plain
[   25.271737] krb5: Running camellia128-cts-cmac enc 1 plain
[   25.271743] krb5: Running camellia128-cts-cmac enc 9 plain
[   25.271746] krb5: Running camellia128-cts-cmac enc 13 plain
[   25.271749] krb5: Running camellia128-cts-cmac enc 30 plain
[   25.271754] krb5: Running camellia256-cts-cmac enc no plain
[   25.271757] krb5: Running camellia256-cts-cmac enc 1 plain
[   25.271761] krb5: Running camellia256-cts-cmac enc 9 plain
[   25.271765] krb5: Running camellia256-cts-cmac enc 13 plain
[   25.271768] krb5: Running camellia256-cts-cmac enc 30 plain
[   25.271772] krb5: Running aes128-cts-hmac-sha256-128 mic
[   25.271778] krb5: Running aes256-cts-hmac-sha384-192 mic
[   25.271781] krb5: Running camellia128-cts-cmac mic abc
[   25.271784] krb5: Running camellia128-cts-cmac mic ABC
[   25.271785] krb5: Running camellia256-cts-cmac mic 123
[   25.271787] krb5: Running camellia256-cts-cmac mic !@#
[   25.271790] krb5: Selftests succeeded
[   25.276024] zram: Added device: zram0
[   25.276288] zram0: detected capacity change from 0 to 65536
[   25.277670] loop7: detected capacity change from 0 to 131072
[  119.931642] EXT4-fs (loop6): unmounting filesystem 857621a1-9f26-41a4-9cb9-6d1df77373dc.
[  119.962905] md0: detected capacity change from 253952 to 0
[  119.962909] md: md0 stopped.
