[    0.000000] Linux version 6.18.54-061854-generic (kernel@balboa) (x86_64-linux-gnu-gcc-15 (Ubuntu 15.2.0-12ubuntu1) 15.2.0, GNU ld (GNU Binutils for Ubuntu) 2.46) #202609251533 SMP PREEMPT_DYNAMIC Fri Sep 25 15:55:50 UTC 2026
[    0.000000] Command line: console=ttyS0,115200 root=/dev/vda rw rootfstype=ext4 init=/lab-init.sh panic=-1 cgroup_no_v1=all mitigations=off loglevel=4 rcupdate.rcu_cpu_stall_timeout=120 
[    0.000000] KERNEL supported cpus:
[line about the CPU removed]
[line about the CPU removed]
[line about the CPU removed]
[    0.000000]   Centaur CentaurHauls
[    0.000000]   zhaoxin   Shanghai  
[line about the CPU removed]
[    0.000000] BIOS-provided physical RAM map:
[    0.000000] BIOS-e820: [mem 0x0000000000000000-0x000000000009fbff] usable
[    0.000000] BIOS-e820: [mem 0x000000000009fc00-0x000000000009ffff] reserved
[    0.000000] BIOS-e820: [mem 0x00000000000f0000-0x00000000000fffff] reserved
[    0.000000] BIOS-e820: [mem 0x0000000000100000-0x00000000bffdcfff] usable
[    0.000000] BIOS-e820: [mem 0x00000000bffdd000-0x00000000bfffffff] reserved
[    0.000000] BIOS-e820: [mem 0x00000000feffc000-0x00000000feffffff] reserved
[    0.000000] BIOS-e820: [mem 0x00000000fffc0000-0x00000000ffffffff] reserved
[    0.000000] BIOS-e820: [mem 0x0000000100000000-0x000000013fffffff] usable
[    0.000000] NX (Execute Disable) protection: active
[    0.000000] APIC: Static calls initialized
[    0.000000] SMBIOS 2.8 present.
[    0.000000] DMI: QEMU Standard PC (i440FX + PIIX, 1996), BIOS [removed]
[    0.000000] DMI: Memory slots populated: 1/1
[    0.000000] Hypervisor detected: KVM
[    0.000000] last_pfn = 0xbffdd max_arch_pfn = 0x400000000
[    0.000000] kvm-clock: Using msrs 4b564d01 and 4b564d00
[    0.000000] kvm-clock: using sched offset of 164626110 cycles
[    0.000003] clocksource: kvm-clock: mask: 0xffffffffffffffff max_cycles: 0x1cd42e4dffb, max_idle_ns: 881590591483 ns
[line about the CPU removed]
[    0.000211] e820: update [mem 0x00000000-0x00000fff] usable ==> reserved
[    0.000213] e820: remove [mem 0x000a0000-0x000fffff] usable
[    0.000217] last_pfn = 0x140000 max_arch_pfn = 0x400000000
[    0.000242] MTRR map: 4 entries (3 fixed + 1 variable; max 19), built from 8 variable MTRRs
[    0.000245] x86/PAT: Configuration [0-7]: WB  WC  UC- UC  WB  WP  UC- WT  
[    0.000278] last_pfn = 0xbffdd max_arch_pfn = 0x400000000
[    0.003412] found SMP MP-table at [mem 0x000f54d0-0x000f54df]
[    0.003428] Using GB pages for direct mapping
[    0.003496] ACPI: Early table checksum verification disabled
[    0.003501] ACPI: RSDP 0x00000000000F52F0 000014 (v00 BOCHS )
[    0.003505] ACPI: RSDT 0x00000000BFFE2373 000034 (v01 BOCHS  BXPC     00000001 BXPC 00000001)
[    0.003511] ACPI: FACP 0x00000000BFFE221F 000074 (v01 BOCHS  BXPC     00000001 BXPC 00000001)
[    0.003517] ACPI: DSDT 0x00000000BFFE0040 0021DF (v01 BOCHS  BXPC     00000001 BXPC 00000001)
[    0.003519] ACPI: FACS 0x00000000BFFE0000 000040
[    0.003520] ACPI: APIC 0x00000000BFFE2293 000080 (v03 BOCHS  BXPC     00000001 BXPC 00000001)
[    0.003522] ACPI: HPET 0x00000000BFFE2313 000038 (v01 BOCHS  BXPC     00000001 BXPC 00000001)
[    0.003524] ACPI: WAET 0x00000000BFFE234B 000028 (v01 BOCHS  BXPC     00000001 BXPC 00000001)
[    0.003525] ACPI: Reserving FACP table memory at [mem 0xbffe221f-0xbffe2292]
[    0.003526] ACPI: Reserving DSDT table memory at [mem 0xbffe0040-0xbffe221e]
[    0.003527] ACPI: Reserving FACS table memory at [mem 0xbffe0000-0xbffe003f]
[    0.003527] ACPI: Reserving APIC table memory at [mem 0xbffe2293-0xbffe2312]
[    0.003528] ACPI: Reserving HPET table memory at [mem 0xbffe2313-0xbffe234a]
[    0.003528] ACPI: Reserving WAET table memory at [mem 0xbffe234b-0xbffe2372]
[    0.003983] No NUMA configuration found
[    0.003985] Faking a node at [mem 0x0000000000000000-0x000000013fffffff]
[    0.003993] NODE_DATA(0) allocated [mem 0x13ffd5280-0x13fffffff]
[    0.004394] Zone ranges:
[    0.004395]   DMA      [mem 0x0000000000001000-0x0000000000ffffff]
[    0.004396]   DMA32    [mem 0x0000000001000000-0x00000000ffffffff]
[    0.004398]   Normal   [mem 0x0000000100000000-0x000000013fffffff]
[    0.004399]   Device   empty
[    0.004399] Movable zone start for each node
[    0.004401] Early memory node ranges
[    0.004401]   node   0: [mem 0x0000000000001000-0x000000000009efff]
[    0.004402]   node   0: [mem 0x0000000000100000-0x00000000bffdcfff]
[    0.004403]   node   0: [mem 0x0000000100000000-0x000000013fffffff]
[    0.004404] Initmem setup node 0 [mem 0x0000000000001000-0x000000013fffffff]
[    0.004631] On node 0, zone DMA: 1 pages in unavailable ranges
[    0.004650] On node 0, zone DMA: 97 pages in unavailable ranges
[    0.013867] On node 0, zone Normal: 35 pages in unavailable ranges
[    0.014439] ACPI: PM-Timer IO Port: 0x608
[    0.014461] ACPI: LAPIC_NMI (acpi_id[0xff] dfl dfl lint[0x1])
[    0.014498] IOAPIC[0]: apic_id 0, version 17, address 0xfec00000, GSI 0-23
[    0.014501] ACPI: INT_SRC_OVR (bus 0 bus_irq 0 global_irq 2 dfl dfl)
[    0.014503] ACPI: INT_SRC_OVR (bus 0 bus_irq 5 global_irq 5 high level)
[    0.014504] ACPI: INT_SRC_OVR (bus 0 bus_irq 9 global_irq 9 high level)
[    0.014505] ACPI: INT_SRC_OVR (bus 0 bus_irq 10 global_irq 10 high level)
[    0.014506] ACPI: INT_SRC_OVR (bus 0 bus_irq 11 global_irq 11 high level)
[    0.014508] ACPI: Using ACPI (MADT) for SMP configuration information
[    0.014509] ACPI: HPET id: 0x8086a201 base: 0xfed00000
[    0.014515] TSC deadline timer available
[    0.014518] CPU topo: Max. logical packages:   1
[    0.014519] CPU topo: Max. logical dies:       1
[    0.014519] CPU topo: Max. dies per package:   1
[    0.014522] CPU topo: Max. threads per core:   1
[    0.014523] CPU topo: Num. cores per package:     2
[    0.014523] CPU topo: Num. threads per package:   2
[    0.014524] CPU topo: Allowing 2 present CPUs plus 0 hotplug CPUs
[    0.014541] kvm-guest: APIC: eoi() replaced with kvm_guest_apic_eoi_write()
[    0.014558] kvm-guest: KVM setup pv remote TLB flush
[    0.014560] kvm-guest: setup PV sched yield
[    0.014567] PM: hibernation: Registered nosave memory: [mem 0x00000000-0x00000fff]
[    0.014568] PM: hibernation: Registered nosave memory: [mem 0x0009f000-0x000fffff]
[    0.014569] PM: hibernation: Registered nosave memory: [mem 0xbffdd000-0xffffffff]
[    0.014571] [mem 0xc0000000-0xfeffbfff] available for PCI devices
[    0.014572] Booting paravirtualized kernel on KVM
[    0.014575] clocksource: refined-jiffies: mask: 0xffffffff max_cycles: 0xffffffff, max_idle_ns: 1910969940391419 ns
[    0.014587] setup_percpu: NR_CPUS:8192 nr_cpumask_bits:2 nr_cpu_ids:2 nr_node_ids:1
[    0.014856] percpu: Embedded 84 pages/cpu s221184 r8192 d114688 u1048576
[    0.014859] pcpu-alloc: s221184 r8192 d114688 u1048576 alloc=1*2097152
[    0.014862] pcpu-alloc: [0] 0 1 
[    0.014892] kvm-guest: PV spinlocks enabled
[    0.014894] PV qspinlock hash table entries: 256 (order: 0, 4096 bytes, linear)
[    0.014896] Kernel command line: console=ttyS0,115200 root=/dev/vda rw rootfstype=ext4 init=/lab-init.sh panic=-1 cgroup_no_v1=all mitigations=off loglevel=4 rcupdate.rcu_cpu_stall_timeout=120 
[    0.014968] random: crng init done
[    0.014969] printk: log buffer data + meta data: 262144 + 917504 = 1179648 bytes
[    0.015443] Dentry cache hash table entries: 524288 (order: 10, 4194304 bytes, linear)
[    0.015683] Inode-cache hash table entries: 262144 (order: 9, 2097152 bytes, linear)
[    0.015728] software IO TLB: area num 2.
[    0.029058] Fallback order for Node 0: 0 
[    0.029065] Built 1 zonelists, mobility grouping on.  Total pages: 1048443
[    0.029066] Policy zone: Normal
[    0.029075] mem auto-init: stack:all(zero), heap alloc:on, heap free:off
[    0.035720] SLUB: HWalign=64, Order=0-3, MinObjects=0, CPUs=2, Nodes=1
[    0.041858] ftrace: allocating 62360 entries in 244 pages
[    0.041861] ftrace: allocated 244 pages with 5 groups
[    0.042702] Dynamic Preempt: voluntary
[    0.042950] rcu: Preemptible hierarchical RCU implementation.
[    0.042951] rcu: 	RCU restricting CPUs from NR_CPUS=8192 to nr_cpu_ids=2.
[    0.042953] 	RCU CPU stall warnings timeout set to 120 (rcu_cpu_stall_timeout).
[    0.042953] 	Trampoline variant of Tasks RCU enabled.
[    0.042954] 	Rude variant of Tasks RCU enabled.
[    0.042954] 	Tracing variant of Tasks RCU enabled.
[    0.042955] rcu: RCU calculated value of scheduler-enlistment delay is 100 jiffies.
[    0.042956] rcu: Adjusting geometry for rcu_fanout_leaf=16, nr_cpu_ids=2
[    0.042966] RCU Tasks: Setting shift to 1 and lim to 1 rcu_task_cb_adjust=1 rcu_task_cpu_ids=2.
[    0.042968] RCU Tasks Rude: Setting shift to 1 and lim to 1 rcu_task_cb_adjust=1 rcu_task_cpu_ids=2.
[    0.042969] RCU Tasks Trace: Setting shift to 1 and lim to 1 rcu_task_cb_adjust=1 rcu_task_cpu_ids=2.
[    0.046573] NR_IRQS: 524544, nr_irqs: 440, preallocated irqs: 16
[    0.046792] rcu: srcu_init: Setting srcu_struct sizes based on contention.
[    0.046804] clocksource: jiffies: mask: 0xffffffff max_cycles: 0xffffffff, max_idle_ns: 1911260446275000 ns
[    0.046996] Console: colour *CGA 80x25
[    0.047059] printk: legacy console [ttyS0] enabled
[    0.047093] ACPI: Core revision 20250807
[    0.047321] clocksource: hpet: mask: 0xffffffff max_cycles: 0xffffffff, max_idle_ns: 19112604467 ns
[    0.047471] APIC: Switch to symmetric I/O mode setup
[    0.047605] x2apic enabled
[    0.047783] APIC: Switched APIC routing to: physical x2apic
[    0.047786] kvm-guest: APIC: send_IPI_mask() replaced with kvm_send_ipi_mask()
[    0.047792] kvm-guest: APIC: send_IPI_mask_allbutself() replaced with kvm_send_ipi_mask_allbutself()
[    0.047794] kvm-guest: setup PV IPIs
[    0.048432] ..TIMER: vector=0x30 apic1=0 pin1=2 apic2=-1 pin2=-1
[    0.048449] clocksource: tsc-early: mask: 0xffffffffffffffff max_cycles: 0x6a464ae9873, max_idle_ns: 881590529744 ns
[line about the CPU removed]
[line about the CPU removed]
[line about the CPU removed]
[line about the CPU removed]
[    0.049632] mitigations: Enabled attack vectors: SMT mitigations: off
[line about the CPU removed]
[line about the CPU removed]
[line about the CPU removed]
[line about the CPU removed]
[line about the CPU removed]
[line about the CPU removed]
[line about the CPU removed]
[line about the CPU removed]
[line about the CPU removed]
[line about the CPU removed]
[    0.069147] Freeing SMP alternatives memory: 56K
[    0.069153] pid_max: default: 32768 minimum: 301
[    0.069212] LSM: initializing lsm=lockdown,capability,landlock,yama,apparmor,ima,evm
[    0.069280] landlock: Up and running.
[    0.069281] Yama: becoming mindful.
[    0.069371] AppArmor: AppArmor initialized
[    0.069441] Mount-cache hash table entries: 8192 (order: 4, 65536 bytes, linear)
[    0.069455] Mountpoint-cache hash table entries: 8192 (order: 4, 65536 bytes, linear)
[    0.069616] cgroup: Disabling cpuset control group subsystem in v1 mounts
[    0.069620] cgroup: Disabling cpu control group subsystem in v1 mounts
[    0.069622] cgroup: Disabling cpuacct control group subsystem in v1 mounts
[    0.069626] cgroup: Disabling blkio control group subsystem in v1 mounts
[    0.069657] cgroup: Disabling memory control group subsystem in v1 mounts
[    0.069661] cgroup: Disabling devices control group subsystem in v1 mounts
[    0.069665] cgroup: Disabling freezer control group subsystem in v1 mounts
[    0.069667] cgroup: Disabling net_cls control group subsystem in v1 mounts
[    0.069669] cgroup: Disabling perf_event control group subsystem in v1 mounts
[    0.069671] cgroup: Disabling net_prio control group subsystem in v1 mounts
[    0.069677] cgroup: Disabling hugetlb control group subsystem in v1 mounts
[    0.069680] cgroup: Disabling pids control group subsystem in v1 mounts
[    0.069682] cgroup: Disabling rdma control group subsystem in v1 mounts
[    0.069683] cgroup: Disabling misc control group subsystem in v1 mounts
[    0.069686] cgroup: Disabling dmem control group subsystem in v1 mounts
[line about the CPU removed]
[line about the CPU removed]
[    0.070253] signal: max sigframe size: 3632
[    0.070279] rcu: Hierarchical SRCU implementation.
[    0.070280] rcu: 	Max phase no-delay instances is 400.
[    0.070316] Timer migration: 1 hierarchy levels; 8 children per group; 1 crossnode level
[    0.070452] NMI watchdog: Perf NMI watchdog permanently disabled
[    0.070452] smp: Bringing up secondary CPUs ...
[    0.070452] smpboot: x86: Booting SMP configuration:
[    0.070452] .... node  #0, CPUs:      #1
[    0.070617] smp: Brought up 1 node, 2 CPUs
[line about the CPU removed]
[    0.071606] Memory: 3987828K/4193772K available (23190K kernel code, 4751K rwdata, 16468K rodata, 5212K init, 6208K bss, 198936K reserved, 0K cma-reserved)
[    0.072467] devtmpfs: initialized
[    0.072590] x86/mm: Memory block size: 128MB
[    0.074477] posixtimers hash table entries: 1024 (order: 2, 16384 bytes, linear)
[    0.074494] futex hash table entries: 512 (32768 bytes on 1 NUMA nodes, total 32 KiB, linear).
[    0.074681] pinctrl core: initialized pinctrl subsystem
[    0.075175] PM: RTC time: 20:24:11, date: 2026-10-07
[    0.076653] NET: Registered PF_NETLINK/PF_ROUTE protocol family
[    0.076983] DMA: preallocated 512 KiB GFP_KERNEL pool for atomic allocations
[    0.077087] DMA: preallocated 512 KiB GFP_KERNEL|GFP_DMA pool for atomic allocations
[    0.077170] DMA: preallocated 512 KiB GFP_KERNEL|GFP_DMA32 pool for atomic allocations
[    0.077196] audit: initializing netlink subsys (disabled)
[    0.077476] audit: type=2000 audit(1791404651.650:1): state=initialized audit_enabled=0 res=1
[    0.077467] thermal_sys: Registered thermal governor 'fair_share'
[    0.077467] thermal_sys: Registered thermal governor 'bang_bang'
[    0.077467] thermal_sys: Registered thermal governor 'step_wise'
[    0.077467] thermal_sys: Registered thermal governor 'user_space'
[    0.077467] thermal_sys: Registered thermal governor 'power_allocator'
[    0.077504] cpuidle: using governor ladder
[    0.077512] cpuidle: using governor menu
[    0.077715] acpiphp: ACPI Hot Plug PCI Controller Driver version: 0.5
[    0.078585] PCI: Using configuration type 1 for base access
[    0.079570] kprobes: kprobe jump-optimization is enabled. All kprobes are optimized if possible.
[    0.081566] HugeTLB: registered 1.00 GiB page size, pre-allocated 0 pages
[    0.081576] HugeTLB: 16380 KiB vmemmap can be freed for a 1.00 GiB page
[    0.081581] HugeTLB: registered 2.00 MiB page size, pre-allocated 0 pages
[    0.081584] HugeTLB: 28 KiB vmemmap can be freed for a 2.00 MiB page
[    0.109864] ACPI: Added _OSI(Module Device)
[    0.109868] ACPI: Added _OSI(Processor Device)
[    0.109869] ACPI: Added _OSI(Processor Aggregator Device)
[    0.110844] ACPI: 1 ACPI AML tables successfully acquired and loaded
[    0.119466] ACPI: Interpreter enabled
[    0.119496] ACPI: PM: (supports S0 S3 S4 S5)
[    0.119499] ACPI: Using IOAPIC for interrupt routing
[    0.119867] PCI: Using host bridge windows from ACPI; if necessary, use "pci=nocrs" and report a bug
[    0.119870] PCI: Ignoring E820 reservations for host bridge windows
[    0.120099] ACPI: Enabled 2 GPEs in block 00 to 0F
[    0.124816] ACPI: PCI Root Bridge [PCI0] (domain 0000 [bus 00-ff])
[    0.124828] acpi PNP0A03:00: _OSC: OS supports [ASPM ClockPM Segments MSI EDR HPX-Type3]
[    0.124832] acpi PNP0A03:00: _OSC: not requesting OS control; OS requires [ExtendedConfig ASPM ClockPM MSI]
[    0.124847] acpi PNP0A03:00: fail to add MMCONFIG information, can't access extended configuration space under this bridge
[    0.125410] acpiphp: Slot [2] registered
[    0.125464] acpiphp: Slot [3] registered
[    0.125504] acpiphp: Slot [4] registered
[    0.125544] acpiphp: Slot [5] registered
[    0.125582] acpiphp: Slot [6] registered
[    0.125620] acpiphp: Slot [7] registered
[    0.125659] acpiphp: Slot [8] registered
[    0.125699] acpiphp: Slot [9] registered
[    0.125738] acpiphp: Slot [10] registered
[    0.125776] acpiphp: Slot [11] registered
[    0.125815] acpiphp: Slot [12] registered
[    0.125853] acpiphp: Slot [13] registered
[    0.125892] acpiphp: Slot [14] registered
[    0.125930] acpiphp: Slot [15] registered
[    0.125969] acpiphp: Slot [16] registered
[    0.126010] acpiphp: Slot [17] registered
[    0.126049] acpiphp: Slot [18] registered
[    0.126100] acpiphp: Slot [19] registered
[    0.126145] acpiphp: Slot [20] registered
[    0.126184] acpiphp: Slot [21] registered
[    0.126224] acpiphp: Slot [22] registered
[    0.126263] acpiphp: Slot [23] registered
[    0.126308] acpiphp: Slot [24] registered
[    0.126349] acpiphp: Slot [25] registered
[    0.126387] acpiphp: Slot [26] registered
[    0.126426] acpiphp: Slot [27] registered
[    0.126469] acpiphp: Slot [28] registered
[    0.126507] acpiphp: Slot [29] registered
[    0.126546] acpiphp: Slot [30] registered
[    0.126584] acpiphp: Slot [31] registered
[    0.126616] PCI host bridge to bus 0000:00
[    0.126622] pci_bus 0000:00: root bus resource [io  0x0000-0x0cf7 window]
[    0.126626] pci_bus 0000:00: root bus resource [io  0x0d00-0xffff window]
[    0.126628] pci_bus 0000:00: root bus resource [mem 0x000a0000-0x000bffff window]
[    0.126630] pci_bus 0000:00: root bus resource [mem 0xc0000000-0xfebfffff window]
[    0.126631] pci_bus 0000:00: root bus resource [mem 0xe0000000000-0xe007fffffff window]
[    0.126634] pci_bus 0000:00: root bus resource [bus 00-ff]
[    0.126736] pci 0000:00:00.0: [8086:1237] type 00 class 0x060000 conventional PCI endpoint
[    0.127844] pci 0000:00:01.0: [8086:7000] type 00 class 0x060100 conventional PCI endpoint
[    0.128874] pci 0000:00:01.1: [8086:7010] type 00 class 0x010180 conventional PCI endpoint
[    0.129794] pci 0000:00:01.1: BAR 4 [io  0xc100-0xc10f]
[    0.129863] pci 0000:00:01.1: BAR 0 [io  0x01f0-0x01f7]: legacy IDE quirk
[    0.129867] pci 0000:00:01.1: BAR 1 [io  0x03f6]: legacy IDE quirk
[    0.129868] pci 0000:00:01.1: BAR 2 [io  0x0170-0x0177]: legacy IDE quirk
[    0.129869] pci 0000:00:01.1: BAR 3 [io  0x0376]: legacy IDE quirk
[    0.130133] pci 0000:00:01.3: [8086:7113] type 00 class 0x068000 conventional PCI endpoint
[    0.130788] pci 0000:00:01.3: quirk: [io  0x0600-0x063f] claimed by PIIX4 ACPI
[    0.130805] pci 0000:00:01.3: quirk: [io  0x0700-0x070f] claimed by PIIX4 SMB
[    0.131364] pci 0000:00:02.0: [1af4:1009] type 00 class 0x000200 conventional PCI endpoint
[    0.132468] pci 0000:00:02.0: BAR 0 [io  0xc080-0xc0bf]
[    0.132483] pci 0000:00:02.0: BAR 1 [mem 0xfebfd000-0xfebfdfff]
[    0.132530] pci 0000:00:02.0: BAR 4 [mem 0xe0000000000-0xe0000003fff 64bit pref]
[    0.134004] pci 0000:00:03.0: [1af4:1009] type 00 class 0x000200 conventional PCI endpoint
[    0.135094] pci 0000:00:03.0: BAR 0 [io  0xc0c0-0xc0ff]
[    0.135108] pci 0000:00:03.0: BAR 1 [mem 0xfebfe000-0xfebfefff]
[    0.135154] pci 0000:00:03.0: BAR 4 [mem 0xe0000004000-0xe0000007fff 64bit pref]
[    0.136570] pci 0000:00:04.0: [1af4:1001] type 00 class 0x010000 conventional PCI endpoint
[    0.138156] pci 0000:00:04.0: BAR 0 [io  0xc000-0xc07f]
[    0.138171] pci 0000:00:04.0: BAR 1 [mem 0xfebff000-0xfebfffff]
[    0.138217] pci 0000:00:04.0: BAR 4 [mem 0xe0000008000-0xe000000bfff 64bit pref]
[    0.146705] ACPI: PCI: Interrupt link LNKA configured for IRQ 10
[    0.146830] ACPI: PCI: Interrupt link LNKB configured for IRQ 10
[    0.146949] ACPI: PCI: Interrupt link LNKC configured for IRQ 11
[    0.147057] ACPI: PCI: Interrupt link LNKD configured for IRQ 11
[    0.147115] ACPI: PCI: Interrupt link LNKS configured for IRQ 9
[    0.147499] iommu: Default domain type: Translated
[    0.147502] iommu: DMA domain TLB invalidation policy: lazy mode
[    0.147576] SCSI subsystem initialized
[    0.147580] libata version 3.00 loaded.
[    0.147580] ACPI: bus type USB registered
[    0.147580] usbcore: registered new interface driver usbfs
[    0.147580] usbcore: registered new interface driver hub
[    0.147580] usbcore: registered new device driver usb
[    0.147580] pps_core: LinuxPPS API ver. 1 registered
[    0.147580] pps_core: Software ver. 5.3.6 - Copyright 2005-2007 Rodolfo Giometti <giometti@linux.it>
[    0.147580] PTP clock support registered
[    0.147580] EDAC MC: Ver: 3.0.0
[    0.147704] NetLabel: Initializing
[    0.147706] NetLabel:  domain hash size = 128
[    0.147707] NetLabel:  protocols = UNLABELED CIPSOv4 CALIPSO
[    0.148473] NetLabel:  unlabeled traffic allowed by default
[    0.148500] mctp: management component transport protocol core
[    0.148500] NET: Registered PF_MCTP protocol family
[    0.148500] PCI: Using ACPI for IRQ routing
[    0.148500] PCI: pci_cache_line_size set to 64 bytes
[    0.148662] e820: reserve RAM buffer [mem 0x0009fc00-0x0009ffff]
[    0.148667] e820: reserve RAM buffer [mem 0xbffdd000-0xbfffffff]
[    0.148687] vgaarb: loaded
[    0.148738] hpet0: at MMIO 0xfed00000, IRQs 2, 8, 0
[line about the CPU removed]
[    0.153575] clocksource: Switched to clocksource kvm-clock
[    0.154567] VFS: Disk quotas dquot_6.6.0
[    0.154573] VFS: Dquot-cache hash table entries: 512 (order 0, 4096 bytes)
[    0.154792] AppArmor: AppArmor Filesystem Enabled
[    0.154807] pnp: PnP ACPI init
[    0.154901] pnp 00:02: [dma 2]
[    0.155123] pnp: PnP ACPI: found 4 devices
[    0.163969] clocksource: acpi_pm: mask: 0xffffff max_cycles: 0xffffff, max_idle_ns: 2085701024 ns
[    0.164195] NET: Registered PF_INET protocol family
[    0.164363] IP idents hash table entries: 65536 (order: 7, 524288 bytes, linear)
[    0.185357] tcp_listen_portaddr_hash hash table entries: 2048 (order: 3, 32768 bytes, linear)
[    0.185384] Table-perturb hash table entries: 65536 (order: 6, 262144 bytes, linear)
[    0.185404] TCP established hash table entries: 32768 (order: 6, 262144 bytes, linear)
[    0.185469] TCP bind hash table entries: 32768 (order: 8, 1048576 bytes, linear)
[    0.185501] TCP: Hash tables configured (established 32768 bind 32768)
[    0.185572] MPTCP token hash table entries: 4096 (order: 5, 98304 bytes, linear)
[    0.185592] UDP hash table entries: 2048 (order: 5, 131072 bytes, linear)
[    0.185605] UDP-Lite hash table entries: 2048 (order: 5, 131072 bytes, linear)
[    0.185646] NET: Registered PF_UNIX/PF_LOCAL protocol family
[    0.185664] NET: Registered PF_XDP protocol family
[    0.185679] pci_bus 0000:00: resource 4 [io  0x0000-0x0cf7 window]
[    0.185683] pci_bus 0000:00: resource 5 [io  0x0d00-0xffff window]
[    0.185685] pci_bus 0000:00: resource 6 [mem 0x000a0000-0x000bffff window]
[    0.185687] pci_bus 0000:00: resource 7 [mem 0xc0000000-0xfebfffff window]
[    0.185689] pci_bus 0000:00: resource 8 [mem 0xe0000000000-0xe007fffffff window]
[    0.185780] pci 0000:00:01.0: PIIX3: Enabling Passive Release
[    0.185802] pci 0000:00:00.0: Limiting direct PCI/PCI transfers
[    0.185914] PCI: CLS 0 bytes, default 64
[    0.185995] PCI-DMA: Using software bounce buffering for IO (SWIOTLB)
[    0.185997] software IO TLB: mapped [mem 0x00000000bbfdd000-0x00000000bffdd000] (64MB)
[line about the CPU removed]
[    0.200995] Initialise system trusted keyrings
[    0.201012] Key type blacklist registered
[    0.201249] workingset: timestamp_bits=36 max_order=20 bucket_order=0
[    0.201868] squashfs: version 4.0 (2009/01/31) Phillip Lougher
[    0.202129] fuse: init (API version 7.45)
[    0.202285] integrity: Platform Keyring initialized
[    0.202288] integrity: Machine keyring initialized
[    0.207979] Key type asymmetric registered
[    0.207981] Asymmetric key parser 'x509' registered
[    0.208003] Block layer SCSI generic (bsg) driver version 0.4 loaded (major 242)
[    0.208163] io scheduler mq-deadline registered
[    0.208363] ledtrig-cpu: registered to indicate activity on CPUs
[    0.208698] input: Power Button as /devices/LNXSYSTM:00/LNXPWRBN:00/input/input0
[    0.209032] ACPI: button: Power Button [PWRF]
[    0.210268] ACPI: \_SB_.LNKB: Enabled at IRQ 10
[    0.212196] ACPI: \_SB_.LNKC: Enabled at IRQ 11
[    0.213914] ACPI: \_SB_.LNKD: Enabled at IRQ 11
[    0.215646] Serial: 8250/16550 driver, 32 ports, IRQ sharing enabled
[    0.239844] 00:03: ttyS0 at I/O 0x3f8 (irq = 4, base_baud = 115200) is a 16550A
[    0.241417] Linux agpgart interface v0.103
[    0.241521] ACPI: bus type drm_connector registered
[    0.242525] loop: module loaded
[    0.242757] virtio_blk virtio2: 2/0/0 default/read/poll queues
[    0.244222] virtio_blk virtio2: [vda] 16777216 512-byte logical blocks (8.59 GB/8.00 GiB)
[    0.249286] scsi host0: ata_piix
[    0.249597] scsi host1: ata_piix
[    0.249693] ata1: PATA max MWDMA2 cmd 0x1f0 ctl 0x3f6 bmdma 0xc100 irq 14 lpm-pol 0
[    0.249699] ata2: PATA max MWDMA2 cmd 0x170 ctl 0x376 bmdma 0xc108 irq 15 lpm-pol 0
[    0.250861] tun: Universal TUN/TAP device driver, 1.6
[    0.250921] PPP generic driver version 2.4.2
[    0.251211] i8042: PNP: PS/2 Controller [PNP0303:KBD,PNP0f13:MOU] at 0x60,0x64 irq 1,12
[    0.253329] serio: i8042 KBD port at 0x60,0x64 irq 1
[    0.253352] serio: i8042 AUX port at 0x60,0x64 irq 12
[    0.253765] mousedev: PS/2 mouse device common for all mice
[    0.254076] rtc_cmos PNP0B00:00: RTC can wake from S4
[    0.254204] input: AT Translated Set 2 keyboard as /devices/platform/i8042/serio0/input/input1
[    0.254696] rtc_cmos PNP0B00:00: registered as rtc0
[    0.254794] rtc_cmos PNP0B00:00: setting system clock to 2026-10-07T20:24:11 UTC (1791404651)
[    0.254879] rtc_cmos PNP0B00:00: alarms up to one day, y3k, 242 bytes nvram
[    0.254891] i2c_dev: i2c /dev entries driver
[    0.254908] device-mapper: core: CONFIG_IMA_DISABLE_HTABLE is disabled. Duplicate IMA measurements will not be recorded in the IMA log.
[    0.254925] device-mapper: uevent: version 1.0.3
[    0.254978] device-mapper: ioctl: 4.50.0-ioctl (2025-04-28) initialised: dm-devel@lists.linux.dev
[line about the CPU removed]
[    0.255027] drop_monitor: Initializing network drop monitor service
[    0.255124] NET: Registered PF_INET6 protocol family
[    0.255453] Segment Routing with IPv6
[    0.255462] In-situ OAM (IOAM) with IPv6
[    0.255480] NET: Registered PF_PACKET protocol family
[    0.255511] Key type dns_resolver registered
[    0.256020] IPI shorthand broadcast: enabled
[    0.257135] sched_clock: Marking stable (256001775, 649430)->(259586236, -2935031)
[    0.257271] registered taskstats version 1
[    0.257445] Loading compiled-in X.509 certificates
[    0.258080] Loaded X.509 cert 'Build time autogenerated kernel key: 77f762a095e77f026ef3abbb4734a8686e0baea7'
[    0.258687] Loaded X.509 cert 'Canonical Ltd. Live Patch Signing 2025 Kmod: d541cef61dc7e793b7eb7e899970a2eef0b5dc8c'
[    0.259537] Loaded X.509 cert 'Canonical Ltd. Live Patch Signing: 14df34d1a87cf37625abec039ef2bf521249b969'
[    0.260311] Loaded X.509 cert 'Canonical Ltd. Kernel Module Signing 2025 Kmod: 4627603d2357a2a3f81006370894c221175893e9'
[    0.260886] Loaded X.509 cert 'Canonical Ltd. Kernel Module Signing: 88f752e560a1e0737e31163a466ad7b70a850c19'
[    0.260888] blacklist: Loading compiled-in revocation X.509 certificates
[    0.260902] Loaded X.509 cert 'Canonical Ltd. Secure Boot Signing: 61482aa2830d0ab2ad5af10b7250da9033ddcef0'
[    0.260926] Loaded X.509 cert 'Canonical Ltd. Secure Boot Signing (2017): 242ade75ac4a15e50d50c84b0d45ff3eae707a03'
[    0.260932] Loaded X.509 cert 'Canonical Ltd. Secure Boot Signing (ESM 2018): 365188c1d374d6b07c3c8f240f8ef722433d6a8b'
[    0.260938] Loaded X.509 cert 'Canonical Ltd. Secure Boot Signing (2019): c0746fd6c5da3ae827864651ad66ae47fe24b3e8'
[    0.260944] Loaded X.509 cert 'Canonical Ltd. Secure Boot Signing (2021 v1): a8d54bbb3825cfb94fa13c9f8a594a195c107b8d'
[    0.260949] Loaded X.509 cert 'Canonical Ltd. Secure Boot Signing (2021 v2): 4cf046892d6fd3c9a5b03f98d845f90851dc6a8c'
[    0.260955] Loaded X.509 cert 'Canonical Ltd. Secure Boot Signing (2021 v3): 100437bb6de6e469b581e61cd66bce3ef4ed53af'
[    0.260962] Loaded X.509 cert 'Canonical Ltd. Secure Boot Signing (Ubuntu Core 2019): c1d57b8f6b743f23ee41f4f7ee292f06eecadfb9'
[    0.266240] Demotion targets for Node 0: null
[    0.266353] Key type .fscrypt registered
[    0.266356] Key type fscrypt-provisioning registered
[    0.266405] Key type big_key registered
[    0.267143] Key type encrypted registered
[    0.267147] AppArmor: AppArmor sha256 policy hashing enabled
[    0.267157] ima: No TPM chip found, activating TPM-bypass!
[    0.267161] Loading compiled-in module X.509 certificates
[    0.267536] Loaded X.509 cert 'Build time autogenerated kernel key: 77f762a095e77f026ef3abbb4734a8686e0baea7'
[    0.267538] ima: Allocated hash algorithm: sha256
[    0.267554] ima: No architecture policies found
[    0.267572] evm: Initialising EVM extended attributes:
[    0.267573] evm: security.selinux
[    0.267574] evm: security.SMACK64
[    0.267575] evm: security.SMACK64EXEC
[    0.267576] evm: security.SMACK64TRANSMUTE
[    0.267576] evm: security.SMACK64MMAP
[    0.267577] evm: security.apparmor
[    0.267578] evm: security.ima
[    0.267578] evm: security.capability
[    0.267579] evm: HMAC attrs: 0x1
[    0.267899] PM:   Magic number: 14:48:447
[    0.269276] RAS: Correctable Errors collector initialized.
[    0.274559] clk: Disabling unused clocks
[    0.274570] PM: genpd: Disabling unused power domains
[    0.275825] check access for rdinit=/init failed: -2, ignoring
[    0.408943] md: Waiting for all devices to be available before autodetect
[    0.408959] md: If you don't use raid, use raid=noautodetect
[    0.408965] md: Autodetecting RAID arrays.
[    0.408969] md: autorun ...
[    0.408972] md: ... autorun DONE.
[    0.446026] EXT4-fs (vda): mounted filesystem cff9cbb1-45e6-4c4e-a1a3-0150c43eba20 r/w with ordered data mode. Quota mode: none.
[    0.446060] VFS: Mounted root (ext4 filesystem) on device 253:0.
[    0.446274] devtmpfs: mounted
[    0.447376] Freeing unused decrypted memory: 2028K
[    0.448107] Freeing unused kernel image (initmem) memory: 5212K
[    0.448128] Write protecting the kernel read-only data: 43008k
[    0.448446] Freeing unused kernel image (text/rodata gap) memory: 1384K
[    0.448786] Freeing unused kernel image (rodata/data gap) memory: 1964K
[    0.456274] x86/mm: Checked W+X mappings: passed, no W+X pages found.
[    0.456282] Run /lab-init.sh as init process
[    0.456283]   with arguments:
[    0.456284]     /lab-init.sh
[    0.456285]   with environment:
[    0.456286]     HOME=/
[    0.456287]     TERM=linux
[    0.507813] EXT4-fs (vda): re-mounted cff9cbb1-45e6-4c4e-a1a3-0150c43eba20.
[    0.609222] netfs: FS-Cache loaded
[    0.614201] 9pnet: Installing 9P2000 support
[    0.622201] 9p: Installing v9fs 9p2000 file system support
[    0.626117] null_blk: disk nullb0 created
[    0.626129] null_blk: module loaded
[    1.065876] loop0: detected capacity change from 0 to 131072
[    1.085565] loop0: detected capacity change from 0 to 131072
[    1.093791]  loop0: p1
[    1.193801] loop0: detected capacity change from 0 to 131072
[    1.280121] loop0: detected capacity change from 0 to 131072
[    1.284729] operation not supported error, dev loop0, sector 130944 op 0x9:(WRITE_ZEROES) flags 0x20000800 phys_seg 0 prio class 2
[    1.290372] EXT4-fs (loop0): mounted filesystem 794e66ec-ee1d-4877-baf5-4d9318939303 r/w with ordered data mode. Quota mode: none.
[    1.378242] EXT4-fs (loop0): unmounting filesystem 794e66ec-ee1d-4877-baf5-4d9318939303.
[    1.382812] loop0: detected capacity change from 0 to 131072
[    1.513033] loop0: detected capacity change from 0 to 131072
[    3.703156] loop0: detected capacity change from 0 to 131072
[    5.910788] scsi_debug:sdebug_driver_probe: scsi_debug: trim poll_queues to 0. poll_q/nr_hw = (0/1)
[    5.910811] scsi host2: scsi_debug: version 0191 [20210520]
                 dev_size_mb=64, opts=0x0, submit_queues=1, statistics=0
[    5.911313] scsi 2:0:0:0: Direct-Access     Linux    scsi_debug       0191 PQ: 0 ANSI: 7
[    5.911382] scsi 2:0:0:0: Power-on or device reset occurred
[    5.915082] scsi 2:0:0:0: Attached scsi generic sg0 type 0
[    5.917422] sd 2:0:0:0: [sda] 131072 512-byte logical blocks: (67.1 MB/64.0 MiB)
[    5.918613] sd 2:0:0:0: [sda] Write Protect is off
[    5.918624] sd 2:0:0:0: [sda] Mode Sense: 73 00 10 08
[    5.920905] sd 2:0:0:0: [sda] Write cache: enabled, read cache: enabled, supports DPO and FUA
[    5.927282] sd 2:0:0:0: [sda] permanent stream count = 5
[    5.930698] sd 2:0:0:0: [sda] Preferred minimum I/O size 512 bytes
[    5.930707] sd 2:0:0:0: [sda] Optimal transfer size 524288 bytes
[    5.959051] sd 2:0:0:0: [sda] Attached SCSI disk
[    8.743358] sd 2:0:0:0: [sda] Synchronizing SCSI cache
[    8.947541] loop0: detected capacity change from 0 to 131072
[    9.131227] zram: Added device: zram0
[    9.131369] zram0: detected capacity change from 0 to 32768
[    9.131847] zram0: detected capacity change from 32768 to 0
[    9.143945] zram: Removed device: zram0
[   10.656328] null_blk: disk obi-test-155 created
[   12.684350] null_blk: disk obi-test-155 created
[   13.404955] loop0: detected capacity change from 0 to 131072
[   16.060012] RPC: Registered named UNIX socket transport module.
[   16.060021] RPC: Registered udp transport module.
[   16.060021] RPC: Registered tcp transport module.
[   16.060022] RPC: Registered tcp-with-tls transport module.
[   16.060023] RPC: Registered tcp NFSv4.1 backchannel transport module.
[   16.425951] null_blk: module loaded
[   16.432979] null_blk: disk ok created
[   16.706542] loop0: detected capacity change from 0 to 131072
[   16.706820]  loop0: p1
[   16.725120] loop1: detected capacity change from 0 to 131072
[   16.806252] operation not supported error, dev loop1, sector 2048 op 0x9:(WRITE_ZEROES) flags 0x20000800 phys_seg 0 prio class 2
[   16.832848] loop2: detected capacity change from 0 to 131072
[   16.834849] loop3: detected capacity change from 0 to 131072
[   16.839096] md: async del_gendisk mode will be removed in future, please upgrade to mdadm-4.5+
[   16.864762] md0: detected capacity change from 0 to 253952
[   16.884956] loop4: detected capacity change from 0 to 131072
[   29.199351] loop5: detected capacity change from 0 to 131072
[   29.222991] loop6: detected capacity change from 0 to 131072
[   29.227780] EXT4-fs (loop6): mounted filesystem 3b9f14ab-a6c5-4c8c-9884-a89e167095e8 r/w with ordered data mode. Quota mode: none.
[   30.462896] NFSD: Unable to initialize client recovery tracking! (-110)
[   30.462915] NFSD: Is nfsdcld running? If not, enable CONFIG_NFSD_LEGACY_CLIENT_TRACKING.
[   30.462919] NFSD: starting 90-second grace period (net effffff9)
[   30.689484] NFS: Registering the id_resolver key type
[   30.689509] Key type id_resolver registered
[   30.689511] Key type id_legacy registered
[   30.703149] zram: Added device: zram0
[   30.704089] zram0: detected capacity change from 0 to 65536
[   30.710351] loop7: detected capacity change from 0 to 131072
[  142.351718] EXT4-fs (loop6): unmounting filesystem 3b9f14ab-a6c5-4c8c-9884-a89e167095e8.
[  142.408355] md0: detected capacity change from 253952 to 0
[  142.408370] md: md0 stopped.
