time=2026-10-07T21:56:55.528Z level=INFO msg="OpenTelemetry eBPF Instrumentation" Version=unset Revision=unset "OpenTelemetry SDK Version"=1.46.0
time=2026-10-07T21:56:55.529Z level=INFO msg="configuration loaded" version=v1
time=2026-10-07T21:56:55.531Z level=DEBUG msg="fetched node metadata" component=meta.NodeMeta fetcher=0 hostID=37550ce7a780481d872cf5f91b22ba5b
time=2026-10-07T21:56:55.531Z level=DEBUG msg="kubeconfig can't be detected. Assuming we are not in Kubernetes" component=kube.MetadataProvider error="can't access kubernetes. Tried using config from: config parameter, KUBECONFIG env, homedir and InClusterConfig. Got: unable to load in-cluster configuration, KUBERNETES_SERVICE_HOST and KUBERNETES_SERVICE_PORT must be defined"
time=2026-10-07T21:56:57.531Z level=WARN msg="timed out while waiting for Cloud metadata. Ignoring" component=meta.NodeMeta.otelNodeFetcher detector=ec2.resourceDetector
time=2026-10-07T21:56:57.532Z level=DEBUG msg="not reporting internal metrics"
time=2026-10-07T21:56:57.535Z level=DEBUG msg="failed to get docker info" component=docker.ContainerStore error="failed to connect to the docker API at unix:///var/run/docker.sock; check if the path is correct and if the daemon is running: dial unix /var/run/docker.sock: connect: no such file or directory"
time=2026-10-07T21:56:57.538Z level=DEBUG msg="failed to get docker info" component=docker.ContainerStore error="failed to connect to the docker API at unix:///var/run/docker.sock; check if the path is correct and if the daemon is running: dial unix /var/run/docker.sock: connect: no such file or directory"
time=2026-10-07T21:56:57.539Z level=INFO msg="starting OBI in Stat metrics mode"
time=2026-10-07T21:56:57.540Z level=INFO msg="initializing Stats agent" component=agent.StatsO11y
time=2026-10-07T21:56:57.541Z level=DEBUG msg="acquiring Agent IP" component=agent.StatsO11y
time=2026-10-07T21:56:57.540Z level=DEBUG msg="failed to get docker info" component=docker.ContainerStore error="failed to connect to the docker API at unix:///var/run/docker.sock; check if the path is correct and if the daemon is running: dial unix /var/run/docker.sock: connect: no such file or directory"
time=2026-10-07T21:56:57.542Z level=DEBUG msg="agent IP: 10.0.2.15" component=agent.StatsO11y
time=2026-10-07T21:56:57.813Z level=INFO msg="the probes of the enabled storage metrics are loaded" component=agent.StatsO11y
time=2026-10-07T21:56:57.813Z level=INFO msg="starting Stats agent" component=agent.StatsO11y
time=2026-10-07T21:56:57.813Z level=DEBUG msg="creating stats processing graph" component=agent.StatsO11y
time=2026-10-07T21:56:57.813Z level=DEBUG msg="registering stat disk operation duration metric" component=prom.StatsEndpoint
time=2026-10-07T21:56:57.814Z level=DEBUG msg="registering Prometheus metrics collectors" component=connector.PrometheusManager len=2 port=9400 path=/metrics
time=2026-10-07T21:56:57.814Z level=INFO msg="Stats agent successfully started" component=agent.StatsO11y
time=2026-10-07T21:56:57.814Z level=DEBUG msg="start reading and forwarding" component=stat.RingBufTracer
time=2026-10-07T21:56:57.814Z level=INFO msg="opening prometheus scrape endpoint" component=connector.PrometheusManager port=9400 path=/metrics
time=2026-10-07T21:56:57.814Z level=DEBUG msg="starting to read ring buffer" component=stat.RingBufTracer
time=2026-10-07T21:56:58.545Z level=DEBUG msg="failed to get docker info" component=docker.ContainerStore error="failed to connect to the docker API at unix:///var/run/docker.sock; check if the path is correct and if the daemon is running: dial unix /var/run/docker.sock: connect: no such file or directory"
time=2026-10-07T21:56:58.588Z level=DEBUG msg="received metrics request" component=connector.PrometheusManager uri=/metrics remoteAddr=[::1]:38998
time=2026-10-07T21:56:59.415Z level=DEBUG msg="storing new metric label set" component=prom.Expirer labelValues="[ read   false 10.0.2.15 vda]"
time=2026-10-07T21:56:59.547Z level=DEBUG msg="failed to get docker info" component=docker.ContainerStore error="failed to connect to the docker API at unix:///var/run/docker.sock; check if the path is correct and if the daemon is running: dial unix /var/run/docker.sock: connect: no such file or directory"
time=2026-10-07T21:56:59.914Z level=DEBUG msg="storing new metric label set" component=prom.Expirer labelValues="[ write   false 10.0.2.15 vda]"
time=2026-10-07T21:57:00.548Z level=DEBUG msg="failed to get docker info" component=docker.ContainerStore error="failed to connect to the docker API at unix:///var/run/docker.sock; check if the path is correct and if the daemon is running: dial unix /var/run/docker.sock: connect: no such file or directory"
time=2026-10-07T21:57:01.551Z level=DEBUG msg="failed to get docker info" component=docker.ContainerStore error="failed to connect to the docker API at unix:///var/run/docker.sock; check if the path is correct and if the daemon is running: dial unix /var/run/docker.sock: connect: no such file or directory"
time=2026-10-07T21:57:02.555Z level=DEBUG msg="failed to get docker info" component=docker.ContainerStore error="failed to connect to the docker API at unix:///var/run/docker.sock; check if the path is correct and if the daemon is running: dial unix /var/run/docker.sock: connect: no such file or directory"
time=2026-10-07T21:57:03.558Z level=DEBUG msg="failed to get docker info" component=docker.ContainerStore error="failed to connect to the docker API at unix:///var/run/docker.sock; check if the path is correct and if the daemon is running: dial unix /var/run/docker.sock: connect: no such file or directory"
time=2026-10-07T21:57:04.560Z level=DEBUG msg="failed to get docker info" component=docker.ContainerStore error="failed to connect to the docker API at unix:///var/run/docker.sock; check if the path is correct and if the daemon is running: dial unix /var/run/docker.sock: connect: no such file or directory"
time=2026-10-07T21:57:05.562Z level=DEBUG msg="failed to get docker info" component=docker.ContainerStore error="failed to connect to the docker API at unix:///var/run/docker.sock; check if the path is correct and if the daemon is running: dial unix /var/run/docker.sock: connect: no such file or directory"
time=2026-10-07T21:57:06.564Z level=DEBUG msg="failed to get docker info" component=docker.ContainerStore error="failed to connect to the docker API at unix:///var/run/docker.sock; check if the path is correct and if the daemon is running: dial unix /var/run/docker.sock: connect: no such file or directory"
time=2026-10-07T21:57:07.567Z level=DEBUG msg="failed to get docker info" component=docker.ContainerStore error="failed to connect to the docker API at unix:///var/run/docker.sock; check if the path is correct and if the daemon is running: dial unix /var/run/docker.sock: connect: no such file or directory"
time=2026-10-07T21:57:08.570Z level=DEBUG msg="failed to get docker info" component=docker.ContainerStore error="failed to connect to the docker API at unix:///var/run/docker.sock; check if the path is correct and if the daemon is running: dial unix /var/run/docker.sock: connect: no such file or directory"
time=2026-10-07T21:57:09.571Z level=DEBUG msg="failed to get docker info" component=docker.ContainerStore error="failed to connect to the docker API at unix:///var/run/docker.sock; check if the path is correct and if the daemon is running: dial unix /var/run/docker.sock: connect: no such file or directory"
time=2026-10-07T21:57:10.574Z level=DEBUG msg="failed to get docker info" component=docker.ContainerStore error="failed to connect to the docker API at unix:///var/run/docker.sock; check if the path is correct and if the daemon is running: dial unix /var/run/docker.sock: connect: no such file or directory"
time=2026-10-07T21:57:11.576Z level=DEBUG msg="failed to get docker info" component=docker.ContainerStore error="failed to connect to the docker API at unix:///var/run/docker.sock; check if the path is correct and if the daemon is running: dial unix /var/run/docker.sock: connect: no such file or directory"
time=2026-10-07T21:57:12.579Z level=DEBUG msg="failed to get docker info" component=docker.ContainerStore error="failed to connect to the docker API at unix:///var/run/docker.sock; check if the path is correct and if the daemon is running: dial unix /var/run/docker.sock: connect: no such file or directory"
time=2026-10-07T21:57:13.582Z level=DEBUG msg="failed to get docker info" component=docker.ContainerStore error="failed to connect to the docker API at unix:///var/run/docker.sock; check if the path is correct and if the daemon is running: dial unix /var/run/docker.sock: connect: no such file or directory"
time=2026-10-07T21:57:14.584Z level=DEBUG msg="failed to get docker info" component=docker.ContainerStore error="failed to connect to the docker API at unix:///var/run/docker.sock; check if the path is correct and if the daemon is running: dial unix /var/run/docker.sock: connect: no such file or directory"
time=2026-10-07T21:57:15.586Z level=DEBUG msg="failed to get docker info" component=docker.ContainerStore error="failed to connect to the docker API at unix:///var/run/docker.sock; check if the path is correct and if the daemon is running: dial unix /var/run/docker.sock: connect: no such file or directory"
time=2026-10-07T21:57:16.588Z level=DEBUG msg="failed to get docker info" component=docker.ContainerStore error="failed to connect to the docker API at unix:///var/run/docker.sock; check if the path is correct and if the daemon is running: dial unix /var/run/docker.sock: connect: no such file or directory"
time=2026-10-07T21:57:17.591Z level=DEBUG msg="failed to get docker info" component=docker.ContainerStore error="failed to connect to the docker API at unix:///var/run/docker.sock; check if the path is correct and if the daemon is running: dial unix /var/run/docker.sock: connect: no such file or directory"
time=2026-10-07T21:57:18.595Z level=DEBUG msg="failed to get docker info" component=docker.ContainerStore error="failed to connect to the docker API at unix:///var/run/docker.sock; check if the path is correct and if the daemon is running: dial unix /var/run/docker.sock: connect: no such file or directory"
time=2026-10-07T21:57:19.598Z level=DEBUG msg="failed to get docker info" component=docker.ContainerStore error="failed to connect to the docker API at unix:///var/run/docker.sock; check if the path is correct and if the daemon is running: dial unix /var/run/docker.sock: connect: no such file or directory"
time=2026-10-07T21:57:20.600Z level=DEBUG msg="failed to get docker info" component=docker.ContainerStore error="failed to connect to the docker API at unix:///var/run/docker.sock; check if the path is correct and if the daemon is running: dial unix /var/run/docker.sock: connect: no such file or directory"
time=2026-10-07T21:57:21.603Z level=DEBUG msg="failed to get docker info" component=docker.ContainerStore error="failed to connect to the docker API at unix:///var/run/docker.sock; check if the path is correct and if the daemon is running: dial unix /var/run/docker.sock: connect: no such file or directory"
time=2026-10-07T21:57:22.606Z level=DEBUG msg="failed to get docker info" component=docker.ContainerStore error="failed to connect to the docker API at unix:///var/run/docker.sock; check if the path is correct and if the daemon is running: dial unix /var/run/docker.sock: connect: no such file or directory"
time=2026-10-07T21:57:23.607Z level=DEBUG msg="failed to get docker info" component=docker.ContainerStore error="failed to connect to the docker API at unix:///var/run/docker.sock; check if the path is correct and if the daemon is running: dial unix /var/run/docker.sock: connect: no such file or directory"
time=2026-10-07T21:57:24.610Z level=DEBUG msg="failed to get docker info" component=docker.ContainerStore error="failed to connect to the docker API at unix:///var/run/docker.sock; check if the path is correct and if the daemon is running: dial unix /var/run/docker.sock: connect: no such file or directory"
time=2026-10-07T21:57:25.613Z level=DEBUG msg="failed to get docker info" component=docker.ContainerStore error="failed to connect to the docker API at unix:///var/run/docker.sock; check if the path is correct and if the daemon is running: dial unix /var/run/docker.sock: connect: no such file or directory"
time=2026-10-07T21:57:26.615Z level=DEBUG msg="failed to get docker info" component=docker.ContainerStore error="failed to connect to the docker API at unix:///var/run/docker.sock; check if the path is correct and if the daemon is running: dial unix /var/run/docker.sock: connect: no such file or directory"
time=2026-10-07T21:57:27.618Z level=DEBUG msg="failed to get docker info" component=docker.ContainerStore error="failed to connect to the docker API at unix:///var/run/docker.sock; check if the path is correct and if the daemon is running: dial unix /var/run/docker.sock: connect: no such file or directory"
time=2026-10-07T21:57:28.621Z level=DEBUG msg="failed to get docker info" component=docker.ContainerStore error="failed to connect to the docker API at unix:///var/run/docker.sock; check if the path is correct and if the daemon is running: dial unix /var/run/docker.sock: connect: no such file or directory"
time=2026-10-07T21:57:29.623Z level=DEBUG msg="failed to get docker info" component=docker.ContainerStore error="failed to connect to the docker API at unix:///var/run/docker.sock; check if the path is correct and if the daemon is running: dial unix /var/run/docker.sock: connect: no such file or directory"
time=2026-10-07T21:57:30.625Z level=DEBUG msg="failed to get docker info" component=docker.ContainerStore error="failed to connect to the docker API at unix:///var/run/docker.sock; check if the path is correct and if the daemon is running: dial unix /var/run/docker.sock: connect: no such file or directory"
time=2026-10-07T21:57:31.627Z level=DEBUG msg="failed to get docker info" component=docker.ContainerStore error="failed to connect to the docker API at unix:///var/run/docker.sock; check if the path is correct and if the daemon is running: dial unix /var/run/docker.sock: connect: no such file or directory"
time=2026-10-07T21:57:32.631Z level=DEBUG msg="failed to get docker info" component=docker.ContainerStore error="failed to connect to the docker API at unix:///var/run/docker.sock; check if the path is correct and if the daemon is running: dial unix /var/run/docker.sock: connect: no such file or directory"
time=2026-10-07T21:57:33.611Z level=DEBUG msg="received metrics request" component=connector.PrometheusManager uri=/metrics remoteAddr=[::1]:54554
time=2026-10-07T21:57:33.633Z level=DEBUG msg="failed to get docker info" component=docker.ContainerStore error="failed to connect to the docker API at unix:///var/run/docker.sock; check if the path is correct and if the daemon is running: dial unix /var/run/docker.sock: connect: no such file or directory"
time=2026-10-07T21:57:33.715Z level=DEBUG msg="storing new metric label set" component=prom.Expirer labelValues="[ read   false 10.0.2.15 nvme1c1n1]"
time=2026-10-07T21:57:33.715Z level=DEBUG msg="storing new metric label set" component=prom.Expirer labelValues="[ write   false 10.0.2.15 nvme1c1n1]"
time=2026-10-07T21:57:33.715Z level=DEBUG msg="storing new metric label set" component=prom.Expirer labelValues="[ read   true 10.0.2.15 nvme1n1]"
time=2026-10-07T21:57:33.716Z level=DEBUG msg="storing new metric label set" component=prom.Expirer labelValues="[ write   true 10.0.2.15 nvme1n1]"
time=2026-10-07T21:57:34.634Z level=DEBUG msg="failed to get docker info" component=docker.ContainerStore error="failed to connect to the docker API at unix:///var/run/docker.sock; check if the path is correct and if the daemon is running: dial unix /var/run/docker.sock: connect: no such file or directory"
time=2026-10-07T21:57:35.637Z level=DEBUG msg="failed to get docker info" component=docker.ContainerStore error="failed to connect to the docker API at unix:///var/run/docker.sock; check if the path is correct and if the daemon is running: dial unix /var/run/docker.sock: connect: no such file or directory"
time=2026-10-07T21:57:36.639Z level=DEBUG msg="failed to get docker info" component=docker.ContainerStore error="failed to connect to the docker API at unix:///var/run/docker.sock; check if the path is correct and if the daemon is running: dial unix /var/run/docker.sock: connect: no such file or directory"
time=2026-10-07T21:57:37.641Z level=DEBUG msg="failed to get docker info" component=docker.ContainerStore error="failed to connect to the docker API at unix:///var/run/docker.sock; check if the path is correct and if the daemon is running: dial unix /var/run/docker.sock: connect: no such file or directory"
time=2026-10-07T21:57:38.644Z level=DEBUG msg="failed to get docker info" component=docker.ContainerStore error="failed to connect to the docker API at unix:///var/run/docker.sock; check if the path is correct and if the daemon is running: dial unix /var/run/docker.sock: connect: no such file or directory"
time=2026-10-07T21:57:38.815Z level=DEBUG msg="received metrics request" component=connector.PrometheusManager uri=/metrics remoteAddr=[::1]:55344
time=2026-10-07T21:57:39.647Z level=DEBUG msg="failed to get docker info" component=docker.ContainerStore error="failed to connect to the docker API at unix:///var/run/docker.sock; check if the path is correct and if the daemon is running: dial unix /var/run/docker.sock: connect: no such file or directory"
time=2026-10-07T21:57:40.649Z level=DEBUG msg="failed to get docker info" component=docker.ContainerStore error="failed to connect to the docker API at unix:///var/run/docker.sock; check if the path is correct and if the daemon is running: dial unix /var/run/docker.sock: connect: no such file or directory"
time=2026-10-07T21:57:41.651Z level=DEBUG msg="failed to get docker info" component=docker.ContainerStore error="failed to connect to the docker API at unix:///var/run/docker.sock; check if the path is correct and if the daemon is running: dial unix /var/run/docker.sock: connect: no such file or directory"
time=2026-10-07T21:57:42.653Z level=DEBUG msg="failed to get docker info" component=docker.ContainerStore error="failed to connect to the docker API at unix:///var/run/docker.sock; check if the path is correct and if the daemon is running: dial unix /var/run/docker.sock: connect: no such file or directory"
time=2026-10-07T21:57:43.654Z level=DEBUG msg="failed to get docker info" component=docker.ContainerStore error="failed to connect to the docker API at unix:///var/run/docker.sock; check if the path is correct and if the daemon is running: dial unix /var/run/docker.sock: connect: no such file or directory"
time=2026-10-07T21:57:44.656Z level=DEBUG msg="failed to get docker info" component=docker.ContainerStore error="failed to connect to the docker API at unix:///var/run/docker.sock; check if the path is correct and if the daemon is running: dial unix /var/run/docker.sock: connect: no such file or directory"
time=2026-10-07T21:57:45.659Z level=DEBUG msg="failed to get docker info" component=docker.ContainerStore error="failed to connect to the docker API at unix:///var/run/docker.sock; check if the path is correct and if the daemon is running: dial unix /var/run/docker.sock: connect: no such file or directory"
time=2026-10-07T21:57:46.661Z level=DEBUG msg="failed to get docker info" component=docker.ContainerStore error="failed to connect to the docker API at unix:///var/run/docker.sock; check if the path is correct and if the daemon is running: dial unix /var/run/docker.sock: connect: no such file or directory"
time=2026-10-07T21:57:47.664Z level=DEBUG msg="failed to get docker info" component=docker.ContainerStore error="failed to connect to the docker API at unix:///var/run/docker.sock; check if the path is correct and if the daemon is running: dial unix /var/run/docker.sock: connect: no such file or directory"
time=2026-10-07T21:57:48.666Z level=DEBUG msg="failed to get docker info" component=docker.ContainerStore error="failed to connect to the docker API at unix:///var/run/docker.sock; check if the path is correct and if the daemon is running: dial unix /var/run/docker.sock: connect: no such file or directory"
time=2026-10-07T21:57:48.847Z level=DEBUG msg="received metrics request" component=connector.PrometheusManager uri=/metrics remoteAddr=[::1]:52254
time=2026-10-07T21:57:48.863Z level=DEBUG msg="Prometheus endpoint server was closed" component=connector.PrometheusManager port=9400 error="http: Server closed"
time=2026-10-07T21:57:48.863Z level=DEBUG msg="context is cancelled. Closing events reader" component=stat.RingBufTracer
time=2026-10-07T21:57:48.863Z level=INFO msg="stopping Stats agent" component=agent.StatsO11y
time=2026-10-07T21:57:48.865Z level=DEBUG msg="unregistering eBPF objects" component=ebpf.StatFetcher
time=2026-10-07T21:57:48.865Z level=DEBUG msg="ring buffer is closed" component=stat.RingBufTracer
time=2026-10-07T21:57:48.866Z level=DEBUG msg="closing eBPF resources" component=stat.RingBufTracer len=1
time=2026-10-07T21:57:48.866Z level=DEBUG msg="waiting for all nodes to finish their pending work" component=agent.StatsO11y
time=2026-10-07T21:57:48.866Z level=DEBUG msg="the eBPF resources are closed" component=stat.RingBufTracer
time=2026-10-07T21:57:48.867Z level=INFO msg="Stats agent stopped" component=agent.StatsO11y
time=2026-10-07T21:57:48.867Z level=DEBUG msg="OBI main node finished"
time=2026-10-07T21:57:48.868Z level=INFO msg="OpenTelemetry eBPF Instrumentation successfully exiting"
