time=2026-10-07T16:46:21.451Z level=INFO msg="OpenTelemetry eBPF Instrumentation" Version=unset Revision=unset "OpenTelemetry SDK Version"=1.46.0
time=2026-10-07T16:46:21.452Z level=INFO msg="configuration loaded" version=v1
time=2026-10-07T16:46:21.452Z level=DEBUG msg="kubeconfig can't be detected. Assuming we are not in Kubernetes" component=kube.MetadataProvider error="can't access kubernetes. Tried using config from: config parameter, KUBECONFIG env, homedir and InClusterConfig. Got: unable to load in-cluster configuration, KUBERNETES_SERVICE_HOST and KUBERNETES_SERVICE_PORT must be defined"
time=2026-10-07T16:46:21.453Z level=DEBUG msg="fetched node metadata" component=meta.NodeMeta fetcher=0 hostID=37550ce7a780481d872cf5f91b22ba5b
time=2026-10-07T16:46:23.453Z level=WARN msg="timed out while waiting for Cloud metadata. Ignoring" component=meta.NodeMeta.otelNodeFetcher detector=ec2.resourceDetector
time=2026-10-07T16:46:23.453Z level=DEBUG msg="not reporting internal metrics"
time=2026-10-07T16:46:23.454Z level=DEBUG msg="failed to get docker info" component=docker.ContainerStore error="failed to connect to the docker API at unix:///var/run/docker.sock; check if the path is correct and if the daemon is running: dial unix /var/run/docker.sock: connect: no such file or directory"
time=2026-10-07T16:46:23.454Z level=DEBUG msg="failed to get docker info" component=docker.ContainerStore error="failed to connect to the docker API at unix:///var/run/docker.sock; check if the path is correct and if the daemon is running: dial unix /var/run/docker.sock: connect: no such file or directory"
time=2026-10-07T16:46:23.455Z level=INFO msg="starting OBI in Stat metrics mode"
time=2026-10-07T16:46:23.455Z level=INFO msg="initializing Stats agent" component=agent.StatsO11y
time=2026-10-07T16:46:23.455Z level=DEBUG msg="acquiring Agent IP" component=agent.StatsO11y
time=2026-10-07T16:46:23.456Z level=DEBUG msg="agent IP: 10.0.2.15" component=agent.StatsO11y
time=2026-10-07T16:46:23.455Z level=DEBUG msg="failed to get docker info" component=docker.ContainerStore error="failed to connect to the docker API at unix:///var/run/docker.sock; check if the path is correct and if the daemon is running: dial unix /var/run/docker.sock: connect: no such file or directory"
time=2026-10-07T16:46:23.456Z level=WARN msg="a storage latency histogram is reported per pod or container: each pod adds a series per bucket. The operations and time counters give the mean latency per pod at one series each" component=agent.StatsO11y histogram=obi.stat.fs.sync.duration attributes=[container.id]
time=2026-10-07T16:46:23.579Z level=INFO msg="the probes of the enabled storage metrics are loaded" component=agent.StatsO11y
time=2026-10-07T16:46:23.579Z level=INFO msg="starting Stats agent" component=agent.StatsO11y
time=2026-10-07T16:46:23.580Z level=DEBUG msg="creating stats processing graph" component=agent.StatsO11y
time=2026-10-07T16:46:23.580Z level=DEBUG msg="registering stat disk operation duration metric" component=prom.StatsEndpoint
time=2026-10-07T16:46:23.580Z level=DEBUG msg="registering Prometheus metrics collectors" component=connector.PrometheusManager len=17 port=9400 path=/metrics
time=2026-10-07T16:46:23.581Z level=INFO msg="Stats agent successfully started" component=agent.StatsO11y
time=2026-10-07T16:46:23.581Z level=DEBUG msg="start reading and forwarding" component=stat.RingBufTracer
time=2026-10-07T16:46:23.581Z level=DEBUG msg="starting to read ring buffer" component=stat.RingBufTracer
time=2026-10-07T16:46:23.581Z level=INFO msg="opening prometheus scrape endpoint" component=connector.PrometheusManager port=9400 path=/metrics
time=2026-10-07T16:46:23.582Z level=DEBUG msg="storing new metric label set" component=prom.Expirer labelValues="[md0  loop2]"
time=2026-10-07T16:46:23.582Z level=DEBUG msg="storing new metric label set" component=prom.Expirer labelValues="[md0  loop3]"
time=2026-10-07T16:46:23.583Z level=DEBUG msg="storing new metric label set" component=prom.Expirer labelValues="[dm-0 obivg-lv loop1]"
time=2026-10-07T16:46:23.583Z level=DEBUG msg="storing new metric label set" component=prom.Expirer labelValues="[dm-1 slowdm loop4]"
time=2026-10-07T16:46:23.584Z level=DEBUG msg="storing new metric label set" component=prom.Expirer labelValues="[dm-2 obivg-lv2 loop1]"
time=2026-10-07T16:46:24.457Z level=DEBUG msg="failed to get docker info" component=docker.ContainerStore error="failed to connect to the docker API at unix:///var/run/docker.sock; check if the path is correct and if the daemon is running: dial unix /var/run/docker.sock: connect: no such file or directory"
time=2026-10-07T16:46:24.476Z level=DEBUG msg="received metrics request" component=connector.PrometheusManager uri=/metrics remoteAddr=[::1]:43124
time=2026-10-07T16:46:25.458Z level=DEBUG msg="failed to get docker info" component=docker.ContainerStore error="failed to connect to the docker API at unix:///var/run/docker.sock; check if the path is correct and if the daemon is running: dial unix /var/run/docker.sock: connect: no such file or directory"
time=2026-10-07T16:46:26.459Z level=DEBUG msg="failed to get docker info" component=docker.ContainerStore error="failed to connect to the docker API at unix:///var/run/docker.sock; check if the path is correct and if the daemon is running: dial unix /var/run/docker.sock: connect: no such file or directory"
time=2026-10-07T16:46:27.461Z level=DEBUG msg="failed to get docker info" component=docker.ContainerStore error="failed to connect to the docker API at unix:///var/run/docker.sock; check if the path is correct and if the daemon is running: dial unix /var/run/docker.sock: connect: no such file or directory"
time=2026-10-07T16:46:27.482Z level=DEBUG msg="storing new metric label set" component=prom.Expirer labelValues="[true loop0]"
time=2026-10-07T16:46:27.482Z level=DEBUG msg="storing new metric label set" component=prom.Expirer labelValues="[write false vda]"
time=2026-10-07T16:46:27.482Z level=DEBUG msg="storing new metric label set" component=prom.Expirer labelValues="[ write   false 10.0.2.15 vda]"
time=2026-10-07T16:46:27.482Z level=DEBUG msg="storing new metric label set" component=prom.Expirer labelValues="[write false vda]"
time=2026-10-07T16:46:27.483Z level=DEBUG msg="storing new metric label set" component=prom.Expirer labelValues="[write true loop0]"
time=2026-10-07T16:46:27.483Z level=DEBUG msg="storing new metric label set" component=prom.Expirer labelValues="[ write  loop0p1 true 10.0.2.15 loop0]"
time=2026-10-07T16:46:27.483Z level=DEBUG msg="storing new metric label set" component=prom.Expirer labelValues="[write true loop0]"
time=2026-10-07T16:46:27.483Z level=DEBUG msg="storing new metric label set" component=prom.Expirer labelValues="[read false vda]"
time=2026-10-07T16:46:27.483Z level=DEBUG msg="storing new metric label set" component=prom.Expirer labelValues="[ read   false 10.0.2.15 vda]"
time=2026-10-07T16:46:27.483Z level=DEBUG msg="storing new metric label set" component=prom.Expirer labelValues="[read false vda]"
time=2026-10-07T16:46:27.483Z level=DEBUG msg="storing new metric label set" component=prom.Expirer labelValues="[write false ok]"
time=2026-10-07T16:46:27.483Z level=DEBUG msg="storing new metric label set" component=prom.Expirer labelValues="[ write   false 10.0.2.15 ok]"
time=2026-10-07T16:46:27.483Z level=DEBUG msg="storing new metric label set" component=prom.Expirer labelValues="[write false ok]"
time=2026-10-07T16:46:27.483Z level=DEBUG msg="storing new metric label set" component=prom.Expirer labelValues="[read false ok]"
time=2026-10-07T16:46:27.483Z level=DEBUG msg="storing new metric label set" component=prom.Expirer labelValues="[ read   false 10.0.2.15 ok]"
time=2026-10-07T16:46:27.484Z level=DEBUG msg="storing new metric label set" component=prom.Expirer labelValues="[read false ok]"
time=2026-10-07T16:46:27.484Z level=DEBUG msg="storing new metric label set" component=prom.Expirer labelValues="[write false ok]"
time=2026-10-07T16:46:27.486Z level=DEBUG msg="storing new metric label set" component=prom.Expirer labelValues="[write true loop5]"
time=2026-10-07T16:46:27.486Z level=DEBUG msg="storing new metric label set" component=prom.Expirer labelValues="[write true loop0]"
time=2026-10-07T16:46:27.486Z level=DEBUG msg="storing new metric label set" component=prom.Expirer labelValues="[read false vda]"
time=2026-10-07T16:46:27.486Z level=DEBUG msg="storing new metric label set" component=prom.Expirer labelValues="[write false vda]"
time=2026-10-07T16:46:27.486Z level=DEBUG msg="storing new metric label set" component=prom.Expirer labelValues="[read false ok]"
time=2026-10-07T16:46:27.982Z level=DEBUG msg="storing new metric label set" component=prom.Expirer labelValues="[write true loop7]"
time=2026-10-07T16:46:27.982Z level=DEBUG msg="storing new metric label set" component=prom.Expirer labelValues="[ write   true 10.0.2.15 loop7]"
time=2026-10-07T16:46:27.983Z level=DEBUG msg="storing new metric label set" component=prom.Expirer labelValues="[write true loop7]"
time=2026-10-07T16:46:27.983Z level=DEBUG msg="storing new metric label set" component=prom.Expirer labelValues="[write true loop7]"
time=2026-10-07T16:46:28.182Z level=DEBUG msg="storing new metric label set" component=prom.Expirer labelValues="[write true loop1]"
time=2026-10-07T16:46:28.183Z level=DEBUG msg="storing new metric label set" component=prom.Expirer labelValues="[ write   true 10.0.2.15 loop1]"
time=2026-10-07T16:46:28.184Z level=DEBUG msg="storing new metric label set" component=prom.Expirer labelValues="[write true loop1]"
time=2026-10-07T16:46:28.185Z level=DEBUG msg="storing new metric label set" component=prom.Expirer labelValues="[write true loop2]"
time=2026-10-07T16:46:28.185Z level=DEBUG msg="storing new metric label set" component=prom.Expirer labelValues="[ write   true 10.0.2.15 loop2]"
time=2026-10-07T16:46:28.185Z level=DEBUG msg="storing new metric label set" component=prom.Expirer labelValues="[write true loop2]"
time=2026-10-07T16:46:28.185Z level=DEBUG msg="storing new metric label set" component=prom.Expirer labelValues="[write true loop6]"
time=2026-10-07T16:46:28.185Z level=DEBUG msg="storing new metric label set" component=prom.Expirer labelValues="[ write   true 10.0.2.15 loop6]"
time=2026-10-07T16:46:28.186Z level=DEBUG msg="storing new metric label set" component=prom.Expirer labelValues="[write true loop6]"
time=2026-10-07T16:46:28.186Z level=DEBUG msg="storing new metric label set" component=prom.Expirer labelValues="[ write   true 10.0.2.15 loop0]"
time=2026-10-07T16:46:28.186Z level=DEBUG msg="storing new metric label set" component=prom.Expirer labelValues="[read true loop6]"
time=2026-10-07T16:46:28.186Z level=DEBUG msg="storing new metric label set" component=prom.Expirer labelValues="[ read   true 10.0.2.15 loop6]"
time=2026-10-07T16:46:28.186Z level=DEBUG msg="storing new metric label set" component=prom.Expirer labelValues="[read true loop6]"
time=2026-10-07T16:46:28.186Z level=DEBUG msg="storing new metric label set" component=prom.Expirer labelValues="[write true loop3]"
time=2026-10-07T16:46:28.186Z level=DEBUG msg="storing new metric label set" component=prom.Expirer labelValues="[ write   true 10.0.2.15 loop3]"
time=2026-10-07T16:46:28.186Z level=DEBUG msg="storing new metric label set" component=prom.Expirer labelValues="[write true loop3]"
time=2026-10-07T16:46:28.186Z level=DEBUG msg="storing new metric label set" component=prom.Expirer labelValues="[write true dm-0]"
time=2026-10-07T16:46:28.186Z level=DEBUG msg="storing new metric label set" component=prom.Expirer labelValues="[ write   true 10.0.2.15 dm-0]"
time=2026-10-07T16:46:28.186Z level=DEBUG msg="storing new metric label set" component=prom.Expirer labelValues="[write true dm-0]"
time=2026-10-07T16:46:28.187Z level=DEBUG msg="storing new metric label set" component=prom.Expirer labelValues="[write false zram0]"
time=2026-10-07T16:46:28.187Z level=DEBUG msg="storing new metric label set" component=prom.Expirer labelValues="[ write   false 10.0.2.15 zram0]"
time=2026-10-07T16:46:28.187Z level=DEBUG msg="storing new metric label set" component=prom.Expirer labelValues="[write false zram0]"
time=2026-10-07T16:46:28.187Z level=DEBUG msg="storing new metric label set" component=prom.Expirer labelValues="[write true md0]"
time=2026-10-07T16:46:28.187Z level=DEBUG msg="storing new metric label set" component=prom.Expirer labelValues="[ write   true 10.0.2.15 md0]"
time=2026-10-07T16:46:28.187Z level=DEBUG msg="storing new metric label set" component=prom.Expirer labelValues="[write true md0]"
time=2026-10-07T16:46:28.187Z level=DEBUG msg="storing new metric label set" component=prom.Expirer labelValues="[  fdatasync 10.0.2.15 /mnt/obifs ext4]"
time=2026-10-07T16:46:28.187Z level=DEBUG msg="storing new metric label set" component=prom.Expirer labelValues=[fdatasync]
time=2026-10-07T16:46:28.187Z level=DEBUG msg="storing new metric label set" component=prom.Expirer labelValues="[  sync 10.0.2.15  ]"
time=2026-10-07T16:46:28.187Z level=DEBUG msg="storing new metric label set" component=prom.Expirer labelValues=[sync]
time=2026-10-07T16:46:28.187Z level=DEBUG msg="storing new metric label set" component=prom.Expirer labelValues="[  fsync 10.0.2.15 /dev devtmpfs]"
time=2026-10-07T16:46:28.187Z level=DEBUG msg="storing new metric label set" component=prom.Expirer labelValues=[fsync]
time=2026-10-07T16:46:28.187Z level=DEBUG msg="storing new metric label set" component=prom.Expirer labelValues="[  fsync 10.0.2.15 /mnt/obiovl overlay]"
time=2026-10-07T16:46:28.187Z level=DEBUG msg="storing new metric label set" component=prom.Expirer labelValues="[  syncfs 10.0.2.15 /mnt/obifs ext4]"
time=2026-10-07T16:46:28.187Z level=DEBUG msg="storing new metric label set" component=prom.Expirer labelValues=[syncfs]
time=2026-10-07T16:46:28.187Z level=DEBUG msg="storing new metric label set" component=prom.Expirer labelValues="[  fsync 10.0.2.15 /mnt/obifs ext4]"
time=2026-10-07T16:46:28.187Z level=DEBUG msg="storing new metric label set" component=prom.Expirer labelValues="[  fsync 10.0.2.15 /mnt/obitmpfs tmpfs]"
time=2026-10-07T16:46:28.187Z level=DEBUG msg="storing new metric label set" component=prom.Expirer labelValues="[  sync_file_range 10.0.2.15 /mnt/obifs ext4]"
time=2026-10-07T16:46:28.187Z level=DEBUG msg="storing new metric label set" component=prom.Expirer labelValues=[sync_file_range]
time=2026-10-07T16:46:28.187Z level=DEBUG msg="storing new metric label set" component=prom.Expirer labelValues="[NFS4ERR_GRACE OPEN 4 127.0.0.1]"
time=2026-10-07T16:46:28.187Z level=DEBUG msg="storing new metric label set" component=prom.Expirer labelValues="[OPEN 4 127.0.0.1]"
time=2026-10-07T16:46:28.187Z level=DEBUG msg="storing new metric label set" component=prom.Expirer labelValues="[ ACCESS 4 127.0.0.1]"
time=2026-10-07T16:46:28.187Z level=DEBUG msg="storing new metric label set" component=prom.Expirer labelValues="[ACCESS 4 127.0.0.1]"
time=2026-10-07T16:46:28.188Z level=DEBUG msg="storing new metric label set" component=prom.Expirer labelValues="[write true loop1]"
time=2026-10-07T16:46:28.188Z level=DEBUG msg="storing new metric label set" component=prom.Expirer labelValues="[write true loop6]"
time=2026-10-07T16:46:28.188Z level=DEBUG msg="storing new metric label set" component=prom.Expirer labelValues="[write true dm-0]"
time=2026-10-07T16:46:28.188Z level=DEBUG msg="storing new metric label set" component=prom.Expirer labelValues="[write true loop3]"
time=2026-10-07T16:46:28.188Z level=DEBUG msg="storing new metric label set" component=prom.Expirer labelValues="[write true md0]"
time=2026-10-07T16:46:28.188Z level=DEBUG msg="storing new metric label set" component=prom.Expirer labelValues="[write true loop2]"
time=2026-10-07T16:46:28.188Z level=DEBUG msg="storing new metric label set" component=prom.Expirer labelValues="[write false zram0]"
time=2026-10-07T16:46:28.188Z level=DEBUG msg="storing new metric label set" component=prom.Expirer labelValues="[read true loop6]"
time=2026-10-07T16:46:28.463Z level=DEBUG msg="failed to get docker info" component=docker.ContainerStore error="failed to connect to the docker API at unix:///var/run/docker.sock; check if the path is correct and if the daemon is running: dial unix /var/run/docker.sock: connect: no such file or directory"
time=2026-10-07T16:46:29.464Z level=DEBUG msg="failed to get docker info" component=docker.ContainerStore error="failed to connect to the docker API at unix:///var/run/docker.sock; check if the path is correct and if the daemon is running: dial unix /var/run/docker.sock: connect: no such file or directory"
time=2026-10-07T16:46:30.465Z level=DEBUG msg="failed to get docker info" component=docker.ContainerStore error="failed to connect to the docker API at unix:///var/run/docker.sock; check if the path is correct and if the daemon is running: dial unix /var/run/docker.sock: connect: no such file or directory"
time=2026-10-07T16:46:31.466Z level=DEBUG msg="failed to get docker info" component=docker.ContainerStore error="failed to connect to the docker API at unix:///var/run/docker.sock; check if the path is correct and if the daemon is running: dial unix /var/run/docker.sock: connect: no such file or directory"
time=2026-10-07T16:46:32.467Z level=DEBUG msg="failed to get docker info" component=docker.ContainerStore error="failed to connect to the docker API at unix:///var/run/docker.sock; check if the path is correct and if the daemon is running: dial unix /var/run/docker.sock: connect: no such file or directory"
time=2026-10-07T16:46:33.468Z level=DEBUG msg="failed to get docker info" component=docker.ContainerStore error="failed to connect to the docker API at unix:///var/run/docker.sock; check if the path is correct and if the daemon is running: dial unix /var/run/docker.sock: connect: no such file or directory"
time=2026-10-07T16:46:34.469Z level=DEBUG msg="failed to get docker info" component=docker.ContainerStore error="failed to connect to the docker API at unix:///var/run/docker.sock; check if the path is correct and if the daemon is running: dial unix /var/run/docker.sock: connect: no such file or directory"
time=2026-10-07T16:46:35.471Z level=DEBUG msg="failed to get docker info" component=docker.ContainerStore error="failed to connect to the docker API at unix:///var/run/docker.sock; check if the path is correct and if the daemon is running: dial unix /var/run/docker.sock: connect: no such file or directory"
time=2026-10-07T16:46:36.472Z level=DEBUG msg="failed to get docker info" component=docker.ContainerStore error="failed to connect to the docker API at unix:///var/run/docker.sock; check if the path is correct and if the daemon is running: dial unix /var/run/docker.sock: connect: no such file or directory"
time=2026-10-07T16:46:37.473Z level=DEBUG msg="failed to get docker info" component=docker.ContainerStore error="failed to connect to the docker API at unix:///var/run/docker.sock; check if the path is correct and if the daemon is running: dial unix /var/run/docker.sock: connect: no such file or directory"
time=2026-10-07T16:46:38.474Z level=DEBUG msg="failed to get docker info" component=docker.ContainerStore error="failed to connect to the docker API at unix:///var/run/docker.sock; check if the path is correct and if the daemon is running: dial unix /var/run/docker.sock: connect: no such file or directory"
time=2026-10-07T16:46:39.475Z level=DEBUG msg="failed to get docker info" component=docker.ContainerStore error="failed to connect to the docker API at unix:///var/run/docker.sock; check if the path is correct and if the daemon is running: dial unix /var/run/docker.sock: connect: no such file or directory"
time=2026-10-07T16:46:39.881Z level=DEBUG msg="storing new metric label set" component=prom.Expirer labelValues="[write true loop4]"
time=2026-10-07T16:46:39.882Z level=DEBUG msg="storing new metric label set" component=prom.Expirer labelValues="[ write   true 10.0.2.15 loop4]"
time=2026-10-07T16:46:39.882Z level=DEBUG msg="storing new metric label set" component=prom.Expirer labelValues="[write true loop4]"
time=2026-10-07T16:46:39.882Z level=DEBUG msg="storing new metric label set" component=prom.Expirer labelValues="[write true loop5]"
time=2026-10-07T16:46:39.882Z level=DEBUG msg="storing new metric label set" component=prom.Expirer labelValues="[ write   true 10.0.2.15 loop5]"
time=2026-10-07T16:46:39.882Z level=DEBUG msg="storing new metric label set" component=prom.Expirer labelValues="[write true loop5]"
time=2026-10-07T16:46:39.883Z level=DEBUG msg="storing new metric label set" component=prom.Expirer labelValues="[write true dm-1]"
time=2026-10-07T16:46:39.883Z level=DEBUG msg="storing new metric label set" component=prom.Expirer labelValues="[ write   true 10.0.2.15 dm-1]"
time=2026-10-07T16:46:39.883Z level=DEBUG msg="storing new metric label set" component=prom.Expirer labelValues="[write true dm-1]"
time=2026-10-07T16:46:39.883Z level=DEBUG msg="storing new metric label set" component=prom.Expirer labelValues="[write true dm-1]"
time=2026-10-07T16:46:39.884Z level=DEBUG msg="storing new metric label set" component=prom.Expirer labelValues="[write true loop4]"
time=2026-10-07T16:46:40.477Z level=DEBUG msg="failed to get docker info" component=docker.ContainerStore error="failed to connect to the docker API at unix:///var/run/docker.sock; check if the path is correct and if the daemon is running: dial unix /var/run/docker.sock: connect: no such file or directory"
time=2026-10-07T16:46:41.479Z level=DEBUG msg="failed to get docker info" component=docker.ContainerStore error="failed to connect to the docker API at unix:///var/run/docker.sock; check if the path is correct and if the daemon is running: dial unix /var/run/docker.sock: connect: no such file or directory"
time=2026-10-07T16:46:42.481Z level=DEBUG msg="failed to get docker info" component=docker.ContainerStore error="failed to connect to the docker API at unix:///var/run/docker.sock; check if the path is correct and if the daemon is running: dial unix /var/run/docker.sock: connect: no such file or directory"
time=2026-10-07T16:46:43.482Z level=DEBUG msg="failed to get docker info" component=docker.ContainerStore error="failed to connect to the docker API at unix:///var/run/docker.sock; check if the path is correct and if the daemon is running: dial unix /var/run/docker.sock: connect: no such file or directory"
time=2026-10-07T16:46:44.484Z level=DEBUG msg="failed to get docker info" component=docker.ContainerStore error="failed to connect to the docker API at unix:///var/run/docker.sock; check if the path is correct and if the daemon is running: dial unix /var/run/docker.sock: connect: no such file or directory"
time=2026-10-07T16:46:45.485Z level=DEBUG msg="failed to get docker info" component=docker.ContainerStore error="failed to connect to the docker API at unix:///var/run/docker.sock; check if the path is correct and if the daemon is running: dial unix /var/run/docker.sock: connect: no such file or directory"
time=2026-10-07T16:46:46.486Z level=DEBUG msg="failed to get docker info" component=docker.ContainerStore error="failed to connect to the docker API at unix:///var/run/docker.sock; check if the path is correct and if the daemon is running: dial unix /var/run/docker.sock: connect: no such file or directory"
time=2026-10-07T16:46:47.487Z level=DEBUG msg="failed to get docker info" component=docker.ContainerStore error="failed to connect to the docker API at unix:///var/run/docker.sock; check if the path is correct and if the daemon is running: dial unix /var/run/docker.sock: connect: no such file or directory"
time=2026-10-07T16:46:48.488Z level=DEBUG msg="failed to get docker info" component=docker.ContainerStore error="failed to connect to the docker API at unix:///var/run/docker.sock; check if the path is correct and if the daemon is running: dial unix /var/run/docker.sock: connect: no such file or directory"
time=2026-10-07T16:46:49.490Z level=DEBUG msg="failed to get docker info" component=docker.ContainerStore error="failed to connect to the docker API at unix:///var/run/docker.sock; check if the path is correct and if the daemon is running: dial unix /var/run/docker.sock: connect: no such file or directory"
time=2026-10-07T16:46:50.491Z level=DEBUG msg="failed to get docker info" component=docker.ContainerStore error="failed to connect to the docker API at unix:///var/run/docker.sock; check if the path is correct and if the daemon is running: dial unix /var/run/docker.sock: connect: no such file or directory"
time=2026-10-07T16:46:51.492Z level=DEBUG msg="failed to get docker info" component=docker.ContainerStore error="failed to connect to the docker API at unix:///var/run/docker.sock; check if the path is correct and if the daemon is running: dial unix /var/run/docker.sock: connect: no such file or directory"
time=2026-10-07T16:46:52.493Z level=DEBUG msg="failed to get docker info" component=docker.ContainerStore error="failed to connect to the docker API at unix:///var/run/docker.sock; check if the path is correct and if the daemon is running: dial unix /var/run/docker.sock: connect: no such file or directory"
time=2026-10-07T16:46:53.494Z level=DEBUG msg="failed to get docker info" component=docker.ContainerStore error="failed to connect to the docker API at unix:///var/run/docker.sock; check if the path is correct and if the daemon is running: dial unix /var/run/docker.sock: connect: no such file or directory"
time=2026-10-07T16:46:54.496Z level=DEBUG msg="failed to get docker info" component=docker.ContainerStore error="failed to connect to the docker API at unix:///var/run/docker.sock; check if the path is correct and if the daemon is running: dial unix /var/run/docker.sock: connect: no such file or directory"
time=2026-10-07T16:46:55.497Z level=DEBUG msg="failed to get docker info" component=docker.ContainerStore error="failed to connect to the docker API at unix:///var/run/docker.sock; check if the path is correct and if the daemon is running: dial unix /var/run/docker.sock: connect: no such file or directory"
time=2026-10-07T16:46:56.499Z level=DEBUG msg="failed to get docker info" component=docker.ContainerStore error="failed to connect to the docker API at unix:///var/run/docker.sock; check if the path is correct and if the daemon is running: dial unix /var/run/docker.sock: connect: no such file or directory"
time=2026-10-07T16:46:57.500Z level=DEBUG msg="failed to get docker info" component=docker.ContainerStore error="failed to connect to the docker API at unix:///var/run/docker.sock; check if the path is correct and if the daemon is running: dial unix /var/run/docker.sock: connect: no such file or directory"
time=2026-10-07T16:46:58.501Z level=DEBUG msg="failed to get docker info" component=docker.ContainerStore error="failed to connect to the docker API at unix:///var/run/docker.sock; check if the path is correct and if the daemon is running: dial unix /var/run/docker.sock: connect: no such file or directory"
time=2026-10-07T16:46:59.502Z level=DEBUG msg="failed to get docker info" component=docker.ContainerStore error="failed to connect to the docker API at unix:///var/run/docker.sock; check if the path is correct and if the daemon is running: dial unix /var/run/docker.sock: connect: no such file or directory"
time=2026-10-07T16:47:00.503Z level=DEBUG msg="failed to get docker info" component=docker.ContainerStore error="failed to connect to the docker API at unix:///var/run/docker.sock; check if the path is correct and if the daemon is running: dial unix /var/run/docker.sock: connect: no such file or directory"
time=2026-10-07T16:47:01.505Z level=DEBUG msg="failed to get docker info" component=docker.ContainerStore error="failed to connect to the docker API at unix:///var/run/docker.sock; check if the path is correct and if the daemon is running: dial unix /var/run/docker.sock: connect: no such file or directory"
time=2026-10-07T16:47:02.506Z level=DEBUG msg="failed to get docker info" component=docker.ContainerStore error="failed to connect to the docker API at unix:///var/run/docker.sock; check if the path is correct and if the daemon is running: dial unix /var/run/docker.sock: connect: no such file or directory"
time=2026-10-07T16:47:03.508Z level=DEBUG msg="failed to get docker info" component=docker.ContainerStore error="failed to connect to the docker API at unix:///var/run/docker.sock; check if the path is correct and if the daemon is running: dial unix /var/run/docker.sock: connect: no such file or directory"
time=2026-10-07T16:47:04.509Z level=DEBUG msg="failed to get docker info" component=docker.ContainerStore error="failed to connect to the docker API at unix:///var/run/docker.sock; check if the path is correct and if the daemon is running: dial unix /var/run/docker.sock: connect: no such file or directory"
time=2026-10-07T16:47:05.511Z level=DEBUG msg="failed to get docker info" component=docker.ContainerStore error="failed to connect to the docker API at unix:///var/run/docker.sock; check if the path is correct and if the daemon is running: dial unix /var/run/docker.sock: connect: no such file or directory"
time=2026-10-07T16:47:06.513Z level=DEBUG msg="failed to get docker info" component=docker.ContainerStore error="failed to connect to the docker API at unix:///var/run/docker.sock; check if the path is correct and if the daemon is running: dial unix /var/run/docker.sock: connect: no such file or directory"
time=2026-10-07T16:47:07.514Z level=DEBUG msg="failed to get docker info" component=docker.ContainerStore error="failed to connect to the docker API at unix:///var/run/docker.sock; check if the path is correct and if the daemon is running: dial unix /var/run/docker.sock: connect: no such file or directory"
time=2026-10-07T16:47:08.516Z level=DEBUG msg="failed to get docker info" component=docker.ContainerStore error="failed to connect to the docker API at unix:///var/run/docker.sock; check if the path is correct and if the daemon is running: dial unix /var/run/docker.sock: connect: no such file or directory"
time=2026-10-07T16:47:09.518Z level=DEBUG msg="failed to get docker info" component=docker.ContainerStore error="failed to connect to the docker API at unix:///var/run/docker.sock; check if the path is correct and if the daemon is running: dial unix /var/run/docker.sock: connect: no such file or directory"
time=2026-10-07T16:47:10.519Z level=DEBUG msg="failed to get docker info" component=docker.ContainerStore error="failed to connect to the docker API at unix:///var/run/docker.sock; check if the path is correct and if the daemon is running: dial unix /var/run/docker.sock: connect: no such file or directory"
time=2026-10-07T16:47:11.520Z level=DEBUG msg="failed to get docker info" component=docker.ContainerStore error="failed to connect to the docker API at unix:///var/run/docker.sock; check if the path is correct and if the daemon is running: dial unix /var/run/docker.sock: connect: no such file or directory"
time=2026-10-07T16:47:12.522Z level=DEBUG msg="failed to get docker info" component=docker.ContainerStore error="failed to connect to the docker API at unix:///var/run/docker.sock; check if the path is correct and if the daemon is running: dial unix /var/run/docker.sock: connect: no such file or directory"
time=2026-10-07T16:47:13.524Z level=DEBUG msg="failed to get docker info" component=docker.ContainerStore error="failed to connect to the docker API at unix:///var/run/docker.sock; check if the path is correct and if the daemon is running: dial unix /var/run/docker.sock: connect: no such file or directory"
time=2026-10-07T16:47:14.526Z level=DEBUG msg="failed to get docker info" component=docker.ContainerStore error="failed to connect to the docker API at unix:///var/run/docker.sock; check if the path is correct and if the daemon is running: dial unix /var/run/docker.sock: connect: no such file or directory"
time=2026-10-07T16:47:15.527Z level=DEBUG msg="failed to get docker info" component=docker.ContainerStore error="failed to connect to the docker API at unix:///var/run/docker.sock; check if the path is correct and if the daemon is running: dial unix /var/run/docker.sock: connect: no such file or directory"
time=2026-10-07T16:47:16.528Z level=DEBUG msg="failed to get docker info" component=docker.ContainerStore error="failed to connect to the docker API at unix:///var/run/docker.sock; check if the path is correct and if the daemon is running: dial unix /var/run/docker.sock: connect: no such file or directory"
time=2026-10-07T16:47:17.529Z level=DEBUG msg="failed to get docker info" component=docker.ContainerStore error="failed to connect to the docker API at unix:///var/run/docker.sock; check if the path is correct and if the daemon is running: dial unix /var/run/docker.sock: connect: no such file or directory"
time=2026-10-07T16:47:18.530Z level=DEBUG msg="failed to get docker info" component=docker.ContainerStore error="failed to connect to the docker API at unix:///var/run/docker.sock; check if the path is correct and if the daemon is running: dial unix /var/run/docker.sock: connect: no such file or directory"
time=2026-10-07T16:47:19.531Z level=DEBUG msg="failed to get docker info" component=docker.ContainerStore error="failed to connect to the docker API at unix:///var/run/docker.sock; check if the path is correct and if the daemon is running: dial unix /var/run/docker.sock: connect: no such file or directory"
time=2026-10-07T16:47:20.533Z level=DEBUG msg="failed to get docker info" component=docker.ContainerStore error="failed to connect to the docker API at unix:///var/run/docker.sock; check if the path is correct and if the daemon is running: dial unix /var/run/docker.sock: connect: no such file or directory"
time=2026-10-07T16:47:21.534Z level=DEBUG msg="failed to get docker info" component=docker.ContainerStore error="failed to connect to the docker API at unix:///var/run/docker.sock; check if the path is correct and if the daemon is running: dial unix /var/run/docker.sock: connect: no such file or directory"
time=2026-10-07T16:47:22.536Z level=DEBUG msg="failed to get docker info" component=docker.ContainerStore error="failed to connect to the docker API at unix:///var/run/docker.sock; check if the path is correct and if the daemon is running: dial unix /var/run/docker.sock: connect: no such file or directory"
time=2026-10-07T16:47:23.537Z level=DEBUG msg="failed to get docker info" component=docker.ContainerStore error="failed to connect to the docker API at unix:///var/run/docker.sock; check if the path is correct and if the daemon is running: dial unix /var/run/docker.sock: connect: no such file or directory"
time=2026-10-07T16:47:24.538Z level=DEBUG msg="failed to get docker info" component=docker.ContainerStore error="failed to connect to the docker API at unix:///var/run/docker.sock; check if the path is correct and if the daemon is running: dial unix /var/run/docker.sock: connect: no such file or directory"
time=2026-10-07T16:47:25.540Z level=DEBUG msg="failed to get docker info" component=docker.ContainerStore error="failed to connect to the docker API at unix:///var/run/docker.sock; check if the path is correct and if the daemon is running: dial unix /var/run/docker.sock: connect: no such file or directory"
time=2026-10-07T16:47:26.542Z level=DEBUG msg="failed to get docker info" component=docker.ContainerStore error="failed to connect to the docker API at unix:///var/run/docker.sock; check if the path is correct and if the daemon is running: dial unix /var/run/docker.sock: connect: no such file or directory"
time=2026-10-07T16:47:27.544Z level=DEBUG msg="failed to get docker info" component=docker.ContainerStore error="failed to connect to the docker API at unix:///var/run/docker.sock; check if the path is correct and if the daemon is running: dial unix /var/run/docker.sock: connect: no such file or directory"
time=2026-10-07T16:47:28.544Z level=DEBUG msg="failed to get docker info" component=docker.ContainerStore error="failed to connect to the docker API at unix:///var/run/docker.sock; check if the path is correct and if the daemon is running: dial unix /var/run/docker.sock: connect: no such file or directory"
time=2026-10-07T16:47:29.545Z level=DEBUG msg="failed to get docker info" component=docker.ContainerStore error="failed to connect to the docker API at unix:///var/run/docker.sock; check if the path is correct and if the daemon is running: dial unix /var/run/docker.sock: connect: no such file or directory"
time=2026-10-07T16:47:30.547Z level=DEBUG msg="failed to get docker info" component=docker.ContainerStore error="failed to connect to the docker API at unix:///var/run/docker.sock; check if the path is correct and if the daemon is running: dial unix /var/run/docker.sock: connect: no such file or directory"
time=2026-10-07T16:47:31.548Z level=DEBUG msg="failed to get docker info" component=docker.ContainerStore error="failed to connect to the docker API at unix:///var/run/docker.sock; check if the path is correct and if the daemon is running: dial unix /var/run/docker.sock: connect: no such file or directory"
time=2026-10-07T16:47:32.550Z level=DEBUG msg="failed to get docker info" component=docker.ContainerStore error="failed to connect to the docker API at unix:///var/run/docker.sock; check if the path is correct and if the daemon is running: dial unix /var/run/docker.sock: connect: no such file or directory"
time=2026-10-07T16:47:33.552Z level=DEBUG msg="failed to get docker info" component=docker.ContainerStore error="failed to connect to the docker API at unix:///var/run/docker.sock; check if the path is correct and if the daemon is running: dial unix /var/run/docker.sock: connect: no such file or directory"
time=2026-10-07T16:47:34.553Z level=DEBUG msg="failed to get docker info" component=docker.ContainerStore error="failed to connect to the docker API at unix:///var/run/docker.sock; check if the path is correct and if the daemon is running: dial unix /var/run/docker.sock: connect: no such file or directory"
time=2026-10-07T16:47:35.555Z level=DEBUG msg="failed to get docker info" component=docker.ContainerStore error="failed to connect to the docker API at unix:///var/run/docker.sock; check if the path is correct and if the daemon is running: dial unix /var/run/docker.sock: connect: no such file or directory"
time=2026-10-07T16:47:36.556Z level=DEBUG msg="failed to get docker info" component=docker.ContainerStore error="failed to connect to the docker API at unix:///var/run/docker.sock; check if the path is correct and if the daemon is running: dial unix /var/run/docker.sock: connect: no such file or directory"
time=2026-10-07T16:47:37.557Z level=DEBUG msg="failed to get docker info" component=docker.ContainerStore error="failed to connect to the docker API at unix:///var/run/docker.sock; check if the path is correct and if the daemon is running: dial unix /var/run/docker.sock: connect: no such file or directory"
time=2026-10-07T16:47:38.558Z level=DEBUG msg="failed to get docker info" component=docker.ContainerStore error="failed to connect to the docker API at unix:///var/run/docker.sock; check if the path is correct and if the daemon is running: dial unix /var/run/docker.sock: connect: no such file or directory"
time=2026-10-07T16:47:39.559Z level=DEBUG msg="failed to get docker info" component=docker.ContainerStore error="failed to connect to the docker API at unix:///var/run/docker.sock; check if the path is correct and if the daemon is running: dial unix /var/run/docker.sock: connect: no such file or directory"
time=2026-10-07T16:47:40.560Z level=DEBUG msg="failed to get docker info" component=docker.ContainerStore error="failed to connect to the docker API at unix:///var/run/docker.sock; check if the path is correct and if the daemon is running: dial unix /var/run/docker.sock: connect: no such file or directory"
time=2026-10-07T16:47:40.882Z level=DEBUG msg="storing new metric label set" component=prom.Expirer labelValues="[  fsync 10.0.2.15 /mnt/nfs nfs4]"
time=2026-10-07T16:47:40.882Z level=DEBUG msg="storing new metric label set" component=prom.Expirer labelValues="[ CLOSE 4 127.0.0.1]"
time=2026-10-07T16:47:40.882Z level=DEBUG msg="storing new metric label set" component=prom.Expirer labelValues="[CLOSE 4 127.0.0.1]"
time=2026-10-07T16:47:40.882Z level=DEBUG msg="storing new metric label set" component=prom.Expirer labelValues="[ WRITE 4 127.0.0.1]"
time=2026-10-07T16:47:40.882Z level=DEBUG msg="storing new metric label set" component=prom.Expirer labelValues="[WRITE 4 127.0.0.1]"
time=2026-10-07T16:47:40.882Z level=DEBUG msg="storing new metric label set" component=prom.Expirer labelValues="[ENOENT LOOKUP 4 127.0.0.1]"
time=2026-10-07T16:47:40.882Z level=DEBUG msg="storing new metric label set" component=prom.Expirer labelValues="[LOOKUP 4 127.0.0.1]"
time=2026-10-07T16:47:40.883Z level=DEBUG msg="storing new metric label set" component=prom.Expirer labelValues="[ OPEN 4 127.0.0.1]"
time=2026-10-07T16:47:40.883Z level=DEBUG msg="storing new metric label set" component=prom.Expirer labelValues="[ READ 4 127.0.0.1]"
time=2026-10-07T16:47:40.883Z level=DEBUG msg="storing new metric label set" component=prom.Expirer labelValues="[READ 4 127.0.0.1]"
time=2026-10-07T16:47:40.883Z level=DEBUG msg="storing new metric label set" component=prom.Expirer labelValues="[ OPEN_NOATTR 4 127.0.0.1]"
time=2026-10-07T16:47:40.883Z level=DEBUG msg="storing new metric label set" component=prom.Expirer labelValues="[OPEN_NOATTR 4 127.0.0.1]"
time=2026-10-07T16:47:40.883Z level=DEBUG msg="storing new metric label set" component=prom.Expirer labelValues="[receive 127.0.0.1]"
time=2026-10-07T16:47:40.883Z level=DEBUG msg="storing new metric label set" component=prom.Expirer labelValues="[transmit 127.0.0.1]"
time=2026-10-07T16:47:41.561Z level=DEBUG msg="failed to get docker info" component=docker.ContainerStore error="failed to connect to the docker API at unix:///var/run/docker.sock; check if the path is correct and if the daemon is running: dial unix /var/run/docker.sock: connect: no such file or directory"
time=2026-10-07T16:47:42.563Z level=DEBUG msg="failed to get docker info" component=docker.ContainerStore error="failed to connect to the docker API at unix:///var/run/docker.sock; check if the path is correct and if the daemon is running: dial unix /var/run/docker.sock: connect: no such file or directory"
time=2026-10-07T16:47:43.564Z level=DEBUG msg="failed to get docker info" component=docker.ContainerStore error="failed to connect to the docker API at unix:///var/run/docker.sock; check if the path is correct and if the daemon is running: dial unix /var/run/docker.sock: connect: no such file or directory"
time=2026-10-07T16:47:43.792Z level=DEBUG msg="received metrics request" component=connector.PrometheusManager uri=/metrics remoteAddr=[::1]:47430
time=2026-10-07T16:47:43.802Z level=DEBUG msg="Prometheus endpoint server was closed" component=connector.PrometheusManager port=9400 error="http: Server closed"
time=2026-10-07T16:47:43.802Z level=INFO msg="stopping Stats agent" component=agent.StatsO11y
time=2026-10-07T16:47:43.802Z level=DEBUG msg="unregistering eBPF objects" component=ebpf.StatFetcher
time=2026-10-07T16:47:43.802Z level=DEBUG msg="context is cancelled. Closing events reader" component=stat.RingBufTracer
time=2026-10-07T16:47:43.802Z level=DEBUG msg="ring buffer is closed" component=stat.RingBufTracer
time=2026-10-07T16:47:43.802Z level=DEBUG msg="closing eBPF resources" component=stat.RingBufTracer len=1
time=2026-10-07T16:47:43.802Z level=DEBUG msg="the eBPF resources are closed" component=stat.RingBufTracer
time=2026-10-07T16:47:44.212Z level=DEBUG msg="waiting for all nodes to finish their pending work" component=agent.StatsO11y
time=2026-10-07T16:47:44.213Z level=INFO msg="Stats agent stopped" component=agent.StatsO11y
time=2026-10-07T16:47:44.213Z level=DEBUG msg="OBI main node finished"
time=2026-10-07T16:47:44.213Z level=INFO msg="OpenTelemetry eBPF Instrumentation successfully exiting"
