time=2026-10-07T20:56:22.360Z level=INFO msg="OpenTelemetry eBPF Instrumentation" Version=unset Revision=unset "OpenTelemetry SDK Version"=1.46.0
time=2026-10-07T20:56:22.361Z level=INFO msg="configuration loaded" version=v1
time=2026-10-07T20:56:22.362Z level=DEBUG msg="fetched node metadata" component=meta.NodeMeta fetcher=0 hostID=37550ce7a780481d872cf5f91b22ba5b
time=2026-10-07T20:56:22.363Z level=DEBUG msg="kubeconfig can't be detected. Assuming we are not in Kubernetes" component=kube.MetadataProvider error="can't access kubernetes. Tried using config from: config parameter, KUBECONFIG env, homedir and InClusterConfig. Got: unable to load in-cluster configuration, KUBERNETES_SERVICE_HOST and KUBERNETES_SERVICE_PORT must be defined"
time=2026-10-07T20:56:24.363Z level=WARN msg="timed out while waiting for Cloud metadata. Ignoring" component=meta.NodeMeta.otelNodeFetcher detector=ec2.resourceDetector
time=2026-10-07T20:56:24.365Z level=DEBUG msg="not reporting internal metrics"
time=2026-10-07T20:56:24.367Z level=DEBUG msg="failed to get docker info" component=docker.ContainerStore error="failed to connect to the docker API at unix:///var/run/docker.sock; check if the path is correct and if the daemon is running: dial unix /var/run/docker.sock: connect: no such file or directory"
time=2026-10-07T20:56:24.369Z level=DEBUG msg="failed to get docker info" component=docker.ContainerStore error="failed to connect to the docker API at unix:///var/run/docker.sock; check if the path is correct and if the daemon is running: dial unix /var/run/docker.sock: connect: no such file or directory"
time=2026-10-07T20:56:24.370Z level=DEBUG msg="failed to get docker info" component=docker.ContainerStore error="failed to connect to the docker API at unix:///var/run/docker.sock; check if the path is correct and if the daemon is running: dial unix /var/run/docker.sock: connect: no such file or directory"
time=2026-10-07T20:56:24.370Z level=INFO msg="starting OBI in Stat metrics mode"
time=2026-10-07T20:56:24.371Z level=INFO msg="initializing Stats agent" component=agent.StatsO11y
time=2026-10-07T20:56:24.372Z level=DEBUG msg="acquiring Agent IP" component=agent.StatsO11y
time=2026-10-07T20:56:24.373Z level=DEBUG msg="agent IP: 10.0.2.15" component=agent.StatsO11y
time=2026-10-07T20:56:24.584Z level=INFO msg="the probes of the enabled storage metrics are loaded" component=agent.StatsO11y
time=2026-10-07T20:56:24.584Z level=INFO msg="starting Stats agent" component=agent.StatsO11y
time=2026-10-07T20:56:24.585Z level=DEBUG msg="creating stats processing graph" component=agent.StatsO11y
time=2026-10-07T20:56:24.585Z level=DEBUG msg="registering stat disk operation duration metric" component=prom.StatsEndpoint
time=2026-10-07T20:56:24.585Z level=DEBUG msg="registering Prometheus metrics collectors" component=connector.PrometheusManager len=9 port=9400 path=/metrics
time=2026-10-07T20:56:24.586Z level=INFO msg="Stats agent successfully started" component=agent.StatsO11y
time=2026-10-07T20:56:24.586Z level=DEBUG msg="start reading and forwarding" component=stat.RingBufTracer
time=2026-10-07T20:56:24.586Z level=INFO msg="opening prometheus scrape endpoint" component=connector.PrometheusManager port=9400 path=/metrics
time=2026-10-07T20:56:24.587Z level=DEBUG msg="starting to read ring buffer" component=stat.RingBufTracer
time=2026-10-07T20:56:25.373Z level=DEBUG msg="failed to get docker info" component=docker.ContainerStore error="failed to connect to the docker API at unix:///var/run/docker.sock; check if the path is correct and if the daemon is running: dial unix /var/run/docker.sock: connect: no such file or directory"
time=2026-10-07T20:56:25.394Z level=DEBUG msg="received metrics request" component=connector.PrometheusManager uri=/metrics remoteAddr=[::1]:55658
time=2026-10-07T20:56:26.376Z level=DEBUG msg="failed to get docker info" component=docker.ContainerStore error="failed to connect to the docker API at unix:///var/run/docker.sock; check if the path is correct and if the daemon is running: dial unix /var/run/docker.sock: connect: no such file or directory"
time=2026-10-07T20:56:26.890Z level=DEBUG msg="storing new metric label set" component=prom.Expirer labelValues="[write false vda]"
time=2026-10-07T20:56:26.890Z level=DEBUG msg="storing new metric label set" component=prom.Expirer labelValues="[ write   false 10.0.2.15 vda]"
time=2026-10-07T20:56:26.891Z level=DEBUG msg="storing new metric label set" component=prom.Expirer labelValues="[write false vda]"
time=2026-10-07T20:56:26.896Z level=DEBUG msg="storing new metric label set" component=prom.Expirer labelValues="[write false vda]"
time=2026-10-07T20:56:27.378Z level=DEBUG msg="failed to get docker info" component=docker.ContainerStore error="failed to connect to the docker API at unix:///var/run/docker.sock; check if the path is correct and if the daemon is running: dial unix /var/run/docker.sock: connect: no such file or directory"
time=2026-10-07T20:56:28.383Z level=DEBUG msg="failed to get docker info" component=docker.ContainerStore error="failed to connect to the docker API at unix:///var/run/docker.sock; check if the path is correct and if the daemon is running: dial unix /var/run/docker.sock: connect: no such file or directory"
time=2026-10-07T20:56:29.385Z level=DEBUG msg="failed to get docker info" component=docker.ContainerStore error="failed to connect to the docker API at unix:///var/run/docker.sock; check if the path is correct and if the daemon is running: dial unix /var/run/docker.sock: connect: no such file or directory"
time=2026-10-07T20:56:30.387Z level=DEBUG msg="failed to get docker info" component=docker.ContainerStore error="failed to connect to the docker API at unix:///var/run/docker.sock; check if the path is correct and if the daemon is running: dial unix /var/run/docker.sock: connect: no such file or directory"
time=2026-10-07T20:56:31.389Z level=DEBUG msg="failed to get docker info" component=docker.ContainerStore error="failed to connect to the docker API at unix:///var/run/docker.sock; check if the path is correct and if the daemon is running: dial unix /var/run/docker.sock: connect: no such file or directory"
time=2026-10-07T20:56:32.287Z level=DEBUG msg="storing new metric label set" component=prom.Expirer labelValues="[read false vda]"
time=2026-10-07T20:56:32.288Z level=DEBUG msg="storing new metric label set" component=prom.Expirer labelValues="[ read   false 10.0.2.15 vda]"
time=2026-10-07T20:56:32.288Z level=DEBUG msg="storing new metric label set" component=prom.Expirer labelValues="[read false vda]"
time=2026-10-07T20:56:32.289Z level=DEBUG msg="storing new metric label set" component=prom.Expirer labelValues="[read false vda]"
time=2026-10-07T20:56:32.392Z level=DEBUG msg="failed to get docker info" component=docker.ContainerStore error="failed to connect to the docker API at unix:///var/run/docker.sock; check if the path is correct and if the daemon is running: dial unix /var/run/docker.sock: connect: no such file or directory"
time=2026-10-07T20:56:33.396Z level=DEBUG msg="failed to get docker info" component=docker.ContainerStore error="failed to connect to the docker API at unix:///var/run/docker.sock; check if the path is correct and if the daemon is running: dial unix /var/run/docker.sock: connect: no such file or directory"
time=2026-10-07T20:56:34.399Z level=DEBUG msg="failed to get docker info" component=docker.ContainerStore error="failed to connect to the docker API at unix:///var/run/docker.sock; check if the path is correct and if the daemon is running: dial unix /var/run/docker.sock: connect: no such file or directory"
time=2026-10-07T20:56:35.402Z level=DEBUG msg="failed to get docker info" component=docker.ContainerStore error="failed to connect to the docker API at unix:///var/run/docker.sock; check if the path is correct and if the daemon is running: dial unix /var/run/docker.sock: connect: no such file or directory"
time=2026-10-07T20:56:36.405Z level=DEBUG msg="failed to get docker info" component=docker.ContainerStore error="failed to connect to the docker API at unix:///var/run/docker.sock; check if the path is correct and if the daemon is running: dial unix /var/run/docker.sock: connect: no such file or directory"
time=2026-10-07T20:56:37.409Z level=DEBUG msg="failed to get docker info" component=docker.ContainerStore error="failed to connect to the docker API at unix:///var/run/docker.sock; check if the path is correct and if the daemon is running: dial unix /var/run/docker.sock: connect: no such file or directory"
time=2026-10-07T20:56:38.412Z level=DEBUG msg="failed to get docker info" component=docker.ContainerStore error="failed to connect to the docker API at unix:///var/run/docker.sock; check if the path is correct and if the daemon is running: dial unix /var/run/docker.sock: connect: no such file or directory"
time=2026-10-07T20:56:39.415Z level=DEBUG msg="failed to get docker info" component=docker.ContainerStore error="failed to connect to the docker API at unix:///var/run/docker.sock; check if the path is correct and if the daemon is running: dial unix /var/run/docker.sock: connect: no such file or directory"
time=2026-10-07T20:56:40.419Z level=DEBUG msg="failed to get docker info" component=docker.ContainerStore error="failed to connect to the docker API at unix:///var/run/docker.sock; check if the path is correct and if the daemon is running: dial unix /var/run/docker.sock: connect: no such file or directory"
time=2026-10-07T20:56:41.422Z level=DEBUG msg="failed to get docker info" component=docker.ContainerStore error="failed to connect to the docker API at unix:///var/run/docker.sock; check if the path is correct and if the daemon is running: dial unix /var/run/docker.sock: connect: no such file or directory"
time=2026-10-07T20:56:42.427Z level=DEBUG msg="failed to get docker info" component=docker.ContainerStore error="failed to connect to the docker API at unix:///var/run/docker.sock; check if the path is correct and if the daemon is running: dial unix /var/run/docker.sock: connect: no such file or directory"
time=2026-10-07T20:56:43.430Z level=DEBUG msg="failed to get docker info" component=docker.ContainerStore error="failed to connect to the docker API at unix:///var/run/docker.sock; check if the path is correct and if the daemon is running: dial unix /var/run/docker.sock: connect: no such file or directory"
time=2026-10-07T20:56:44.434Z level=DEBUG msg="failed to get docker info" component=docker.ContainerStore error="failed to connect to the docker API at unix:///var/run/docker.sock; check if the path is correct and if the daemon is running: dial unix /var/run/docker.sock: connect: no such file or directory"
time=2026-10-07T20:56:45.437Z level=DEBUG msg="failed to get docker info" component=docker.ContainerStore error="failed to connect to the docker API at unix:///var/run/docker.sock; check if the path is correct and if the daemon is running: dial unix /var/run/docker.sock: connect: no such file or directory"
time=2026-10-07T20:56:46.440Z level=DEBUG msg="failed to get docker info" component=docker.ContainerStore error="failed to connect to the docker API at unix:///var/run/docker.sock; check if the path is correct and if the daemon is running: dial unix /var/run/docker.sock: connect: no such file or directory"
time=2026-10-07T20:56:47.443Z level=DEBUG msg="failed to get docker info" component=docker.ContainerStore error="failed to connect to the docker API at unix:///var/run/docker.sock; check if the path is correct and if the daemon is running: dial unix /var/run/docker.sock: connect: no such file or directory"
time=2026-10-07T20:56:48.447Z level=DEBUG msg="failed to get docker info" component=docker.ContainerStore error="failed to connect to the docker API at unix:///var/run/docker.sock; check if the path is correct and if the daemon is running: dial unix /var/run/docker.sock: connect: no such file or directory"
time=2026-10-07T20:56:49.449Z level=DEBUG msg="failed to get docker info" component=docker.ContainerStore error="failed to connect to the docker API at unix:///var/run/docker.sock; check if the path is correct and if the daemon is running: dial unix /var/run/docker.sock: connect: no such file or directory"
time=2026-10-07T20:56:50.453Z level=DEBUG msg="failed to get docker info" component=docker.ContainerStore error="failed to connect to the docker API at unix:///var/run/docker.sock; check if the path is correct and if the daemon is running: dial unix /var/run/docker.sock: connect: no such file or directory"
time=2026-10-07T20:56:51.455Z level=DEBUG msg="failed to get docker info" component=docker.ContainerStore error="failed to connect to the docker API at unix:///var/run/docker.sock; check if the path is correct and if the daemon is running: dial unix /var/run/docker.sock: connect: no such file or directory"
time=2026-10-07T20:56:52.458Z level=DEBUG msg="failed to get docker info" component=docker.ContainerStore error="failed to connect to the docker API at unix:///var/run/docker.sock; check if the path is correct and if the daemon is running: dial unix /var/run/docker.sock: connect: no such file or directory"
time=2026-10-07T20:56:53.461Z level=DEBUG msg="failed to get docker info" component=docker.ContainerStore error="failed to connect to the docker API at unix:///var/run/docker.sock; check if the path is correct and if the daemon is running: dial unix /var/run/docker.sock: connect: no such file or directory"
time=2026-10-07T20:56:54.465Z level=DEBUG msg="failed to get docker info" component=docker.ContainerStore error="failed to connect to the docker API at unix:///var/run/docker.sock; check if the path is correct and if the daemon is running: dial unix /var/run/docker.sock: connect: no such file or directory"
time=2026-10-07T20:56:55.469Z level=DEBUG msg="failed to get docker info" component=docker.ContainerStore error="failed to connect to the docker API at unix:///var/run/docker.sock; check if the path is correct and if the daemon is running: dial unix /var/run/docker.sock: connect: no such file or directory"
time=2026-10-07T20:56:56.472Z level=DEBUG msg="failed to get docker info" component=docker.ContainerStore error="failed to connect to the docker API at unix:///var/run/docker.sock; check if the path is correct and if the daemon is running: dial unix /var/run/docker.sock: connect: no such file or directory"
time=2026-10-07T20:56:57.475Z level=DEBUG msg="failed to get docker info" component=docker.ContainerStore error="failed to connect to the docker API at unix:///var/run/docker.sock; check if the path is correct and if the daemon is running: dial unix /var/run/docker.sock: connect: no such file or directory"
time=2026-10-07T20:56:58.478Z level=DEBUG msg="failed to get docker info" component=docker.ContainerStore error="failed to connect to the docker API at unix:///var/run/docker.sock; check if the path is correct and if the daemon is running: dial unix /var/run/docker.sock: connect: no such file or directory"
time=2026-10-07T20:56:59.481Z level=DEBUG msg="failed to get docker info" component=docker.ContainerStore error="failed to connect to the docker API at unix:///var/run/docker.sock; check if the path is correct and if the daemon is running: dial unix /var/run/docker.sock: connect: no such file or directory"
time=2026-10-07T20:57:00.419Z level=DEBUG msg="received metrics request" component=connector.PrometheusManager uri=/metrics remoteAddr=[::1]:46506
time=2026-10-07T20:57:00.485Z level=DEBUG msg="failed to get docker info" component=docker.ContainerStore error="failed to connect to the docker API at unix:///var/run/docker.sock; check if the path is correct and if the daemon is running: dial unix /var/run/docker.sock: connect: no such file or directory"
time=2026-10-07T20:57:00.487Z level=DEBUG msg="storing new metric label set" component=prom.Expirer labelValues="[write false nvme0c0n1]"
time=2026-10-07T20:57:00.488Z level=DEBUG msg="storing new metric label set" component=prom.Expirer labelValues="[ write   false 10.0.2.15 nvme0c0n1]"
time=2026-10-07T20:57:00.489Z level=DEBUG msg="storing new metric label set" component=prom.Expirer labelValues="[write false nvme0c0n1]"
time=2026-10-07T20:57:00.489Z level=DEBUG msg="storing new metric label set" component=prom.Expirer labelValues="[read false nvme0c0n1]"
time=2026-10-07T20:57:00.490Z level=DEBUG msg="storing new metric label set" component=prom.Expirer labelValues="[ read   false 10.0.2.15 nvme0c0n1]"
time=2026-10-07T20:57:00.491Z level=DEBUG msg="storing new metric label set" component=prom.Expirer labelValues="[read false nvme0c0n1]"
time=2026-10-07T20:57:00.492Z level=DEBUG msg="storing new metric label set" component=prom.Expirer labelValues="[read false nvme0c0n1]"
time=2026-10-07T20:57:00.492Z level=DEBUG msg="storing new metric label set" component=prom.Expirer labelValues="[write false nvme0c0n1]"
time=2026-10-07T20:57:00.492Z level=DEBUG msg="storing new metric label set" component=prom.Expirer labelValues="[read true nvme0n1]"
time=2026-10-07T20:57:00.493Z level=DEBUG msg="storing new metric label set" component=prom.Expirer labelValues="[write true nvme0n1]"
time=2026-10-07T20:57:01.487Z level=DEBUG msg="failed to get docker info" component=docker.ContainerStore error="failed to connect to the docker API at unix:///var/run/docker.sock; check if the path is correct and if the daemon is running: dial unix /var/run/docker.sock: connect: no such file or directory"
time=2026-10-07T20:57:02.490Z level=DEBUG msg="failed to get docker info" component=docker.ContainerStore error="failed to connect to the docker API at unix:///var/run/docker.sock; check if the path is correct and if the daemon is running: dial unix /var/run/docker.sock: connect: no such file or directory"
time=2026-10-07T20:57:03.493Z level=DEBUG msg="failed to get docker info" component=docker.ContainerStore error="failed to connect to the docker API at unix:///var/run/docker.sock; check if the path is correct and if the daemon is running: dial unix /var/run/docker.sock: connect: no such file or directory"
time=2026-10-07T20:57:04.496Z level=DEBUG msg="failed to get docker info" component=docker.ContainerStore error="failed to connect to the docker API at unix:///var/run/docker.sock; check if the path is correct and if the daemon is running: dial unix /var/run/docker.sock: connect: no such file or directory"
time=2026-10-07T20:57:05.498Z level=DEBUG msg="failed to get docker info" component=docker.ContainerStore error="failed to connect to the docker API at unix:///var/run/docker.sock; check if the path is correct and if the daemon is running: dial unix /var/run/docker.sock: connect: no such file or directory"
time=2026-10-07T20:57:05.671Z level=DEBUG msg="received metrics request" component=connector.PrometheusManager uri=/metrics remoteAddr=[::1]:46988
time=2026-10-07T20:57:06.501Z level=DEBUG msg="failed to get docker info" component=docker.ContainerStore error="failed to connect to the docker API at unix:///var/run/docker.sock; check if the path is correct and if the daemon is running: dial unix /var/run/docker.sock: connect: no such file or directory"
time=2026-10-07T20:57:07.503Z level=DEBUG msg="failed to get docker info" component=docker.ContainerStore error="failed to connect to the docker API at unix:///var/run/docker.sock; check if the path is correct and if the daemon is running: dial unix /var/run/docker.sock: connect: no such file or directory"
time=2026-10-07T20:57:08.506Z level=DEBUG msg="failed to get docker info" component=docker.ContainerStore error="failed to connect to the docker API at unix:///var/run/docker.sock; check if the path is correct and if the daemon is running: dial unix /var/run/docker.sock: connect: no such file or directory"
time=2026-10-07T20:57:09.509Z level=DEBUG msg="failed to get docker info" component=docker.ContainerStore error="failed to connect to the docker API at unix:///var/run/docker.sock; check if the path is correct and if the daemon is running: dial unix /var/run/docker.sock: connect: no such file or directory"
time=2026-10-07T20:57:10.512Z level=DEBUG msg="failed to get docker info" component=docker.ContainerStore error="failed to connect to the docker API at unix:///var/run/docker.sock; check if the path is correct and if the daemon is running: dial unix /var/run/docker.sock: connect: no such file or directory"
time=2026-10-07T20:57:11.514Z level=DEBUG msg="failed to get docker info" component=docker.ContainerStore error="failed to connect to the docker API at unix:///var/run/docker.sock; check if the path is correct and if the daemon is running: dial unix /var/run/docker.sock: connect: no such file or directory"
time=2026-10-07T20:57:12.518Z level=DEBUG msg="failed to get docker info" component=docker.ContainerStore error="failed to connect to the docker API at unix:///var/run/docker.sock; check if the path is correct and if the daemon is running: dial unix /var/run/docker.sock: connect: no such file or directory"
time=2026-10-07T20:57:13.520Z level=DEBUG msg="failed to get docker info" component=docker.ContainerStore error="failed to connect to the docker API at unix:///var/run/docker.sock; check if the path is correct and if the daemon is running: dial unix /var/run/docker.sock: connect: no such file or directory"
time=2026-10-07T20:57:14.523Z level=DEBUG msg="failed to get docker info" component=docker.ContainerStore error="failed to connect to the docker API at unix:///var/run/docker.sock; check if the path is correct and if the daemon is running: dial unix /var/run/docker.sock: connect: no such file or directory"
time=2026-10-07T20:57:15.526Z level=DEBUG msg="failed to get docker info" component=docker.ContainerStore error="failed to connect to the docker API at unix:///var/run/docker.sock; check if the path is correct and if the daemon is running: dial unix /var/run/docker.sock: connect: no such file or directory"
time=2026-10-07T20:57:15.715Z level=DEBUG msg="received metrics request" component=connector.PrometheusManager uri=/metrics remoteAddr=[::1]:44622
time=2026-10-07T20:57:15.748Z level=INFO msg="stopping Stats agent" component=agent.StatsO11y
time=2026-10-07T20:57:15.749Z level=DEBUG msg="unregistering eBPF objects" component=ebpf.StatFetcher
time=2026-10-07T20:57:15.748Z level=DEBUG msg="Prometheus endpoint server was closed" component=connector.PrometheusManager port=9400 error="http: Server closed"
time=2026-10-07T20:57:15.748Z level=DEBUG msg="context is cancelled. Closing events reader" component=stat.RingBufTracer
time=2026-10-07T20:57:15.750Z level=DEBUG msg="waiting for all nodes to finish their pending work" component=agent.StatsO11y
time=2026-10-07T20:57:15.751Z level=DEBUG msg="ring buffer is closed" component=stat.RingBufTracer
time=2026-10-07T20:57:15.752Z level=DEBUG msg="closing eBPF resources" component=stat.RingBufTracer len=1
time=2026-10-07T20:57:15.752Z level=DEBUG msg="the eBPF resources are closed" component=stat.RingBufTracer
time=2026-10-07T20:57:15.753Z level=INFO msg="Stats agent stopped" component=agent.StatsO11y
time=2026-10-07T20:57:15.753Z level=DEBUG msg="OBI main node finished"
time=2026-10-07T20:57:15.754Z level=INFO msg="OpenTelemetry eBPF Instrumentation successfully exiting"
