[    0.000000] Linux version 6.6.157-0606157-generic (kernel@balboa) (x86_64-linux-gnu-gcc-13 (Ubuntu 13.3.0-6ubuntu2~24.04.1) 13.3.0, GNU ld (GNU Binutils for Ubuntu) 2.42) #202609141304 SMP PREEMPT_DYNAMIC Mon Sep 14 18:04:44 UTC 2026
[    0.000000] Command line: console=ttyS0,115200 root=/dev/vda rw rootfstype=ext4 init=/lab-init.sh panic=-1 cgroup_no_v1=all mitigations=off loglevel=4 rcupdate.rcu_cpu_stall_timeout=120 
[    0.000000] KERNEL supported cpus:
[line about the CPU removed]
[line about the CPU removed]
[line about the CPU removed]
[    0.000000]   Centaur CentaurHauls
[    0.000000]   zhaoxin   Shanghai  
[line about the CPU removed]
[    0.000000] BIOS-provided physical RAM map:
[    0.000000] BIOS-e820: [mem 0x0000000000000000-0x000000000009fbff] usable
[    0.000000] BIOS-e820: [mem 0x000000000009fc00-0x000000000009ffff] reserved
[    0.000000] BIOS-e820: [mem 0x00000000000f0000-0x00000000000fffff] reserved
[    0.000000] BIOS-e820: [mem 0x0000000000100000-0x00000000bffdcfff] usable
[    0.000000] BIOS-e820: [mem 0x00000000bffdd000-0x00000000bfffffff] reserved
[    0.000000] BIOS-e820: [mem 0x00000000feffc000-0x00000000feffffff] reserved
[    0.000000] BIOS-e820: [mem 0x00000000fffc0000-0x00000000ffffffff] reserved
[    0.000000] BIOS-e820: [mem 0x0000000100000000-0x000000013fffffff] usable
[    0.000000] NX (Execute Disable) protection: active
[    0.000000] APIC: Static calls initialized
[    0.000000] SMBIOS 2.8 present.
[    0.000000] DMI: QEMU Standard PC (i440FX + PIIX, 1996), BIOS [removed]
[    0.000000] Hypervisor detected: KVM
[    0.000000] kvm-clock: Using msrs 4b564d01 and 4b564d00
[    0.000000] kvm-clock: using sched offset of 76019878 cycles
[    0.000001] clocksource: kvm-clock: mask: 0xffffffffffffffff max_cycles: 0x1cd42e4dffb, max_idle_ns: 881590591483 ns
[line about the CPU removed]
[    0.000097] e820: update [mem 0x00000000-0x00000fff] usable ==> reserved
[    0.000099] e820: remove [mem 0x000a0000-0x000fffff] usable
[    0.000101] last_pfn = 0x140000 max_arch_pfn = 0x400000000
[    0.000117] MTRR map: 4 entries (3 fixed + 1 variable; max 19), built from 8 variable MTRRs
[    0.000118] x86/PAT: Configuration [0-7]: WB  WC  UC- UC  WB  WP  UC- WT  
[    0.000138] last_pfn = 0xbffdd max_arch_pfn = 0x400000000
[    0.001980] found SMP MP-table at [mem 0x000f54d0-0x000f54df]
[    0.001989] Using GB pages for direct mapping
[    0.002193] ACPI: Early table checksum verification disabled
[    0.002196] ACPI: RSDP 0x00000000000F52F0 000014 (v00 BOCHS )
[    0.002199] ACPI: RSDT 0x00000000BFFE2373 000034 (v01 BOCHS  BXPC     00000001 BXPC 00000001)
[    0.002204] ACPI: FACP 0x00000000BFFE221F 000074 (v01 BOCHS  BXPC     00000001 BXPC 00000001)
[    0.002207] ACPI: DSDT 0x00000000BFFE0040 0021DF (v01 BOCHS  BXPC     00000001 BXPC 00000001)
[    0.002209] ACPI: FACS 0x00000000BFFE0000 000040
[    0.002210] ACPI: APIC 0x00000000BFFE2293 000080 (v03 BOCHS  BXPC     00000001 BXPC 00000001)
[    0.002211] ACPI: HPET 0x00000000BFFE2313 000038 (v01 BOCHS  BXPC     00000001 BXPC 00000001)
[    0.002212] ACPI: WAET 0x00000000BFFE234B 000028 (v01 BOCHS  BXPC     00000001 BXPC 00000001)
[    0.002213] ACPI: Reserving FACP table memory at [mem 0xbffe221f-0xbffe2292]
[    0.002214] ACPI: Reserving DSDT table memory at [mem 0xbffe0040-0xbffe221e]
[    0.002214] ACPI: Reserving FACS table memory at [mem 0xbffe0000-0xbffe003f]
[    0.002214] ACPI: Reserving APIC table memory at [mem 0xbffe2293-0xbffe2312]
[    0.002215] ACPI: Reserving HPET table memory at [mem 0xbffe2313-0xbffe234a]
[    0.002215] ACPI: Reserving WAET table memory at [mem 0xbffe234b-0xbffe2372]
[    0.002417] No NUMA configuration found
[    0.002417] Faking a node at [mem 0x0000000000000000-0x000000013fffffff]
[    0.002421] NODE_DATA(0) allocated [mem 0x13ffd3000-0x13fffdfff]
[    0.002495] Zone ranges:
[    0.002496]   DMA      [mem 0x0000000000001000-0x0000000000ffffff]
[    0.002497]   DMA32    [mem 0x0000000001000000-0x00000000ffffffff]
[    0.002497]   Normal   [mem 0x0000000100000000-0x000000013fffffff]
[    0.002498]   Device   empty
[    0.002499] Movable zone start for each node
[    0.002499] Early memory node ranges
[    0.002500]   node   0: [mem 0x0000000000001000-0x000000000009efff]
[    0.002501]   node   0: [mem 0x0000000000100000-0x00000000bffdcfff]
[    0.002501]   node   0: [mem 0x0000000100000000-0x000000013fffffff]
[    0.002502] Initmem setup node 0 [mem 0x0000000000001000-0x000000013fffffff]
[    0.002634] On node 0, zone DMA: 1 pages in unavailable ranges
[    0.002641] On node 0, zone DMA: 97 pages in unavailable ranges
[    0.007897] On node 0, zone Normal: 35 pages in unavailable ranges
[    0.008166] ACPI: PM-Timer IO Port: 0x608
[    0.008177] ACPI: LAPIC_NMI (acpi_id[0xff] dfl dfl lint[0x1])
[    0.008203] IOAPIC[0]: apic_id 0, version 17, address 0xfec00000, GSI 0-23
[    0.008205] ACPI: INT_SRC_OVR (bus 0 bus_irq 0 global_irq 2 dfl dfl)
[    0.008206] ACPI: INT_SRC_OVR (bus 0 bus_irq 5 global_irq 5 high level)
[    0.008207] ACPI: INT_SRC_OVR (bus 0 bus_irq 9 global_irq 9 high level)
[    0.008207] ACPI: INT_SRC_OVR (bus 0 bus_irq 10 global_irq 10 high level)
[    0.008208] ACPI: INT_SRC_OVR (bus 0 bus_irq 11 global_irq 11 high level)
[    0.008210] ACPI: Using ACPI (MADT) for SMP configuration information
[    0.008211] ACPI: HPET id: 0x8086a201 base: 0xfed00000
[    0.008213] TSC deadline timer available
[    0.008214] smpboot: Allowing 2 CPUs, 0 hotplug CPUs
[    0.008228] kvm-guest: APIC: eoi() replaced with kvm_guest_apic_eoi_write()
[    0.008239] kvm-guest: KVM setup pv remote TLB flush
[    0.008241] kvm-guest: setup PV sched yield
[    0.008246] PM: hibernation: Registered nosave memory: [mem 0x00000000-0x00000fff]
[    0.008247] PM: hibernation: Registered nosave memory: [mem 0x0009f000-0x000fffff]
[    0.008248] PM: hibernation: Registered nosave memory: [mem 0xbffdd000-0xffffffff]
[    0.008249] [mem 0xc0000000-0xfeffbfff] available for PCI devices
[    0.008250] Booting paravirtualized kernel on KVM
[    0.008251] clocksource: refined-jiffies: mask: 0xffffffff max_cycles: 0xffffffff, max_idle_ns: 7645519600211568 ns
[    0.008256] setup_percpu: NR_CPUS:8192 nr_cpumask_bits:2 nr_cpu_ids:2 nr_node_ids:1
[    0.008462] percpu: Embedded 84 pages/cpu s221184 r8192 d114688 u1048576
[    0.008465] pcpu-alloc: s221184 r8192 d114688 u1048576 alloc=1*2097152
[    0.008466] pcpu-alloc: [0] 0 1 
[    0.008487] kvm-guest: PV spinlocks enabled
[    0.008489] PV qspinlock hash table entries: 256 (order: 0, 4096 bytes, linear)
[    0.008491] Kernel command line: console=ttyS0,115200 root=/dev/vda rw rootfstype=ext4 init=/lab-init.sh panic=-1 cgroup_no_v1=all mitigations=off loglevel=4 rcupdate.rcu_cpu_stall_timeout=120 
[    0.008552] random: crng init done
[    0.008889] Dentry cache hash table entries: 524288 (order: 10, 4194304 bytes, linear)
[    0.009057] Inode-cache hash table entries: 262144 (order: 9, 2097152 bytes, linear)
[    0.009092] Fallback order for Node 0: 0 
[    0.009094] Built 1 zonelists, mobility grouping on.  Total pages: 1031901
[    0.009095] Policy zone: Normal
[    0.009098] mem auto-init: stack:all(zero), heap alloc:on, heap free:off
[    0.009102] software IO TLB: area num 2.
[    0.023316] Memory: 4004756K/4193772K available (20480K kernel code, 4381K rwdata, 13372K rodata, 4776K init, 5004K bss, 188756K reserved, 0K cma-reserved)
[    0.023809] SLUB: HWalign=64, Order=0-3, MinObjects=0, CPUs=2, Nodes=1
[    0.031100] ftrace: allocating 55335 entries in 218 pages
[    0.031102] ftrace: allocated 218 pages with 5 groups
[    0.031834] Dynamic Preempt: voluntary
[    0.032003] rcu: Preemptible hierarchical RCU implementation.
[    0.032004] rcu: 	RCU restricting CPUs from NR_CPUS=8192 to nr_cpu_ids=2.
[    0.032005] 	RCU CPU stall warnings timeout set to 120 (rcu_cpu_stall_timeout).
[    0.032006] 	Trampoline variant of Tasks RCU enabled.
[    0.032006] 	Rude variant of Tasks RCU enabled.
[    0.032006] 	Tracing variant of Tasks RCU enabled.
[    0.032007] rcu: RCU calculated value of scheduler-enlistment delay is 25 jiffies.
[    0.032007] rcu: Adjusting geometry for rcu_fanout_leaf=16, nr_cpu_ids=2
[    0.033780] NR_IRQS: 524544, nr_irqs: 440, preallocated irqs: 16
[    0.033957] rcu: srcu_init: Setting srcu_struct sizes based on contention.
[    0.034073] Console: colour *CGA 80x25
[    0.034105] printk: console [ttyS0] enabled
[    0.034122] ACPI: Core revision 20230628
[    0.034233] clocksource: hpet: mask: 0xffffffff max_cycles: 0xffffffff, max_idle_ns: 19112604467 ns
[    0.034285] APIC: Switch to symmetric I/O mode setup
[    0.034368] x2apic enabled
[    0.034497] APIC: Switched APIC routing to: physical x2apic
[    0.034499] kvm-guest: APIC: send_IPI_mask() replaced with kvm_send_ipi_mask()
[    0.034503] kvm-guest: APIC: send_IPI_mask_allbutself() replaced with kvm_send_ipi_mask_allbutself()
[    0.034504] kvm-guest: setup PV IPIs
[    0.034948] ..TIMER: vector=0x30 apic1=0 pin1=2 apic2=-1 pin2=-1
[    0.034959] clocksource: tsc-early: mask: 0xffffffffffffffff max_cycles: 0x6a464ae9873, max_idle_ns: 881590529744 ns
[line about the CPU removed]
[line about the CPU removed]
[line about the CPU removed]
[line about the CPU removed]
[line about the CPU removed]
[line about the CPU removed]
[line about the CPU removed]
[line about the CPU removed]
[line about the CPU removed]
[line about the CPU removed]
[line about the CPU removed]
[line about the CPU removed]
[line about the CPU removed]
[    0.048188] Freeing SMP alternatives memory: 44K
[    0.048190] pid_max: default: 32768 minimum: 301
[    0.048218] LSM: initializing lsm=lockdown,capability,landlock,yama,apparmor,integrity
[    0.048230] landlock: Up and running.
[    0.048230] Yama: becoming mindful.
[    0.048245] AppArmor: AppArmor initialized
[    0.048269] Mount-cache hash table entries: 8192 (order: 4, 65536 bytes, linear)
[    0.048274] Mountpoint-cache hash table entries: 8192 (order: 4, 65536 bytes, linear)
[    0.048358] cgroup: Disabling cpuset control group subsystem in v1 mounts
[    0.048361] cgroup: Disabling cpu control group subsystem in v1 mounts
[    0.048362] cgroup: Disabling cpuacct control group subsystem in v1 mounts
[    0.048364] cgroup: Disabling io control group subsystem in v1 mounts
[    0.048376] cgroup: Disabling memory control group subsystem in v1 mounts
[    0.048379] cgroup: Disabling devices control group subsystem in v1 mounts
[    0.048380] cgroup: Disabling freezer control group subsystem in v1 mounts
[    0.048382] cgroup: Disabling net_cls control group subsystem in v1 mounts
[    0.048383] cgroup: Disabling perf_event control group subsystem in v1 mounts
[    0.048384] cgroup: Disabling net_prio control group subsystem in v1 mounts
[    0.048388] cgroup: Disabling hugetlb control group subsystem in v1 mounts
[    0.048388] cgroup: Disabling pids control group subsystem in v1 mounts
[    0.048389] cgroup: Disabling rdma control group subsystem in v1 mounts
[    0.048390] cgroup: Disabling misc control group subsystem in v1 mounts
[line about the CPU removed]
[    0.048542] RCU Tasks: Setting shift to 1 and lim to 1 rcu_task_cb_adjust=1 rcu_task_cpu_ids=2.
[    0.048550] RCU Tasks Rude: Setting shift to 1 and lim to 1 rcu_task_cb_adjust=1 rcu_task_cpu_ids=2.
[    0.048556] RCU Tasks Trace: Setting shift to 1 and lim to 1 rcu_task_cb_adjust=1 rcu_task_cpu_ids=2.
[line about the CPU removed]
[    0.048570] signal: max sigframe size: 3632
[    0.048583] rcu: Hierarchical SRCU implementation.
[    0.048583] rcu: 	Max phase no-delay instances is 1000.
[    0.048863] NMI watchdog: Perf NMI watchdog permanently disabled
[    0.048880] smp: Bringing up secondary CPUs ...
[    0.048929] smpboot: x86: Booting SMP configuration:
[    0.048929] .... node  #0, CPUs:      #1
[    0.049097] smp: Brought up 1 node, 2 CPUs
[    0.049097] smpboot: Max logical packages: 1
[line about the CPU removed]
[    0.049097] devtmpfs: initialized
[    0.049097] x86/mm: Memory block size: 128MB
[    0.049097] clocksource: jiffies: mask: 0xffffffff max_cycles: 0xffffffff, max_idle_ns: 7645041785100000 ns
[    0.049097] futex hash table entries: 512 (order: 3, 32768 bytes, linear)
[    0.049097] pinctrl core: initialized pinctrl subsystem
[    0.049097] PM: RTC time: 16:45:06, date: 2026-10-07
[    0.049097] NET: Registered PF_NETLINK/PF_ROUTE protocol family
[    0.049097] DMA: preallocated 512 KiB GFP_KERNEL pool for atomic allocations
[    0.049097] DMA: preallocated 512 KiB GFP_KERNEL|GFP_DMA pool for atomic allocations
[    0.049097] DMA: preallocated 512 KiB GFP_KERNEL|GFP_DMA32 pool for atomic allocations
[    0.049097] audit: initializing netlink subsys (disabled)
[    0.049097] audit: type=2000 audit(1791391506.581:1): state=initialized audit_enabled=0 res=1
[    0.049097] thermal_sys: Registered thermal governor 'fair_share'
[    0.049097] thermal_sys: Registered thermal governor 'bang_bang'
[    0.049097] thermal_sys: Registered thermal governor 'step_wise'
[    0.049097] thermal_sys: Registered thermal governor 'user_space'
[    0.049097] thermal_sys: Registered thermal governor 'power_allocator'
[    0.049097] cpuidle: using governor ladder
[    0.049097] cpuidle: using governor menu
[    0.049097] acpiphp: ACPI Hot Plug PCI Controller Driver version: 0.5
[    0.049097] PCI: Using configuration type 1 for base access
[    0.049097] kprobes: kprobe jump-optimization is enabled. All kprobes are optimized if possible.
[    0.054973] HugeTLB: registered 1.00 GiB page size, pre-allocated 0 pages
[    0.054973] HugeTLB: 16380 KiB vmemmap can be freed for a 1.00 GiB page
[    0.054974] HugeTLB: registered 2.00 MiB page size, pre-allocated 0 pages
[    0.054974] HugeTLB: 28 KiB vmemmap can be freed for a 2.00 MiB page
[    0.063038] ACPI: Added _OSI(Module Device)
[    0.063038] ACPI: Added _OSI(Processor Device)
[    0.063039] ACPI: Added _OSI(Processor Aggregator Device)
[    0.063420] ACPI: 1 ACPI AML tables successfully acquired and loaded
[    0.063895] ACPI: _OSC evaluation for CPUs failed, trying _PDC
[    0.063944] ACPI: Interpreter enabled
[    0.063950] ACPI: PM: (supports S0 S3 S4 S5)
[    0.063951] ACPI: Using IOAPIC for interrupt routing
[    0.064003] PCI: Using host bridge windows from ACPI; if necessary, use "pci=nocrs" and report a bug
[    0.064004] PCI: Ignoring E820 reservations for host bridge windows
[    0.064044] ACPI: Enabled 2 GPEs in block 00 to 0F
[    0.064950] ACPI: PCI Root Bridge [PCI0] (domain 0000 [bus 00-ff])
[    0.064955] acpi PNP0A03:00: _OSC: OS supports [ASPM ClockPM Segments MSI EDR HPX-Type3]
[    0.064956] acpi PNP0A03:00: _OSC: not requesting OS control; OS requires [ExtendedConfig ASPM ClockPM MSI]
[    0.064961] acpi PNP0A03:00: fail to add MMCONFIG information, can't access extended configuration space under this bridge
[    0.065118] acpiphp: Slot [2] registered
[    0.065127] acpiphp: Slot [3] registered
[    0.065135] acpiphp: Slot [4] registered
[    0.065144] acpiphp: Slot [5] registered
[    0.065152] acpiphp: Slot [6] registered
[    0.065160] acpiphp: Slot [7] registered
[    0.065168] acpiphp: Slot [8] registered
[    0.065176] acpiphp: Slot [9] registered
[    0.065184] acpiphp: Slot [10] registered
[    0.065192] acpiphp: Slot [11] registered
[    0.065200] acpiphp: Slot [12] registered
[    0.065207] acpiphp: Slot [13] registered
[    0.065216] acpiphp: Slot [14] registered
[    0.065224] acpiphp: Slot [15] registered
[    0.065233] acpiphp: Slot [16] registered
[    0.065241] acpiphp: Slot [17] registered
[    0.065248] acpiphp: Slot [18] registered
[    0.065258] acpiphp: Slot [19] registered
[    0.065266] acpiphp: Slot [20] registered
[    0.065275] acpiphp: Slot [21] registered
[    0.065282] acpiphp: Slot [22] registered
[    0.065290] acpiphp: Slot [23] registered
[    0.065298] acpiphp: Slot [24] registered
[    0.065305] acpiphp: Slot [25] registered
[    0.065313] acpiphp: Slot [26] registered
[    0.065321] acpiphp: Slot [27] registered
[    0.065329] acpiphp: Slot [28] registered
[    0.065337] acpiphp: Slot [29] registered
[    0.065345] acpiphp: Slot [30] registered
[    0.065353] acpiphp: Slot [31] registered
[    0.065360] PCI host bridge to bus 0000:00
[    0.065361] pci_bus 0000:00: root bus resource [io  0x0000-0x0cf7 window]
[    0.065362] pci_bus 0000:00: root bus resource [io  0x0d00-0xffff window]
[    0.065362] pci_bus 0000:00: root bus resource [mem 0x000a0000-0x000bffff window]
[    0.065363] pci_bus 0000:00: root bus resource [mem 0xc0000000-0xfebfffff window]
[    0.065363] pci_bus 0000:00: root bus resource [mem 0xe0000000000-0xe007fffffff window]
[    0.065364] pci_bus 0000:00: root bus resource [bus 00-ff]
[    0.065398] pci 0000:00:00.0: [8086:1237] type 00 class 0x060000
[    0.065686] pci 0000:00:01.0: [8086:7000] type 00 class 0x060100
[    0.066044] pci 0000:00:01.1: [8086:7010] type 00 class 0x010180
[    0.067379] pci 0000:00:01.1: BAR 4 [io  0xc100-0xc10f]
[    0.067951] pci 0000:00:01.1: BAR 0 [io  0x01f0-0x01f7]: legacy IDE quirk
[    0.067952] pci 0000:00:01.1: BAR 1 [io  0x03f6]: legacy IDE quirk
[    0.067953] pci 0000:00:01.1: BAR 2 [io  0x0170-0x0177]: legacy IDE quirk
[    0.067953] pci 0000:00:01.1: BAR 3 [io  0x0376]: legacy IDE quirk
[    0.068048] pci 0000:00:01.3: [8086:7113] type 00 class 0x068000
[    0.068322] pci 0000:00:01.3: quirk: [io  0x0600-0x063f] claimed by PIIX4 ACPI
[    0.068328] pci 0000:00:01.3: quirk: [io  0x0700-0x070f] claimed by PIIX4 SMB
[    0.068514] pci 0000:00:02.0: [1af4:1009] type 00 class 0x000200
[    0.069174] pci 0000:00:02.0: BAR 0 [io  0xc080-0xc0bf]
[    0.069733] pci 0000:00:02.0: BAR 1 [mem 0xfebfd000-0xfebfdfff]
[    0.071534] pci 0000:00:02.0: BAR 4 [mem 0xe0000000000-0xe0000003fff 64bit pref]
[    0.073063] pci 0000:00:03.0: [1af4:1009] type 00 class 0x000200
[    0.073667] pci 0000:00:03.0: BAR 0 [io  0xc0c0-0xc0ff]
[    0.074218] pci 0000:00:03.0: BAR 1 [mem 0xfebfe000-0xfebfefff]
[    0.075802] pci 0000:00:03.0: BAR 4 [mem 0xe0000004000-0xe0000007fff 64bit pref]
[    0.077766] pci 0000:00:04.0: [1af4:1001] type 00 class 0x010000
[    0.079265] pci 0000:00:04.0: BAR 0 [io  0xc000-0xc07f]
[    0.081276] pci 0000:00:04.0: BAR 1 [mem 0xfebff000-0xfebfffff]
[    0.087303] pci 0000:00:04.0: BAR 4 [mem 0xe0000008000-0xe000000bfff 64bit pref]
[    0.095707] ACPI: PCI: Interrupt link LNKA configured for IRQ 10
[    0.095771] ACPI: PCI: Interrupt link LNKB configured for IRQ 10
[    0.095819] ACPI: PCI: Interrupt link LNKC configured for IRQ 11
[    0.095867] ACPI: PCI: Interrupt link LNKD configured for IRQ 11
[    0.095894] ACPI: PCI: Interrupt link LNKS configured for IRQ 9
[    0.096071] iommu: Default domain type: Translated
[    0.096071] iommu: DMA domain TLB invalidation policy: lazy mode
[    0.096071] SCSI subsystem initialized
[    0.096071] libata version 3.00 loaded.
[    0.096071] ACPI: bus type USB registered
[    0.096071] usbcore: registered new interface driver usbfs
[    0.096071] usbcore: registered new interface driver hub
[    0.096071] usbcore: registered new device driver usb
[    0.096071] pps_core: LinuxPPS API ver. 1 registered
[    0.096071] pps_core: Software ver. 5.3.6 - Copyright 2005-2007 Rodolfo Giometti <giometti@linux.it>
[    0.096071] PTP clock support registered
[    0.096071] EDAC MC: Ver: 3.0.0
[    0.096071] NetLabel: Initializing
[    0.096071] NetLabel:  domain hash size = 128
[    0.096071] NetLabel:  protocols = UNLABELED CIPSOv4 CALIPSO
[    0.096071] NetLabel:  unlabeled traffic allowed by default
[    0.096071] mctp: management component transport protocol core
[    0.096071] NET: Registered PF_MCTP protocol family
[    0.096071] PCI: Using ACPI for IRQ routing
[    0.096071] PCI: pci_cache_line_size set to 64 bytes
[    0.096071] e820: reserve RAM buffer [mem 0x0009fc00-0x0009ffff]
[    0.096071] e820: reserve RAM buffer [mem 0xbffdd000-0xbfffffff]
[    0.096071] vgaarb: loaded
[    0.096071] hpet0: at MMIO 0xfed00000, IRQs 2, 8, 0
[line about the CPU removed]
[    0.101057] clocksource: Switched to clocksource kvm-clock
[    0.101387] VFS: Disk quotas dquot_6.6.0
[    0.101392] VFS: Dquot-cache hash table entries: 512 (order 0, 4096 bytes)
[    0.101622] AppArmor: AppArmor Filesystem Enabled
[    0.101630] pnp: PnP ACPI init
[    0.101670] pnp 00:02: [dma 2]
[    0.101780] pnp: PnP ACPI: found 5 devices
[    0.105217] clocksource: acpi_pm: mask: 0xffffff max_cycles: 0xffffff, max_idle_ns: 2085701024 ns
[    0.105313] NET: Registered PF_INET protocol family
[    0.105354] IP idents hash table entries: 65536 (order: 7, 524288 bytes, linear)
[    0.105735] tcp_listen_portaddr_hash hash table entries: 2048 (order: 3, 32768 bytes, linear)
[    0.105750] Table-perturb hash table entries: 65536 (order: 6, 262144 bytes, linear)
[    0.105831] TCP established hash table entries: 32768 (order: 6, 262144 bytes, linear)
[    0.105856] TCP bind hash table entries: 32768 (order: 8, 1048576 bytes, linear)
[    0.105890] TCP: Hash tables configured (established 32768 bind 32768)
[    0.105909] MPTCP token hash table entries: 4096 (order: 5, 98304 bytes, linear)
[    0.105918] UDP hash table entries: 2048 (order: 4, 65536 bytes, linear)
[    0.105923] UDP-Lite hash table entries: 2048 (order: 4, 65536 bytes, linear)
[    0.105941] NET: Registered PF_UNIX/PF_LOCAL protocol family
[    0.105945] NET: Registered PF_XDP protocol family
[    0.105949] pci_bus 0000:00: resource 4 [io  0x0000-0x0cf7 window]
[    0.105951] pci_bus 0000:00: resource 5 [io  0x0d00-0xffff window]
[    0.105951] pci_bus 0000:00: resource 6 [mem 0x000a0000-0x000bffff window]
[    0.105952] pci_bus 0000:00: resource 7 [mem 0xc0000000-0xfebfffff window]
[    0.105952] pci_bus 0000:00: resource 8 [mem 0xe0000000000-0xe007fffffff window]
[    0.105971] pci 0000:00:01.0: PIIX3: Enabling Passive Release
[    0.105977] pci 0000:00:00.0: Limiting direct PCI/PCI transfers
[    0.106014] PCI: CLS 0 bytes, default 64
[    0.106041] PCI-DMA: Using software bounce buffering for IO (SWIOTLB)
[    0.106042] software IO TLB: mapped [mem 0x00000000bbfdd000-0x00000000bffdd000] (64MB)
[line about the CPU removed]
[    0.106222] Initialise system trusted keyrings
[    0.106228] Key type blacklist registered
[    0.106249] workingset: timestamp_bits=36 max_order=20 bucket_order=0
[    0.106252] zbud: loaded
[    0.106336] squashfs: version 4.0 (2009/01/31) Phillip Lougher
[    0.106744] fuse: init (API version 7.39)
[    0.106815] integrity: Platform Keyring initialized
[    0.106818] integrity: Machine keyring initialized
[    0.109116] Key type asymmetric registered
[    0.109117] Asymmetric key parser 'x509' registered
[    0.109124] Block layer SCSI generic (bsg) driver version 0.4 loaded (major 243)
[    0.109146] io scheduler mq-deadline registered
[    0.109200] shpchp: Standard Hot Plug PCI Controller Driver version: 0.4
[    0.109251] input: Power Button as /devices/LNXSYSTM:00/LNXPWRBN:00/input/input0
[    0.109284] ACPI: button: Power Button [PWRF]
[    0.109653] ACPI: \_SB_.LNKB: Enabled at IRQ 10
[    0.110565] ACPI: \_SB_.LNKC: Enabled at IRQ 11
[    0.111440] ACPI: \_SB_.LNKD: Enabled at IRQ 11
[    0.112306] Serial: 8250/16550 driver, 32 ports, IRQ sharing enabled
[    0.134574] 00:03: ttyS0 at I/O 0x3f8 (irq = 4, base_baud = 115200) is a 16550A
[    0.135723] Linux agpgart interface v0.103
[    0.136384] loop: module loaded
[    0.136449] virtio_blk virtio2: 2/0/0 default/read/poll queues
[    0.136900] virtio_blk virtio2: [vda] 16777216 512-byte logical blocks (8.59 GB/8.00 GiB)
[    0.138163] ata_piix 0000:00:01.1: version 2.13
[    0.138546] scsi host0: ata_piix
[    0.138587] scsi host1: ata_piix
[    0.138597] ata1: PATA max MWDMA2 cmd 0x1f0 ctl 0x3f6 bmdma 0xc100 irq 14
[    0.138597] ata2: PATA max MWDMA2 cmd 0x170 ctl 0x376 bmdma 0xc108 irq 15
[    0.138651] tun: Universal TUN/TAP device driver, 1.6
[    0.139046] PPP generic driver version 2.4.2
[    0.139103] i8042: PNP: PS/2 Controller [PNP0303:KBD,PNP0f13:MOU] at 0x60,0x64 irq 1,12
[    0.139536] serio: i8042 KBD port at 0x60,0x64 irq 1
[    0.139539] serio: i8042 AUX port at 0x60,0x64 irq 12
[    0.139593] mousedev: PS/2 mouse device common for all mice
[    0.139730] input: AT Translated Set 2 keyboard as /devices/platform/i8042/serio0/input/input1
[    0.139768] rtc_cmos 00:04: RTC can wake from S4
[    0.140111] rtc_cmos 00:04: registered as rtc0
[    0.140152] rtc_cmos 00:04: setting system clock to 2026-10-07T16:45:06 UTC (1791391506)
[    0.140187] rtc_cmos 00:04: alarms up to one day, y3k, 242 bytes nvram
[    0.140190] i2c_dev: i2c /dev entries driver
[    0.140198] device-mapper: core: CONFIG_IMA_DISABLE_HTABLE is disabled. Duplicate IMA measurements will not be recorded in the IMA log.
[    0.140202] device-mapper: uevent: version 1.0.3
[    0.140226] device-mapper: ioctl: 4.48.0-ioctl (2023-03-01) initialised: dm-devel@redhat.com
[line about the CPU removed]
[    0.140238] ledtrig-cpu: registered to indicate activity on CPUs
[    0.140266] drop_monitor: Initializing network drop monitor service
[    0.146748] NET: Registered PF_INET6 protocol family
[    0.147086] Segment Routing with IPv6
[    0.147090] In-situ OAM (IOAM) with IPv6
[    0.147100] NET: Registered PF_PACKET protocol family
[    0.147117] Key type dns_resolver registered
[    0.147246] IPI shorthand broadcast: enabled
[    0.147900] sched_clock: Marking stable (146222851, 996060)->(151285984, -4067073)
[    0.147960] registered taskstats version 1
[    0.148022] Loading compiled-in X.509 certificates
[    0.148281] Loaded X.509 cert 'Build time autogenerated kernel key: 6228320b6155925d6574c392236d3b461b24a65b'
[    0.148507] Loaded X.509 cert 'Canonical Ltd. Live Patch Signing 2025 Kmod: d541cef61dc7e793b7eb7e899970a2eef0b5dc8c'
[    0.148698] Loaded X.509 cert 'Canonical Ltd. Live Patch Signing: 14df34d1a87cf37625abec039ef2bf521249b969'
[    0.148875] Loaded X.509 cert 'Canonical Ltd. Kernel Module Signing 2025 Kmod: 4627603d2357a2a3f81006370894c221175893e9'
[    0.149058] Loaded X.509 cert 'Canonical Ltd. Kernel Module Signing: 88f752e560a1e0737e31163a466ad7b70a850c19'
[    0.149059] blacklist: Loading compiled-in revocation X.509 certificates
[    0.149067] Loaded X.509 cert 'Canonical Ltd. Secure Boot Signing: 61482aa2830d0ab2ad5af10b7250da9033ddcef0'
[    0.149073] Loaded X.509 cert 'Canonical Ltd. Secure Boot Signing (2017): 242ade75ac4a15e50d50c84b0d45ff3eae707a03'
[    0.149079] Loaded X.509 cert 'Canonical Ltd. Secure Boot Signing (ESM 2018): 365188c1d374d6b07c3c8f240f8ef722433d6a8b'
[    0.149084] Loaded X.509 cert 'Canonical Ltd. Secure Boot Signing (2019): c0746fd6c5da3ae827864651ad66ae47fe24b3e8'
[    0.149091] Loaded X.509 cert 'Canonical Ltd. Secure Boot Signing (2021 v1): a8d54bbb3825cfb94fa13c9f8a594a195c107b8d'
[    0.149097] Loaded X.509 cert 'Canonical Ltd. Secure Boot Signing (2021 v2): 4cf046892d6fd3c9a5b03f98d845f90851dc6a8c'
[    0.149103] Loaded X.509 cert 'Canonical Ltd. Secure Boot Signing (2021 v3): 100437bb6de6e469b581e61cd66bce3ef4ed53af'
[    0.149109] Loaded X.509 cert 'Canonical Ltd. Secure Boot Signing (Ubuntu Core 2019): c1d57b8f6b743f23ee41f4f7ee292f06eecadfb9'
[    0.150476] Key type .fscrypt registered
[    0.150476] Key type fscrypt-provisioning registered
[    0.150561] Key type encrypted registered
[    0.150563] AppArmor: AppArmor sha1 policy hashing enabled
[    0.150568] ima: No TPM chip found, activating TPM-bypass!
[    0.150569] Loading compiled-in module X.509 certificates
[    0.150748] Loaded X.509 cert 'Build time autogenerated kernel key: 6228320b6155925d6574c392236d3b461b24a65b'
[    0.150749] ima: Allocated hash algorithm: sha256
[    0.150755] ima: No architecture policies found
[    0.150759] evm: Initialising EVM extended attributes:
[    0.150760] evm: security.selinux
[    0.150760] evm: security.SMACK64
[    0.150760] evm: security.SMACK64EXEC
[    0.150761] evm: security.SMACK64TRANSMUTE
[    0.150761] evm: security.SMACK64MMAP
[    0.150761] evm: security.apparmor
[    0.150761] evm: security.ima
[    0.150762] evm: security.capability
[    0.150762] evm: HMAC attrs: 0x1
[    0.150885] PM:   Magic number: 14:483:792
[    0.152204] RAS: Correctable Errors collector initialized.
[    0.152230] clk: Disabling unused clocks
[    0.297749] md: Waiting for all devices to be available before autodetect
[    0.297755] md: If you don't use raid, use raid=noautodetect
[    0.297758] md: Autodetecting RAID arrays.
[    0.297759] md: autorun ...
[    0.297760] md: ... autorun DONE.
[    0.308411] EXT4-fs (vda): mounted filesystem cff9cbb1-45e6-4c4e-a1a3-0150c43eba20 r/w with ordered data mode. Quota mode: none.
[    0.308426] VFS: Mounted root (ext4 filesystem) on device 253:0.
[    0.308545] devtmpfs: mounted
[    0.309345] Freeing unused decrypted memory: 2028K
[    0.309893] Freeing unused kernel image (initmem) memory: 4776K
[    0.309895] Write protecting the kernel read-only data: 34816k
[    0.310120] Freeing unused kernel image (rodata/data gap) memory: 964K
[    0.315977] x86/mm: Checked W+X mappings: passed, no W+X pages found.
[    0.315984] Run /lab-init.sh as init process
[    0.315986]   with arguments:
[    0.315986]     /lab-init.sh
[    0.315987]   with environment:
[    0.315988]     HOME=/
[    0.315988]     TERM=linux
[    0.353266] EXT4-fs (vda): re-mounted cff9cbb1-45e6-4c4e-a1a3-0150c43eba20.
[    0.382077] 9pnet: Installing 9P2000 support
[    0.389132] FS-Cache: Loaded
[    0.390604] 9p: Installing v9fs 9p2000 file system support
[    0.394147] null_blk: disk nullb0 created
[    0.394152] null_blk: module loaded
[    0.648994] loop0: detected capacity change from 0 to 131072
[    0.678828] loop0: detected capacity change from 0 to 131072
[    0.693360]  loop0: p1
[    0.818283] loop0: detected capacity change from 0 to 131072
[    0.942236] loop0: detected capacity change from 0 to 131072
[    0.947136] operation not supported error, dev loop0, sector 130944 op 0x9:(WRITE_ZEROES) flags 0x8000800 phys_seg 0 prio class 2
[    0.947175] operation not supported error, dev loop0, sector 328 op 0x9:(WRITE_ZEROES) flags 0x8000800 phys_seg 0 prio class 2
[    0.948203] operation not supported error, dev loop0, sector 8520 op 0x9:(WRITE_ZEROES) flags 0x8000800 phys_seg 0 prio class 2
[    0.948228] operation not supported error, dev loop0, sector 120 op 0x9:(WRITE_ZEROES) flags 0x8000800 phys_seg 0 prio class 2
[    0.948254] operation not supported error, dev loop0, sector 208 op 0x9:(WRITE_ZEROES) flags 0x8000800 phys_seg 0 prio class 2
[    0.948283] operation not supported error, dev loop0, sector 8528 op 0x9:(WRITE_ZEROES) flags 0x8000800 phys_seg 0 prio class 2
[    0.949620] EXT4-fs (loop0): mounted filesystem 8026f378-3107-49d8-bf97-1582fdc1751b r/w with ordered data mode. Quota mode: none.
[    1.072373] EXT4-fs (loop0): unmounting filesystem 8026f378-3107-49d8-bf97-1582fdc1751b.
[    1.090394] loop0: detected capacity change from 0 to 131072
[    1.226288] loop0: detected capacity change from 0 to 131072
[    3.357416] loop0: detected capacity change from 0 to 131072
[    5.712799] loop0: detected capacity change from 0 to 131072
[    5.878514] zram: Added device: zram0
[    5.878635] zram0: detected capacity change from 0 to 32768
[    5.878999] zram0: detected capacity change from 32768 to 0
[    5.879043] zram: Removed device: zram0
[    7.403921] null_blk: disk obi-test-148 created
[    9.436059] null_blk: disk obi-test-148 created
[   10.136556] loop0: detected capacity change from 0 to 131072
[   13.097090] RPC: Registered named UNIX socket transport module.
[   13.097094] RPC: Registered udp transport module.
[   13.097094] RPC: Registered tcp transport module.
[   13.097094] RPC: Registered tcp-with-tls transport module.
[   13.097095] RPC: Registered tcp NFSv4.1 backchannel transport module.
[   13.527473] null_blk: module loaded
[   13.528892] null_blk: disk ok created
[   13.791482] loop0: detected capacity change from 0 to 131072
[   13.791539]  loop0: p1
[   13.796338] loop1: detected capacity change from 0 to 131072
[   13.886741] operation not supported error, dev loop1, sector 2048 op 0x9:(WRITE_ZEROES) flags 0x8000800 phys_seg 0 prio class 2
[   13.947320] loop2: detected capacity change from 0 to 131072
[   13.947829] loop3: detected capacity change from 0 to 131072
[   13.952734] md0: detected capacity change from 0 to 253952
[   13.956065] loop4: detected capacity change from 0 to 131072
[   13.959137] loop5: detected capacity change from 0 to 131072
[   13.962896] loop6: detected capacity change from 0 to 131072
[   13.964021] EXT4-fs (loop6): mounted filesystem cafa5b60-2bed-4895-87a4-5992fac00a4b r/w with ordered data mode. Quota mode: none.
[   15.124533] NFSD: Using UMH upcall client tracking operations.
[   15.124537] NFSD: starting 90-second grace period (net f0000000)
[   15.188555] NFS: Registering the id_resolver key type
[   15.188567] Key type id_resolver registered
[   15.188568] Key type id_legacy registered
[   15.198366] zram: Added device: zram0
[   15.198604] zram0: detected capacity change from 0 to 65536
[   15.200472] loop7: detected capacity change from 0 to 131072
[   27.398898] operation not supported error, dev loop1, sector 67584 op 0x9:(WRITE_ZEROES) flags 0x8000800 phys_seg 0 prio class 2
[   49.746748] EXT4-fs (loop6): unmounting filesystem cafa5b60-2bed-4895-87a4-5992fac00a4b.
[   49.869947] md0: detected capacity change from 253952 to 0
[   49.869950] md: md0 stopped.
