uname -r: 5.14.0-570.62.1.0.1.el9_6.x86_64
INFO btf __RQF_IO_STAT (grep -c -a /sys/kernel/btf/vmlinux): 1
INFO kallsyms queue_iostats_passthrough_show (1 expected only on 6.18 and 7.2): 0
INFO device nullb0 scheduler='[none] mq-deadline kyber bfq ' write_cache='write through' nr_requests=64 iostats=1 wbt_lat_usec=2000
INFO device vda scheduler='[none] mq-deadline kyber bfq ' write_cache='write back' nr_requests=256 iostats=1 wbt_lat_usec=75000
INFO device vdb scheduler='[none] mq-deadline kyber bfq ' write_cache='write back' nr_requests=256 iostats=1 wbt_lat_usec=75000
INFO device vdc scheduler='[none] mq-deadline kyber bfq ' write_cache='write back' nr_requests=256 iostats=1 wbt_lat_usec=75000
INFO device vdd scheduler='[none] mq-deadline kyber bfq ' write_cache='write back' nr_requests=256 iostats=1 wbt_lat_usec=75000
INFO mode=fixed expect=CLEAN (current binary: STALE from kernel 6.13, CLEAN before; fixed binary: CLEAN everywhere)
INFO commit: a285b5b34
INFO virtio extra disk lab-extra-1 is vdd
INFO loop device: loop0
INFO null_blk device: iostats
INFO obi started after 6 s; binary: sha256 539eae0c7ef5f8daf1479ca87002e3f29d198c66cd448cd98cade6f28d46f36a disk_rqf_flush_seq 4 disk_rqf_io_stat 4 
RESULT binary-matches-mode PASS

##### loop: loop0, scheduler none, tag none
INFO loop0 none: scheduler='[none] mq-deadline kyber bfq ' write_cache='write back' nr_requests=128 iostats=1 wbt_lat_usec=2000
INFO settled loop0 in 5 s: reads +2048 of 2048 wanted
INFO settled loop0 in 6 s: reads +256 of 256 wanted
INFO settled loop0 in 6 s: reads +256 of 256 wanted
INFO loop0-none B (iostats=0, 8.0 s after A): ops_r=256 ops_w=32 kernel_reads=0 kernel_writes=0
INFO loop0-none B queue duration: reads count=0 over5s=0 mean=0.000000 top=none; writes count=0 over5s=0 mean=0.000000 top=none
INFO loop0-none B writes: operation_duration over5s=0 operation_time=0.000936 s flush_duration count=31
INFO loop0-none C (iostats=1): ops_r=256 ops_w=63 kernel_reads=256 kernel_writes=63; queue duration reads count=256 over5s=0 le0.1s=256 top=le=5e-05(256), writes count=32 over5s=0
INFO positive-loop0-none: ops_r=256 (want >= 256) ops_w=32 (want >= 32), kernel deltas reads=0 writes=0 (want 0)
RESULT positive-loop0-none PASS
INFO control-loop0-none: q_cnt_r=256 (want >= 256) q_inf_r=0 q_inf_w=0 (want 0) q_fast_r=256 (want >= 0.98 q_cnt_r) ops_w=63 kernel_writes=63 (want equal)
RESULT control-loop0-none PASS
INFO witness-loop0-none: word/hint/bits_per_word before A: 2 72 32, after A: 2 94 32, after B: 2 93 32 (hctx0)
RESULT witness-loop0-none PASS
INFO stale-queue-loop0-none: observed=CLEAN expect=CLEAN q_inf_r=0 (STALE needs >= 128) q_mean_r=0.000000 (STALE needs >= 7)
RESULT stale-queue-loop0-none PASS
INFO verdict queue loop0-none: ABSENT (observed CLEAN, expected CLEAN)
INFO stale-flush-loop0-none: observed=CLEAN expect=CLEAN od_inf_w=0 (STALE needs >= 16) ot_w=0.000936 (STALE needs >= 224) ops_w=32
RESULT stale-flush-loop0-none PASS
INFO verdict flush loop0-none: ABSENT (observed CLEAN, expected CLEAN)
INFO loop0 none took 29 s; elapsed 35 s

##### loop: loop0, scheduler mq-deadline, tag mq-deadline
INFO loop0 mq-deadline: scheduler='none [mq-deadline] kyber bfq ' write_cache='write back' nr_requests=256 iostats=1 wbt_lat_usec=2000
INFO settled loop0 in 4 s: reads +2048 of 2048 wanted
INFO settled loop0 in 6 s: reads +256 of 256 wanted
INFO settled loop0 in 6 s: reads +256 of 256 wanted
INFO loop0-mq-deadline B (iostats=0, 8.0 s after A): ops_r=256 ops_w=32 kernel_reads=0 kernel_writes=0
INFO loop0-mq-deadline B queue duration: reads count=0 over5s=0 mean=0.000000 top=none; writes count=0 over5s=0 mean=0.000000 top=none
INFO loop0-mq-deadline B writes: operation_duration over5s=0 operation_time=0.000866 s flush_duration count=31
INFO loop0-mq-deadline C (iostats=1): ops_r=256 ops_w=63 kernel_reads=256 kernel_writes=63; queue duration reads count=256 over5s=0 le0.1s=256 top=le=5e-05(256), writes count=32 over5s=0
INFO positive-loop0-mq-deadline: ops_r=256 (want >= 256) ops_w=32 (want >= 32), kernel deltas reads=0 writes=0 (want 0)
RESULT positive-loop0-mq-deadline PASS
INFO control-loop0-mq-deadline: q_cnt_r=256 (want >= 256) q_inf_r=0 q_inf_w=0 (want 0) q_fast_r=256 (want >= 0.98 q_cnt_r) ops_w=63 kernel_writes=63 (want equal)
RESULT control-loop0-mq-deadline PASS
INFO witness-loop0-mq-deadline: word/hint/bits_per_word before A: 2 140 64, after A: 2 189 64, after B: 2 188 64 (hctx0)
RESULT witness-loop0-mq-deadline PASS
INFO stale-queue-loop0-mq-deadline: observed=CLEAN expect=CLEAN q_inf_r=0 (STALE needs >= 128) q_mean_r=0.000000 (STALE needs >= 7)
RESULT stale-queue-loop0-mq-deadline PASS
INFO verdict queue loop0-mq-deadline: ABSENT (observed CLEAN, expected CLEAN)
INFO stale-flush-loop0-mq-deadline: observed=CLEAN expect=CLEAN od_inf_w=0 (STALE needs >= 16) ot_w=0.000866 (STALE needs >= 224) ops_w=32
RESULT stale-flush-loop0-mq-deadline PASS
INFO verdict flush loop0-mq-deadline: ABSENT (observed CLEAN, expected CLEAN)
INFO loop0 mq-deadline took 29 s; elapsed 64 s

##### virtio: vdd, scheduler none, tag none
INFO vdd none: scheduler='[none] mq-deadline kyber bfq ' write_cache='write back' nr_requests=256 iostats=1 wbt_lat_usec=75000
INFO settled vdd in 6 s: reads +2048 of 2048 wanted
INFO settled vdd in 6 s: reads +256 of 256 wanted
INFO settled vdd in 4 s: reads +256 of 256 wanted
INFO vdd-none B (iostats=0, 8.0 s after A): ops_r=256 ops_w=32 kernel_reads=0 kernel_writes=0
INFO vdd-none B queue duration: reads count=0 over5s=0 mean=0.000000 top=none; writes count=0 over5s=0 mean=0.000000 top=none
INFO vdd-none B writes: operation_duration over5s=0 operation_time=0.004539 s flush_duration count=31
INFO vdd-none C (iostats=1): ops_r=256 ops_w=63 kernel_reads=256 kernel_writes=63; queue duration reads count=256 over5s=0 le0.1s=256 top=le=5e-05(256), writes count=32 over5s=0
INFO positive-vdd-none: ops_r=256 (want >= 256) ops_w=32 (want >= 32), kernel deltas reads=0 writes=0 (want 0)
RESULT positive-vdd-none PASS
INFO control-vdd-none: q_cnt_r=256 (want >= 256) q_inf_r=0 q_inf_w=0 (want 0) q_fast_r=256 (want >= 0.98 q_cnt_r) ops_w=63 kernel_writes=63 (want equal)
RESULT control-vdd-none PASS
INFO witness-vdd-none: word/hint/bits_per_word before A: 3 192 64, after A: 3 255 64, after B: 3 254 64 (hctx0)
RESULT witness-vdd-none PASS
INFO stale-queue-vdd-none: observed=CLEAN expect=CLEAN q_inf_r=0 (STALE needs >= 128) q_mean_r=0.000000 (STALE needs >= 7)
RESULT stale-queue-vdd-none PASS
INFO verdict queue vdd-none: ABSENT (observed CLEAN, expected CLEAN)
INFO stale-flush-vdd-none: observed=CLEAN expect=CLEAN od_inf_w=0 (STALE needs >= 16) ot_w=0.004539 (STALE needs >= 224) ops_w=32
RESULT stale-flush-vdd-none PASS
INFO verdict flush vdd-none: ABSENT (observed CLEAN, expected CLEAN)
INFO vdd none took 28 s; elapsed 92 s

##### virtio: vdd, scheduler mq-deadline, tag mq-deadline
INFO vdd mq-deadline: scheduler='none [mq-deadline] kyber bfq ' write_cache='write back' nr_requests=256 iostats=1 wbt_lat_usec=75000
INFO settled vdd in 6 s: reads +2048 of 2048 wanted
INFO settled vdd in 7 s: reads +256 of 256 wanted
INFO settled vdd in 4 s: reads +256 of 256 wanted
INFO vdd-mq-deadline B (iostats=0, 8.0 s after A): ops_r=256 ops_w=32 kernel_reads=0 kernel_writes=0
INFO vdd-mq-deadline B queue duration: reads count=0 over5s=0 mean=0.000000 top=none; writes count=0 over5s=0 mean=0.000000 top=none
INFO vdd-mq-deadline B writes: operation_duration over5s=0 operation_time=0.011024 s flush_duration count=31
INFO vdd-mq-deadline C (iostats=1): ops_r=256 ops_w=63 kernel_reads=256 kernel_writes=63; queue duration reads count=256 over5s=0 le0.1s=256 top=le=5e-05(256), writes count=32 over5s=0
INFO positive-vdd-mq-deadline: ops_r=256 (want >= 256) ops_w=32 (want >= 32), kernel deltas reads=0 writes=0 (want 0)
RESULT positive-vdd-mq-deadline PASS
INFO control-vdd-mq-deadline: q_cnt_r=256 (want >= 256) q_inf_r=0 q_inf_w=0 (want 0) q_fast_r=256 (want >= 0.98 q_cnt_r) ops_w=63 kernel_writes=63 (want equal)
RESULT control-vdd-mq-deadline PASS
INFO witness-vdd-mq-deadline: word/hint/bits_per_word before A: 0 29 64, after A: 0 61 64, after B: 0 60 64 (hctx0)
RESULT witness-vdd-mq-deadline PASS
INFO stale-queue-vdd-mq-deadline: observed=CLEAN expect=CLEAN q_inf_r=0 (STALE needs >= 128) q_mean_r=0.000000 (STALE needs >= 7)
RESULT stale-queue-vdd-mq-deadline PASS
INFO verdict queue vdd-mq-deadline: ABSENT (observed CLEAN, expected CLEAN)
INFO stale-flush-vdd-mq-deadline: observed=CLEAN expect=CLEAN od_inf_w=0 (STALE needs >= 16) ot_w=0.011024 (STALE needs >= 224) ops_w=32
RESULT stale-flush-vdd-mq-deadline PASS
INFO verdict flush vdd-mq-deadline: ABSENT (observed CLEAN, expected CLEAN)
INFO vdd mq-deadline took 27 s; elapsed 119 s

##### nullb: iostats, scheduler none, tag none
INFO iostats none: scheduler='[none] mq-deadline kyber bfq ' write_cache='write through' nr_requests=64 iostats=1 wbt_lat_usec=2000
INFO settled iostats in 6 s: reads +2048 of 2048 wanted
INFO settled iostats in 6 s: reads +256 of 256 wanted
INFO settled iostats in 4 s: reads +256 of 256 wanted
INFO iostats-none B (iostats=0, 8.0 s after A): ops_r=256 ops_w=0 kernel_reads=0 kernel_writes=0
INFO iostats-none B queue duration: reads count=0 over5s=0 mean=0.000000 top=none; writes count=0 over5s=0 mean=0.000000 top=none
INFO iostats-none B writes: operation_duration over5s=0 operation_time=0.000000 s flush_duration count=0
INFO iostats-none C (iostats=1): ops_r=256 ops_w=0 kernel_reads=256 kernel_writes=0; queue duration reads count=256 over5s=0 le0.1s=256 top=le=5e-05(256), writes count=0 over5s=0
INFO positive-iostats-none: ops_r=256 (want >= 256), kernel deltas reads=0 writes=0 (want 0)
RESULT positive-iostats-none PASS
INFO control-iostats-none: q_cnt_r=256 (want >= 256) q_inf_r=0 q_inf_w=0 (want 0) q_fast_r=256 (want >= 0.98 q_cnt_r) 
RESULT control-iostats-none PASS
INFO witness-iostats-none: word/hint/bits_per_word before A: 3 48 16, after A: 3 48 16, after B: 3 48 16 (hctx0)
RESULT witness-iostats-none PASS
INFO stale-queue-iostats-none: observed=CLEAN expect=CLEAN q_inf_r=0 (STALE needs >= 128) q_mean_r=0.000000 (STALE needs >= 7)
RESULT stale-queue-iostats-none PASS
INFO verdict queue iostats-none: ABSENT (observed CLEAN, expected CLEAN)
SKIP stale-flush-iostats-none write cache is 'write through', not 'write back': no flushes
INFO iostats none took 26 s; elapsed 145 s

##### nullb: iostats, scheduler mq-deadline, tag mq-deadline
INFO iostats mq-deadline: scheduler='none [mq-deadline] kyber bfq ' write_cache='write through' nr_requests=128 iostats=1 wbt_lat_usec=2000
INFO settled iostats in 4 s: reads +2048 of 2048 wanted
INFO settled iostats in 6 s: reads +256 of 256 wanted
INFO settled iostats in 6 s: reads +256 of 256 wanted
INFO iostats-mq-deadline B (iostats=0, 8.0 s after A): ops_r=256 ops_w=0 kernel_reads=0 kernel_writes=0
INFO iostats-mq-deadline B queue duration: reads count=0 over5s=0 mean=0.000000 top=none; writes count=0 over5s=0 mean=0.000000 top=none
INFO iostats-mq-deadline B writes: operation_duration over5s=0 operation_time=0.000000 s flush_duration count=0
INFO iostats-mq-deadline C (iostats=1): ops_r=256 ops_w=0 kernel_reads=256 kernel_writes=0; queue duration reads count=256 over5s=0 le0.1s=256 top=le=5e-05(256), writes count=0 over5s=0
INFO positive-iostats-mq-deadline: ops_r=256 (want >= 256), kernel deltas reads=0 writes=0 (want 0)
RESULT positive-iostats-mq-deadline PASS
INFO control-iostats-mq-deadline: q_cnt_r=256 (want >= 256) q_inf_r=0 q_inf_w=0 (want 0) q_fast_r=256 (want >= 0.98 q_cnt_r) 
RESULT control-iostats-mq-deadline PASS
INFO witness-iostats-mq-deadline: word/hint/bits_per_word before A: 0 24 32, after A: 0 31 32, after B: 0 31 32 (hctx0)
RESULT witness-iostats-mq-deadline PASS
INFO stale-queue-iostats-mq-deadline: observed=CLEAN expect=CLEAN q_inf_r=0 (STALE needs >= 128) q_mean_r=0.000000 (STALE needs >= 7)
RESULT stale-queue-iostats-mq-deadline PASS
INFO verdict queue iostats-mq-deadline: ABSENT (observed CLEAN, expected CLEAN)
SKIP stale-flush-iostats-mq-deadline write cache is 'write through', not 'write back': no flushes
INFO iostats mq-deadline took 29 s; elapsed 174 s

##### shared tags: nullb0 accounted, then nullb1 not

##### shared: nullb1, scheduler none, tag shared
INFO nullb1 shared: scheduler='[none] mq-deadline kyber bfq ' write_cache='write through' nr_requests=64 iostats=1 wbt_lat_usec=2000
INFO settled nullb1 in 4 s: reads +0 of 0 wanted
INFO settled nullb1 in 6 s: reads +256 of 256 wanted
INFO settled nullb1 in 6 s: reads +256 of 256 wanted
INFO nullb1-shared B (iostats=0, 8.0 s after A): ops_r=256 ops_w=0 kernel_reads=0 kernel_writes=0
INFO nullb1-shared B queue duration: reads count=0 over5s=0 mean=0.000000 top=none; writes count=0 over5s=0 mean=0.000000 top=none
INFO nullb1-shared B writes: operation_duration over5s=0 operation_time=0.000000 s flush_duration count=0
INFO nullb1-shared C (iostats=1): ops_r=256 ops_w=0 kernel_reads=256 kernel_writes=0; queue duration reads count=256 over5s=0 le0.1s=256 top=le=5e-05(256), writes count=0 over5s=0
INFO positive-nullb1-shared: ops_r=256 (want >= 256), kernel deltas reads=0 writes=0 (want 0)
RESULT positive-nullb1-shared PASS
INFO control-nullb1-shared: q_cnt_r=256 (want >= 256) q_inf_r=0 q_inf_w=0 (want 0) q_fast_r=256 (want >= 0.98 q_cnt_r) 
RESULT control-nullb1-shared PASS
INFO witness-nullb1-shared: word/hint/bits_per_word before A: 2 33 16, after A: 2 33 16, after B: 2 33 16 (hctx0)
RESULT witness-nullb1-shared PASS
INFO stale-queue-nullb1-shared: observed=CLEAN expect=CLEAN q_inf_r=0 (STALE needs >= 128) q_mean_r=0.000000 (STALE needs >= 7)
RESULT stale-queue-nullb1-shared PASS
INFO verdict queue nullb1-shared: ABSENT (observed CLEAN, expected CLEAN)
SKIP stale-flush-nullb1-shared write cache is 'write through', not 'write back': no flushes
INFO nullb1 shared took 20 s; elapsed 194 s

##### summary
INFO summary queue loop0-none ABSENT observed=CLEAN expected=CLEAN
INFO summary flush loop0-none ABSENT observed=CLEAN expected=CLEAN
INFO summary queue loop0-mq-deadline ABSENT observed=CLEAN expected=CLEAN
INFO summary flush loop0-mq-deadline ABSENT observed=CLEAN expected=CLEAN
INFO summary queue vdd-none ABSENT observed=CLEAN expected=CLEAN
INFO summary flush vdd-none ABSENT observed=CLEAN expected=CLEAN
INFO summary queue vdd-mq-deadline ABSENT observed=CLEAN expected=CLEAN
INFO summary flush vdd-mq-deadline ABSENT observed=CLEAN expected=CLEAN
INFO summary queue iostats-none ABSENT observed=CLEAN expected=CLEAN
INFO summary queue iostats-mq-deadline ABSENT observed=CLEAN expected=CLEAN
INFO summary queue nullb1-shared ABSENT observed=CLEAN expected=CLEAN
INFO RQF_FLUSH_SEQ lines in obi.log: 0
time=2026-10-07T20:48:48.535Z level=WARN msg="a storage latency histogram is reported per pod or container: each pod adds a series per bucket. The operations and time counters give the mean latency per pod at one series each" component=agent.StatsO11y histogram=obi.stat.disk.operation.duration attributes=[container.id]
time=2026-10-07T20:48:48.535Z level=WARN msg="a storage latency histogram is reported per pod or container: each pod adds a series per bucket. The operations and time counters give the mean latency per pod at one series each" component=agent.StatsO11y histogram=obi.stat.disk.queue.duration attributes=[container.id]
INFO done in 194 s
./run.sh: line 85: /sys/block/iostats/queue/iostats: No such file or directory
./run.sh: line 85: /sys/block/iostats/queue/iostats: No such file or directory
./run.sh: line 85: /sys/block/iostats/queue/iostats: No such file or directory
./run.sh: line 85: /sys/block/iostats/queue/iostats: No such file or directory
