time=2026-10-07T21:08:42.344Z level=INFO msg="OpenTelemetry eBPF Instrumentation" Version=unset Revision=unset "OpenTelemetry SDK Version"=1.46.0
time=2026-10-07T21:08:42.345Z level=INFO msg="configuration loaded" version=v1
time=2026-10-07T21:08:42.347Z level=DEBUG msg="fetched node metadata" component=meta.NodeMeta fetcher=0 hostID=37550ce7a780481d872cf5f91b22ba5b
time=2026-10-07T21:08:42.347Z level=DEBUG msg="kubeconfig can't be detected. Assuming we are not in Kubernetes" component=kube.MetadataProvider error="can't access kubernetes. Tried using config from: config parameter, KUBECONFIG env, homedir and InClusterConfig. Got: unable to load in-cluster configuration, KUBERNETES_SERVICE_HOST and KUBERNETES_SERVICE_PORT must be defined"
time=2026-10-07T21:08:44.347Z level=WARN msg="timed out while waiting for Cloud metadata. Ignoring" component=meta.NodeMeta.otelNodeFetcher detector=ec2.resourceDetector
time=2026-10-07T21:08:44.348Z level=DEBUG msg="not reporting internal metrics"
time=2026-10-07T21:08:44.349Z level=DEBUG msg="failed to get docker info" component=docker.ContainerStore error="failed to connect to the docker API at unix:///var/run/docker.sock; check if the path is correct and if the daemon is running: dial unix /var/run/docker.sock: connect: no such file or directory"
time=2026-10-07T21:08:44.350Z level=DEBUG msg="failed to get docker info" component=docker.ContainerStore error="failed to connect to the docker API at unix:///var/run/docker.sock; check if the path is correct and if the daemon is running: dial unix /var/run/docker.sock: connect: no such file or directory"
time=2026-10-07T21:08:44.350Z level=INFO msg="starting OBI in Stat metrics mode"
time=2026-10-07T21:08:44.351Z level=INFO msg="initializing Stats agent" component=agent.StatsO11y
time=2026-10-07T21:08:44.351Z level=DEBUG msg="acquiring Agent IP" component=agent.StatsO11y
time=2026-10-07T21:08:44.351Z level=DEBUG msg="agent IP: 10.0.2.15" component=agent.StatsO11y
time=2026-10-07T21:08:44.351Z level=DEBUG msg="failed to get docker info" component=docker.ContainerStore error="failed to connect to the docker API at unix:///var/run/docker.sock; check if the path is correct and if the daemon is running: dial unix /var/run/docker.sock: connect: no such file or directory"
time=2026-10-07T21:08:44.536Z level=INFO msg="the probes of the enabled storage metrics are loaded" component=agent.StatsO11y
time=2026-10-07T21:08:44.537Z level=INFO msg="starting Stats agent" component=agent.StatsO11y
time=2026-10-07T21:08:44.537Z level=DEBUG msg="creating stats processing graph" component=agent.StatsO11y
time=2026-10-07T21:08:44.538Z level=DEBUG msg="registering stat disk operation duration metric" component=prom.StatsEndpoint
time=2026-10-07T21:08:44.538Z level=DEBUG msg="registering Prometheus metrics collectors" component=connector.PrometheusManager len=9 port=9400 path=/metrics
time=2026-10-07T21:08:44.538Z level=INFO msg="Stats agent successfully started" component=agent.StatsO11y
time=2026-10-07T21:08:44.538Z level=DEBUG msg="start reading and forwarding" component=stat.RingBufTracer
time=2026-10-07T21:08:44.539Z level=INFO msg="opening prometheus scrape endpoint" component=connector.PrometheusManager port=9400 path=/metrics
time=2026-10-07T21:08:44.539Z level=DEBUG msg="starting to read ring buffer" component=stat.RingBufTracer
time=2026-10-07T21:08:45.354Z level=DEBUG msg="failed to get docker info" component=docker.ContainerStore error="failed to connect to the docker API at unix:///var/run/docker.sock; check if the path is correct and if the daemon is running: dial unix /var/run/docker.sock: connect: no such file or directory"
time=2026-10-07T21:08:45.398Z level=DEBUG msg="received metrics request" component=connector.PrometheusManager uri=/metrics remoteAddr=[::1]:40020
time=2026-10-07T21:08:46.358Z level=DEBUG msg="failed to get docker info" component=docker.ContainerStore error="failed to connect to the docker API at unix:///var/run/docker.sock; check if the path is correct and if the daemon is running: dial unix /var/run/docker.sock: connect: no such file or directory"
time=2026-10-07T21:08:46.941Z level=DEBUG msg="storing new metric label set" component=prom.Expirer labelValues="[write false vda]"
time=2026-10-07T21:08:46.942Z level=DEBUG msg="storing new metric label set" component=prom.Expirer labelValues="[ write   false 10.0.2.15 vda]"
time=2026-10-07T21:08:46.943Z level=DEBUG msg="storing new metric label set" component=prom.Expirer labelValues="[write false vda]"
time=2026-10-07T21:08:46.944Z level=DEBUG msg="storing new metric label set" component=prom.Expirer labelValues="[write false vda]"
time=2026-10-07T21:08:47.362Z level=DEBUG msg="failed to get docker info" component=docker.ContainerStore error="failed to connect to the docker API at unix:///var/run/docker.sock; check if the path is correct and if the daemon is running: dial unix /var/run/docker.sock: connect: no such file or directory"
time=2026-10-07T21:08:48.365Z level=DEBUG msg="failed to get docker info" component=docker.ContainerStore error="failed to connect to the docker API at unix:///var/run/docker.sock; check if the path is correct and if the daemon is running: dial unix /var/run/docker.sock: connect: no such file or directory"
time=2026-10-07T21:08:49.367Z level=DEBUG msg="failed to get docker info" component=docker.ContainerStore error="failed to connect to the docker API at unix:///var/run/docker.sock; check if the path is correct and if the daemon is running: dial unix /var/run/docker.sock: connect: no such file or directory"
time=2026-10-07T21:08:50.369Z level=DEBUG msg="failed to get docker info" component=docker.ContainerStore error="failed to connect to the docker API at unix:///var/run/docker.sock; check if the path is correct and if the daemon is running: dial unix /var/run/docker.sock: connect: no such file or directory"
time=2026-10-07T21:08:51.371Z level=DEBUG msg="failed to get docker info" component=docker.ContainerStore error="failed to connect to the docker API at unix:///var/run/docker.sock; check if the path is correct and if the daemon is running: dial unix /var/run/docker.sock: connect: no such file or directory"
time=2026-10-07T21:08:52.139Z level=DEBUG msg="storing new metric label set" component=prom.Expirer labelValues="[read false vda]"
time=2026-10-07T21:08:52.140Z level=DEBUG msg="storing new metric label set" component=prom.Expirer labelValues="[ read   false 10.0.2.15 vda]"
time=2026-10-07T21:08:52.141Z level=DEBUG msg="storing new metric label set" component=prom.Expirer labelValues="[read false vda]"
time=2026-10-07T21:08:52.141Z level=DEBUG msg="storing new metric label set" component=prom.Expirer labelValues="[read false vda]"
time=2026-10-07T21:08:52.373Z level=DEBUG msg="failed to get docker info" component=docker.ContainerStore error="failed to connect to the docker API at unix:///var/run/docker.sock; check if the path is correct and if the daemon is running: dial unix /var/run/docker.sock: connect: no such file or directory"
time=2026-10-07T21:08:53.376Z level=DEBUG msg="failed to get docker info" component=docker.ContainerStore error="failed to connect to the docker API at unix:///var/run/docker.sock; check if the path is correct and if the daemon is running: dial unix /var/run/docker.sock: connect: no such file or directory"
time=2026-10-07T21:08:54.378Z level=DEBUG msg="failed to get docker info" component=docker.ContainerStore error="failed to connect to the docker API at unix:///var/run/docker.sock; check if the path is correct and if the daemon is running: dial unix /var/run/docker.sock: connect: no such file or directory"
time=2026-10-07T21:08:55.381Z level=DEBUG msg="failed to get docker info" component=docker.ContainerStore error="failed to connect to the docker API at unix:///var/run/docker.sock; check if the path is correct and if the daemon is running: dial unix /var/run/docker.sock: connect: no such file or directory"
time=2026-10-07T21:08:56.383Z level=DEBUG msg="failed to get docker info" component=docker.ContainerStore error="failed to connect to the docker API at unix:///var/run/docker.sock; check if the path is correct and if the daemon is running: dial unix /var/run/docker.sock: connect: no such file or directory"
time=2026-10-07T21:08:57.385Z level=DEBUG msg="failed to get docker info" component=docker.ContainerStore error="failed to connect to the docker API at unix:///var/run/docker.sock; check if the path is correct and if the daemon is running: dial unix /var/run/docker.sock: connect: no such file or directory"
time=2026-10-07T21:08:58.388Z level=DEBUG msg="failed to get docker info" component=docker.ContainerStore error="failed to connect to the docker API at unix:///var/run/docker.sock; check if the path is correct and if the daemon is running: dial unix /var/run/docker.sock: connect: no such file or directory"
time=2026-10-07T21:08:59.390Z level=DEBUG msg="failed to get docker info" component=docker.ContainerStore error="failed to connect to the docker API at unix:///var/run/docker.sock; check if the path is correct and if the daemon is running: dial unix /var/run/docker.sock: connect: no such file or directory"
time=2026-10-07T21:09:00.392Z level=DEBUG msg="failed to get docker info" component=docker.ContainerStore error="failed to connect to the docker API at unix:///var/run/docker.sock; check if the path is correct and if the daemon is running: dial unix /var/run/docker.sock: connect: no such file or directory"
time=2026-10-07T21:09:01.394Z level=DEBUG msg="failed to get docker info" component=docker.ContainerStore error="failed to connect to the docker API at unix:///var/run/docker.sock; check if the path is correct and if the daemon is running: dial unix /var/run/docker.sock: connect: no such file or directory"
time=2026-10-07T21:09:02.397Z level=DEBUG msg="failed to get docker info" component=docker.ContainerStore error="failed to connect to the docker API at unix:///var/run/docker.sock; check if the path is correct and if the daemon is running: dial unix /var/run/docker.sock: connect: no such file or directory"
time=2026-10-07T21:09:03.399Z level=DEBUG msg="failed to get docker info" component=docker.ContainerStore error="failed to connect to the docker API at unix:///var/run/docker.sock; check if the path is correct and if the daemon is running: dial unix /var/run/docker.sock: connect: no such file or directory"
time=2026-10-07T21:09:04.402Z level=DEBUG msg="failed to get docker info" component=docker.ContainerStore error="failed to connect to the docker API at unix:///var/run/docker.sock; check if the path is correct and if the daemon is running: dial unix /var/run/docker.sock: connect: no such file or directory"
time=2026-10-07T21:09:05.405Z level=DEBUG msg="failed to get docker info" component=docker.ContainerStore error="failed to connect to the docker API at unix:///var/run/docker.sock; check if the path is correct and if the daemon is running: dial unix /var/run/docker.sock: connect: no such file or directory"
time=2026-10-07T21:09:06.408Z level=DEBUG msg="failed to get docker info" component=docker.ContainerStore error="failed to connect to the docker API at unix:///var/run/docker.sock; check if the path is correct and if the daemon is running: dial unix /var/run/docker.sock: connect: no such file or directory"
time=2026-10-07T21:09:07.410Z level=DEBUG msg="failed to get docker info" component=docker.ContainerStore error="failed to connect to the docker API at unix:///var/run/docker.sock; check if the path is correct and if the daemon is running: dial unix /var/run/docker.sock: connect: no such file or directory"
time=2026-10-07T21:09:08.413Z level=DEBUG msg="failed to get docker info" component=docker.ContainerStore error="failed to connect to the docker API at unix:///var/run/docker.sock; check if the path is correct and if the daemon is running: dial unix /var/run/docker.sock: connect: no such file or directory"
time=2026-10-07T21:09:09.417Z level=DEBUG msg="failed to get docker info" component=docker.ContainerStore error="failed to connect to the docker API at unix:///var/run/docker.sock; check if the path is correct and if the daemon is running: dial unix /var/run/docker.sock: connect: no such file or directory"
time=2026-10-07T21:09:10.420Z level=DEBUG msg="failed to get docker info" component=docker.ContainerStore error="failed to connect to the docker API at unix:///var/run/docker.sock; check if the path is correct and if the daemon is running: dial unix /var/run/docker.sock: connect: no such file or directory"
time=2026-10-07T21:09:11.423Z level=DEBUG msg="failed to get docker info" component=docker.ContainerStore error="failed to connect to the docker API at unix:///var/run/docker.sock; check if the path is correct and if the daemon is running: dial unix /var/run/docker.sock: connect: no such file or directory"
time=2026-10-07T21:09:12.426Z level=DEBUG msg="failed to get docker info" component=docker.ContainerStore error="failed to connect to the docker API at unix:///var/run/docker.sock; check if the path is correct and if the daemon is running: dial unix /var/run/docker.sock: connect: no such file or directory"
time=2026-10-07T21:09:13.429Z level=DEBUG msg="failed to get docker info" component=docker.ContainerStore error="failed to connect to the docker API at unix:///var/run/docker.sock; check if the path is correct and if the daemon is running: dial unix /var/run/docker.sock: connect: no such file or directory"
time=2026-10-07T21:09:14.432Z level=DEBUG msg="failed to get docker info" component=docker.ContainerStore error="failed to connect to the docker API at unix:///var/run/docker.sock; check if the path is correct and if the daemon is running: dial unix /var/run/docker.sock: connect: no such file or directory"
time=2026-10-07T21:09:15.434Z level=DEBUG msg="failed to get docker info" component=docker.ContainerStore error="failed to connect to the docker API at unix:///var/run/docker.sock; check if the path is correct and if the daemon is running: dial unix /var/run/docker.sock: connect: no such file or directory"
time=2026-10-07T21:09:16.437Z level=DEBUG msg="failed to get docker info" component=docker.ContainerStore error="failed to connect to the docker API at unix:///var/run/docker.sock; check if the path is correct and if the daemon is running: dial unix /var/run/docker.sock: connect: no such file or directory"
time=2026-10-07T21:09:17.439Z level=DEBUG msg="failed to get docker info" component=docker.ContainerStore error="failed to connect to the docker API at unix:///var/run/docker.sock; check if the path is correct and if the daemon is running: dial unix /var/run/docker.sock: connect: no such file or directory"
time=2026-10-07T21:09:18.442Z level=DEBUG msg="failed to get docker info" component=docker.ContainerStore error="failed to connect to the docker API at unix:///var/run/docker.sock; check if the path is correct and if the daemon is running: dial unix /var/run/docker.sock: connect: no such file or directory"
time=2026-10-07T21:09:19.444Z level=DEBUG msg="failed to get docker info" component=docker.ContainerStore error="failed to connect to the docker API at unix:///var/run/docker.sock; check if the path is correct and if the daemon is running: dial unix /var/run/docker.sock: connect: no such file or directory"
time=2026-10-07T21:09:20.427Z level=DEBUG msg="received metrics request" component=connector.PrometheusManager uri=/metrics remoteAddr=[::1]:33684
time=2026-10-07T21:09:20.448Z level=DEBUG msg="failed to get docker info" component=docker.ContainerStore error="failed to connect to the docker API at unix:///var/run/docker.sock; check if the path is correct and if the daemon is running: dial unix /var/run/docker.sock: connect: no such file or directory"
time=2026-10-07T21:09:20.541Z level=DEBUG msg="storing new metric label set" component=prom.Expirer labelValues="[write false nvme0c0n1]"
time=2026-10-07T21:09:20.542Z level=DEBUG msg="storing new metric label set" component=prom.Expirer labelValues="[ write   false 10.0.2.15 nvme0c0n1]"
time=2026-10-07T21:09:20.543Z level=DEBUG msg="storing new metric label set" component=prom.Expirer labelValues="[write false nvme0c0n1]"
time=2026-10-07T21:09:20.543Z level=DEBUG msg="storing new metric label set" component=prom.Expirer labelValues="[read false nvme0c0n1]"
time=2026-10-07T21:09:20.544Z level=DEBUG msg="storing new metric label set" component=prom.Expirer labelValues="[ read   false 10.0.2.15 nvme0c0n1]"
time=2026-10-07T21:09:20.544Z level=DEBUG msg="storing new metric label set" component=prom.Expirer labelValues="[read false nvme0c0n1]"
time=2026-10-07T21:09:20.544Z level=DEBUG msg="storing new metric label set" component=prom.Expirer labelValues="[write false nvme0c0n1]"
time=2026-10-07T21:09:20.546Z level=DEBUG msg="storing new metric label set" component=prom.Expirer labelValues="[read true nvme0n1]"
time=2026-10-07T21:09:20.547Z level=DEBUG msg="storing new metric label set" component=prom.Expirer labelValues="[write true nvme0n1]"
time=2026-10-07T21:09:20.548Z level=DEBUG msg="storing new metric label set" component=prom.Expirer labelValues="[read false nvme0c0n1]"
time=2026-10-07T21:09:21.450Z level=DEBUG msg="failed to get docker info" component=docker.ContainerStore error="failed to connect to the docker API at unix:///var/run/docker.sock; check if the path is correct and if the daemon is running: dial unix /var/run/docker.sock: connect: no such file or directory"
time=2026-10-07T21:09:22.452Z level=DEBUG msg="failed to get docker info" component=docker.ContainerStore error="failed to connect to the docker API at unix:///var/run/docker.sock; check if the path is correct and if the daemon is running: dial unix /var/run/docker.sock: connect: no such file or directory"
time=2026-10-07T21:09:23.454Z level=DEBUG msg="failed to get docker info" component=docker.ContainerStore error="failed to connect to the docker API at unix:///var/run/docker.sock; check if the path is correct and if the daemon is running: dial unix /var/run/docker.sock: connect: no such file or directory"
time=2026-10-07T21:09:24.456Z level=DEBUG msg="failed to get docker info" component=docker.ContainerStore error="failed to connect to the docker API at unix:///var/run/docker.sock; check if the path is correct and if the daemon is running: dial unix /var/run/docker.sock: connect: no such file or directory"
time=2026-10-07T21:09:25.458Z level=DEBUG msg="failed to get docker info" component=docker.ContainerStore error="failed to connect to the docker API at unix:///var/run/docker.sock; check if the path is correct and if the daemon is running: dial unix /var/run/docker.sock: connect: no such file or directory"
time=2026-10-07T21:09:25.774Z level=DEBUG msg="received metrics request" component=connector.PrometheusManager uri=/metrics remoteAddr=[::1]:48502
time=2026-10-07T21:09:26.461Z level=DEBUG msg="failed to get docker info" component=docker.ContainerStore error="failed to connect to the docker API at unix:///var/run/docker.sock; check if the path is correct and if the daemon is running: dial unix /var/run/docker.sock: connect: no such file or directory"
time=2026-10-07T21:09:27.463Z level=DEBUG msg="failed to get docker info" component=docker.ContainerStore error="failed to connect to the docker API at unix:///var/run/docker.sock; check if the path is correct and if the daemon is running: dial unix /var/run/docker.sock: connect: no such file or directory"
time=2026-10-07T21:09:28.465Z level=DEBUG msg="failed to get docker info" component=docker.ContainerStore error="failed to connect to the docker API at unix:///var/run/docker.sock; check if the path is correct and if the daemon is running: dial unix /var/run/docker.sock: connect: no such file or directory"
time=2026-10-07T21:09:29.468Z level=DEBUG msg="failed to get docker info" component=docker.ContainerStore error="failed to connect to the docker API at unix:///var/run/docker.sock; check if the path is correct and if the daemon is running: dial unix /var/run/docker.sock: connect: no such file or directory"
time=2026-10-07T21:09:30.470Z level=DEBUG msg="failed to get docker info" component=docker.ContainerStore error="failed to connect to the docker API at unix:///var/run/docker.sock; check if the path is correct and if the daemon is running: dial unix /var/run/docker.sock: connect: no such file or directory"
time=2026-10-07T21:09:31.472Z level=DEBUG msg="failed to get docker info" component=docker.ContainerStore error="failed to connect to the docker API at unix:///var/run/docker.sock; check if the path is correct and if the daemon is running: dial unix /var/run/docker.sock: connect: no such file or directory"
time=2026-10-07T21:09:32.474Z level=DEBUG msg="failed to get docker info" component=docker.ContainerStore error="failed to connect to the docker API at unix:///var/run/docker.sock; check if the path is correct and if the daemon is running: dial unix /var/run/docker.sock: connect: no such file or directory"
time=2026-10-07T21:09:33.477Z level=DEBUG msg="failed to get docker info" component=docker.ContainerStore error="failed to connect to the docker API at unix:///var/run/docker.sock; check if the path is correct and if the daemon is running: dial unix /var/run/docker.sock: connect: no such file or directory"
time=2026-10-07T21:09:34.479Z level=DEBUG msg="failed to get docker info" component=docker.ContainerStore error="failed to connect to the docker API at unix:///var/run/docker.sock; check if the path is correct and if the daemon is running: dial unix /var/run/docker.sock: connect: no such file or directory"
time=2026-10-07T21:09:35.482Z level=DEBUG msg="failed to get docker info" component=docker.ContainerStore error="failed to connect to the docker API at unix:///var/run/docker.sock; check if the path is correct and if the daemon is running: dial unix /var/run/docker.sock: connect: no such file or directory"
time=2026-10-07T21:09:35.801Z level=DEBUG msg="received metrics request" component=connector.PrometheusManager uri=/metrics remoteAddr=[::1]:37424
time=2026-10-07T21:09:35.809Z level=DEBUG msg="Prometheus endpoint server was closed" component=connector.PrometheusManager port=9400 error="http: Server closed"
time=2026-10-07T21:09:35.809Z level=INFO msg="stopping Stats agent" component=agent.StatsO11y
time=2026-10-07T21:09:35.810Z level=DEBUG msg="unregistering eBPF objects" component=ebpf.StatFetcher
time=2026-10-07T21:09:35.809Z level=DEBUG msg="context is cancelled. Closing events reader" component=stat.RingBufTracer
time=2026-10-07T21:09:35.810Z level=DEBUG msg="waiting for all nodes to finish their pending work" component=agent.StatsO11y
time=2026-10-07T21:09:35.810Z level=DEBUG msg="ring buffer is closed" component=stat.RingBufTracer
time=2026-10-07T21:09:35.810Z level=DEBUG msg="closing eBPF resources" component=stat.RingBufTracer len=1
time=2026-10-07T21:09:35.811Z level=DEBUG msg="the eBPF resources are closed" component=stat.RingBufTracer
time=2026-10-07T21:09:35.811Z level=INFO msg="Stats agent stopped" component=agent.StatsO11y
time=2026-10-07T21:09:35.811Z level=DEBUG msg="OBI main node finished"
time=2026-10-07T21:09:35.811Z level=INFO msg="OpenTelemetry eBPF Instrumentation successfully exiting"
