time=2026-10-07T16:39:42.446Z level=INFO msg="OpenTelemetry eBPF Instrumentation" Version=unset Revision=unset "OpenTelemetry SDK Version"=1.46.0
time=2026-10-07T16:39:42.446Z level=INFO msg="configuration loaded" version=v1
time=2026-10-07T16:39:42.447Z level=DEBUG msg="fetched node metadata" component=meta.NodeMeta fetcher=0 hostID=37550ce7a780481d872cf5f91b22ba5b
time=2026-10-07T16:39:42.447Z level=DEBUG msg="kubeconfig can't be detected. Assuming we are not in Kubernetes" component=kube.MetadataProvider error="can't access kubernetes. Tried using config from: config parameter, KUBECONFIG env, homedir and InClusterConfig. Got: unable to load in-cluster configuration, KUBERNETES_SERVICE_HOST and KUBERNETES_SERVICE_PORT must be defined"
time=2026-10-07T16:39:44.447Z level=WARN msg="timed out while waiting for Cloud metadata. Ignoring" component=meta.NodeMeta.otelNodeFetcher detector=ec2.resourceDetector
time=2026-10-07T16:39:44.447Z level=DEBUG msg="not reporting internal metrics"
time=2026-10-07T16:39:44.448Z level=DEBUG msg="failed to get docker info" component=docker.ContainerStore error="failed to connect to the docker API at unix:///var/run/docker.sock; check if the path is correct and if the daemon is running: dial unix /var/run/docker.sock: connect: no such file or directory"
time=2026-10-07T16:39:44.448Z level=DEBUG msg="failed to get docker info" component=docker.ContainerStore error="failed to connect to the docker API at unix:///var/run/docker.sock; check if the path is correct and if the daemon is running: dial unix /var/run/docker.sock: connect: no such file or directory"
time=2026-10-07T16:39:44.448Z level=INFO msg="starting OBI in Stat metrics mode"
time=2026-10-07T16:39:44.448Z level=INFO msg="initializing Stats agent" component=agent.StatsO11y
time=2026-10-07T16:39:44.448Z level=DEBUG msg="acquiring Agent IP" component=agent.StatsO11y
time=2026-10-07T16:39:44.448Z level=DEBUG msg="agent IP: 10.0.2.15" component=agent.StatsO11y
time=2026-10-07T16:39:44.448Z level=WARN msg="a storage latency histogram is reported per pod or container: each pod adds a series per bucket. The operations and time counters give the mean latency per pod at one series each" component=agent.StatsO11y histogram=obi.stat.fs.sync.duration attributes=[container.id]
time=2026-10-07T16:39:44.449Z level=DEBUG msg="failed to get docker info" component=docker.ContainerStore error="failed to connect to the docker API at unix:///var/run/docker.sock; check if the path is correct and if the daemon is running: dial unix /var/run/docker.sock: connect: no such file or directory"
time=2026-10-07T16:39:44.754Z level=DEBUG msg="attaching the kretprobe with the default number of instances" component=ebpf.StatFetcher function=do_fsync error="creating tracefs event (arch-specific fallback for \"do_fsync\"): creating probe entry on tracefs: token __x64_do_fsync: not found: write /sys/kernel/tracing/kprobe_events: no such file or directory"
[line about the CPU removed]
time=2026-10-07T16:39:44.760Z level=INFO msg="the probes of the enabled storage metrics are loaded" component=agent.StatsO11y
time=2026-10-07T16:39:44.760Z level=INFO msg="starting Stats agent" component=agent.StatsO11y
time=2026-10-07T16:39:44.760Z level=DEBUG msg="creating stats processing graph" component=agent.StatsO11y
time=2026-10-07T16:39:44.760Z level=DEBUG msg="registering stat disk operation duration metric" component=prom.StatsEndpoint
time=2026-10-07T16:39:44.760Z level=DEBUG msg="registering Prometheus metrics collectors" component=connector.PrometheusManager len=17 port=9400 path=/metrics
time=2026-10-07T16:39:44.760Z level=INFO msg="Stats agent successfully started" component=agent.StatsO11y
time=2026-10-07T16:39:44.760Z level=DEBUG msg="start reading and forwarding" component=stat.RingBufTracer
time=2026-10-07T16:39:44.760Z level=DEBUG msg="starting to read ring buffer" component=stat.RingBufTracer
time=2026-10-07T16:39:44.760Z level=INFO msg="opening prometheus scrape endpoint" component=connector.PrometheusManager port=9400 path=/metrics
time=2026-10-07T16:39:44.760Z level=DEBUG msg="storing new metric label set" component=prom.Expirer labelValues="[dm-1 slowdm loop4]"
time=2026-10-07T16:39:44.760Z level=DEBUG msg="storing new metric label set" component=prom.Expirer labelValues="[dm-2 obivg-lv2 loop1]"
time=2026-10-07T16:39:44.760Z level=DEBUG msg="storing new metric label set" component=prom.Expirer labelValues="[md0  loop2]"
time=2026-10-07T16:39:44.760Z level=DEBUG msg="storing new metric label set" component=prom.Expirer labelValues="[md0  loop3]"
time=2026-10-07T16:39:44.760Z level=DEBUG msg="storing new metric label set" component=prom.Expirer labelValues="[dm-0 obivg-lv loop1]"
time=2026-10-07T16:39:45.449Z level=DEBUG msg="failed to get docker info" component=docker.ContainerStore error="failed to connect to the docker API at unix:///var/run/docker.sock; check if the path is correct and if the daemon is running: dial unix /var/run/docker.sock: connect: no such file or directory"
time=2026-10-07T16:39:45.468Z level=DEBUG msg="received metrics request" component=connector.PrometheusManager uri=/metrics remoteAddr=[::1]:41448
time=2026-10-07T16:39:46.451Z level=DEBUG msg="failed to get docker info" component=docker.ContainerStore error="failed to connect to the docker API at unix:///var/run/docker.sock; check if the path is correct and if the daemon is running: dial unix /var/run/docker.sock: connect: no such file or directory"
time=2026-10-07T16:39:47.452Z level=DEBUG msg="failed to get docker info" component=docker.ContainerStore error="failed to connect to the docker API at unix:///var/run/docker.sock; check if the path is correct and if the daemon is running: dial unix /var/run/docker.sock: connect: no such file or directory"
time=2026-10-07T16:39:47.460Z level=DEBUG msg="storing new metric label set" component=prom.Expirer labelValues="[write false vda]"
time=2026-10-07T16:39:47.460Z level=DEBUG msg="storing new metric label set" component=prom.Expirer labelValues="[ write   false 10.0.2.15 vda]"
time=2026-10-07T16:39:47.460Z level=DEBUG msg="storing new metric label set" component=prom.Expirer labelValues="[write false vda]"
time=2026-10-07T16:39:47.460Z level=DEBUG msg="storing new metric label set" component=prom.Expirer labelValues="[write false vda]"
time=2026-10-07T16:39:48.453Z level=DEBUG msg="failed to get docker info" component=docker.ContainerStore error="failed to connect to the docker API at unix:///var/run/docker.sock; check if the path is correct and if the daemon is running: dial unix /var/run/docker.sock: connect: no such file or directory"
time=2026-10-07T16:39:48.561Z level=DEBUG msg="storing new metric label set" component=prom.Expirer labelValues="[read false vda]"
time=2026-10-07T16:39:48.561Z level=DEBUG msg="storing new metric label set" component=prom.Expirer labelValues="[ read   false 10.0.2.15 vda]"
time=2026-10-07T16:39:48.561Z level=DEBUG msg="storing new metric label set" component=prom.Expirer labelValues="[read false vda]"
time=2026-10-07T16:39:48.561Z level=DEBUG msg="storing new metric label set" component=prom.Expirer labelValues="[write true loop0]"
time=2026-10-07T16:39:48.561Z level=DEBUG msg="storing new metric label set" component=prom.Expirer labelValues="[ write  loop0p1 true 10.0.2.15 loop0]"
time=2026-10-07T16:39:48.561Z level=DEBUG msg="storing new metric label set" component=prom.Expirer labelValues="[write true loop0]"
time=2026-10-07T16:39:48.561Z level=DEBUG msg="storing new metric label set" component=prom.Expirer labelValues="[read false ok]"
time=2026-10-07T16:39:48.561Z level=DEBUG msg="storing new metric label set" component=prom.Expirer labelValues="[ read   false 10.0.2.15 ok]"
time=2026-10-07T16:39:48.561Z level=DEBUG msg="storing new metric label set" component=prom.Expirer labelValues="[read false ok]"
time=2026-10-07T16:39:48.561Z level=DEBUG msg="storing new metric label set" component=prom.Expirer labelValues="[true loop0]"
time=2026-10-07T16:39:48.561Z level=DEBUG msg="storing new metric label set" component=prom.Expirer labelValues="[write false ok]"
time=2026-10-07T16:39:48.561Z level=DEBUG msg="storing new metric label set" component=prom.Expirer labelValues="[ write   false 10.0.2.15 ok]"
time=2026-10-07T16:39:48.561Z level=DEBUG msg="storing new metric label set" component=prom.Expirer labelValues="[write false ok]"
time=2026-10-07T16:39:48.561Z level=DEBUG msg="storing new metric label set" component=prom.Expirer labelValues="[write true loop0]"
time=2026-10-07T16:39:48.561Z level=DEBUG msg="storing new metric label set" component=prom.Expirer labelValues="[read false ok]"
time=2026-10-07T16:39:48.561Z level=DEBUG msg="storing new metric label set" component=prom.Expirer labelValues="[write false ok]"
time=2026-10-07T16:39:48.561Z level=DEBUG msg="storing new metric label set" component=prom.Expirer labelValues="[write true loop5]"
time=2026-10-07T16:39:48.561Z level=DEBUG msg="storing new metric label set" component=prom.Expirer labelValues="[read false vda]"
time=2026-10-07T16:39:48.760Z level=DEBUG msg="storing new metric label set" component=prom.Expirer labelValues="[write true loop7]"
time=2026-10-07T16:39:48.760Z level=DEBUG msg="storing new metric label set" component=prom.Expirer labelValues="[ write   true 10.0.2.15 loop7]"
time=2026-10-07T16:39:48.760Z level=DEBUG msg="storing new metric label set" component=prom.Expirer labelValues="[write true loop7]"
time=2026-10-07T16:39:48.760Z level=DEBUG msg="storing new metric label set" component=prom.Expirer labelValues="[write true loop7]"
time=2026-10-07T16:39:48.961Z level=DEBUG msg="storing new metric label set" component=prom.Expirer labelValues="[write true loop6]"
time=2026-10-07T16:39:48.961Z level=DEBUG msg="storing new metric label set" component=prom.Expirer labelValues="[ write   true 10.0.2.15 loop6]"
time=2026-10-07T16:39:48.961Z level=DEBUG msg="storing new metric label set" component=prom.Expirer labelValues="[write true loop6]"
time=2026-10-07T16:39:48.961Z level=DEBUG msg="storing new metric label set" component=prom.Expirer labelValues="[write true loop1]"
time=2026-10-07T16:39:48.961Z level=DEBUG msg="storing new metric label set" component=prom.Expirer labelValues="[ write   true 10.0.2.15 loop1]"
time=2026-10-07T16:39:48.961Z level=DEBUG msg="storing new metric label set" component=prom.Expirer labelValues="[write true loop1]"
time=2026-10-07T16:39:48.961Z level=DEBUG msg="storing new metric label set" component=prom.Expirer labelValues="[read true loop6]"
time=2026-10-07T16:39:48.961Z level=DEBUG msg="storing new metric label set" component=prom.Expirer labelValues="[ read   true 10.0.2.15 loop6]"
time=2026-10-07T16:39:48.961Z level=DEBUG msg="storing new metric label set" component=prom.Expirer labelValues="[read true loop6]"
time=2026-10-07T16:39:48.961Z level=DEBUG msg="storing new metric label set" component=prom.Expirer labelValues="[write true loop3]"
time=2026-10-07T16:39:48.961Z level=DEBUG msg="storing new metric label set" component=prom.Expirer labelValues="[ write   true 10.0.2.15 loop3]"
time=2026-10-07T16:39:48.961Z level=DEBUG msg="storing new metric label set" component=prom.Expirer labelValues="[write true loop3]"
time=2026-10-07T16:39:48.961Z level=DEBUG msg="storing new metric label set" component=prom.Expirer labelValues="[ write   true 10.0.2.15 loop0]"
time=2026-10-07T16:39:48.961Z level=DEBUG msg="storing new metric label set" component=prom.Expirer labelValues="[write true loop2]"
time=2026-10-07T16:39:48.961Z level=DEBUG msg="storing new metric label set" component=prom.Expirer labelValues="[ write   true 10.0.2.15 loop2]"
time=2026-10-07T16:39:48.961Z level=DEBUG msg="storing new metric label set" component=prom.Expirer labelValues="[write true loop2]"
time=2026-10-07T16:39:48.961Z level=DEBUG msg="storing new metric label set" component=prom.Expirer labelValues="[write true dm-0]"
time=2026-10-07T16:39:48.961Z level=DEBUG msg="storing new metric label set" component=prom.Expirer labelValues="[ write   true 10.0.2.15 dm-0]"
time=2026-10-07T16:39:48.961Z level=DEBUG msg="storing new metric label set" component=prom.Expirer labelValues="[write true dm-0]"
time=2026-10-07T16:39:48.961Z level=DEBUG msg="storing new metric label set" component=prom.Expirer labelValues="[write true md0]"
time=2026-10-07T16:39:48.961Z level=DEBUG msg="storing new metric label set" component=prom.Expirer labelValues="[ write   true 10.0.2.15 md0]"
time=2026-10-07T16:39:48.961Z level=DEBUG msg="storing new metric label set" component=prom.Expirer labelValues="[write true md0]"
time=2026-10-07T16:39:48.961Z level=DEBUG msg="storing new metric label set" component=prom.Expirer labelValues="[write false zram0]"
time=2026-10-07T16:39:48.961Z level=DEBUG msg="storing new metric label set" component=prom.Expirer labelValues="[ write   false 10.0.2.15 zram0]"
time=2026-10-07T16:39:48.961Z level=DEBUG msg="storing new metric label set" component=prom.Expirer labelValues="[write false zram0]"
time=2026-10-07T16:39:48.961Z level=DEBUG msg="storing new metric label set" component=prom.Expirer labelValues="[  fsync 10.0.2.15 /mnt/obiovl overlay]"
time=2026-10-07T16:39:48.961Z level=DEBUG msg="storing new metric label set" component=prom.Expirer labelValues=[fsync]
time=2026-10-07T16:39:48.961Z level=DEBUG msg="storing new metric label set" component=prom.Expirer labelValues="[  fsync 10.0.2.15 /mnt/obifs ext4]"
time=2026-10-07T16:39:48.961Z level=DEBUG msg="storing new metric label set" component=prom.Expirer labelValues="[  fsync 10.0.2.15 /mnt/obitmpfs tmpfs]"
time=2026-10-07T16:39:48.961Z level=DEBUG msg="storing new metric label set" component=prom.Expirer labelValues="[  fsync 10.0.2.15 /dev devtmpfs]"
time=2026-10-07T16:39:48.961Z level=DEBUG msg="storing new metric label set" component=prom.Expirer labelValues="[  sync 10.0.2.15  ]"
time=2026-10-07T16:39:48.961Z level=DEBUG msg="storing new metric label set" component=prom.Expirer labelValues=[sync]
time=2026-10-07T16:39:48.961Z level=DEBUG msg="storing new metric label set" component=prom.Expirer labelValues="[  syncfs 10.0.2.15 /mnt/obifs ext4]"
time=2026-10-07T16:39:48.961Z level=DEBUG msg="storing new metric label set" component=prom.Expirer labelValues=[syncfs]
time=2026-10-07T16:39:48.961Z level=DEBUG msg="storing new metric label set" component=prom.Expirer labelValues="[  fdatasync 10.0.2.15 /mnt/obifs ext4]"
time=2026-10-07T16:39:48.961Z level=DEBUG msg="storing new metric label set" component=prom.Expirer labelValues=[fdatasync]
time=2026-10-07T16:39:48.961Z level=DEBUG msg="storing new metric label set" component=prom.Expirer labelValues="[  sync_file_range 10.0.2.15 /mnt/obifs ext4]"
time=2026-10-07T16:39:48.961Z level=DEBUG msg="storing new metric label set" component=prom.Expirer labelValues=[sync_file_range]
time=2026-10-07T16:39:48.961Z level=DEBUG msg="storing new metric label set" component=prom.Expirer labelValues="[ ACCESS 4 127.0.0.1]"
time=2026-10-07T16:39:48.961Z level=DEBUG msg="storing new metric label set" component=prom.Expirer labelValues="[ACCESS 4 127.0.0.1]"
time=2026-10-07T16:39:48.961Z level=DEBUG msg="storing new metric label set" component=prom.Expirer labelValues="[NFS4ERR_GRACE OPEN 4 127.0.0.1]"
time=2026-10-07T16:39:48.961Z level=DEBUG msg="storing new metric label set" component=prom.Expirer labelValues="[OPEN 4 127.0.0.1]"
time=2026-10-07T16:39:48.961Z level=DEBUG msg="storing new metric label set" component=prom.Expirer labelValues="[write true dm-0]"
time=2026-10-07T16:39:48.961Z level=DEBUG msg="storing new metric label set" component=prom.Expirer labelValues="[write true md0]"
time=2026-10-07T16:39:48.961Z level=DEBUG msg="storing new metric label set" component=prom.Expirer labelValues="[write true loop3]"
time=2026-10-07T16:39:48.961Z level=DEBUG msg="storing new metric label set" component=prom.Expirer labelValues="[write true loop6]"
time=2026-10-07T16:39:48.961Z level=DEBUG msg="storing new metric label set" component=prom.Expirer labelValues="[write true loop1]"
time=2026-10-07T16:39:48.961Z level=DEBUG msg="storing new metric label set" component=prom.Expirer labelValues="[write true loop2]"
time=2026-10-07T16:39:48.961Z level=DEBUG msg="storing new metric label set" component=prom.Expirer labelValues="[write false zram0]"
time=2026-10-07T16:39:48.961Z level=DEBUG msg="storing new metric label set" component=prom.Expirer labelValues="[read true loop6]"
time=2026-10-07T16:39:49.454Z level=DEBUG msg="failed to get docker info" component=docker.ContainerStore error="failed to connect to the docker API at unix:///var/run/docker.sock; check if the path is correct and if the daemon is running: dial unix /var/run/docker.sock: connect: no such file or directory"
time=2026-10-07T16:39:50.454Z level=DEBUG msg="failed to get docker info" component=docker.ContainerStore error="failed to connect to the docker API at unix:///var/run/docker.sock; check if the path is correct and if the daemon is running: dial unix /var/run/docker.sock: connect: no such file or directory"
time=2026-10-07T16:39:51.455Z level=DEBUG msg="failed to get docker info" component=docker.ContainerStore error="failed to connect to the docker API at unix:///var/run/docker.sock; check if the path is correct and if the daemon is running: dial unix /var/run/docker.sock: connect: no such file or directory"
time=2026-10-07T16:39:52.456Z level=DEBUG msg="failed to get docker info" component=docker.ContainerStore error="failed to connect to the docker API at unix:///var/run/docker.sock; check if the path is correct and if the daemon is running: dial unix /var/run/docker.sock: connect: no such file or directory"
time=2026-10-07T16:39:53.458Z level=DEBUG msg="failed to get docker info" component=docker.ContainerStore error="failed to connect to the docker API at unix:///var/run/docker.sock; check if the path is correct and if the daemon is running: dial unix /var/run/docker.sock: connect: no such file or directory"
time=2026-10-07T16:39:54.459Z level=DEBUG msg="failed to get docker info" component=docker.ContainerStore error="failed to connect to the docker API at unix:///var/run/docker.sock; check if the path is correct and if the daemon is running: dial unix /var/run/docker.sock: connect: no such file or directory"
time=2026-10-07T16:39:55.460Z level=DEBUG msg="failed to get docker info" component=docker.ContainerStore error="failed to connect to the docker API at unix:///var/run/docker.sock; check if the path is correct and if the daemon is running: dial unix /var/run/docker.sock: connect: no such file or directory"
time=2026-10-07T16:39:56.460Z level=DEBUG msg="failed to get docker info" component=docker.ContainerStore error="failed to connect to the docker API at unix:///var/run/docker.sock; check if the path is correct and if the daemon is running: dial unix /var/run/docker.sock: connect: no such file or directory"
time=2026-10-07T16:39:57.461Z level=DEBUG msg="failed to get docker info" component=docker.ContainerStore error="failed to connect to the docker API at unix:///var/run/docker.sock; check if the path is correct and if the daemon is running: dial unix /var/run/docker.sock: connect: no such file or directory"
time=2026-10-07T16:39:58.462Z level=DEBUG msg="failed to get docker info" component=docker.ContainerStore error="failed to connect to the docker API at unix:///var/run/docker.sock; check if the path is correct and if the daemon is running: dial unix /var/run/docker.sock: connect: no such file or directory"
time=2026-10-07T16:39:59.463Z level=DEBUG msg="failed to get docker info" component=docker.ContainerStore error="failed to connect to the docker API at unix:///var/run/docker.sock; check if the path is correct and if the daemon is running: dial unix /var/run/docker.sock: connect: no such file or directory"
time=2026-10-07T16:40:00.463Z level=DEBUG msg="failed to get docker info" component=docker.ContainerStore error="failed to connect to the docker API at unix:///var/run/docker.sock; check if the path is correct and if the daemon is running: dial unix /var/run/docker.sock: connect: no such file or directory"
time=2026-10-07T16:40:00.861Z level=DEBUG msg="storing new metric label set" component=prom.Expirer labelValues="[write true loop5]"
time=2026-10-07T16:40:00.861Z level=DEBUG msg="storing new metric label set" component=prom.Expirer labelValues="[ write   true 10.0.2.15 loop5]"
time=2026-10-07T16:40:00.861Z level=DEBUG msg="storing new metric label set" component=prom.Expirer labelValues="[write true loop5]"
time=2026-10-07T16:40:00.861Z level=DEBUG msg="storing new metric label set" component=prom.Expirer labelValues="[write true loop4]"
time=2026-10-07T16:40:00.861Z level=DEBUG msg="storing new metric label set" component=prom.Expirer labelValues="[ write   true 10.0.2.15 loop4]"
time=2026-10-07T16:40:00.861Z level=DEBUG msg="storing new metric label set" component=prom.Expirer labelValues="[write true loop4]"
time=2026-10-07T16:40:00.861Z level=DEBUG msg="storing new metric label set" component=prom.Expirer labelValues="[write true dm-1]"
time=2026-10-07T16:40:00.861Z level=DEBUG msg="storing new metric label set" component=prom.Expirer labelValues="[ write   true 10.0.2.15 dm-1]"
time=2026-10-07T16:40:00.861Z level=DEBUG msg="storing new metric label set" component=prom.Expirer labelValues="[write true dm-1]"
time=2026-10-07T16:40:00.861Z level=DEBUG msg="storing new metric label set" component=prom.Expirer labelValues="[write true loop4]"
time=2026-10-07T16:40:00.861Z level=DEBUG msg="storing new metric label set" component=prom.Expirer labelValues="[write true dm-1]"
time=2026-10-07T16:40:01.464Z level=DEBUG msg="failed to get docker info" component=docker.ContainerStore error="failed to connect to the docker API at unix:///var/run/docker.sock; check if the path is correct and if the daemon is running: dial unix /var/run/docker.sock: connect: no such file or directory"
time=2026-10-07T16:40:02.464Z level=DEBUG msg="failed to get docker info" component=docker.ContainerStore error="failed to connect to the docker API at unix:///var/run/docker.sock; check if the path is correct and if the daemon is running: dial unix /var/run/docker.sock: connect: no such file or directory"
time=2026-10-07T16:40:03.465Z level=DEBUG msg="failed to get docker info" component=docker.ContainerStore error="failed to connect to the docker API at unix:///var/run/docker.sock; check if the path is correct and if the daemon is running: dial unix /var/run/docker.sock: connect: no such file or directory"
time=2026-10-07T16:40:04.466Z level=DEBUG msg="failed to get docker info" component=docker.ContainerStore error="failed to connect to the docker API at unix:///var/run/docker.sock; check if the path is correct and if the daemon is running: dial unix /var/run/docker.sock: connect: no such file or directory"
time=2026-10-07T16:40:05.467Z level=DEBUG msg="failed to get docker info" component=docker.ContainerStore error="failed to connect to the docker API at unix:///var/run/docker.sock; check if the path is correct and if the daemon is running: dial unix /var/run/docker.sock: connect: no such file or directory"
time=2026-10-07T16:40:06.468Z level=DEBUG msg="failed to get docker info" component=docker.ContainerStore error="failed to connect to the docker API at unix:///var/run/docker.sock; check if the path is correct and if the daemon is running: dial unix /var/run/docker.sock: connect: no such file or directory"
time=2026-10-07T16:40:07.469Z level=DEBUG msg="failed to get docker info" component=docker.ContainerStore error="failed to connect to the docker API at unix:///var/run/docker.sock; check if the path is correct and if the daemon is running: dial unix /var/run/docker.sock: connect: no such file or directory"
time=2026-10-07T16:40:08.470Z level=DEBUG msg="failed to get docker info" component=docker.ContainerStore error="failed to connect to the docker API at unix:///var/run/docker.sock; check if the path is correct and if the daemon is running: dial unix /var/run/docker.sock: connect: no such file or directory"
time=2026-10-07T16:40:09.471Z level=DEBUG msg="failed to get docker info" component=docker.ContainerStore error="failed to connect to the docker API at unix:///var/run/docker.sock; check if the path is correct and if the daemon is running: dial unix /var/run/docker.sock: connect: no such file or directory"
time=2026-10-07T16:40:10.472Z level=DEBUG msg="failed to get docker info" component=docker.ContainerStore error="failed to connect to the docker API at unix:///var/run/docker.sock; check if the path is correct and if the daemon is running: dial unix /var/run/docker.sock: connect: no such file or directory"
time=2026-10-07T16:40:11.473Z level=DEBUG msg="failed to get docker info" component=docker.ContainerStore error="failed to connect to the docker API at unix:///var/run/docker.sock; check if the path is correct and if the daemon is running: dial unix /var/run/docker.sock: connect: no such file or directory"
time=2026-10-07T16:40:12.474Z level=DEBUG msg="failed to get docker info" component=docker.ContainerStore error="failed to connect to the docker API at unix:///var/run/docker.sock; check if the path is correct and if the daemon is running: dial unix /var/run/docker.sock: connect: no such file or directory"
time=2026-10-07T16:40:13.475Z level=DEBUG msg="failed to get docker info" component=docker.ContainerStore error="failed to connect to the docker API at unix:///var/run/docker.sock; check if the path is correct and if the daemon is running: dial unix /var/run/docker.sock: connect: no such file or directory"
time=2026-10-07T16:40:14.476Z level=DEBUG msg="failed to get docker info" component=docker.ContainerStore error="failed to connect to the docker API at unix:///var/run/docker.sock; check if the path is correct and if the daemon is running: dial unix /var/run/docker.sock: connect: no such file or directory"
time=2026-10-07T16:40:15.477Z level=DEBUG msg="failed to get docker info" component=docker.ContainerStore error="failed to connect to the docker API at unix:///var/run/docker.sock; check if the path is correct and if the daemon is running: dial unix /var/run/docker.sock: connect: no such file or directory"
time=2026-10-07T16:40:16.477Z level=DEBUG msg="failed to get docker info" component=docker.ContainerStore error="failed to connect to the docker API at unix:///var/run/docker.sock; check if the path is correct and if the daemon is running: dial unix /var/run/docker.sock: connect: no such file or directory"
time=2026-10-07T16:40:17.478Z level=DEBUG msg="failed to get docker info" component=docker.ContainerStore error="failed to connect to the docker API at unix:///var/run/docker.sock; check if the path is correct and if the daemon is running: dial unix /var/run/docker.sock: connect: no such file or directory"
time=2026-10-07T16:40:18.479Z level=DEBUG msg="failed to get docker info" component=docker.ContainerStore error="failed to connect to the docker API at unix:///var/run/docker.sock; check if the path is correct and if the daemon is running: dial unix /var/run/docker.sock: connect: no such file or directory"
time=2026-10-07T16:40:19.480Z level=DEBUG msg="failed to get docker info" component=docker.ContainerStore error="failed to connect to the docker API at unix:///var/run/docker.sock; check if the path is correct and if the daemon is running: dial unix /var/run/docker.sock: connect: no such file or directory"
time=2026-10-07T16:40:20.481Z level=DEBUG msg="failed to get docker info" component=docker.ContainerStore error="failed to connect to the docker API at unix:///var/run/docker.sock; check if the path is correct and if the daemon is running: dial unix /var/run/docker.sock: connect: no such file or directory"
time=2026-10-07T16:40:21.482Z level=DEBUG msg="failed to get docker info" component=docker.ContainerStore error="failed to connect to the docker API at unix:///var/run/docker.sock; check if the path is correct and if the daemon is running: dial unix /var/run/docker.sock: connect: no such file or directory"
time=2026-10-07T16:40:22.482Z level=DEBUG msg="failed to get docker info" component=docker.ContainerStore error="failed to connect to the docker API at unix:///var/run/docker.sock; check if the path is correct and if the daemon is running: dial unix /var/run/docker.sock: connect: no such file or directory"
time=2026-10-07T16:40:23.483Z level=DEBUG msg="failed to get docker info" component=docker.ContainerStore error="failed to connect to the docker API at unix:///var/run/docker.sock; check if the path is correct and if the daemon is running: dial unix /var/run/docker.sock: connect: no such file or directory"
time=2026-10-07T16:40:24.484Z level=DEBUG msg="failed to get docker info" component=docker.ContainerStore error="failed to connect to the docker API at unix:///var/run/docker.sock; check if the path is correct and if the daemon is running: dial unix /var/run/docker.sock: connect: no such file or directory"
time=2026-10-07T16:40:25.484Z level=DEBUG msg="failed to get docker info" component=docker.ContainerStore error="failed to connect to the docker API at unix:///var/run/docker.sock; check if the path is correct and if the daemon is running: dial unix /var/run/docker.sock: connect: no such file or directory"
time=2026-10-07T16:40:26.485Z level=DEBUG msg="failed to get docker info" component=docker.ContainerStore error="failed to connect to the docker API at unix:///var/run/docker.sock; check if the path is correct and if the daemon is running: dial unix /var/run/docker.sock: connect: no such file or directory"
time=2026-10-07T16:40:27.486Z level=DEBUG msg="failed to get docker info" component=docker.ContainerStore error="failed to connect to the docker API at unix:///var/run/docker.sock; check if the path is correct and if the daemon is running: dial unix /var/run/docker.sock: connect: no such file or directory"
time=2026-10-07T16:40:28.486Z level=DEBUG msg="failed to get docker info" component=docker.ContainerStore error="failed to connect to the docker API at unix:///var/run/docker.sock; check if the path is correct and if the daemon is running: dial unix /var/run/docker.sock: connect: no such file or directory"
time=2026-10-07T16:40:29.487Z level=DEBUG msg="failed to get docker info" component=docker.ContainerStore error="failed to connect to the docker API at unix:///var/run/docker.sock; check if the path is correct and if the daemon is running: dial unix /var/run/docker.sock: connect: no such file or directory"
time=2026-10-07T16:40:30.488Z level=DEBUG msg="failed to get docker info" component=docker.ContainerStore error="failed to connect to the docker API at unix:///var/run/docker.sock; check if the path is correct and if the daemon is running: dial unix /var/run/docker.sock: connect: no such file or directory"
time=2026-10-07T16:40:31.488Z level=DEBUG msg="failed to get docker info" component=docker.ContainerStore error="failed to connect to the docker API at unix:///var/run/docker.sock; check if the path is correct and if the daemon is running: dial unix /var/run/docker.sock: connect: no such file or directory"
time=2026-10-07T16:40:32.489Z level=DEBUG msg="failed to get docker info" component=docker.ContainerStore error="failed to connect to the docker API at unix:///var/run/docker.sock; check if the path is correct and if the daemon is running: dial unix /var/run/docker.sock: connect: no such file or directory"
time=2026-10-07T16:40:33.490Z level=DEBUG msg="failed to get docker info" component=docker.ContainerStore error="failed to connect to the docker API at unix:///var/run/docker.sock; check if the path is correct and if the daemon is running: dial unix /var/run/docker.sock: connect: no such file or directory"
time=2026-10-07T16:40:34.490Z level=DEBUG msg="failed to get docker info" component=docker.ContainerStore error="failed to connect to the docker API at unix:///var/run/docker.sock; check if the path is correct and if the daemon is running: dial unix /var/run/docker.sock: connect: no such file or directory"
time=2026-10-07T16:40:35.491Z level=DEBUG msg="failed to get docker info" component=docker.ContainerStore error="failed to connect to the docker API at unix:///var/run/docker.sock; check if the path is correct and if the daemon is running: dial unix /var/run/docker.sock: connect: no such file or directory"
time=2026-10-07T16:40:36.492Z level=DEBUG msg="failed to get docker info" component=docker.ContainerStore error="failed to connect to the docker API at unix:///var/run/docker.sock; check if the path is correct and if the daemon is running: dial unix /var/run/docker.sock: connect: no such file or directory"
time=2026-10-07T16:40:37.493Z level=DEBUG msg="failed to get docker info" component=docker.ContainerStore error="failed to connect to the docker API at unix:///var/run/docker.sock; check if the path is correct and if the daemon is running: dial unix /var/run/docker.sock: connect: no such file or directory"
time=2026-10-07T16:40:38.493Z level=DEBUG msg="failed to get docker info" component=docker.ContainerStore error="failed to connect to the docker API at unix:///var/run/docker.sock; check if the path is correct and if the daemon is running: dial unix /var/run/docker.sock: connect: no such file or directory"
time=2026-10-07T16:40:39.494Z level=DEBUG msg="failed to get docker info" component=docker.ContainerStore error="failed to connect to the docker API at unix:///var/run/docker.sock; check if the path is correct and if the daemon is running: dial unix /var/run/docker.sock: connect: no such file or directory"
time=2026-10-07T16:40:40.495Z level=DEBUG msg="failed to get docker info" component=docker.ContainerStore error="failed to connect to the docker API at unix:///var/run/docker.sock; check if the path is correct and if the daemon is running: dial unix /var/run/docker.sock: connect: no such file or directory"
time=2026-10-07T16:40:41.497Z level=DEBUG msg="failed to get docker info" component=docker.ContainerStore error="failed to connect to the docker API at unix:///var/run/docker.sock; check if the path is correct and if the daemon is running: dial unix /var/run/docker.sock: connect: no such file or directory"
time=2026-10-07T16:40:42.497Z level=DEBUG msg="failed to get docker info" component=docker.ContainerStore error="failed to connect to the docker API at unix:///var/run/docker.sock; check if the path is correct and if the daemon is running: dial unix /var/run/docker.sock: connect: no such file or directory"
time=2026-10-07T16:40:43.498Z level=DEBUG msg="failed to get docker info" component=docker.ContainerStore error="failed to connect to the docker API at unix:///var/run/docker.sock; check if the path is correct and if the daemon is running: dial unix /var/run/docker.sock: connect: no such file or directory"
time=2026-10-07T16:40:44.498Z level=DEBUG msg="failed to get docker info" component=docker.ContainerStore error="failed to connect to the docker API at unix:///var/run/docker.sock; check if the path is correct and if the daemon is running: dial unix /var/run/docker.sock: connect: no such file or directory"
time=2026-10-07T16:40:45.499Z level=DEBUG msg="failed to get docker info" component=docker.ContainerStore error="failed to connect to the docker API at unix:///var/run/docker.sock; check if the path is correct and if the daemon is running: dial unix /var/run/docker.sock: connect: no such file or directory"
time=2026-10-07T16:40:46.501Z level=DEBUG msg="failed to get docker info" component=docker.ContainerStore error="failed to connect to the docker API at unix:///var/run/docker.sock; check if the path is correct and if the daemon is running: dial unix /var/run/docker.sock: connect: no such file or directory"
time=2026-10-07T16:40:47.502Z level=DEBUG msg="failed to get docker info" component=docker.ContainerStore error="failed to connect to the docker API at unix:///var/run/docker.sock; check if the path is correct and if the daemon is running: dial unix /var/run/docker.sock: connect: no such file or directory"
time=2026-10-07T16:40:48.503Z level=DEBUG msg="failed to get docker info" component=docker.ContainerStore error="failed to connect to the docker API at unix:///var/run/docker.sock; check if the path is correct and if the daemon is running: dial unix /var/run/docker.sock: connect: no such file or directory"
time=2026-10-07T16:40:49.503Z level=DEBUG msg="failed to get docker info" component=docker.ContainerStore error="failed to connect to the docker API at unix:///var/run/docker.sock; check if the path is correct and if the daemon is running: dial unix /var/run/docker.sock: connect: no such file or directory"
time=2026-10-07T16:40:50.504Z level=DEBUG msg="failed to get docker info" component=docker.ContainerStore error="failed to connect to the docker API at unix:///var/run/docker.sock; check if the path is correct and if the daemon is running: dial unix /var/run/docker.sock: connect: no such file or directory"
time=2026-10-07T16:40:51.505Z level=DEBUG msg="failed to get docker info" component=docker.ContainerStore error="failed to connect to the docker API at unix:///var/run/docker.sock; check if the path is correct and if the daemon is running: dial unix /var/run/docker.sock: connect: no such file or directory"
time=2026-10-07T16:40:52.506Z level=DEBUG msg="failed to get docker info" component=docker.ContainerStore error="failed to connect to the docker API at unix:///var/run/docker.sock; check if the path is correct and if the daemon is running: dial unix /var/run/docker.sock: connect: no such file or directory"
time=2026-10-07T16:40:53.508Z level=DEBUG msg="failed to get docker info" component=docker.ContainerStore error="failed to connect to the docker API at unix:///var/run/docker.sock; check if the path is correct and if the daemon is running: dial unix /var/run/docker.sock: connect: no such file or directory"
time=2026-10-07T16:40:54.509Z level=DEBUG msg="failed to get docker info" component=docker.ContainerStore error="failed to connect to the docker API at unix:///var/run/docker.sock; check if the path is correct and if the daemon is running: dial unix /var/run/docker.sock: connect: no such file or directory"
time=2026-10-07T16:40:55.509Z level=DEBUG msg="failed to get docker info" component=docker.ContainerStore error="failed to connect to the docker API at unix:///var/run/docker.sock; check if the path is correct and if the daemon is running: dial unix /var/run/docker.sock: connect: no such file or directory"
time=2026-10-07T16:40:56.511Z level=DEBUG msg="failed to get docker info" component=docker.ContainerStore error="failed to connect to the docker API at unix:///var/run/docker.sock; check if the path is correct and if the daemon is running: dial unix /var/run/docker.sock: connect: no such file or directory"
time=2026-10-07T16:40:57.512Z level=DEBUG msg="failed to get docker info" component=docker.ContainerStore error="failed to connect to the docker API at unix:///var/run/docker.sock; check if the path is correct and if the daemon is running: dial unix /var/run/docker.sock: connect: no such file or directory"
time=2026-10-07T16:40:58.513Z level=DEBUG msg="failed to get docker info" component=docker.ContainerStore error="failed to connect to the docker API at unix:///var/run/docker.sock; check if the path is correct and if the daemon is running: dial unix /var/run/docker.sock: connect: no such file or directory"
time=2026-10-07T16:40:59.514Z level=DEBUG msg="failed to get docker info" component=docker.ContainerStore error="failed to connect to the docker API at unix:///var/run/docker.sock; check if the path is correct and if the daemon is running: dial unix /var/run/docker.sock: connect: no such file or directory"
time=2026-10-07T16:41:00.515Z level=DEBUG msg="failed to get docker info" component=docker.ContainerStore error="failed to connect to the docker API at unix:///var/run/docker.sock; check if the path is correct and if the daemon is running: dial unix /var/run/docker.sock: connect: no such file or directory"
time=2026-10-07T16:41:01.515Z level=DEBUG msg="failed to get docker info" component=docker.ContainerStore error="failed to connect to the docker API at unix:///var/run/docker.sock; check if the path is correct and if the daemon is running: dial unix /var/run/docker.sock: connect: no such file or directory"
time=2026-10-07T16:41:02.516Z level=DEBUG msg="failed to get docker info" component=docker.ContainerStore error="failed to connect to the docker API at unix:///var/run/docker.sock; check if the path is correct and if the daemon is running: dial unix /var/run/docker.sock: connect: no such file or directory"
time=2026-10-07T16:41:03.517Z level=DEBUG msg="failed to get docker info" component=docker.ContainerStore error="failed to connect to the docker API at unix:///var/run/docker.sock; check if the path is correct and if the daemon is running: dial unix /var/run/docker.sock: connect: no such file or directory"
time=2026-10-07T16:41:04.519Z level=DEBUG msg="failed to get docker info" component=docker.ContainerStore error="failed to connect to the docker API at unix:///var/run/docker.sock; check if the path is correct and if the daemon is running: dial unix /var/run/docker.sock: connect: no such file or directory"
time=2026-10-07T16:41:05.519Z level=DEBUG msg="failed to get docker info" component=docker.ContainerStore error="failed to connect to the docker API at unix:///var/run/docker.sock; check if the path is correct and if the daemon is running: dial unix /var/run/docker.sock: connect: no such file or directory"
time=2026-10-07T16:41:06.520Z level=DEBUG msg="failed to get docker info" component=docker.ContainerStore error="failed to connect to the docker API at unix:///var/run/docker.sock; check if the path is correct and if the daemon is running: dial unix /var/run/docker.sock: connect: no such file or directory"
time=2026-10-07T16:41:07.521Z level=DEBUG msg="failed to get docker info" component=docker.ContainerStore error="failed to connect to the docker API at unix:///var/run/docker.sock; check if the path is correct and if the daemon is running: dial unix /var/run/docker.sock: connect: no such file or directory"
time=2026-10-07T16:41:08.522Z level=DEBUG msg="failed to get docker info" component=docker.ContainerStore error="failed to connect to the docker API at unix:///var/run/docker.sock; check if the path is correct and if the daemon is running: dial unix /var/run/docker.sock: connect: no such file or directory"
time=2026-10-07T16:41:09.523Z level=DEBUG msg="failed to get docker info" component=docker.ContainerStore error="failed to connect to the docker API at unix:///var/run/docker.sock; check if the path is correct and if the daemon is running: dial unix /var/run/docker.sock: connect: no such file or directory"
time=2026-10-07T16:41:10.524Z level=DEBUG msg="failed to get docker info" component=docker.ContainerStore error="failed to connect to the docker API at unix:///var/run/docker.sock; check if the path is correct and if the daemon is running: dial unix /var/run/docker.sock: connect: no such file or directory"
time=2026-10-07T16:41:11.525Z level=DEBUG msg="failed to get docker info" component=docker.ContainerStore error="failed to connect to the docker API at unix:///var/run/docker.sock; check if the path is correct and if the daemon is running: dial unix /var/run/docker.sock: connect: no such file or directory"
time=2026-10-07T16:41:12.526Z level=DEBUG msg="failed to get docker info" component=docker.ContainerStore error="failed to connect to the docker API at unix:///var/run/docker.sock; check if the path is correct and if the daemon is running: dial unix /var/run/docker.sock: connect: no such file or directory"
time=2026-10-07T16:41:13.527Z level=DEBUG msg="failed to get docker info" component=docker.ContainerStore error="failed to connect to the docker API at unix:///var/run/docker.sock; check if the path is correct and if the daemon is running: dial unix /var/run/docker.sock: connect: no such file or directory"
time=2026-10-07T16:41:14.527Z level=DEBUG msg="failed to get docker info" component=docker.ContainerStore error="failed to connect to the docker API at unix:///var/run/docker.sock; check if the path is correct and if the daemon is running: dial unix /var/run/docker.sock: connect: no such file or directory"
time=2026-10-07T16:41:15.528Z level=DEBUG msg="failed to get docker info" component=docker.ContainerStore error="failed to connect to the docker API at unix:///var/run/docker.sock; check if the path is correct and if the daemon is running: dial unix /var/run/docker.sock: connect: no such file or directory"
time=2026-10-07T16:41:16.529Z level=DEBUG msg="failed to get docker info" component=docker.ContainerStore error="failed to connect to the docker API at unix:///var/run/docker.sock; check if the path is correct and if the daemon is running: dial unix /var/run/docker.sock: connect: no such file or directory"
time=2026-10-07T16:41:16.662Z level=DEBUG msg="storing new metric label set" component=prom.Expirer labelValues="[  fsync 10.0.2.15 /mnt/nfs nfs4]"
time=2026-10-07T16:41:16.662Z level=DEBUG msg="storing new metric label set" component=prom.Expirer labelValues="[ CLOSE 4 127.0.0.1]"
time=2026-10-07T16:41:16.662Z level=DEBUG msg="storing new metric label set" component=prom.Expirer labelValues="[CLOSE 4 127.0.0.1]"
time=2026-10-07T16:41:16.662Z level=DEBUG msg="storing new metric label set" component=prom.Expirer labelValues="[ENOENT LOOKUP 4 127.0.0.1]"
time=2026-10-07T16:41:16.662Z level=DEBUG msg="storing new metric label set" component=prom.Expirer labelValues="[LOOKUP 4 127.0.0.1]"
time=2026-10-07T16:41:16.662Z level=DEBUG msg="storing new metric label set" component=prom.Expirer labelValues="[ OPEN 4 127.0.0.1]"
time=2026-10-07T16:41:16.662Z level=DEBUG msg="storing new metric label set" component=prom.Expirer labelValues="[ WRITE 4 127.0.0.1]"
time=2026-10-07T16:41:16.662Z level=DEBUG msg="storing new metric label set" component=prom.Expirer labelValues="[WRITE 4 127.0.0.1]"
time=2026-10-07T16:41:16.662Z level=DEBUG msg="storing new metric label set" component=prom.Expirer labelValues="[ OPEN_NOATTR 4 127.0.0.1]"
time=2026-10-07T16:41:16.662Z level=DEBUG msg="storing new metric label set" component=prom.Expirer labelValues="[OPEN_NOATTR 4 127.0.0.1]"
time=2026-10-07T16:41:16.662Z level=DEBUG msg="storing new metric label set" component=prom.Expirer labelValues="[ READ 4 127.0.0.1]"
time=2026-10-07T16:41:16.662Z level=DEBUG msg="storing new metric label set" component=prom.Expirer labelValues="[READ 4 127.0.0.1]"
time=2026-10-07T16:41:16.662Z level=DEBUG msg="storing new metric label set" component=prom.Expirer labelValues="[receive 127.0.0.1]"
time=2026-10-07T16:41:16.662Z level=DEBUG msg="storing new metric label set" component=prom.Expirer labelValues="[transmit 127.0.0.1]"
time=2026-10-07T16:41:17.530Z level=DEBUG msg="failed to get docker info" component=docker.ContainerStore error="failed to connect to the docker API at unix:///var/run/docker.sock; check if the path is correct and if the daemon is running: dial unix /var/run/docker.sock: connect: no such file or directory"
time=2026-10-07T16:41:18.532Z level=DEBUG msg="failed to get docker info" component=docker.ContainerStore error="failed to connect to the docker API at unix:///var/run/docker.sock; check if the path is correct and if the daemon is running: dial unix /var/run/docker.sock: connect: no such file or directory"
time=2026-10-07T16:41:19.532Z level=DEBUG msg="failed to get docker info" component=docker.ContainerStore error="failed to connect to the docker API at unix:///var/run/docker.sock; check if the path is correct and if the daemon is running: dial unix /var/run/docker.sock: connect: no such file or directory"
time=2026-10-07T16:41:19.633Z level=DEBUG msg="received metrics request" component=connector.PrometheusManager uri=/metrics remoteAddr=[::1]:45420
time=2026-10-07T16:41:19.634Z level=INFO msg="stopping Stats agent" component=agent.StatsO11y
time=2026-10-07T16:41:19.634Z level=DEBUG msg="unregistering eBPF objects" component=ebpf.StatFetcher
time=2026-10-07T16:41:19.634Z level=DEBUG msg="context is cancelled. Closing events reader" component=stat.RingBufTracer
time=2026-10-07T16:41:19.634Z level=DEBUG msg="ring buffer is closed" component=stat.RingBufTracer
time=2026-10-07T16:41:19.634Z level=DEBUG msg="closing eBPF resources" component=stat.RingBufTracer len=1
time=2026-10-07T16:41:19.634Z level=DEBUG msg="Prometheus endpoint server was closed" component=connector.PrometheusManager port=9400 error="http: Server closed"
time=2026-10-07T16:41:19.634Z level=DEBUG msg="the eBPF resources are closed" component=stat.RingBufTracer
time=2026-10-07T16:41:19.796Z level=DEBUG msg="waiting for all nodes to finish their pending work" component=agent.StatsO11y
time=2026-10-07T16:41:19.796Z level=INFO msg="Stats agent stopped" component=agent.StatsO11y
time=2026-10-07T16:41:19.796Z level=DEBUG msg="OBI main node finished"
time=2026-10-07T16:41:19.796Z level=INFO msg="OpenTelemetry eBPF Instrumentation successfully exiting"
