[    0.000000] Linux version 5.10.270-0510270-generic (kernel@balboa) (gcc (Ubuntu 11.4.0-1ubuntu1~22.04.3) 11.4.0, GNU ld (GNU Binutils for Ubuntu) 2.38) #202609141137 SMP Mon Sep 14 13:21:13 UTC 2026
[    0.000000] Command line: console=ttyS0,115200 root=/dev/vda rw rootfstype=ext4 init=/lab-init.sh panic=-1 cgroup_no_v1=all mitigations=off loglevel=4 rcupdate.rcu_cpu_stall_timeout=120 
[    0.000000] KERNEL supported cpus:
[line about the CPU removed]
[line about the CPU removed]
[line about the CPU removed]
[    0.000000]   Centaur CentaurHauls
[    0.000000]   zhaoxin   Shanghai  
[    0.000000] BIOS-provided physical RAM map:
[    0.000000] BIOS-e820: [mem 0x0000000000000000-0x000000000009fbff] usable
[    0.000000] BIOS-e820: [mem 0x000000000009fc00-0x000000000009ffff] reserved
[    0.000000] BIOS-e820: [mem 0x00000000000f0000-0x00000000000fffff] reserved
[    0.000000] BIOS-e820: [mem 0x0000000000100000-0x00000000bffdcfff] usable
[    0.000000] BIOS-e820: [mem 0x00000000bffdd000-0x00000000bfffffff] reserved
[    0.000000] BIOS-e820: [mem 0x00000000feffc000-0x00000000feffffff] reserved
[    0.000000] BIOS-e820: [mem 0x00000000fffc0000-0x00000000ffffffff] reserved
[    0.000000] BIOS-e820: [mem 0x0000000100000000-0x000000013fffffff] usable
[    0.000000] NX (Execute Disable) protection: active
[    0.000000] SMBIOS 2.8 present.
[    0.000000] DMI: QEMU Standard PC (i440FX + PIIX, 1996), BIOS [removed]
[    0.000000] Hypervisor detected: KVM
[    0.000000] kvm-clock: Using msrs 4b564d01 and 4b564d00
[    0.000000] kvm-clock: cpu 0, msr 1ae01001, primary cpu clock
[    0.000000] kvm-clock: using sched offset of 90809438 cycles
[    0.000002] clocksource: kvm-clock: mask: 0xffffffffffffffff max_cycles: 0x1cd42e4dffb, max_idle_ns: 881590591483 ns
[line about the CPU removed]
[    0.000199] e820: update [mem 0x00000000-0x00000fff] usable ==> reserved
[    0.000201] e820: remove [mem 0x000a0000-0x000fffff] usable
[    0.000205] last_pfn = 0x140000 max_arch_pfn = 0x400000000
[    0.000231] MTRR default type: write-back
[    0.000232] MTRR fixed ranges enabled:
[    0.000233]   00000-9FFFF write-back
[    0.000233]   A0000-BFFFF uncachable
[    0.000234]   C0000-FFFFF write-protect
[    0.000235] MTRR variable ranges enabled:
[    0.000236]   0 base 0000C0000000 mask 3FFFC0000000 uncachable
[    0.000236]   1 disabled
[    0.000237]   2 disabled
[    0.000237]   3 disabled
[    0.000237]   4 disabled
[    0.000238]   5 disabled
[    0.000238]   6 disabled
[    0.000239]   7 disabled
[    0.000247] x86/PAT: Configuration [0-7]: WB  WC  UC- UC  WB  WP  UC- WT  
[    0.000255] last_pfn = 0xbffdd max_arch_pfn = 0x400000000
[    0.003244] found SMP MP-table at [mem 0x000f54d0-0x000f54df]
[    0.003314] check: Scanning 1 areas for low memory corruption
[    0.003369] Using GB pages for direct mapping
[    0.003641] RAMDISK: [mem 0xbff1d000-0xbffcffff]
[    0.003644] ACPI: Early table checksum verification disabled
[    0.003648] ACPI: RSDP 0x00000000000F52F0 000014 (v00 BOCHS )
[    0.003652] ACPI: RSDT 0x00000000BFFE2373 000034 (v01 BOCHS  BXPC     00000001 BXPC 00000001)
[    0.003657] ACPI: FACP 0x00000000BFFE221F 000074 (v01 BOCHS  BXPC     00000001 BXPC 00000001)
[    0.003661] ACPI: DSDT 0x00000000BFFE0040 0021DF (v01 BOCHS  BXPC     00000001 BXPC 00000001)
[    0.003664] ACPI: FACS 0x00000000BFFE0000 000040
[    0.003666] ACPI: APIC 0x00000000BFFE2293 000080 (v03 BOCHS  BXPC     00000001 BXPC 00000001)
[    0.003668] ACPI: HPET 0x00000000BFFE2313 000038 (v01 BOCHS  BXPC     00000001 BXPC 00000001)
[    0.003670] ACPI: WAET 0x00000000BFFE234B 000028 (v01 BOCHS  BXPC     00000001 BXPC 00000001)
[    0.003672] ACPI: Reserving FACP table memory at [mem 0xbffe221f-0xbffe2292]
[    0.003673] ACPI: Reserving DSDT table memory at [mem 0xbffe0040-0xbffe221e]
[    0.003674] ACPI: Reserving FACS table memory at [mem 0xbffe0000-0xbffe003f]
[    0.003674] ACPI: Reserving APIC table memory at [mem 0xbffe2293-0xbffe2312]
[    0.003675] ACPI: Reserving HPET table memory at [mem 0xbffe2313-0xbffe234a]
[    0.003675] ACPI: Reserving WAET table memory at [mem 0xbffe234b-0xbffe2372]
[    0.003694] ACPI: Local APIC address 0xfee00000
[    0.004061] No NUMA configuration found
[    0.004063] Faking a node at [mem 0x0000000000000000-0x000000013fffffff]
[    0.004069] NODE_DATA(0) allocated [mem 0x13ffd4000-0x13fffdfff]
[    0.004240] Zone ranges:
[    0.004241]   DMA      [mem 0x0000000000001000-0x0000000000ffffff]
[    0.004243]   DMA32    [mem 0x0000000001000000-0x00000000ffffffff]
[    0.004244]   Normal   [mem 0x0000000100000000-0x000000013fffffff]
[    0.004246]   Device   empty
[    0.004247] Movable zone start for each node
[    0.004248] Early memory node ranges
[    0.004249]   node   0: [mem 0x0000000000001000-0x000000000009efff]
[    0.004250]   node   0: [mem 0x0000000000100000-0x00000000bffdcfff]
[    0.004250]   node   0: [mem 0x0000000100000000-0x000000013fffffff]
[    0.004251] Initmem setup node 0 [mem 0x0000000000001000-0x000000013fffffff]
[    0.004253] On node 0 totalpages: 1048443
[    0.004254]   DMA zone: 64 pages used for memmap
[    0.004254]   DMA zone: 21 pages reserved
[    0.004255]   DMA zone: 3998 pages, LIFO batch:0
[    0.004256]   DMA32 zone: 12224 pages used for memmap
[    0.004256]   DMA32 zone: 782301 pages, LIFO batch:63
[    0.004257]   Normal zone: 4096 pages used for memmap
[    0.004258]   Normal zone: 262144 pages, LIFO batch:63
[    0.004437] On node 0, zone DMA: 1 pages in unavailable ranges
[    0.004451] On node 0, zone DMA: 97 pages in unavailable ranges
[    0.013099] On node 0, zone Normal: 35 pages in unavailable ranges
[    0.013710] ACPI: PM-Timer IO Port: 0x608
[    0.013714] ACPI: Local APIC address 0xfee00000
[    0.013728] ACPI: LAPIC_NMI (acpi_id[0xff] dfl dfl lint[0x1])
[    0.013767] IOAPIC[0]: apic_id 0, version 17, address 0xfec00000, GSI 0-23
[    0.013769] ACPI: INT_SRC_OVR (bus 0 bus_irq 0 global_irq 2 dfl dfl)
[    0.013770] ACPI: INT_SRC_OVR (bus 0 bus_irq 5 global_irq 5 high level)
[    0.013771] ACPI: INT_SRC_OVR (bus 0 bus_irq 9 global_irq 9 high level)
[    0.013772] ACPI: INT_SRC_OVR (bus 0 bus_irq 10 global_irq 10 high level)
[    0.013773] ACPI: INT_SRC_OVR (bus 0 bus_irq 11 global_irq 11 high level)
[    0.013774] ACPI: IRQ0 used by override.
[    0.013775] ACPI: IRQ5 used by override.
[    0.013775] ACPI: IRQ9 used by override.
[    0.013776] ACPI: IRQ10 used by override.
[    0.013776] ACPI: IRQ11 used by override.
[    0.013778] Using ACPI (MADT) for SMP configuration information
[    0.013779] ACPI: HPET id: 0x8086a201 base: 0xfed00000
[    0.013784] TSC deadline timer available
[    0.013786] smpboot: Allowing 2 CPUs, 0 hotplug CPUs
[    0.013796] kvm-guest: KVM setup pv remote TLB flush
[    0.013805] kvm-guest: setup PV sched yield
[    0.013813] PM: hibernation: Registered nosave memory: [mem 0x00000000-0x00000fff]
[    0.013814] PM: hibernation: Registered nosave memory: [mem 0x0009f000-0x000fffff]
[    0.013814] PM: hibernation: Registered nosave memory: [mem 0xbffdd000-0xffffffff]
[    0.013816] [mem 0xc0000000-0xfeffbfff] available for PCI devices
[    0.013817] Booting paravirtualized kernel on KVM
[    0.013821] clocksource: refined-jiffies: mask: 0xffffffff max_cycles: 0xffffffff, max_idle_ns: 7645519600211568 ns
[    0.013828] setup_percpu: NR_CPUS:8192 nr_cpumask_bits:2 nr_cpu_ids:2 nr_node_ids:1
[    0.014084] percpu: Embedded 64 pages/cpu s225280 r8192 d28672 u1048576
[    0.014087] pcpu-alloc: s225280 r8192 d28672 u1048576 alloc=1*2097152
[    0.014089] pcpu-alloc: [0] 0 1 
[    0.014115] kvm-guest: KVM setup async PF for cpu 0
[    0.014118] kvm-guest: stealtime: cpu 0, msr 13bc36080
[    0.014121] kvm-guest: PV spinlocks enabled
[    0.014124] PV qspinlock hash table entries: 256 (order: 0, 4096 bytes, linear)
[    0.014130] Built 1 zonelists, mobility grouping on.  Total pages: 1032038
[    0.014131] Policy zone: Normal
[    0.014132] Kernel command line: console=ttyS0,115200 root=/dev/vda rw rootfstype=ext4 init=/lab-init.sh panic=-1 cgroup_no_v1=all mitigations=off loglevel=4 rcupdate.rcu_cpu_stall_timeout=120 
[    0.014648] Dentry cache hash table entries: 524288 (order: 10, 4194304 bytes, linear)
[    0.014871] Inode-cache hash table entries: 262144 (order: 9, 2097152 bytes, linear)
[    0.014904] mem auto-init: stack:off, heap alloc:on, heap free:off
[    0.027181] Memory: 3999016K/4193772K available (16394K kernel code, 3482K rwdata, 10360K rodata, 2996K init, 17948K bss, 194496K reserved, 0K cma-reserved)
[    0.027464] SLUB: HWalign=64, Order=0-3, MinObjects=0, CPUs=2, Nodes=1
[    0.027497] ftrace: allocating 49334 entries in 193 pages
[    0.047839] ftrace: allocated 193 pages with 3 groups
[    0.048205] rcu: Hierarchical RCU implementation.
[    0.048206] rcu: 	RCU restricting CPUs from NR_CPUS=8192 to nr_cpu_ids=2.
[    0.048207] 	RCU CPU stall warnings timeout set to 120 (rcu_cpu_stall_timeout).
[    0.048207] 	Rude variant of Tasks RCU enabled.
[    0.048208] 	Tracing variant of Tasks RCU enabled.
[    0.048209] rcu: RCU calculated value of scheduler-enlistment delay is 25 jiffies.
[    0.048210] rcu: Adjusting geometry for rcu_fanout_leaf=16, nr_cpu_ids=2
[    0.050673] NR_IRQS: 524544, nr_irqs: 440, preallocated irqs: 16
[    0.050863] random: crng init done
[    0.051026] Console: colour *CGA 80x25
[    0.051102] printk: console [ttyS0] enabled
[    0.051117] ACPI: Core revision 20200925
[    0.051341] clocksource: hpet: mask: 0xffffffff max_cycles: 0xffffffff, max_idle_ns: 19112604467 ns
[    0.051952] APIC: Switch to symmetric I/O mode setup
[    0.052727] x2apic enabled
[    0.053254] Switched APIC routing to physical x2apic.
[    0.053261] kvm-guest: setup PV IPIs
[    0.055582] ..TIMER: vector=0x30 apic1=0 pin1=2 apic2=-1 pin2=-1
[    0.055639] clocksource: tsc-early: mask: 0xffffffffffffffff max_cycles: 0x6a464ae9873, max_idle_ns: 881590529744 ns
[line about the CPU removed]
[line about the CPU removed]
[line about the CPU removed]
[line about the CPU removed]
[line about the CPU removed]
[line about the CPU removed]
[line about the CPU removed]
[line about the CPU removed]
[line about the CPU removed]
[line about the CPU removed]
[line about the CPU removed]
[line about the CPU removed]
[line about the CPU removed]
[    0.087576] Freeing SMP alternatives memory: 40K
[    0.088841] pid_max: default: 32768 minimum: 301
[    0.088872] LSM: Security Framework initializing
[    0.088881] Yama: becoming mindful.
[    0.089160] AppArmor: AppArmor initialized
[    0.089192] Mount-cache hash table entries: 8192 (order: 4, 65536 bytes, linear)
[    0.089196] Mountpoint-cache hash table entries: 8192 (order: 4, 65536 bytes, linear)
[    0.089341] Disabling cpuset control group subsystem in v1 mounts
[    0.089345] Disabling cpu control group subsystem in v1 mounts
[    0.089347] Disabling cpuacct control group subsystem in v1 mounts
[    0.089350] Disabling io control group subsystem in v1 mounts
[    0.089356] Disabling memory control group subsystem in v1 mounts
[    0.089361] Disabling devices control group subsystem in v1 mounts
[    0.089362] Disabling freezer control group subsystem in v1 mounts
[    0.089366] Disabling net_cls control group subsystem in v1 mounts
[    0.089368] Disabling perf_event control group subsystem in v1 mounts
[    0.089369] Disabling net_prio control group subsystem in v1 mounts
[    0.089371] Disabling hugetlb control group subsystem in v1 mounts
[    0.089372] Disabling pids control group subsystem in v1 mounts
[    0.089374] Disabling rdma control group subsystem in v1 mounts
[line about the CPU removed]
[line about the CPU removed]
[    0.089762] rcu: Hierarchical SRCU implementation.
[    0.090099] NMI watchdog: Perf NMI watchdog permanently disabled
[    0.090140] smp: Bringing up secondary CPUs ...
[    0.090219] x86: Booting SMP configuration:
[    0.090220] .... node  #0, CPUs:      #1
[    0.008794] kvm-clock: cpu 1, msr 1ae01041, secondary cpu clock
[    0.090509] kvm-guest: KVM setup async PF for cpu 1
[    0.090509] kvm-guest: stealtime: cpu 1, msr 13bd36080
[    0.090509] smp: Brought up 1 node, 2 CPUs
[    0.090509] smpboot: Max logical packages: 1
[line about the CPU removed]
[    0.090509] devtmpfs: initialized
[    0.090509] x86/mm: Memory block size: 128MB
[    0.090509] clocksource: jiffies: mask: 0xffffffff max_cycles: 0xffffffff, max_idle_ns: 7645041785100000 ns
[    0.090509] futex hash table entries: 512 (order: 3, 32768 bytes, linear)
[    0.090509] pinctrl core: initialized pinctrl subsystem
[    0.090509] PM: RTC time: 20:33:39, date: 2026-10-07
[    0.090509] NET: Registered protocol family 16
[    0.090509] DMA: preallocated 512 KiB GFP_KERNEL pool for atomic allocations
[    0.090509] DMA: preallocated 512 KiB GFP_KERNEL|GFP_DMA pool for atomic allocations
[    0.090509] DMA: preallocated 512 KiB GFP_KERNEL|GFP_DMA32 pool for atomic allocations
[    0.090509] audit: initializing netlink subsys (disabled)
[    0.090509] audit: type=2000 audit(1791405219.708:1): state=initialized audit_enabled=0 res=1
[    0.090509] thermal_sys: Registered thermal governor 'fair_share'
[    0.090509] thermal_sys: Registered thermal governor 'bang_bang'
[    0.090509] thermal_sys: Registered thermal governor 'step_wise'
[    0.090509] thermal_sys: Registered thermal governor 'user_space'
[    0.090509] thermal_sys: Registered thermal governor 'power_allocator'
[    0.090509] cpuidle: using governor ladder
[    0.090509] cpuidle: using governor menu
[    0.090509] ACPI: bus type PCI registered
[    0.090509] acpiphp: ACPI Hot Plug PCI Controller Driver version: 0.5
[    0.090509] PCI: Using configuration type 1 for base access
[    0.092323] Kprobes globally optimized
[    0.092327] HugeTLB registered 1.00 GiB page size, pre-allocated 0 pages
[    0.092327] HugeTLB registered 2.00 MiB page size, pre-allocated 0 pages
[    0.092327] ACPI: Added _OSI(Module Device)
[    0.092327] ACPI: Added _OSI(Processor Device)
[    0.092327] ACPI: Added _OSI(Processor Aggregator Device)
[    0.092327] ACPI: Added _OSI(Linux-Dell-Video)
[    0.092327] ACPI: Added _OSI(Linux-Lenovo-NV-HDMI-Audio)
[    0.092327] ACPI: Added _OSI(Linux-HPI-Hybrid-Graphics)
[    0.093668] ACPI: 1 ACPI AML tables successfully acquired and loaded
[    0.096044] ACPI: Interpreter enabled
[    0.096102] ACPI: (supports S0 S3 S4 S5)
[    0.096106] ACPI: Using IOAPIC for interrupt routing
[    0.096122] PCI: Using host bridge windows from ACPI; if necessary, use "pci=nocrs" and report a bug
[    0.096333] ACPI: Enabled 2 GPEs in block 00 to 0F
[    0.102190] ACPI: PCI Root Bridge [PCI0] (domain 0000 [bus 00-ff])
[    0.102204] acpi PNP0A03:00: _OSC: OS supports [ASPM ClockPM Segments MSI HPX-Type3]
[    0.102233] acpi PNP0A03:00: fail to add MMCONFIG information, can't access extended PCI configuration space under this bridge.
[    0.102939] acpiphp: Slot [2] registered
[    0.103032] acpiphp: Slot [3] registered
[    0.103149] acpiphp: Slot [4] registered
[    0.103240] acpiphp: Slot [5] registered
[    0.103325] acpiphp: Slot [6] registered
[    0.103409] acpiphp: Slot [7] registered
[    0.103494] acpiphp: Slot [8] registered
[    0.103583] acpiphp: Slot [9] registered
[    0.103674] acpiphp: Slot [10] registered
[    0.103721] acpiphp: Slot [11] registered
[    0.103778] acpiphp: Slot [12] registered
[    0.103862] acpiphp: Slot [13] registered
[    0.103948] acpiphp: Slot [14] registered
[    0.104073] acpiphp: Slot [15] registered
[    0.104150] acpiphp: Slot [16] registered
[    0.104228] acpiphp: Slot [17] registered
[    0.104305] acpiphp: Slot [18] registered
[    0.104382] acpiphp: Slot [19] registered
[    0.104460] acpiphp: Slot [20] registered
[    0.104538] acpiphp: Slot [21] registered
[    0.104620] acpiphp: Slot [22] registered
[    0.104698] acpiphp: Slot [23] registered
[    0.104777] acpiphp: Slot [24] registered
[    0.104855] acpiphp: Slot [25] registered
[    0.104937] acpiphp: Slot [26] registered
[    0.105016] acpiphp: Slot [27] registered
[    0.105119] acpiphp: Slot [28] registered
[    0.105185] acpiphp: Slot [29] registered
[    0.105263] acpiphp: Slot [30] registered
[    0.105340] acpiphp: Slot [31] registered
[    0.105473] PCI host bridge to bus 0000:00
[    0.105480] pci_bus 0000:00: root bus resource [io  0x0000-0x0cf7 window]
[    0.105483] pci_bus 0000:00: root bus resource [io  0x0d00-0xffff window]
[    0.105487] pci_bus 0000:00: root bus resource [mem 0x000a0000-0x000bffff window]
[    0.105489] pci_bus 0000:00: root bus resource [mem 0xc0000000-0xfebfffff window]
[    0.105492] pci_bus 0000:00: root bus resource [mem 0xe0000000000-0xe007fffffff window]
[    0.105495] pci_bus 0000:00: root bus resource [bus 00-ff]
[    0.105683] pci 0000:00:00.0: [8086:1237] type 00 class 0x060000
[    0.108223] pci 0000:00:01.0: [8086:7000] type 00 class 0x060100
[    0.110455] pci 0000:00:01.1: [8086:7010] type 00 class 0x010180
[    0.113936] pci 0000:00:01.1: reg 0x20: [io  0xc100-0xc10f]
[    0.115081] pci 0000:00:01.1: legacy IDE quirk: reg 0x10: [io  0x01f0-0x01f7]
[    0.115083] pci 0000:00:01.1: legacy IDE quirk: reg 0x14: [io  0x03f6]
[    0.115085] pci 0000:00:01.1: legacy IDE quirk: reg 0x18: [io  0x0170-0x0177]
[    0.115086] pci 0000:00:01.1: legacy IDE quirk: reg 0x1c: [io  0x0376]
[    0.115572] pci 0000:00:01.3: [8086:7113] type 00 class 0x068000
[    0.116732] pci 0000:00:01.3: quirk: [io  0x0600-0x063f] claimed by PIIX4 ACPI
[    0.116753] pci 0000:00:01.3: quirk: [io  0x0700-0x070f] claimed by PIIX4 SMB
[    0.117680] pci 0000:00:02.0: [1af4:1009] type 00 class 0x000200
[    0.118450] pci 0000:00:02.0: reg 0x10: [io  0xc080-0xc0bf]
[    0.119147] pci 0000:00:02.0: reg 0x14: [mem 0xfebfd000-0xfebfdfff]
[    0.121460] pci 0000:00:02.0: reg 0x20: [mem 0xe0000000000-0xe0000003fff 64bit pref]
[    0.123568] pci 0000:00:03.0: [1af4:1009] type 00 class 0x000200
[    0.124428] pci 0000:00:03.0: reg 0x10: [io  0xc0c0-0xc0ff]
[    0.125210] pci 0000:00:03.0: reg 0x14: [mem 0xfebfe000-0xfebfefff]
[    0.129092] pci 0000:00:03.0: reg 0x20: [mem 0xe0000004000-0xe0000007fff 64bit pref]
[    0.131212] pci 0000:00:04.0: [1af4:1001] type 00 class 0x010000
[    0.136030] pci 0000:00:04.0: reg 0x10: [io  0xc000-0xc07f]
[    0.140158] pci 0000:00:04.0: reg 0x14: [mem 0xfebff000-0xfebfffff]
[    0.148989] pci 0000:00:04.0: reg 0x20: [mem 0xe0000008000-0xe000000bfff 64bit pref]
[    0.173033] ACPI: PCI Interrupt Link [LNKA] (IRQs 5 *10 11)
[    0.173261] ACPI: PCI Interrupt Link [LNKB] (IRQs 5 *10 11)
[    0.173483] ACPI: PCI Interrupt Link [LNKC] (IRQs 5 10 *11)
[    0.173689] ACPI: PCI Interrupt Link [LNKD] (IRQs 5 10 *11)
[    0.173796] ACPI: PCI Interrupt Link [LNKS] (IRQs *9)
[    0.175731] iommu: Default domain type: Translated 
[    0.175731] vgaarb: loaded
[    0.176058] SCSI subsystem initialized
[    0.176073] libata version 3.00 loaded.
[    0.176073] ACPI: bus type USB registered
[    0.176073] usbcore: registered new interface driver usbfs
[    0.176073] usbcore: registered new interface driver hub
[    0.176073] usbcore: registered new device driver usb
[    0.176073] pps_core: LinuxPPS API ver. 1 registered
[    0.176073] pps_core: Software ver. 5.3.6 - Copyright 2005-2007 Rodolfo Giometti <giometti@linux.it>
[    0.176073] PTP clock support registered
[    0.176073] EDAC MC: Ver: 3.0.0
[    0.176351] NetLabel: Initializing
[    0.176351] NetLabel:  domain hash size = 128
[    0.176351] NetLabel:  protocols = UNLABELED CIPSOv4 CALIPSO
[    0.176351] NetLabel:  unlabeled traffic allowed by default
[    0.176351] PCI: Using ACPI for IRQ routing
[    0.176351] PCI: pci_cache_line_size set to 64 bytes
[    0.180233] e820: reserve RAM buffer [mem 0x0009fc00-0x0009ffff]
[    0.180238] e820: reserve RAM buffer [mem 0xbffdd000-0xbfffffff]
[    0.180286] hpet0: at MMIO 0xfed00000, IRQs 2, 8, 0
[line about the CPU removed]
[    0.187668] clocksource: Switched to clocksource kvm-clock
[    0.197448] VFS: Disk quotas dquot_6.6.0
[    0.197461] VFS: Dquot-cache hash table entries: 512 (order 0, 4096 bytes)
[    0.197557] AppArmor: AppArmor Filesystem Enabled
[    0.197585] pnp: PnP ACPI init
[    0.197660] pnp 00:00: Plug and Play ACPI device, IDs PNP0303 (active)
[    0.197671] pnp 00:01: Plug and Play ACPI device, IDs PNP0f13 (active)
[    0.197678] pnp 00:02: [dma 2]
[    0.197684] pnp 00:02: Plug and Play ACPI device, IDs PNP0700 (active)
[    0.197695] pnp 00:03: Plug and Play ACPI device, IDs PNP0501 (active)
[    0.197705] pnp 00:04: Plug and Play ACPI device, IDs PNP0b00 (active)
[    0.197954] pnp: PnP ACPI: found 5 devices
[    0.205422] clocksource: acpi_pm: mask: 0xffffff max_cycles: 0xffffff, max_idle_ns: 2085701024 ns
[    0.205618] NET: Registered protocol family 2
[    0.205777] IP idents hash table entries: 65536 (order: 7, 524288 bytes, linear)
[    0.208255] tcp_listen_portaddr_hash hash table entries: 2048 (order: 3, 32768 bytes, linear)
[    0.208360] TCP established hash table entries: 32768 (order: 6, 262144 bytes, linear)
[    0.208894] TCP bind hash table entries: 32768 (order: 7, 524288 bytes, linear)
[    0.208948] TCP: Hash tables configured (established 32768 bind 32768)
[    0.209071] MPTCP token hash table entries: 4096 (order: 5, 98304 bytes, linear)
[    0.209108] UDP hash table entries: 2048 (order: 4, 65536 bytes, linear)
[    0.209131] UDP-Lite hash table entries: 2048 (order: 4, 65536 bytes, linear)
[    0.209207] NET: Registered protocol family 1
[    0.209219] NET: Registered protocol family 44
[    0.209242] pci_bus 0000:00: resource 4 [io  0x0000-0x0cf7 window]
[    0.209247] pci_bus 0000:00: resource 5 [io  0x0d00-0xffff window]
[    0.209251] pci_bus 0000:00: resource 6 [mem 0x000a0000-0x000bffff window]
[    0.209255] pci_bus 0000:00: resource 7 [mem 0xc0000000-0xfebfffff window]
[    0.209259] pci_bus 0000:00: resource 8 [mem 0xe0000000000-0xe007fffffff window]
[    0.209432] pci 0000:00:01.0: PIIX3: Enabling Passive Release
[    0.209497] pci 0000:00:00.0: Limiting direct PCI/PCI transfers
[    0.209561] pci 0000:00:01.0: Activating ISA DMA hang workarounds
[    0.209902] PCI: CLS 0 bytes, default 64
[    0.210026] Trying to unpack rootfs image as initramfs...
[    0.230401] Freeing initrd memory: 716K
[    0.230406] PCI-DMA: Using software bounce buffering for IO (SWIOTLB)
[    0.230408] software IO TLB: mapped [mem 0x00000000bbf1d000-0x00000000bff1d000] (64MB)
[line about the CPU removed]
[    0.230706] check: Scanning for low memory corruption every 60 seconds
[    0.231591] Initialise system trusted keyrings
[    0.231614] Key type blacklist registered
[    0.231906] workingset: timestamp_bits=36 max_order=20 bucket_order=0
[    0.233241] zbud: loaded
[    0.233496] squashfs: version 4.0 (2009/01/31) Phillip Lougher
[    0.233827] fuse: init (API version 7.32)
[    0.234388] integrity: Platform Keyring initialized
[    0.240694] Key type asymmetric registered
[    0.240699] Asymmetric key parser 'x509' registered
[    0.240734] Block layer SCSI generic (bsg) driver version 0.4 loaded (major 243)
[    0.240840] io scheduler mq-deadline registered
[    0.241095] shpchp: Standard Hot Plug PCI Controller Driver version: 0.4
[    0.241309] input: Power Button as /devices/LNXSYSTM:00/LNXPWRBN:00/input/input0
[    0.241365] ACPI: Power Button [PWRF]
[    0.244082] PCI Interrupt Link [LNKB] enabled at IRQ 10
[    0.250663] PCI Interrupt Link [LNKC] enabled at IRQ 11
[    0.256451] PCI Interrupt Link [LNKD] enabled at IRQ 11
[    0.259874] Serial: 8250/16550 driver, 32 ports, IRQ sharing enabled
[    0.285615] 00:03: ttyS0 at I/O 0x3f8 (irq = 4, base_baud = 115200) is a 16550A
[    0.286649] Linux agpgart interface v0.103
[    0.416905] loop: module loaded
[    0.417441] ata_piix 0000:00:01.1: version 2.13
[    0.419652] scsi host0: ata_piix
[    0.419918] scsi host1: ata_piix
[    0.420133] ata1: PATA max MWDMA2 cmd 0x1f0 ctl 0x3f6 bmdma 0xc100 irq 14
[    0.420137] ata2: PATA max MWDMA2 cmd 0x170 ctl 0x376 bmdma 0xc108 irq 15
[    0.420418] tun: Universal TUN/TAP device driver, 1.6
[    0.420480] PPP generic driver version 2.4.2
[    0.420581] VFIO - User Level meta-driver version: 0.3
[    0.420714] ehci_hcd: USB 2.0 'Enhanced' Host Controller (EHCI) Driver
[    0.420721] ehci-pci: EHCI PCI platform driver
[    0.420745] ehci-platform: EHCI generic platform driver
[    0.420760] ohci_hcd: USB 1.1 'Open' Host Controller (OHCI) Driver
[    0.420765] ohci-pci: OHCI PCI platform driver
[    0.420778] ohci-platform: OHCI generic platform driver
[    0.420799] uhci_hcd: USB Universal Host Controller Interface driver
[    0.420936] i8042: PNP: PS/2 Controller [PNP0303:KBD,PNP0f13:MOU] at 0x60,0x64 irq 1,12
[    0.423358] serio: i8042 KBD port at 0x60,0x64 irq 1
[    0.423378] serio: i8042 AUX port at 0x60,0x64 irq 12
[    0.423557] mousedev: PS/2 mouse device common for all mice
[    0.424629] input: AT Translated Set 2 keyboard as /devices/platform/i8042/serio0/input/input1
[    0.424876] rtc_cmos 00:04: RTC can wake from S4
[    0.427722] rtc_cmos 00:04: registered as rtc0
[    0.428278] rtc_cmos 00:04: setting system clock to 2026-10-07T20:33:39 UTC (1791405219)
[    0.428613] rtc_cmos 00:04: alarms up to one day, y3k, 242 bytes nvram
[    0.428646] i2c /dev entries driver
[    0.428772] device-mapper: uevent: version 1.0.3
[    0.429005] device-mapper: ioctl: 4.43.0-ioctl (2020-10-01) initialised: dm-devel@redhat.com
[line about the CPU removed]
[    0.429091] ledtrig-cpu: registered to indicate activity on CPUs
[    0.429239] drop_monitor: Initializing network drop monitor service
[    0.429585] NET: Registered protocol family 10
[    0.431270] Segment Routing with IPv6
[    0.431315] NET: Registered protocol family 17
[    0.431394] Key type dns_resolver registered
[    0.431808] IPI shorthand broadcast: enabled
[    0.431843] sched_clock: Marking stable (426901109, 4794805)->(430865554, 830360)
[    0.432036] registered taskstats version 1
[    0.432061] Loading compiled-in X.509 certificates
[    0.433519] Loaded X.509 cert 'Build time autogenerated kernel key: 84e2ff2377afdcfa130c237a2865ab96c00468a5'
[    0.433563] zswap: loaded using pool lzo/zbud
[    0.433804] Key type .fscrypt registered
[    0.433806] Key type fscrypt-provisioning registered
[    0.434245] Key type encrypted registered
[    0.434252] AppArmor: AppArmor sha1 policy hashing enabled
[    0.434263] ima: No TPM chip found, activating TPM-bypass!
[    0.434270] ima: Allocated hash algorithm: sha1
[    0.434284] ima: No architecture policies found
[    0.434307] evm: Initialising EVM extended attributes:
[    0.434309] evm: security.selinux
[    0.434311] evm: security.SMACK64
[    0.434313] evm: security.SMACK64EXEC
[    0.434315] evm: security.SMACK64TRANSMUTE
[    0.434316] evm: security.SMACK64MMAP
[    0.434318] evm: security.apparmor
[    0.434320] evm: security.ima
[    0.434322] evm: security.capability
[    0.434324] evm: HMAC attrs: 0x1
[    0.436255] PM:   Magic number: 14:701:598
[    0.436651] RAS: Correctable Errors collector initialized.
[    0.436673] clk: Disabling unused clocks
[    0.586606] Freeing unused decrypted memory: 2036K
[    0.587545] Freeing unused kernel image (initmem) memory: 2996K
[    0.587553] Write protecting the kernel read-only data: 30720k
[    0.588480] Freeing unused kernel image (text/rodata gap) memory: 2036K
[    0.589200] Freeing unused kernel image (rodata/data gap) memory: 1928K
[    0.606017] x86/mm: Checked W+X mappings: passed, no W+X pages found.
[    0.606030] Run /init as init process
[    0.606033]   with arguments:
[    0.606034]     /init
[    0.606035]   with environment:
[    0.606036]     HOME=/
[    0.606037]     TERM=linux
[    0.617582] virtio_blk virtio2: [vda] 16777216 512-byte logical blocks (8.59 GB/8.00 GiB)
[    0.617592] vda: detected capacity change from 0 to 8589934592
[    0.637747] EXT4-fs (vda): mounted filesystem with ordered data mode. Opts: (null)
[    0.682009] EXT4-fs (vda): re-mounted. Opts: (null)
[    0.702550] 9pnet: Installing 9P2000 support
[    0.708056] FS-Cache: Loaded
[    0.712030] 9p: Installing v9fs 9p2000 file system support
[    0.712081] FS-Cache: Netfs '9p' registered for caching
[    0.748919] null_blk: module loaded
[    2.574570] loop0: detected capacity change from 0 to 67108864
[    2.606851] loop0: detected capacity change from 0 to 67108864
[    2.625044]  loop0: p1
[    2.851570] loop0: detected capacity change from 0 to 67108864
[    3.090400] loop0: detected capacity change from 0 to 67108864
[    3.093331] blk_update_request: operation not supported error, dev loop0, sector 130944 op 0x9:(WRITE_ZEROES) flags 0x800800 phys_seg 0 prio class 0
[    3.093427] blk_update_request: operation not supported error, dev loop0, sector 328 op 0x9:(WRITE_ZEROES) flags 0x800800 phys_seg 0 prio class 0
[    3.094839] blk_update_request: operation not supported error, dev loop0, sector 8520 op 0x9:(WRITE_ZEROES) flags 0x800800 phys_seg 0 prio class 0
[    3.094962] blk_update_request: operation not supported error, dev loop0, sector 120 op 0x9:(WRITE_ZEROES) flags 0x800800 phys_seg 0 prio class 0
[    3.095040] blk_update_request: operation not supported error, dev loop0, sector 208 op 0x9:(WRITE_ZEROES) flags 0x800800 phys_seg 0 prio class 0
[    3.095097] blk_update_request: operation not supported error, dev loop0, sector 8528 op 0x9:(WRITE_ZEROES) flags 0x800800 phys_seg 0 prio class 0
[    3.097225] EXT4-fs (loop0): mounted filesystem with ordered data mode. Opts: (null)
[    3.283634] loop0: detected capacity change from 0 to 67108864
[    3.474818] loop0: detected capacity change from 0 to 67108864
[    5.750241] loop0: detected capacity change from 0 to 67108864
[    5.825104] scsi host2: scsi_debug: version 0190 [20200710]
                 dev_size_mb=64, opts=0x0, submit_queues=1, statistics=0
[    5.825625] scsi 2:0:0:0: Direct-Access     Linux    scsi_debug       0190 PQ: 0 ANSI: 7
[    5.826095] sd 2:0:0:0: Attached scsi generic sg0 type 0
[    5.826124] sd 2:0:0:0: Power-on or device reset occurred
[    5.834590] sd 2:0:0:0: [sda] 131072 512-byte logical blocks: (67.1 MB/64.0 MiB)
[    5.838636] sd 2:0:0:0: [sda] Write Protect is off
[    5.838641] sd 2:0:0:0: [sda] Mode Sense: 73 00 10 08
[    5.846758] sd 2:0:0:0: [sda] Write cache: enabled, read cache: enabled, supports DPO and FUA
[    5.858927] sd 2:0:0:0: [sda] Optimal transfer size 524288 bytes
[    5.858946] sda: detected capacity change from 0 to 67108864
[    5.906283] sda: detected capacity change from 0 to 67108864
[    5.966137] sda: detected capacity change from 0 to 67108864
[    5.966164] sd 2:0:0:0: [sda] Attached SCSI disk
[    9.239635] sd 2:0:0:0: [sda] Synchronizing SCSI cache
[    9.561898] loop0: detected capacity change from 0 to 67108864
[    9.871159] zram: Added device: zram0
[    9.871302] zram0: detected capacity change from 0 to 16777216
[    9.871884] zram: Removed device: zram0
[   14.275089] loop0: detected capacity change from 0 to 67108864
[   17.329817] RPC: Registered named UNIX socket transport module.
[   17.329819] RPC: Registered udp transport module.
[   17.329820] RPC: Registered tcp transport module.
[   17.329820] RPC: Registered tcp NFSv4.1 backchannel transport module.
[   17.338560] FS-Cache: Netfs 'nfs' registered for caching
[   17.564932] FS-Cache: Netfs 'nfs' unregistered from caching
[   17.758590] null_blk: module loaded
[   18.078697] loop0: detected capacity change from 0 to 67108864
[   18.078873]  loop0: p1
[   18.112012] loop1: detected capacity change from 0 to 67108864
[   18.575489] blk_update_request: operation not supported error, dev loop1, sector 2048 op 0x9:(WRITE_ZEROES) flags 0x800800 phys_seg 0 prio class 0
[   18.617174] loop2: detected capacity change from 0 to 67108864
[   18.639254] loop3: detected capacity change from 0 to 67108864
[   18.765971] md0: detected capacity change from 0 to 130023424
[   18.780513] loop4: detected capacity change from 0 to 67108864
[   18.822066] loop5: detected capacity change from 0 to 67108864
[   18.897704] loop6: detected capacity change from 0 to 67108864
[   18.906286] EXT4-fs (loop6): mounted filesystem with ordered data mode. Opts: (null)
[   18.947568] FS-Cache: Netfs 'nfs' registered for caching
[   20.161834] NFSD: Using UMH upcall client tracking operations.
[   20.161842] NFSD: starting 90-second grace period (net f0000098)
[   20.235374] NFS: Registering the id_resolver key type
[   20.235383] Key type id_resolver registered
[   20.235383] Key type id_legacy registered
[   20.245073] zram: Added device: zram0
[   20.245318] zram0: detected capacity change from 0 to 33554432
[   20.247393] loop7: detected capacity change from 0 to 67108864
[   32.588741] blk_update_request: operation not supported error, dev loop1, sector 67584 op 0x9:(WRITE_ZEROES) flags 0x800800 phys_seg 0 prio class 0
[   55.384720] md0: detected capacity change from 130023424 to 0
[   55.384733] md: md0 stopped.
