[    0.000000] Linux version 6.18.54-061854-generic (kernel@balboa) (x86_64-linux-gnu-gcc-15 (Ubuntu 15.2.0-12ubuntu1) 15.2.0, GNU ld (GNU Binutils for Ubuntu) 2.46) #202609251533 SMP PREEMPT_DYNAMIC Fri Sep 25 15:55:50 UTC 2026
[    0.000000] Command line: console=ttyS0,115200 root=/dev/vda rw rootfstype=ext4 init=/lab-init.sh panic=-1 cgroup_no_v1=all mitigations=off loglevel=4 rcupdate.rcu_cpu_stall_timeout=120 
[    0.000000] KERNEL supported cpus:
[line about the CPU removed]
[line about the CPU removed]
[line about the CPU removed]
[    0.000000]   Centaur CentaurHauls
[    0.000000]   zhaoxin   Shanghai  
[line about the CPU removed]
[    0.000000] BIOS-provided physical RAM map:
[    0.000000] BIOS-e820: [mem 0x0000000000000000-0x000000000009fbff] usable
[    0.000000] BIOS-e820: [mem 0x000000000009fc00-0x000000000009ffff] reserved
[    0.000000] BIOS-e820: [mem 0x00000000000f0000-0x00000000000fffff] reserved
[    0.000000] BIOS-e820: [mem 0x0000000000100000-0x00000000bffdcfff] usable
[    0.000000] BIOS-e820: [mem 0x00000000bffdd000-0x00000000bfffffff] reserved
[    0.000000] BIOS-e820: [mem 0x00000000feffc000-0x00000000feffffff] reserved
[    0.000000] BIOS-e820: [mem 0x00000000fffc0000-0x00000000ffffffff] reserved
[    0.000000] BIOS-e820: [mem 0x0000000100000000-0x000000013fffffff] usable
[    0.000000] NX (Execute Disable) protection: active
[    0.000000] APIC: Static calls initialized
[    0.000000] SMBIOS 2.8 present.
[    0.000000] DMI: QEMU Standard PC (i440FX + PIIX, 1996), BIOS [removed]
[    0.000000] DMI: Memory slots populated: 1/1
[    0.000000] Hypervisor detected: KVM
[    0.000000] last_pfn = 0xbffdd max_arch_pfn = 0x400000000
[    0.000000] kvm-clock: Using msrs 4b564d01 and 4b564d00
[    0.000000] kvm-clock: using sched offset of 87469769 cycles
[    0.000002] clocksource: kvm-clock: mask: 0xffffffffffffffff max_cycles: 0x1cd42e4dffb, max_idle_ns: 881590591483 ns
[line about the CPU removed]
[    0.000097] e820: update [mem 0x00000000-0x00000fff] usable ==> reserved
[    0.000099] e820: remove [mem 0x000a0000-0x000fffff] usable
[    0.000102] last_pfn = 0x140000 max_arch_pfn = 0x400000000
[    0.000121] MTRR map: 4 entries (3 fixed + 1 variable; max 19), built from 8 variable MTRRs
[    0.000123] x86/PAT: Configuration [0-7]: WB  WC  UC- UC  WB  WP  UC- WT  
[    0.000148] last_pfn = 0xbffdd max_arch_pfn = 0x400000000
[    0.002072] found SMP MP-table at [mem 0x000f54d0-0x000f54df]
[    0.002081] Using GB pages for direct mapping
[    0.002119] ACPI: Early table checksum verification disabled
[    0.002123] ACPI: RSDP 0x00000000000F52F0 000014 (v00 BOCHS )
[    0.002126] ACPI: RSDT 0x00000000BFFE2373 000034 (v01 BOCHS  BXPC     00000001 BXPC 00000001)
[    0.002130] ACPI: FACP 0x00000000BFFE221F 000074 (v01 BOCHS  BXPC     00000001 BXPC 00000001)
[    0.002133] ACPI: DSDT 0x00000000BFFE0040 0021DF (v01 BOCHS  BXPC     00000001 BXPC 00000001)
[    0.002135] ACPI: FACS 0x00000000BFFE0000 000040
[    0.002136] ACPI: APIC 0x00000000BFFE2293 000080 (v03 BOCHS  BXPC     00000001 BXPC 00000001)
[    0.002137] ACPI: HPET 0x00000000BFFE2313 000038 (v01 BOCHS  BXPC     00000001 BXPC 00000001)
[    0.002138] ACPI: WAET 0x00000000BFFE234B 000028 (v01 BOCHS  BXPC     00000001 BXPC 00000001)
[    0.002139] ACPI: Reserving FACP table memory at [mem 0xbffe221f-0xbffe2292]
[    0.002139] ACPI: Reserving DSDT table memory at [mem 0xbffe0040-0xbffe221e]
[    0.002140] ACPI: Reserving FACS table memory at [mem 0xbffe0000-0xbffe003f]
[    0.002140] ACPI: Reserving APIC table memory at [mem 0xbffe2293-0xbffe2312]
[    0.002140] ACPI: Reserving HPET table memory at [mem 0xbffe2313-0xbffe234a]
[    0.002141] ACPI: Reserving WAET table memory at [mem 0xbffe234b-0xbffe2372]
[    0.002344] No NUMA configuration found
[    0.002344] Faking a node at [mem 0x0000000000000000-0x000000013fffffff]
[    0.002348] NODE_DATA(0) allocated [mem 0x13ffd5280-0x13fffffff]
[    0.002555] Zone ranges:
[    0.002555]   DMA      [mem 0x0000000000001000-0x0000000000ffffff]
[    0.002556]   DMA32    [mem 0x0000000001000000-0x00000000ffffffff]
[    0.002557]   Normal   [mem 0x0000000100000000-0x000000013fffffff]
[    0.002558]   Device   empty
[    0.002558] Movable zone start for each node
[    0.002559] Early memory node ranges
[    0.002560]   node   0: [mem 0x0000000000001000-0x000000000009efff]
[    0.002560]   node   0: [mem 0x0000000000100000-0x00000000bffdcfff]
[    0.002561]   node   0: [mem 0x0000000100000000-0x000000013fffffff]
[    0.002561] Initmem setup node 0 [mem 0x0000000000001000-0x000000013fffffff]
[    0.002692] On node 0, zone DMA: 1 pages in unavailable ranges
[    0.002698] On node 0, zone DMA: 97 pages in unavailable ranges
[    0.007992] On node 0, zone Normal: 35 pages in unavailable ranges
[    0.008276] ACPI: PM-Timer IO Port: 0x608
[    0.008289] ACPI: LAPIC_NMI (acpi_id[0xff] dfl dfl lint[0x1])
[    0.008315] IOAPIC[0]: apic_id 0, version 17, address 0xfec00000, GSI 0-23
[    0.008317] ACPI: INT_SRC_OVR (bus 0 bus_irq 0 global_irq 2 dfl dfl)
[    0.008318] ACPI: INT_SRC_OVR (bus 0 bus_irq 5 global_irq 5 high level)
[    0.008319] ACPI: INT_SRC_OVR (bus 0 bus_irq 9 global_irq 9 high level)
[    0.008319] ACPI: INT_SRC_OVR (bus 0 bus_irq 10 global_irq 10 high level)
[    0.008319] ACPI: INT_SRC_OVR (bus 0 bus_irq 11 global_irq 11 high level)
[    0.008321] ACPI: Using ACPI (MADT) for SMP configuration information
[    0.008322] ACPI: HPET id: 0x8086a201 base: 0xfed00000
[    0.008325] TSC deadline timer available
[    0.008327] CPU topo: Max. logical packages:   1
[    0.008327] CPU topo: Max. logical dies:       1
[    0.008327] CPU topo: Max. dies per package:   1
[    0.008329] CPU topo: Max. threads per core:   1
[    0.008330] CPU topo: Num. cores per package:     2
[    0.008330] CPU topo: Num. threads per package:   2
[    0.008330] CPU topo: Allowing 2 present CPUs plus 0 hotplug CPUs
[    0.008345] kvm-guest: APIC: eoi() replaced with kvm_guest_apic_eoi_write()
[    0.008357] kvm-guest: KVM setup pv remote TLB flush
[    0.008359] kvm-guest: setup PV sched yield
[    0.008364] PM: hibernation: Registered nosave memory: [mem 0x00000000-0x00000fff]
[    0.008365] PM: hibernation: Registered nosave memory: [mem 0x0009f000-0x000fffff]
[    0.008365] PM: hibernation: Registered nosave memory: [mem 0xbffdd000-0xffffffff]
[    0.008366] [mem 0xc0000000-0xfeffbfff] available for PCI devices
[    0.008367] Booting paravirtualized kernel on KVM
[    0.008369] clocksource: refined-jiffies: mask: 0xffffffff max_cycles: 0xffffffff, max_idle_ns: 1910969940391419 ns
[    0.008377] setup_percpu: NR_CPUS:8192 nr_cpumask_bits:2 nr_cpu_ids:2 nr_node_ids:1
[    0.008583] percpu: Embedded 84 pages/cpu s221184 r8192 d114688 u1048576
[    0.008586] pcpu-alloc: s221184 r8192 d114688 u1048576 alloc=1*2097152
[    0.008588] pcpu-alloc: [0] 0 1 
[    0.008609] kvm-guest: PV spinlocks enabled
[    0.008610] PV qspinlock hash table entries: 256 (order: 0, 4096 bytes, linear)
[    0.008612] Kernel command line: console=ttyS0,115200 root=/dev/vda rw rootfstype=ext4 init=/lab-init.sh panic=-1 cgroup_no_v1=all mitigations=off loglevel=4 rcupdate.rcu_cpu_stall_timeout=120 
[    0.008673] random: crng init done
[    0.008674] printk: log buffer data + meta data: 262144 + 917504 = 1179648 bytes
[    0.009027] Dentry cache hash table entries: 524288 (order: 10, 4194304 bytes, linear)
[    0.009206] Inode-cache hash table entries: 262144 (order: 9, 2097152 bytes, linear)
[    0.009244] software IO TLB: area num 2.
[    0.018614] Fallback order for Node 0: 0 
[    0.018618] Built 1 zonelists, mobility grouping on.  Total pages: 1048443
[    0.018619] Policy zone: Normal
[    0.018626] mem auto-init: stack:all(zero), heap alloc:on, heap free:off
[    0.024581] SLUB: HWalign=64, Order=0-3, MinObjects=0, CPUs=2, Nodes=1
[    0.032913] ftrace: allocating 62360 entries in 244 pages
[    0.032915] ftrace: allocated 244 pages with 5 groups
[    0.033766] Dynamic Preempt: voluntary
[    0.033925] rcu: Preemptible hierarchical RCU implementation.
[    0.033926] rcu: 	RCU restricting CPUs from NR_CPUS=8192 to nr_cpu_ids=2.
[    0.033927] 	RCU CPU stall warnings timeout set to 120 (rcu_cpu_stall_timeout).
[    0.033928] 	Trampoline variant of Tasks RCU enabled.
[    0.033928] 	Rude variant of Tasks RCU enabled.
[    0.033928] 	Tracing variant of Tasks RCU enabled.
[    0.033929] rcu: RCU calculated value of scheduler-enlistment delay is 100 jiffies.
[    0.033929] rcu: Adjusting geometry for rcu_fanout_leaf=16, nr_cpu_ids=2
[    0.033935] RCU Tasks: Setting shift to 1 and lim to 1 rcu_task_cb_adjust=1 rcu_task_cpu_ids=2.
[    0.033936] RCU Tasks Rude: Setting shift to 1 and lim to 1 rcu_task_cb_adjust=1 rcu_task_cpu_ids=2.
[    0.033937] RCU Tasks Trace: Setting shift to 1 and lim to 1 rcu_task_cb_adjust=1 rcu_task_cpu_ids=2.
[    0.036562] NR_IRQS: 524544, nr_irqs: 440, preallocated irqs: 16
[    0.036745] rcu: srcu_init: Setting srcu_struct sizes based on contention.
[    0.036755] clocksource: jiffies: mask: 0xffffffff max_cycles: 0xffffffff, max_idle_ns: 1911260446275000 ns
[    0.036865] Console: colour *CGA 80x25
[    0.036899] printk: legacy console [ttyS0] enabled
[    0.036918] ACPI: Core revision 20250807
[    0.037030] clocksource: hpet: mask: 0xffffffff max_cycles: 0xffffffff, max_idle_ns: 19112604467 ns
[    0.037095] APIC: Switch to symmetric I/O mode setup
[    0.037180] x2apic enabled
[    0.037304] APIC: Switched APIC routing to: physical x2apic
[    0.037306] kvm-guest: APIC: send_IPI_mask() replaced with kvm_send_ipi_mask()
[    0.037310] kvm-guest: APIC: send_IPI_mask_allbutself() replaced with kvm_send_ipi_mask_allbutself()
[    0.037311] kvm-guest: setup PV IPIs
[    0.037738] ..TIMER: vector=0x30 apic1=0 pin1=2 apic2=-1 pin2=-1
[    0.037753] clocksource: tsc-early: mask: 0xffffffffffffffff max_cycles: 0x6a464ae9873, max_idle_ns: 881590529744 ns
[line about the CPU removed]
[line about the CPU removed]
[line about the CPU removed]
[line about the CPU removed]
[    0.037869] mitigations: Enabled attack vectors: SMT mitigations: off
[line about the CPU removed]
[line about the CPU removed]
[line about the CPU removed]
[line about the CPU removed]
[line about the CPU removed]
[line about the CPU removed]
[line about the CPU removed]
[line about the CPU removed]
[line about the CPU removed]
[line about the CPU removed]
[    0.052886] Freeing SMP alternatives memory: 56K
[    0.052889] pid_max: default: 32768 minimum: 301
[    0.052917] LSM: initializing lsm=lockdown,capability,landlock,yama,apparmor,ima,evm
[    0.052971] landlock: Up and running.
[    0.052971] Yama: becoming mindful.
[    0.053030] AppArmor: AppArmor initialized
[    0.053076] Mount-cache hash table entries: 8192 (order: 4, 65536 bytes, linear)
[    0.053082] Mountpoint-cache hash table entries: 8192 (order: 4, 65536 bytes, linear)
[    0.053165] cgroup: Disabling cpuset control group subsystem in v1 mounts
[    0.053168] cgroup: Disabling cpu control group subsystem in v1 mounts
[    0.053170] cgroup: Disabling cpuacct control group subsystem in v1 mounts
[    0.053172] cgroup: Disabling blkio control group subsystem in v1 mounts
[    0.053186] cgroup: Disabling memory control group subsystem in v1 mounts
[    0.053188] cgroup: Disabling devices control group subsystem in v1 mounts
[    0.053191] cgroup: Disabling freezer control group subsystem in v1 mounts
[    0.053191] cgroup: Disabling net_cls control group subsystem in v1 mounts
[    0.053193] cgroup: Disabling perf_event control group subsystem in v1 mounts
[    0.053193] cgroup: Disabling net_prio control group subsystem in v1 mounts
[    0.053197] cgroup: Disabling hugetlb control group subsystem in v1 mounts
[    0.053198] cgroup: Disabling pids control group subsystem in v1 mounts
[    0.053199] cgroup: Disabling rdma control group subsystem in v1 mounts
[    0.053200] cgroup: Disabling misc control group subsystem in v1 mounts
[    0.053202] cgroup: Disabling dmem control group subsystem in v1 mounts
[line about the CPU removed]
[line about the CPU removed]
[    0.053539] signal: max sigframe size: 3632
[    0.053554] rcu: Hierarchical SRCU implementation.
[    0.053555] rcu: 	Max phase no-delay instances is 400.
[    0.053580] Timer migration: 1 hierarchy levels; 8 children per group; 1 crossnode level
[    0.053728] NMI watchdog: Perf NMI watchdog permanently disabled
[    0.053744] smp: Bringing up secondary CPUs ...
[    0.053754] smpboot: x86: Booting SMP configuration:
[    0.053754] .... node  #0, CPUs:      #1
[    0.053754] smp: Brought up 1 node, 2 CPUs
[line about the CPU removed]
[    0.053768] Memory: 3987816K/4193772K available (23190K kernel code, 4751K rwdata, 16468K rodata, 5212K init, 6208K bss, 198932K reserved, 0K cma-reserved)
[    0.053952] devtmpfs: initialized
[    0.053952] x86/mm: Memory block size: 128MB
[    0.053998] posixtimers hash table entries: 1024 (order: 2, 16384 bytes, linear)
[    0.053998] futex hash table entries: 512 (32768 bytes on 1 NUMA nodes, total 32 KiB, linear).
[    0.053998] pinctrl core: initialized pinctrl subsystem
[    0.053998] PM: RTC time: 16:47:45, date: 2026-10-07
[    0.055263] NET: Registered PF_NETLINK/PF_ROUTE protocol family
[    0.055332] DMA: preallocated 512 KiB GFP_KERNEL pool for atomic allocations
[    0.055374] DMA: preallocated 512 KiB GFP_KERNEL|GFP_DMA pool for atomic allocations
[    0.055414] DMA: preallocated 512 KiB GFP_KERNEL|GFP_DMA32 pool for atomic allocations
[    0.055419] audit: initializing netlink subsys (disabled)
[    0.055431] audit: type=2000 audit(1791391665.351:1): state=initialized audit_enabled=0 res=1
[    0.055431] thermal_sys: Registered thermal governor 'fair_share'
[    0.055431] thermal_sys: Registered thermal governor 'bang_bang'
[    0.055431] thermal_sys: Registered thermal governor 'step_wise'
[    0.055431] thermal_sys: Registered thermal governor 'user_space'
[    0.055431] thermal_sys: Registered thermal governor 'power_allocator'
[    0.055431] cpuidle: using governor ladder
[    0.055431] cpuidle: using governor menu
[    0.055431] acpiphp: ACPI Hot Plug PCI Controller Driver version: 0.5
[    0.055431] PCI: Using configuration type 1 for base access
[    0.055431] kprobes: kprobe jump-optimization is enabled. All kprobes are optimized if possible.
[    0.055756] HugeTLB: registered 1.00 GiB page size, pre-allocated 0 pages
[    0.055756] HugeTLB: 16380 KiB vmemmap can be freed for a 1.00 GiB page
[    0.055756] HugeTLB: registered 2.00 MiB page size, pre-allocated 0 pages
[    0.055756] HugeTLB: 28 KiB vmemmap can be freed for a 2.00 MiB page
[    0.069030] ACPI: Added _OSI(Module Device)
[    0.069032] ACPI: Added _OSI(Processor Device)
[    0.069033] ACPI: Added _OSI(Processor Aggregator Device)
[    0.069526] ACPI: 1 ACPI AML tables successfully acquired and loaded
[    0.073791] ACPI: Interpreter enabled
[    0.073804] ACPI: PM: (supports S0 S3 S4 S5)
[    0.073805] ACPI: Using IOAPIC for interrupt routing
[    0.073927] PCI: Using host bridge windows from ACPI; if necessary, use "pci=nocrs" and report a bug
[    0.073929] PCI: Ignoring E820 reservations for host bridge windows
[    0.074020] ACPI: Enabled 2 GPEs in block 00 to 0F
[    0.074855] ACPI: PCI Root Bridge [PCI0] (domain 0000 [bus 00-ff])
[    0.074861] acpi PNP0A03:00: _OSC: OS supports [ASPM ClockPM Segments MSI EDR HPX-Type3]
[    0.074863] acpi PNP0A03:00: _OSC: not requesting OS control; OS requires [ExtendedConfig ASPM ClockPM MSI]
[    0.074871] acpi PNP0A03:00: fail to add MMCONFIG information, can't access extended configuration space under this bridge
[    0.075136] acpiphp: Slot [2] registered
[    0.075162] acpiphp: Slot [3] registered
[    0.075182] acpiphp: Slot [4] registered
[    0.075203] acpiphp: Slot [5] registered
[    0.075223] acpiphp: Slot [6] registered
[    0.075242] acpiphp: Slot [7] registered
[    0.075264] acpiphp: Slot [8] registered
[    0.075285] acpiphp: Slot [9] registered
[    0.075305] acpiphp: Slot [10] registered
[    0.075326] acpiphp: Slot [11] registered
[    0.075346] acpiphp: Slot [12] registered
[    0.075365] acpiphp: Slot [13] registered
[    0.075385] acpiphp: Slot [14] registered
[    0.075408] acpiphp: Slot [15] registered
[    0.075430] acpiphp: Slot [16] registered
[    0.075450] acpiphp: Slot [17] registered
[    0.075471] acpiphp: Slot [18] registered
[    0.075491] acpiphp: Slot [19] registered
[    0.075511] acpiphp: Slot [20] registered
[    0.075530] acpiphp: Slot [21] registered
[    0.075550] acpiphp: Slot [22] registered
[    0.075570] acpiphp: Slot [23] registered
[    0.075590] acpiphp: Slot [24] registered
[    0.075610] acpiphp: Slot [25] registered
[    0.075636] acpiphp: Slot [26] registered
[    0.075670] acpiphp: Slot [27] registered
[    0.075692] acpiphp: Slot [28] registered
[    0.075712] acpiphp: Slot [29] registered
[    0.075732] acpiphp: Slot [30] registered
[    0.075752] acpiphp: Slot [31] registered
[    0.075754] PCI host bridge to bus 0000:00
[    0.075754] pci_bus 0000:00: root bus resource [io  0x0000-0x0cf7 window]
[    0.075754] pci_bus 0000:00: root bus resource [io  0x0d00-0xffff window]
[    0.075754] pci_bus 0000:00: root bus resource [mem 0x000a0000-0x000bffff window]
[    0.075754] pci_bus 0000:00: root bus resource [mem 0xc0000000-0xfebfffff window]
[    0.075754] pci_bus 0000:00: root bus resource [mem 0xe0000000000-0xe007fffffff window]
[    0.075754] pci_bus 0000:00: root bus resource [bus 00-ff]
[    0.075754] pci 0000:00:00.0: [8086:1237] type 00 class 0x060000 conventional PCI endpoint
[    0.075754] pci 0000:00:01.0: [8086:7000] type 00 class 0x060100 conventional PCI endpoint
[    0.077141] pci 0000:00:01.1: [8086:7010] type 00 class 0x010180 conventional PCI endpoint
[    0.077801] pci 0000:00:01.1: BAR 4 [io  0xc100-0xc10f]
[    0.077859] pci 0000:00:01.1: BAR 0 [io  0x01f0-0x01f7]: legacy IDE quirk
[    0.077862] pci 0000:00:01.1: BAR 1 [io  0x03f6]: legacy IDE quirk
[    0.077863] pci 0000:00:01.1: BAR 2 [io  0x0170-0x0177]: legacy IDE quirk
[    0.077863] pci 0000:00:01.1: BAR 3 [io  0x0376]: legacy IDE quirk
[    0.078061] pci 0000:00:01.3: [8086:7113] type 00 class 0x068000 conventional PCI endpoint
[    0.078537] pci 0000:00:01.3: quirk: [io  0x0600-0x063f] claimed by PIIX4 ACPI
[    0.078550] pci 0000:00:01.3: quirk: [io  0x0700-0x070f] claimed by PIIX4 SMB
[    0.078990] pci 0000:00:02.0: [1af4:1009] type 00 class 0x000200 conventional PCI endpoint
[    0.080095] pci 0000:00:02.0: BAR 0 [io  0xc080-0xc0bf]
[    0.080109] pci 0000:00:02.0: BAR 1 [mem 0xfebfd000-0xfebfdfff]
[    0.080152] pci 0000:00:02.0: BAR 4 [mem 0xe0000000000-0xe0000003fff 64bit pref]
[    0.081547] pci 0000:00:03.0: [1af4:1009] type 00 class 0x000200 conventional PCI endpoint
[    0.082381] pci 0000:00:03.0: BAR 0 [io  0xc0c0-0xc0ff]
[    0.082395] pci 0000:00:03.0: BAR 1 [mem 0xfebfe000-0xfebfefff]
[    0.082437] pci 0000:00:03.0: BAR 4 [mem 0xe0000004000-0xe0000007fff 64bit pref]
[    0.083747] pci 0000:00:04.0: [1af4:1001] type 00 class 0x010000 conventional PCI endpoint
[    0.086377] pci 0000:00:04.0: BAR 0 [io  0xc000-0xc07f]
[    0.086391] pci 0000:00:04.0: BAR 1 [mem 0xfebff000-0xfebfffff]
[    0.086435] pci 0000:00:04.0: BAR 4 [mem 0xe0000008000-0xe000000bfff 64bit pref]
[    0.094104] ACPI: PCI: Interrupt link LNKA configured for IRQ 10
[    0.094221] ACPI: PCI: Interrupt link LNKB configured for IRQ 10
[    0.094333] ACPI: PCI: Interrupt link LNKC configured for IRQ 11
[    0.094437] ACPI: PCI: Interrupt link LNKD configured for IRQ 11
[    0.094494] ACPI: PCI: Interrupt link LNKS configured for IRQ 9
[    0.094790] iommu: Default domain type: Translated
[    0.094790] iommu: DMA domain TLB invalidation policy: lazy mode
[    0.094832] SCSI subsystem initialized
[    0.094835] libata version 3.00 loaded.
[    0.094835] ACPI: bus type USB registered
[    0.094835] usbcore: registered new interface driver usbfs
[    0.094835] usbcore: registered new interface driver hub
[    0.094835] usbcore: registered new device driver usb
[    0.094835] pps_core: LinuxPPS API ver. 1 registered
[    0.094835] pps_core: Software ver. 5.3.6 - Copyright 2005-2007 Rodolfo Giometti <giometti@linux.it>
[    0.094835] PTP clock support registered
[    0.094835] EDAC MC: Ver: 3.0.0
[    0.095134] NetLabel: Initializing
[    0.095135] NetLabel:  domain hash size = 128
[    0.095136] NetLabel:  protocols = UNLABELED CIPSOv4 CALIPSO
[    0.095151] NetLabel:  unlabeled traffic allowed by default
[    0.095771] mctp: management component transport protocol core
[    0.095771] NET: Registered PF_MCTP protocol family
[    0.095775] PCI: Using ACPI for IRQ routing
[    0.095776] PCI: pci_cache_line_size set to 64 bytes
[    0.095923] e820: reserve RAM buffer [mem 0x0009fc00-0x0009ffff]
[    0.095926] e820: reserve RAM buffer [mem 0xbffdd000-0xbfffffff]
[    0.095940] vgaarb: loaded
[    0.095940] hpet0: at MMIO 0xfed00000, IRQs 2, 8, 0
[line about the CPU removed]
[    0.098773] clocksource: Switched to clocksource kvm-clock
[    0.099168] VFS: Disk quotas dquot_6.6.0
[    0.099173] VFS: Dquot-cache hash table entries: 512 (order 0, 4096 bytes)
[    0.099274] AppArmor: AppArmor Filesystem Enabled
[    0.099287] pnp: PnP ACPI init
[    0.099339] pnp 00:02: [dma 2]
[    0.099561] pnp: PnP ACPI: found 4 devices
[    0.105126] clocksource: acpi_pm: mask: 0xffffff max_cycles: 0xffffff, max_idle_ns: 2085701024 ns
[    0.105167] NET: Registered PF_INET protocol family
[    0.105366] IP idents hash table entries: 65536 (order: 7, 524288 bytes, linear)
[    0.113940] tcp_listen_portaddr_hash hash table entries: 2048 (order: 3, 32768 bytes, linear)
[    0.113958] Table-perturb hash table entries: 65536 (order: 6, 262144 bytes, linear)
[    0.113974] TCP established hash table entries: 32768 (order: 6, 262144 bytes, linear)
[    0.114034] TCP bind hash table entries: 32768 (order: 8, 1048576 bytes, linear)
[    0.114056] TCP: Hash tables configured (established 32768 bind 32768)
[    0.114106] MPTCP token hash table entries: 4096 (order: 5, 98304 bytes, linear)
[    0.114122] UDP hash table entries: 2048 (order: 5, 131072 bytes, linear)
[    0.114133] UDP-Lite hash table entries: 2048 (order: 5, 131072 bytes, linear)
[    0.114159] NET: Registered PF_UNIX/PF_LOCAL protocol family
[    0.114169] NET: Registered PF_XDP protocol family
[    0.114178] pci_bus 0000:00: resource 4 [io  0x0000-0x0cf7 window]
[    0.114181] pci_bus 0000:00: resource 5 [io  0x0d00-0xffff window]
[    0.114182] pci_bus 0000:00: resource 6 [mem 0x000a0000-0x000bffff window]
[    0.114183] pci_bus 0000:00: resource 7 [mem 0xc0000000-0xfebfffff window]
[    0.114184] pci_bus 0000:00: resource 8 [mem 0xe0000000000-0xe007fffffff window]
[    0.114224] pci 0000:00:01.0: PIIX3: Enabling Passive Release
[    0.114238] pci 0000:00:00.0: Limiting direct PCI/PCI transfers
[    0.114317] PCI: CLS 0 bytes, default 64
[    0.114379] PCI-DMA: Using software bounce buffering for IO (SWIOTLB)
[    0.114381] software IO TLB: mapped [mem 0x00000000bbfdd000-0x00000000bffdd000] (64MB)
[line about the CPU removed]
[    0.127436] Initialise system trusted keyrings
[    0.127447] Key type blacklist registered
[    0.127594] workingset: timestamp_bits=36 max_order=20 bucket_order=0
[    0.127724] squashfs: version 4.0 (2009/01/31) Phillip Lougher
[    0.127792] fuse: init (API version 7.45)
[    0.127890] integrity: Platform Keyring initialized
[    0.127892] integrity: Machine keyring initialized
[    0.133071] Key type asymmetric registered
[    0.133073] Asymmetric key parser 'x509' registered
[    0.133084] Block layer SCSI generic (bsg) driver version 0.4 loaded (major 242)
[    0.133115] io scheduler mq-deadline registered
[    0.133160] ledtrig-cpu: registered to indicate activity on CPUs
[    0.133235] input: Power Button as /devices/LNXSYSTM:00/LNXPWRBN:00/input/input0
[    0.133286] ACPI: button: Power Button [PWRF]
[    0.134011] ACPI: \_SB_.LNKB: Enabled at IRQ 10
[    0.135719] ACPI: \_SB_.LNKC: Enabled at IRQ 11
[    0.137170] ACPI: \_SB_.LNKD: Enabled at IRQ 11
[    0.138397] Serial: 8250/16550 driver, 32 ports, IRQ sharing enabled
[    0.161134] 00:03: ttyS0 at I/O 0x3f8 (irq = 4, base_baud = 115200) is a 16550A
[    0.162306] Linux agpgart interface v0.103
[    0.162359] ACPI: bus type drm_connector registered
[    0.163091] loop: module loaded
[    0.163205] virtio_blk virtio2: 2/0/0 default/read/poll queues
[    0.163811] virtio_blk virtio2: [vda] 16777216 512-byte logical blocks (8.59 GB/8.00 GiB)
[    0.166374] scsi host0: ata_piix
[    0.166437] scsi host1: ata_piix
[    0.166459] ata1: PATA max MWDMA2 cmd 0x1f0 ctl 0x3f6 bmdma 0xc100 irq 14 lpm-pol 0
[    0.166461] ata2: PATA max MWDMA2 cmd 0x170 ctl 0x376 bmdma 0xc108 irq 15 lpm-pol 0
[    0.166526] tun: Universal TUN/TAP device driver, 1.6
[    0.166545] PPP generic driver version 2.4.2
[    0.166601] i8042: PNP: PS/2 Controller [PNP0303:KBD,PNP0f13:MOU] at 0x60,0x64 irq 1,12
[    0.167067] serio: i8042 KBD port at 0x60,0x64 irq 1
[    0.167070] serio: i8042 AUX port at 0x60,0x64 irq 12
[    0.167130] mousedev: PS/2 mouse device common for all mice
[    0.167285] input: AT Translated Set 2 keyboard as /devices/platform/i8042/serio0/input/input1
[    0.167358] rtc_cmos PNP0B00:00: RTC can wake from S4
[    0.167716] rtc_cmos PNP0B00:00: registered as rtc0
[    0.167758] rtc_cmos PNP0B00:00: setting system clock to 2026-10-07T16:47:45 UTC (1791391665)
[    0.167795] rtc_cmos PNP0B00:00: alarms up to one day, y3k, 242 bytes nvram
[    0.167799] i2c_dev: i2c /dev entries driver
[    0.167809] device-mapper: core: CONFIG_IMA_DISABLE_HTABLE is disabled. Duplicate IMA measurements will not be recorded in the IMA log.
[    0.167815] device-mapper: uevent: version 1.0.3
[    0.167840] device-mapper: ioctl: 4.50.0-ioctl (2025-04-28) initialised: dm-devel@lists.linux.dev
[line about the CPU removed]
[    0.167863] drop_monitor: Initializing network drop monitor service
[    0.167913] NET: Registered PF_INET6 protocol family
[    0.168062] Segment Routing with IPv6
[    0.168066] In-situ OAM (IOAM) with IPv6
[    0.168078] NET: Registered PF_PACKET protocol family
[    0.168104] Key type dns_resolver registered
[    0.168225] IPI shorthand broadcast: enabled
[    0.169102] sched_clock: Marking stable (169002187, -237)->(169919375, -917425)
[    0.169173] registered taskstats version 1
[    0.169265] Loading compiled-in X.509 certificates
[    0.169519] Loaded X.509 cert 'Build time autogenerated kernel key: 77f762a095e77f026ef3abbb4734a8686e0baea7'
[    0.169709] Loaded X.509 cert 'Canonical Ltd. Live Patch Signing 2025 Kmod: d541cef61dc7e793b7eb7e899970a2eef0b5dc8c'
[    0.169919] Loaded X.509 cert 'Canonical Ltd. Live Patch Signing: 14df34d1a87cf37625abec039ef2bf521249b969'
[    0.170142] Loaded X.509 cert 'Canonical Ltd. Kernel Module Signing 2025 Kmod: 4627603d2357a2a3f81006370894c221175893e9'
[    0.170368] Loaded X.509 cert 'Canonical Ltd. Kernel Module Signing: 88f752e560a1e0737e31163a466ad7b70a850c19'
[    0.170369] blacklist: Loading compiled-in revocation X.509 certificates
[    0.170377] Loaded X.509 cert 'Canonical Ltd. Secure Boot Signing: 61482aa2830d0ab2ad5af10b7250da9033ddcef0'
[    0.170381] Loaded X.509 cert 'Canonical Ltd. Secure Boot Signing (2017): 242ade75ac4a15e50d50c84b0d45ff3eae707a03'
[    0.170385] Loaded X.509 cert 'Canonical Ltd. Secure Boot Signing (ESM 2018): 365188c1d374d6b07c3c8f240f8ef722433d6a8b'
[    0.170389] Loaded X.509 cert 'Canonical Ltd. Secure Boot Signing (2019): c0746fd6c5da3ae827864651ad66ae47fe24b3e8'
[    0.170394] Loaded X.509 cert 'Canonical Ltd. Secure Boot Signing (2021 v1): a8d54bbb3825cfb94fa13c9f8a594a195c107b8d'
[    0.170397] Loaded X.509 cert 'Canonical Ltd. Secure Boot Signing (2021 v2): 4cf046892d6fd3c9a5b03f98d845f90851dc6a8c'
[    0.170401] Loaded X.509 cert 'Canonical Ltd. Secure Boot Signing (2021 v3): 100437bb6de6e469b581e61cd66bce3ef4ed53af'
[    0.170405] Loaded X.509 cert 'Canonical Ltd. Secure Boot Signing (Ubuntu Core 2019): c1d57b8f6b743f23ee41f4f7ee292f06eecadfb9'
[    0.172187] Demotion targets for Node 0: null
[    0.172257] Key type .fscrypt registered
[    0.172258] Key type fscrypt-provisioning registered
[    0.172280] Key type big_key registered
[    0.172585] Key type encrypted registered
[    0.172586] AppArmor: AppArmor sha256 policy hashing enabled
[    0.172591] ima: No TPM chip found, activating TPM-bypass!
[    0.172592] Loading compiled-in module X.509 certificates
[    0.172782] Loaded X.509 cert 'Build time autogenerated kernel key: 77f762a095e77f026ef3abbb4734a8686e0baea7'
[    0.172782] ima: Allocated hash algorithm: sha256
[    0.172789] ima: No architecture policies found
[    0.172797] evm: Initialising EVM extended attributes:
[    0.172798] evm: security.selinux
[    0.172798] evm: security.SMACK64
[    0.172799] evm: security.SMACK64EXEC
[    0.172799] evm: security.SMACK64TRANSMUTE
[    0.172799] evm: security.SMACK64MMAP
[    0.172800] evm: security.apparmor
[    0.172800] evm: security.ima
[    0.172800] evm: security.capability
[    0.172801] evm: HMAC attrs: 0x1
[    0.172944] PM:   Magic number: 14:483:792
[    0.173648] RAS: Correctable Errors collector initialized.
[    0.176118] clk: Disabling unused clocks
[    0.176120] PM: genpd: Disabling unused power domains
[    0.176314] check access for rdinit=/init failed: -2, ignoring
[    0.324590] md: Waiting for all devices to be available before autodetect
[    0.324592] md: If you don't use raid, use raid=noautodetect
[    0.324594] md: Autodetecting RAID arrays.
[    0.324594] md: autorun ...
[    0.324595] md: ... autorun DONE.
[    0.334345] EXT4-fs (vda): mounted filesystem cff9cbb1-45e6-4c4e-a1a3-0150c43eba20 r/w with ordered data mode. Quota mode: none.
[    0.334359] VFS: Mounted root (ext4 filesystem) on device 253:0.
[    0.334595] devtmpfs: mounted
[    0.340744] Freeing unused decrypted memory: 2028K
[    0.341424] Freeing unused kernel image (initmem) memory: 5212K
[    0.341445] Write protecting the kernel read-only data: 43008k
[    0.341759] Freeing unused kernel image (text/rodata gap) memory: 1384K
[    0.342126] Freeing unused kernel image (rodata/data gap) memory: 1964K
[    0.346139] x86/mm: Checked W+X mappings: passed, no W+X pages found.
[    0.346158] Run /lab-init.sh as init process
[    0.346159]   with arguments:
[    0.346160]     /lab-init.sh
[    0.346160]   with environment:
[    0.346161]     HOME=/
[    0.346161]     TERM=linux
[    0.371056] EXT4-fs (vda): re-mounted cff9cbb1-45e6-4c4e-a1a3-0150c43eba20.
[    0.405343] netfs: FS-Cache loaded
[    0.407545] 9pnet: Installing 9P2000 support
[    0.411794] 9p: Installing v9fs 9p2000 file system support
[    0.414071] null_blk: disk nullb0 created
[    0.414077] null_blk: module loaded
[    0.634919] loop0: detected capacity change from 0 to 131072
[    0.643778] loop0: detected capacity change from 0 to 131072
[    0.648032]  loop0: p1
[    0.700202] loop0: detected capacity change from 0 to 131072
[    0.752575] loop0: detected capacity change from 0 to 131072
[    0.755252] operation not supported error, dev loop0, sector 130944 op 0x9:(WRITE_ZEROES) flags 0x20000800 phys_seg 0 prio class 2
[    0.757248] EXT4-fs (loop0): mounted filesystem 3c58142a-7281-4c74-ae87-174be1129201 r/w with ordered data mode. Quota mode: none.
[    0.807928] EXT4-fs (loop0): unmounting filesystem 3c58142a-7281-4c74-ae87-174be1129201.
[    0.810077] loop0: detected capacity change from 0 to 131072
[    0.861283] loop0: detected capacity change from 0 to 131072
[    2.977691] loop0: detected capacity change from 0 to 131072
[    5.138477] loop0: detected capacity change from 0 to 131072
[    5.221474] zram: Added device: zram0
[    5.221564] zram0: detected capacity change from 0 to 32768
[    5.221860] zram0: detected capacity change from 32768 to 0
[    5.235213] zram: Removed device: zram0
[    6.744228] null_blk: disk obi-test-155 created
[    8.760393] null_blk: disk obi-test-155 created
[    9.347844] loop0: detected capacity change from 0 to 131072
[   11.557348] RPC: Registered named UNIX socket transport module.
[   11.557352] RPC: Registered udp transport module.
[   11.557352] RPC: Registered tcp transport module.
[   11.557353] RPC: Registered tcp-with-tls transport module.
[   11.557353] RPC: Registered tcp NFSv4.1 backchannel transport module.
[   11.795140] null_blk: module loaded
[   11.796367] null_blk: disk ok created
[   12.054934] loop0: detected capacity change from 0 to 131072
[   12.054980]  loop0: p1
[   12.058953] loop1: detected capacity change from 0 to 131072
[   12.114967] operation not supported error, dev loop1, sector 2048 op 0x9:(WRITE_ZEROES) flags 0x20000800 phys_seg 0 prio class 2
[   12.130126] loop2: detected capacity change from 0 to 131072
[   12.130725] loop3: detected capacity change from 0 to 131072
[   12.132655] md: async del_gendisk mode will be removed in future, please upgrade to mdadm-4.5+
[   12.148911] md0: detected capacity change from 0 to 253952
[   12.151947] loop4: detected capacity change from 0 to 131072
[   24.580311] loop5: detected capacity change from 0 to 131072
[   24.585602] loop6: detected capacity change from 0 to 131072
[   24.586951] EXT4-fs (loop6): mounted filesystem 44d59a28-7f05-48eb-9a1e-7b2a6de517a0 r/w with ordered data mode. Quota mode: none.
[   25.708129] NFSD: Unable to initialize client recovery tracking! (-110)
[   25.708137] NFSD: Is nfsdcld running? If not, enable CONFIG_NFSD_LEGACY_CLIENT_TRACKING.
[   25.708138] NFSD: starting 90-second grace period (net effffff9)
[   25.779655] NFS: Registering the id_resolver key type
[   25.779663] Key type id_resolver registered
[   25.779664] Key type id_legacy registered
[   25.785611] zram: Added device: zram0
[   25.785880] zram0: detected capacity change from 0 to 65536
[   25.788032] loop7: detected capacity change from 0 to 131072
[  129.979492] EXT4-fs (loop6): unmounting filesystem 44d59a28-7f05-48eb-9a1e-7b2a6de517a0.
[  130.016669] md0: detected capacity change from 253952 to 0
[  130.016673] md: md0 stopped.
