time=2026-10-07T16:48:32.627Z level=INFO msg="OpenTelemetry eBPF Instrumentation" Version=unset Revision=unset "OpenTelemetry SDK Version"=1.46.0
time=2026-10-07T16:48:32.627Z level=INFO msg="configuration loaded" version=v1
time=2026-10-07T16:48:32.629Z level=DEBUG msg="kubeconfig can't be detected. Assuming we are not in Kubernetes" component=kube.MetadataProvider error="can't access kubernetes. Tried using config from: config parameter, KUBECONFIG env, homedir and InClusterConfig. Got: unable to load in-cluster configuration, KUBERNETES_SERVICE_HOST and KUBERNETES_SERVICE_PORT must be defined"
time=2026-10-07T16:48:32.629Z level=DEBUG msg="fetched node metadata" component=meta.NodeMeta fetcher=0 hostID=37550ce7a780481d872cf5f91b22ba5b
time=2026-10-07T16:48:34.629Z level=WARN msg="timed out while waiting for Cloud metadata. Ignoring" component=meta.NodeMeta.otelNodeFetcher detector=ec2.resourceDetector
time=2026-10-07T16:48:34.630Z level=DEBUG msg="not reporting internal metrics"
time=2026-10-07T16:48:34.630Z level=DEBUG msg="failed to get docker info" component=docker.ContainerStore error="failed to connect to the docker API at unix:///var/run/docker.sock; check if the path is correct and if the daemon is running: dial unix /var/run/docker.sock: connect: no such file or directory"
time=2026-10-07T16:48:34.631Z level=DEBUG msg="failed to get docker info" component=docker.ContainerStore error="failed to connect to the docker API at unix:///var/run/docker.sock; check if the path is correct and if the daemon is running: dial unix /var/run/docker.sock: connect: no such file or directory"
time=2026-10-07T16:48:34.631Z level=INFO msg="starting OBI in Stat metrics mode"
time=2026-10-07T16:48:34.631Z level=INFO msg="initializing Stats agent" component=agent.StatsO11y
time=2026-10-07T16:48:34.632Z level=DEBUG msg="acquiring Agent IP" component=agent.StatsO11y
time=2026-10-07T16:48:34.632Z level=DEBUG msg="agent IP: 10.0.2.15" component=agent.StatsO11y
time=2026-10-07T16:48:34.631Z level=DEBUG msg="failed to get docker info" component=docker.ContainerStore error="failed to connect to the docker API at unix:///var/run/docker.sock; check if the path is correct and if the daemon is running: dial unix /var/run/docker.sock: connect: no such file or directory"
time=2026-10-07T16:48:34.632Z level=WARN msg="a storage latency histogram is reported per pod or container: each pod adds a series per bucket. The operations and time counters give the mean latency per pod at one series each" component=agent.StatsO11y histogram=obi.stat.fs.sync.duration attributes=[container.id]
time=2026-10-07T16:48:34.788Z level=INFO msg="the probes of the enabled storage metrics are loaded" component=agent.StatsO11y
time=2026-10-07T16:48:34.789Z level=INFO msg="starting Stats agent" component=agent.StatsO11y
time=2026-10-07T16:48:34.789Z level=DEBUG msg="creating stats processing graph" component=agent.StatsO11y
time=2026-10-07T16:48:34.790Z level=DEBUG msg="registering stat disk operation duration metric" component=prom.StatsEndpoint
time=2026-10-07T16:48:34.791Z level=DEBUG msg="registering Prometheus metrics collectors" component=connector.PrometheusManager len=17 port=9400 path=/metrics
time=2026-10-07T16:48:34.791Z level=INFO msg="Stats agent successfully started" component=agent.StatsO11y
time=2026-10-07T16:48:34.791Z level=INFO msg="opening prometheus scrape endpoint" component=connector.PrometheusManager port=9400 path=/metrics
time=2026-10-07T16:48:34.791Z level=DEBUG msg="start reading and forwarding" component=stat.RingBufTracer
time=2026-10-07T16:48:34.792Z level=DEBUG msg="starting to read ring buffer" component=stat.RingBufTracer
time=2026-10-07T16:48:34.792Z level=DEBUG msg="storing new metric label set" component=prom.Expirer labelValues="[dm-0 obivg-lv loop1]"
time=2026-10-07T16:48:34.792Z level=DEBUG msg="storing new metric label set" component=prom.Expirer labelValues="[dm-1 slowdm loop4]"
time=2026-10-07T16:48:34.792Z level=DEBUG msg="storing new metric label set" component=prom.Expirer labelValues="[dm-2 obivg-lv2 loop1]"
time=2026-10-07T16:48:34.792Z level=DEBUG msg="storing new metric label set" component=prom.Expirer labelValues="[md0  loop2]"
time=2026-10-07T16:48:34.793Z level=DEBUG msg="storing new metric label set" component=prom.Expirer labelValues="[md0  loop3]"
time=2026-10-07T16:48:35.385Z level=DEBUG msg="received metrics request" component=connector.PrometheusManager uri=/metrics remoteAddr=[::1]:60934
time=2026-10-07T16:48:35.633Z level=DEBUG msg="failed to get docker info" component=docker.ContainerStore error="failed to connect to the docker API at unix:///var/run/docker.sock; check if the path is correct and if the daemon is running: dial unix /var/run/docker.sock: connect: no such file or directory"
time=2026-10-07T16:48:36.635Z level=DEBUG msg="failed to get docker info" component=docker.ContainerStore error="failed to connect to the docker API at unix:///var/run/docker.sock; check if the path is correct and if the daemon is running: dial unix /var/run/docker.sock: connect: no such file or directory"
time=2026-10-07T16:48:37.636Z level=DEBUG msg="failed to get docker info" component=docker.ContainerStore error="failed to connect to the docker API at unix:///var/run/docker.sock; check if the path is correct and if the daemon is running: dial unix /var/run/docker.sock: connect: no such file or directory"
time=2026-10-07T16:48:38.092Z level=DEBUG msg="storing new metric label set" component=prom.Expirer labelValues="[write false vda]"
time=2026-10-07T16:48:38.093Z level=DEBUG msg="storing new metric label set" component=prom.Expirer labelValues="[ write   false 10.0.2.15 vda]"
time=2026-10-07T16:48:38.093Z level=DEBUG msg="storing new metric label set" component=prom.Expirer labelValues="[write false vda]"
time=2026-10-07T16:48:38.093Z level=DEBUG msg="storing new metric label set" component=prom.Expirer labelValues="[write false vda]"
time=2026-10-07T16:48:38.393Z level=DEBUG msg="storing new metric label set" component=prom.Expirer labelValues="[read false vda]"
time=2026-10-07T16:48:38.393Z level=DEBUG msg="storing new metric label set" component=prom.Expirer labelValues="[ read   false 10.0.2.15 vda]"
time=2026-10-07T16:48:38.393Z level=DEBUG msg="storing new metric label set" component=prom.Expirer labelValues="[read false vda]"
time=2026-10-07T16:48:38.394Z level=DEBUG msg="storing new metric label set" component=prom.Expirer labelValues="[write true loop0]"
time=2026-10-07T16:48:38.394Z level=DEBUG msg="storing new metric label set" component=prom.Expirer labelValues="[ write  loop0p1 true 10.0.2.15 loop0]"
time=2026-10-07T16:48:38.394Z level=DEBUG msg="storing new metric label set" component=prom.Expirer labelValues="[write true loop0]"
time=2026-10-07T16:48:38.394Z level=DEBUG msg="storing new metric label set" component=prom.Expirer labelValues="[true loop0]"
time=2026-10-07T16:48:38.394Z level=DEBUG msg="storing new metric label set" component=prom.Expirer labelValues="[read false ok]"
time=2026-10-07T16:48:38.394Z level=DEBUG msg="storing new metric label set" component=prom.Expirer labelValues="[ read   false 10.0.2.15 ok]"
time=2026-10-07T16:48:38.394Z level=DEBUG msg="storing new metric label set" component=prom.Expirer labelValues="[read false ok]"
time=2026-10-07T16:48:38.394Z level=DEBUG msg="storing new metric label set" component=prom.Expirer labelValues="[write false ok]"
time=2026-10-07T16:48:38.395Z level=DEBUG msg="storing new metric label set" component=prom.Expirer labelValues="[ write   false 10.0.2.15 ok]"
time=2026-10-07T16:48:38.395Z level=DEBUG msg="storing new metric label set" component=prom.Expirer labelValues="[write false ok]"
time=2026-10-07T16:48:38.395Z level=DEBUG msg="storing new metric label set" component=prom.Expirer labelValues="[read false vda]"
time=2026-10-07T16:48:38.395Z level=DEBUG msg="storing new metric label set" component=prom.Expirer labelValues="[read false ok]"
time=2026-10-07T16:48:38.395Z level=DEBUG msg="storing new metric label set" component=prom.Expirer labelValues="[write false ok]"
time=2026-10-07T16:48:38.395Z level=DEBUG msg="storing new metric label set" component=prom.Expirer labelValues="[write true loop5]"
time=2026-10-07T16:48:38.395Z level=DEBUG msg="storing new metric label set" component=prom.Expirer labelValues="[write true loop0]"
time=2026-10-07T16:48:38.637Z level=DEBUG msg="failed to get docker info" component=docker.ContainerStore error="failed to connect to the docker API at unix:///var/run/docker.sock; check if the path is correct and if the daemon is running: dial unix /var/run/docker.sock: connect: no such file or directory"
time=2026-10-07T16:48:38.692Z level=DEBUG msg="storing new metric label set" component=prom.Expirer labelValues="[write true loop7]"
time=2026-10-07T16:48:38.693Z level=DEBUG msg="storing new metric label set" component=prom.Expirer labelValues="[ write   true 10.0.2.15 loop7]"
time=2026-10-07T16:48:38.693Z level=DEBUG msg="storing new metric label set" component=prom.Expirer labelValues="[write true loop7]"
time=2026-10-07T16:48:38.693Z level=DEBUG msg="storing new metric label set" component=prom.Expirer labelValues="[write true loop7]"
time=2026-10-07T16:48:38.893Z level=DEBUG msg="storing new metric label set" component=prom.Expirer labelValues="[read true loop6]"
time=2026-10-07T16:48:38.893Z level=DEBUG msg="storing new metric label set" component=prom.Expirer labelValues="[ read   true 10.0.2.15 loop6]"
time=2026-10-07T16:48:38.893Z level=DEBUG msg="storing new metric label set" component=prom.Expirer labelValues="[read true loop6]"
time=2026-10-07T16:48:38.894Z level=DEBUG msg="storing new metric label set" component=prom.Expirer labelValues="[ write   true 10.0.2.15 loop0]"
time=2026-10-07T16:48:38.894Z level=DEBUG msg="storing new metric label set" component=prom.Expirer labelValues="[write true loop1]"
time=2026-10-07T16:48:38.894Z level=DEBUG msg="storing new metric label set" component=prom.Expirer labelValues="[ write   true 10.0.2.15 loop1]"
time=2026-10-07T16:48:38.894Z level=DEBUG msg="storing new metric label set" component=prom.Expirer labelValues="[write true loop1]"
time=2026-10-07T16:48:38.895Z level=DEBUG msg="storing new metric label set" component=prom.Expirer labelValues="[write true loop3]"
time=2026-10-07T16:48:38.895Z level=DEBUG msg="storing new metric label set" component=prom.Expirer labelValues="[ write   true 10.0.2.15 loop3]"
time=2026-10-07T16:48:38.895Z level=DEBUG msg="storing new metric label set" component=prom.Expirer labelValues="[write true loop3]"
time=2026-10-07T16:48:38.896Z level=DEBUG msg="storing new metric label set" component=prom.Expirer labelValues="[write true loop6]"
time=2026-10-07T16:48:38.896Z level=DEBUG msg="storing new metric label set" component=prom.Expirer labelValues="[ write   true 10.0.2.15 loop6]"
time=2026-10-07T16:48:38.896Z level=DEBUG msg="storing new metric label set" component=prom.Expirer labelValues="[write true loop6]"
time=2026-10-07T16:48:38.897Z level=DEBUG msg="storing new metric label set" component=prom.Expirer labelValues="[write true loop2]"
time=2026-10-07T16:48:38.897Z level=DEBUG msg="storing new metric label set" component=prom.Expirer labelValues="[ write   true 10.0.2.15 loop2]"
time=2026-10-07T16:48:38.897Z level=DEBUG msg="storing new metric label set" component=prom.Expirer labelValues="[write true loop2]"
time=2026-10-07T16:48:38.897Z level=DEBUG msg="storing new metric label set" component=prom.Expirer labelValues="[write true md0]"
time=2026-10-07T16:48:38.897Z level=DEBUG msg="storing new metric label set" component=prom.Expirer labelValues="[ write   true 10.0.2.15 md0]"
time=2026-10-07T16:48:38.898Z level=DEBUG msg="storing new metric label set" component=prom.Expirer labelValues="[write true md0]"
time=2026-10-07T16:48:38.898Z level=DEBUG msg="storing new metric label set" component=prom.Expirer labelValues="[write false zram0]"
time=2026-10-07T16:48:38.898Z level=DEBUG msg="storing new metric label set" component=prom.Expirer labelValues="[ write   false 10.0.2.15 zram0]"
time=2026-10-07T16:48:38.898Z level=DEBUG msg="storing new metric label set" component=prom.Expirer labelValues="[write false zram0]"
time=2026-10-07T16:48:38.898Z level=DEBUG msg="storing new metric label set" component=prom.Expirer labelValues="[write true dm-0]"
time=2026-10-07T16:48:38.899Z level=DEBUG msg="storing new metric label set" component=prom.Expirer labelValues="[ write   true 10.0.2.15 dm-0]"
time=2026-10-07T16:48:38.899Z level=DEBUG msg="storing new metric label set" component=prom.Expirer labelValues="[write true dm-0]"
time=2026-10-07T16:48:38.899Z level=DEBUG msg="storing new metric label set" component=prom.Expirer labelValues="[  sync_file_range 10.0.2.15 /mnt/obifs ext4]"
time=2026-10-07T16:48:38.899Z level=DEBUG msg="storing new metric label set" component=prom.Expirer labelValues=[sync_file_range]
time=2026-10-07T16:48:38.900Z level=DEBUG msg="storing new metric label set" component=prom.Expirer labelValues="[  syncfs 10.0.2.15 /mnt/obifs ext4]"
time=2026-10-07T16:48:38.900Z level=DEBUG msg="storing new metric label set" component=prom.Expirer labelValues=[syncfs]
time=2026-10-07T16:48:38.900Z level=DEBUG msg="storing new metric label set" component=prom.Expirer labelValues="[  fsync 10.0.2.15 /mnt/obitmpfs tmpfs]"
time=2026-10-07T16:48:38.900Z level=DEBUG msg="storing new metric label set" component=prom.Expirer labelValues=[fsync]
time=2026-10-07T16:48:38.901Z level=DEBUG msg="storing new metric label set" component=prom.Expirer labelValues="[  fsync 10.0.2.15 /mnt/obifs ext4]"
time=2026-10-07T16:48:38.901Z level=DEBUG msg="storing new metric label set" component=prom.Expirer labelValues="[  fsync 10.0.2.15 /mnt/obiovl overlay]"
time=2026-10-07T16:48:38.901Z level=DEBUG msg="storing new metric label set" component=prom.Expirer labelValues="[  fdatasync 10.0.2.15 /mnt/obifs ext4]"
time=2026-10-07T16:48:38.902Z level=DEBUG msg="storing new metric label set" component=prom.Expirer labelValues=[fdatasync]
time=2026-10-07T16:48:38.902Z level=DEBUG msg="storing new metric label set" component=prom.Expirer labelValues="[  fsync 10.0.2.15 /dev devtmpfs]"
time=2026-10-07T16:48:38.903Z level=DEBUG msg="storing new metric label set" component=prom.Expirer labelValues="[  sync 10.0.2.15  ]"
time=2026-10-07T16:48:38.903Z level=DEBUG msg="storing new metric label set" component=prom.Expirer labelValues=[sync]
time=2026-10-07T16:48:38.903Z level=DEBUG msg="storing new metric label set" component=prom.Expirer labelValues="[ ACCESS 4 127.0.0.1]"
time=2026-10-07T16:48:38.903Z level=DEBUG msg="storing new metric label set" component=prom.Expirer labelValues="[ACCESS 4 127.0.0.1]"
time=2026-10-07T16:48:38.904Z level=DEBUG msg="storing new metric label set" component=prom.Expirer labelValues="[NFS4ERR_GRACE OPEN 4 127.0.0.1]"
time=2026-10-07T16:48:38.904Z level=DEBUG msg="storing new metric label set" component=prom.Expirer labelValues="[OPEN 4 127.0.0.1]"
time=2026-10-07T16:48:38.904Z level=DEBUG msg="storing new metric label set" component=prom.Expirer labelValues="[write true md0]"
time=2026-10-07T16:48:38.904Z level=DEBUG msg="storing new metric label set" component=prom.Expirer labelValues="[write true loop2]"
time=2026-10-07T16:48:38.904Z level=DEBUG msg="storing new metric label set" component=prom.Expirer labelValues="[read true loop6]"
time=2026-10-07T16:48:38.905Z level=DEBUG msg="storing new metric label set" component=prom.Expirer labelValues="[write true dm-0]"
time=2026-10-07T16:48:38.905Z level=DEBUG msg="storing new metric label set" component=prom.Expirer labelValues="[write true loop3]"
time=2026-10-07T16:48:38.905Z level=DEBUG msg="storing new metric label set" component=prom.Expirer labelValues="[write true loop6]"
time=2026-10-07T16:48:38.905Z level=DEBUG msg="storing new metric label set" component=prom.Expirer labelValues="[write true loop1]"
time=2026-10-07T16:48:38.905Z level=DEBUG msg="storing new metric label set" component=prom.Expirer labelValues="[write false zram0]"
time=2026-10-07T16:48:39.638Z level=DEBUG msg="failed to get docker info" component=docker.ContainerStore error="failed to connect to the docker API at unix:///var/run/docker.sock; check if the path is correct and if the daemon is running: dial unix /var/run/docker.sock: connect: no such file or directory"
time=2026-10-07T16:48:40.640Z level=DEBUG msg="failed to get docker info" component=docker.ContainerStore error="failed to connect to the docker API at unix:///var/run/docker.sock; check if the path is correct and if the daemon is running: dial unix /var/run/docker.sock: connect: no such file or directory"
time=2026-10-07T16:48:41.642Z level=DEBUG msg="failed to get docker info" component=docker.ContainerStore error="failed to connect to the docker API at unix:///var/run/docker.sock; check if the path is correct and if the daemon is running: dial unix /var/run/docker.sock: connect: no such file or directory"
time=2026-10-07T16:48:42.643Z level=DEBUG msg="failed to get docker info" component=docker.ContainerStore error="failed to connect to the docker API at unix:///var/run/docker.sock; check if the path is correct and if the daemon is running: dial unix /var/run/docker.sock: connect: no such file or directory"
time=2026-10-07T16:48:43.645Z level=DEBUG msg="failed to get docker info" component=docker.ContainerStore error="failed to connect to the docker API at unix:///var/run/docker.sock; check if the path is correct and if the daemon is running: dial unix /var/run/docker.sock: connect: no such file or directory"
time=2026-10-07T16:48:44.646Z level=DEBUG msg="failed to get docker info" component=docker.ContainerStore error="failed to connect to the docker API at unix:///var/run/docker.sock; check if the path is correct and if the daemon is running: dial unix /var/run/docker.sock: connect: no such file or directory"
time=2026-10-07T16:48:45.649Z level=DEBUG msg="failed to get docker info" component=docker.ContainerStore error="failed to connect to the docker API at unix:///var/run/docker.sock; check if the path is correct and if the daemon is running: dial unix /var/run/docker.sock: connect: no such file or directory"
time=2026-10-07T16:48:46.650Z level=DEBUG msg="failed to get docker info" component=docker.ContainerStore error="failed to connect to the docker API at unix:///var/run/docker.sock; check if the path is correct and if the daemon is running: dial unix /var/run/docker.sock: connect: no such file or directory"
time=2026-10-07T16:48:47.651Z level=DEBUG msg="failed to get docker info" component=docker.ContainerStore error="failed to connect to the docker API at unix:///var/run/docker.sock; check if the path is correct and if the daemon is running: dial unix /var/run/docker.sock: connect: no such file or directory"
time=2026-10-07T16:48:48.653Z level=DEBUG msg="failed to get docker info" component=docker.ContainerStore error="failed to connect to the docker API at unix:///var/run/docker.sock; check if the path is correct and if the daemon is running: dial unix /var/run/docker.sock: connect: no such file or directory"
time=2026-10-07T16:48:49.654Z level=DEBUG msg="failed to get docker info" component=docker.ContainerStore error="failed to connect to the docker API at unix:///var/run/docker.sock; check if the path is correct and if the daemon is running: dial unix /var/run/docker.sock: connect: no such file or directory"
time=2026-10-07T16:48:50.656Z level=DEBUG msg="failed to get docker info" component=docker.ContainerStore error="failed to connect to the docker API at unix:///var/run/docker.sock; check if the path is correct and if the daemon is running: dial unix /var/run/docker.sock: connect: no such file or directory"
time=2026-10-07T16:48:50.893Z level=DEBUG msg="storing new metric label set" component=prom.Expirer labelValues="[write true loop5]"
time=2026-10-07T16:48:50.894Z level=DEBUG msg="storing new metric label set" component=prom.Expirer labelValues="[ write   true 10.0.2.15 loop5]"
time=2026-10-07T16:48:50.894Z level=DEBUG msg="storing new metric label set" component=prom.Expirer labelValues="[write true loop5]"
time=2026-10-07T16:48:50.894Z level=DEBUG msg="storing new metric label set" component=prom.Expirer labelValues="[write true loop4]"
time=2026-10-07T16:48:50.894Z level=DEBUG msg="storing new metric label set" component=prom.Expirer labelValues="[ write   true 10.0.2.15 loop4]"
time=2026-10-07T16:48:50.895Z level=DEBUG msg="storing new metric label set" component=prom.Expirer labelValues="[write true loop4]"
time=2026-10-07T16:48:50.895Z level=DEBUG msg="storing new metric label set" component=prom.Expirer labelValues="[write true dm-1]"
time=2026-10-07T16:48:50.895Z level=DEBUG msg="storing new metric label set" component=prom.Expirer labelValues="[ write   true 10.0.2.15 dm-1]"
time=2026-10-07T16:48:50.896Z level=DEBUG msg="storing new metric label set" component=prom.Expirer labelValues="[write true dm-1]"
time=2026-10-07T16:48:50.896Z level=DEBUG msg="storing new metric label set" component=prom.Expirer labelValues="[write true dm-1]"
time=2026-10-07T16:48:50.896Z level=DEBUG msg="storing new metric label set" component=prom.Expirer labelValues="[write true loop4]"
time=2026-10-07T16:48:51.657Z level=DEBUG msg="failed to get docker info" component=docker.ContainerStore error="failed to connect to the docker API at unix:///var/run/docker.sock; check if the path is correct and if the daemon is running: dial unix /var/run/docker.sock: connect: no such file or directory"
time=2026-10-07T16:48:52.659Z level=DEBUG msg="failed to get docker info" component=docker.ContainerStore error="failed to connect to the docker API at unix:///var/run/docker.sock; check if the path is correct and if the daemon is running: dial unix /var/run/docker.sock: connect: no such file or directory"
time=2026-10-07T16:48:53.661Z level=DEBUG msg="failed to get docker info" component=docker.ContainerStore error="failed to connect to the docker API at unix:///var/run/docker.sock; check if the path is correct and if the daemon is running: dial unix /var/run/docker.sock: connect: no such file or directory"
time=2026-10-07T16:48:54.662Z level=DEBUG msg="failed to get docker info" component=docker.ContainerStore error="failed to connect to the docker API at unix:///var/run/docker.sock; check if the path is correct and if the daemon is running: dial unix /var/run/docker.sock: connect: no such file or directory"
time=2026-10-07T16:48:55.664Z level=DEBUG msg="failed to get docker info" component=docker.ContainerStore error="failed to connect to the docker API at unix:///var/run/docker.sock; check if the path is correct and if the daemon is running: dial unix /var/run/docker.sock: connect: no such file or directory"
time=2026-10-07T16:48:56.665Z level=DEBUG msg="failed to get docker info" component=docker.ContainerStore error="failed to connect to the docker API at unix:///var/run/docker.sock; check if the path is correct and if the daemon is running: dial unix /var/run/docker.sock: connect: no such file or directory"
time=2026-10-07T16:48:57.666Z level=DEBUG msg="failed to get docker info" component=docker.ContainerStore error="failed to connect to the docker API at unix:///var/run/docker.sock; check if the path is correct and if the daemon is running: dial unix /var/run/docker.sock: connect: no such file or directory"
time=2026-10-07T16:48:58.668Z level=DEBUG msg="failed to get docker info" component=docker.ContainerStore error="failed to connect to the docker API at unix:///var/run/docker.sock; check if the path is correct and if the daemon is running: dial unix /var/run/docker.sock: connect: no such file or directory"
time=2026-10-07T16:48:59.669Z level=DEBUG msg="failed to get docker info" component=docker.ContainerStore error="failed to connect to the docker API at unix:///var/run/docker.sock; check if the path is correct and if the daemon is running: dial unix /var/run/docker.sock: connect: no such file or directory"
time=2026-10-07T16:49:00.670Z level=DEBUG msg="failed to get docker info" component=docker.ContainerStore error="failed to connect to the docker API at unix:///var/run/docker.sock; check if the path is correct and if the daemon is running: dial unix /var/run/docker.sock: connect: no such file or directory"
time=2026-10-07T16:49:01.672Z level=DEBUG msg="failed to get docker info" component=docker.ContainerStore error="failed to connect to the docker API at unix:///var/run/docker.sock; check if the path is correct and if the daemon is running: dial unix /var/run/docker.sock: connect: no such file or directory"
time=2026-10-07T16:49:02.673Z level=DEBUG msg="failed to get docker info" component=docker.ContainerStore error="failed to connect to the docker API at unix:///var/run/docker.sock; check if the path is correct and if the daemon is running: dial unix /var/run/docker.sock: connect: no such file or directory"
time=2026-10-07T16:49:03.674Z level=DEBUG msg="failed to get docker info" component=docker.ContainerStore error="failed to connect to the docker API at unix:///var/run/docker.sock; check if the path is correct and if the daemon is running: dial unix /var/run/docker.sock: connect: no such file or directory"
time=2026-10-07T16:49:04.676Z level=DEBUG msg="failed to get docker info" component=docker.ContainerStore error="failed to connect to the docker API at unix:///var/run/docker.sock; check if the path is correct and if the daemon is running: dial unix /var/run/docker.sock: connect: no such file or directory"
time=2026-10-07T16:49:05.677Z level=DEBUG msg="failed to get docker info" component=docker.ContainerStore error="failed to connect to the docker API at unix:///var/run/docker.sock; check if the path is correct and if the daemon is running: dial unix /var/run/docker.sock: connect: no such file or directory"
time=2026-10-07T16:49:06.678Z level=DEBUG msg="failed to get docker info" component=docker.ContainerStore error="failed to connect to the docker API at unix:///var/run/docker.sock; check if the path is correct and if the daemon is running: dial unix /var/run/docker.sock: connect: no such file or directory"
time=2026-10-07T16:49:07.679Z level=DEBUG msg="failed to get docker info" component=docker.ContainerStore error="failed to connect to the docker API at unix:///var/run/docker.sock; check if the path is correct and if the daemon is running: dial unix /var/run/docker.sock: connect: no such file or directory"
time=2026-10-07T16:49:08.680Z level=DEBUG msg="failed to get docker info" component=docker.ContainerStore error="failed to connect to the docker API at unix:///var/run/docker.sock; check if the path is correct and if the daemon is running: dial unix /var/run/docker.sock: connect: no such file or directory"
time=2026-10-07T16:49:09.681Z level=DEBUG msg="failed to get docker info" component=docker.ContainerStore error="failed to connect to the docker API at unix:///var/run/docker.sock; check if the path is correct and if the daemon is running: dial unix /var/run/docker.sock: connect: no such file or directory"
time=2026-10-07T16:49:10.683Z level=DEBUG msg="failed to get docker info" component=docker.ContainerStore error="failed to connect to the docker API at unix:///var/run/docker.sock; check if the path is correct and if the daemon is running: dial unix /var/run/docker.sock: connect: no such file or directory"
time=2026-10-07T16:49:11.684Z level=DEBUG msg="failed to get docker info" component=docker.ContainerStore error="failed to connect to the docker API at unix:///var/run/docker.sock; check if the path is correct and if the daemon is running: dial unix /var/run/docker.sock: connect: no such file or directory"
time=2026-10-07T16:49:12.685Z level=DEBUG msg="failed to get docker info" component=docker.ContainerStore error="failed to connect to the docker API at unix:///var/run/docker.sock; check if the path is correct and if the daemon is running: dial unix /var/run/docker.sock: connect: no such file or directory"
time=2026-10-07T16:49:13.686Z level=DEBUG msg="failed to get docker info" component=docker.ContainerStore error="failed to connect to the docker API at unix:///var/run/docker.sock; check if the path is correct and if the daemon is running: dial unix /var/run/docker.sock: connect: no such file or directory"
time=2026-10-07T16:49:14.686Z level=DEBUG msg="failed to get docker info" component=docker.ContainerStore error="failed to connect to the docker API at unix:///var/run/docker.sock; check if the path is correct and if the daemon is running: dial unix /var/run/docker.sock: connect: no such file or directory"
time=2026-10-07T16:49:15.687Z level=DEBUG msg="failed to get docker info" component=docker.ContainerStore error="failed to connect to the docker API at unix:///var/run/docker.sock; check if the path is correct and if the daemon is running: dial unix /var/run/docker.sock: connect: no such file or directory"
time=2026-10-07T16:49:16.688Z level=DEBUG msg="failed to get docker info" component=docker.ContainerStore error="failed to connect to the docker API at unix:///var/run/docker.sock; check if the path is correct and if the daemon is running: dial unix /var/run/docker.sock: connect: no such file or directory"
time=2026-10-07T16:49:17.690Z level=DEBUG msg="failed to get docker info" component=docker.ContainerStore error="failed to connect to the docker API at unix:///var/run/docker.sock; check if the path is correct and if the daemon is running: dial unix /var/run/docker.sock: connect: no such file or directory"
time=2026-10-07T16:49:18.691Z level=DEBUG msg="failed to get docker info" component=docker.ContainerStore error="failed to connect to the docker API at unix:///var/run/docker.sock; check if the path is correct and if the daemon is running: dial unix /var/run/docker.sock: connect: no such file or directory"
time=2026-10-07T16:49:19.693Z level=DEBUG msg="failed to get docker info" component=docker.ContainerStore error="failed to connect to the docker API at unix:///var/run/docker.sock; check if the path is correct and if the daemon is running: dial unix /var/run/docker.sock: connect: no such file or directory"
time=2026-10-07T16:49:20.694Z level=DEBUG msg="failed to get docker info" component=docker.ContainerStore error="failed to connect to the docker API at unix:///var/run/docker.sock; check if the path is correct and if the daemon is running: dial unix /var/run/docker.sock: connect: no such file or directory"
time=2026-10-07T16:49:21.695Z level=DEBUG msg="failed to get docker info" component=docker.ContainerStore error="failed to connect to the docker API at unix:///var/run/docker.sock; check if the path is correct and if the daemon is running: dial unix /var/run/docker.sock: connect: no such file or directory"
time=2026-10-07T16:49:22.696Z level=DEBUG msg="failed to get docker info" component=docker.ContainerStore error="failed to connect to the docker API at unix:///var/run/docker.sock; check if the path is correct and if the daemon is running: dial unix /var/run/docker.sock: connect: no such file or directory"
time=2026-10-07T16:49:23.697Z level=DEBUG msg="failed to get docker info" component=docker.ContainerStore error="failed to connect to the docker API at unix:///var/run/docker.sock; check if the path is correct and if the daemon is running: dial unix /var/run/docker.sock: connect: no such file or directory"
time=2026-10-07T16:49:24.698Z level=DEBUG msg="failed to get docker info" component=docker.ContainerStore error="failed to connect to the docker API at unix:///var/run/docker.sock; check if the path is correct and if the daemon is running: dial unix /var/run/docker.sock: connect: no such file or directory"
time=2026-10-07T16:49:25.699Z level=DEBUG msg="failed to get docker info" component=docker.ContainerStore error="failed to connect to the docker API at unix:///var/run/docker.sock; check if the path is correct and if the daemon is running: dial unix /var/run/docker.sock: connect: no such file or directory"
time=2026-10-07T16:49:26.701Z level=DEBUG msg="failed to get docker info" component=docker.ContainerStore error="failed to connect to the docker API at unix:///var/run/docker.sock; check if the path is correct and if the daemon is running: dial unix /var/run/docker.sock: connect: no such file or directory"
time=2026-10-07T16:49:27.702Z level=DEBUG msg="failed to get docker info" component=docker.ContainerStore error="failed to connect to the docker API at unix:///var/run/docker.sock; check if the path is correct and if the daemon is running: dial unix /var/run/docker.sock: connect: no such file or directory"
time=2026-10-07T16:49:28.704Z level=DEBUG msg="failed to get docker info" component=docker.ContainerStore error="failed to connect to the docker API at unix:///var/run/docker.sock; check if the path is correct and if the daemon is running: dial unix /var/run/docker.sock: connect: no such file or directory"
time=2026-10-07T16:49:29.705Z level=DEBUG msg="failed to get docker info" component=docker.ContainerStore error="failed to connect to the docker API at unix:///var/run/docker.sock; check if the path is correct and if the daemon is running: dial unix /var/run/docker.sock: connect: no such file or directory"
time=2026-10-07T16:49:30.706Z level=DEBUG msg="failed to get docker info" component=docker.ContainerStore error="failed to connect to the docker API at unix:///var/run/docker.sock; check if the path is correct and if the daemon is running: dial unix /var/run/docker.sock: connect: no such file or directory"
time=2026-10-07T16:49:31.708Z level=DEBUG msg="failed to get docker info" component=docker.ContainerStore error="failed to connect to the docker API at unix:///var/run/docker.sock; check if the path is correct and if the daemon is running: dial unix /var/run/docker.sock: connect: no such file or directory"
time=2026-10-07T16:49:32.710Z level=DEBUG msg="failed to get docker info" component=docker.ContainerStore error="failed to connect to the docker API at unix:///var/run/docker.sock; check if the path is correct and if the daemon is running: dial unix /var/run/docker.sock: connect: no such file or directory"
time=2026-10-07T16:49:33.712Z level=DEBUG msg="failed to get docker info" component=docker.ContainerStore error="failed to connect to the docker API at unix:///var/run/docker.sock; check if the path is correct and if the daemon is running: dial unix /var/run/docker.sock: connect: no such file or directory"
time=2026-10-07T16:49:34.714Z level=DEBUG msg="failed to get docker info" component=docker.ContainerStore error="failed to connect to the docker API at unix:///var/run/docker.sock; check if the path is correct and if the daemon is running: dial unix /var/run/docker.sock: connect: no such file or directory"
time=2026-10-07T16:49:35.716Z level=DEBUG msg="failed to get docker info" component=docker.ContainerStore error="failed to connect to the docker API at unix:///var/run/docker.sock; check if the path is correct and if the daemon is running: dial unix /var/run/docker.sock: connect: no such file or directory"
time=2026-10-07T16:49:36.717Z level=DEBUG msg="failed to get docker info" component=docker.ContainerStore error="failed to connect to the docker API at unix:///var/run/docker.sock; check if the path is correct and if the daemon is running: dial unix /var/run/docker.sock: connect: no such file or directory"
time=2026-10-07T16:49:37.718Z level=DEBUG msg="failed to get docker info" component=docker.ContainerStore error="failed to connect to the docker API at unix:///var/run/docker.sock; check if the path is correct and if the daemon is running: dial unix /var/run/docker.sock: connect: no such file or directory"
time=2026-10-07T16:49:38.720Z level=DEBUG msg="failed to get docker info" component=docker.ContainerStore error="failed to connect to the docker API at unix:///var/run/docker.sock; check if the path is correct and if the daemon is running: dial unix /var/run/docker.sock: connect: no such file or directory"
time=2026-10-07T16:49:39.721Z level=DEBUG msg="failed to get docker info" component=docker.ContainerStore error="failed to connect to the docker API at unix:///var/run/docker.sock; check if the path is correct and if the daemon is running: dial unix /var/run/docker.sock: connect: no such file or directory"
time=2026-10-07T16:49:40.722Z level=DEBUG msg="failed to get docker info" component=docker.ContainerStore error="failed to connect to the docker API at unix:///var/run/docker.sock; check if the path is correct and if the daemon is running: dial unix /var/run/docker.sock: connect: no such file or directory"
time=2026-10-07T16:49:41.724Z level=DEBUG msg="failed to get docker info" component=docker.ContainerStore error="failed to connect to the docker API at unix:///var/run/docker.sock; check if the path is correct and if the daemon is running: dial unix /var/run/docker.sock: connect: no such file or directory"
time=2026-10-07T16:49:42.725Z level=DEBUG msg="failed to get docker info" component=docker.ContainerStore error="failed to connect to the docker API at unix:///var/run/docker.sock; check if the path is correct and if the daemon is running: dial unix /var/run/docker.sock: connect: no such file or directory"
time=2026-10-07T16:49:43.726Z level=DEBUG msg="failed to get docker info" component=docker.ContainerStore error="failed to connect to the docker API at unix:///var/run/docker.sock; check if the path is correct and if the daemon is running: dial unix /var/run/docker.sock: connect: no such file or directory"
time=2026-10-07T16:49:44.728Z level=DEBUG msg="failed to get docker info" component=docker.ContainerStore error="failed to connect to the docker API at unix:///var/run/docker.sock; check if the path is correct and if the daemon is running: dial unix /var/run/docker.sock: connect: no such file or directory"
time=2026-10-07T16:49:45.728Z level=DEBUG msg="failed to get docker info" component=docker.ContainerStore error="failed to connect to the docker API at unix:///var/run/docker.sock; check if the path is correct and if the daemon is running: dial unix /var/run/docker.sock: connect: no such file or directory"
time=2026-10-07T16:49:46.730Z level=DEBUG msg="failed to get docker info" component=docker.ContainerStore error="failed to connect to the docker API at unix:///var/run/docker.sock; check if the path is correct and if the daemon is running: dial unix /var/run/docker.sock: connect: no such file or directory"
time=2026-10-07T16:49:47.731Z level=DEBUG msg="failed to get docker info" component=docker.ContainerStore error="failed to connect to the docker API at unix:///var/run/docker.sock; check if the path is correct and if the daemon is running: dial unix /var/run/docker.sock: connect: no such file or directory"
time=2026-10-07T16:49:48.732Z level=DEBUG msg="failed to get docker info" component=docker.ContainerStore error="failed to connect to the docker API at unix:///var/run/docker.sock; check if the path is correct and if the daemon is running: dial unix /var/run/docker.sock: connect: no such file or directory"
time=2026-10-07T16:49:49.734Z level=DEBUG msg="failed to get docker info" component=docker.ContainerStore error="failed to connect to the docker API at unix:///var/run/docker.sock; check if the path is correct and if the daemon is running: dial unix /var/run/docker.sock: connect: no such file or directory"
time=2026-10-07T16:49:50.735Z level=DEBUG msg="failed to get docker info" component=docker.ContainerStore error="failed to connect to the docker API at unix:///var/run/docker.sock; check if the path is correct and if the daemon is running: dial unix /var/run/docker.sock: connect: no such file or directory"
time=2026-10-07T16:49:51.292Z level=DEBUG msg="storing new metric label set" component=prom.Expirer labelValues="[ CLOSE 4 127.0.0.1]"
time=2026-10-07T16:49:51.293Z level=DEBUG msg="storing new metric label set" component=prom.Expirer labelValues="[CLOSE 4 127.0.0.1]"
time=2026-10-07T16:49:51.293Z level=DEBUG msg="storing new metric label set" component=prom.Expirer labelValues="[ OPEN 4 127.0.0.1]"
time=2026-10-07T16:49:51.293Z level=DEBUG msg="storing new metric label set" component=prom.Expirer labelValues="[ WRITE 4 127.0.0.1]"
time=2026-10-07T16:49:51.293Z level=DEBUG msg="storing new metric label set" component=prom.Expirer labelValues="[WRITE 4 127.0.0.1]"
time=2026-10-07T16:49:51.293Z level=DEBUG msg="storing new metric label set" component=prom.Expirer labelValues="[ OPEN_NOATTR 4 127.0.0.1]"
time=2026-10-07T16:49:51.293Z level=DEBUG msg="storing new metric label set" component=prom.Expirer labelValues="[OPEN_NOATTR 4 127.0.0.1]"
time=2026-10-07T16:49:51.293Z level=DEBUG msg="storing new metric label set" component=prom.Expirer labelValues="[ READ 4 127.0.0.1]"
time=2026-10-07T16:49:51.294Z level=DEBUG msg="storing new metric label set" component=prom.Expirer labelValues="[READ 4 127.0.0.1]"
time=2026-10-07T16:49:51.294Z level=DEBUG msg="storing new metric label set" component=prom.Expirer labelValues="[ENOENT LOOKUP 4 127.0.0.1]"
time=2026-10-07T16:49:51.294Z level=DEBUG msg="storing new metric label set" component=prom.Expirer labelValues="[LOOKUP 4 127.0.0.1]"
time=2026-10-07T16:49:51.294Z level=DEBUG msg="storing new metric label set" component=prom.Expirer labelValues="[receive 127.0.0.1]"
time=2026-10-07T16:49:51.294Z level=DEBUG msg="storing new metric label set" component=prom.Expirer labelValues="[transmit 127.0.0.1]"
time=2026-10-07T16:49:51.392Z level=DEBUG msg="storing new metric label set" component=prom.Expirer labelValues="[  fsync 10.0.2.15 /mnt/nfs nfs4]"
time=2026-10-07T16:49:51.737Z level=DEBUG msg="failed to get docker info" component=docker.ContainerStore error="failed to connect to the docker API at unix:///var/run/docker.sock; check if the path is correct and if the daemon is running: dial unix /var/run/docker.sock: connect: no such file or directory"
time=2026-10-07T16:49:52.738Z level=DEBUG msg="failed to get docker info" component=docker.ContainerStore error="failed to connect to the docker API at unix:///var/run/docker.sock; check if the path is correct and if the daemon is running: dial unix /var/run/docker.sock: connect: no such file or directory"
time=2026-10-07T16:49:53.740Z level=DEBUG msg="failed to get docker info" component=docker.ContainerStore error="failed to connect to the docker API at unix:///var/run/docker.sock; check if the path is correct and if the daemon is running: dial unix /var/run/docker.sock: connect: no such file or directory"
time=2026-10-07T16:49:54.298Z level=DEBUG msg="received metrics request" component=connector.PrometheusManager uri=/metrics remoteAddr=[::1]:35298
time=2026-10-07T16:49:54.302Z level=DEBUG msg="context is cancelled. Closing events reader" component=stat.RingBufTracer
time=2026-10-07T16:49:54.302Z level=INFO msg="stopping Stats agent" component=agent.StatsO11y
time=2026-10-07T16:49:54.303Z level=DEBUG msg="unregistering eBPF objects" component=ebpf.StatFetcher
time=2026-10-07T16:49:54.303Z level=DEBUG msg="Prometheus endpoint server was closed" component=connector.PrometheusManager port=9400 error="http: Server closed"
time=2026-10-07T16:49:54.303Z level=DEBUG msg="ring buffer is closed" component=stat.RingBufTracer
time=2026-10-07T16:49:54.303Z level=DEBUG msg="closing eBPF resources" component=stat.RingBufTracer len=1
time=2026-10-07T16:49:54.303Z level=DEBUG msg="the eBPF resources are closed" component=stat.RingBufTracer
time=2026-10-07T16:49:54.947Z level=DEBUG msg="waiting for all nodes to finish their pending work" component=agent.StatsO11y
time=2026-10-07T16:49:54.947Z level=INFO msg="Stats agent stopped" component=agent.StatsO11y
time=2026-10-07T16:49:54.947Z level=DEBUG msg="OBI main node finished"
time=2026-10-07T16:49:54.948Z level=INFO msg="OpenTelemetry eBPF Instrumentation successfully exiting"
