[    0.000000] Linux version 6.1.188-0601188-generic (kernel@balboa) (x86_64-linux-gnu-gcc-13 (Ubuntu 13.3.0-6ubuntu2~24.04.1) 13.3.0, GNU ld (GNU Binutils for Ubuntu) 2.42) #202609141410 SMP PREEMPT_DYNAMIC Tue Sep 15 01:55:12 UTC 2026
[    0.000000] Command line: console=ttyS0,115200 root=/dev/vda rw rootfstype=ext4 init=/lab-init.sh panic=-1 cgroup_no_v1=all mitigations=off loglevel=4 rcupdate.rcu_cpu_stall_timeout=120 
[    0.000000] KERNEL supported cpus:
[line about the CPU removed]
[line about the CPU removed]
[line about the CPU removed]
[    0.000000]   Centaur CentaurHauls
[    0.000000]   zhaoxin   Shanghai  
[line about the CPU removed]
[    0.000000] BIOS-provided physical RAM map:
[    0.000000] BIOS-e820: [mem 0x0000000000000000-0x000000000009fbff] usable
[    0.000000] BIOS-e820: [mem 0x000000000009fc00-0x000000000009ffff] reserved
[    0.000000] BIOS-e820: [mem 0x00000000000f0000-0x00000000000fffff] reserved
[    0.000000] BIOS-e820: [mem 0x0000000000100000-0x00000000bffdcfff] usable
[    0.000000] BIOS-e820: [mem 0x00000000bffdd000-0x00000000bfffffff] reserved
[    0.000000] BIOS-e820: [mem 0x00000000feffc000-0x00000000feffffff] reserved
[    0.000000] BIOS-e820: [mem 0x00000000fffc0000-0x00000000ffffffff] reserved
[    0.000000] BIOS-e820: [mem 0x0000000100000000-0x000000013fffffff] usable
[    0.000000] NX (Execute Disable) protection: active
[    0.000000] SMBIOS 2.8 present.
[    0.000000] DMI: QEMU Standard PC (i440FX + PIIX, 1996), BIOS [removed]
[    0.000000] Hypervisor detected: KVM
[    0.000000] kvm-clock: Using msrs 4b564d01 and 4b564d00
[    0.000002] kvm-clock: using sched offset of 151400438 cycles
[    0.000005] clocksource: kvm-clock: mask: 0xffffffffffffffff max_cycles: 0x1cd42e4dffb, max_idle_ns: 881590591483 ns
[line about the CPU removed]
[    0.000212] e820: update [mem 0x00000000-0x00000fff] usable ==> reserved
[    0.000215] e820: remove [mem 0x000a0000-0x000fffff] usable
[    0.000220] last_pfn = 0x140000 max_arch_pfn = 0x400000000
[    0.000259] x86/PAT: Configuration [0-7]: WB  WC  UC- UC  WB  WP  UC- WT  
[    0.000270] last_pfn = 0xbffdd max_arch_pfn = 0x400000000
[    0.003291] found SMP MP-table at [mem 0x000f54d0-0x000f54df]
[    0.003316] Using GB pages for direct mapping
[    0.003732] RAMDISK: [mem 0xbff1c000-0xbffcffff]
[    0.003737] ACPI: Early table checksum verification disabled
[    0.003744] ACPI: RSDP 0x00000000000F52F0 000014 (v00 BOCHS )
[    0.003749] ACPI: RSDT 0x00000000BFFE2373 000034 (v01 BOCHS  BXPC     00000001 BXPC 00000001)
[    0.003756] ACPI: FACP 0x00000000BFFE221F 000074 (v01 BOCHS  BXPC     00000001 BXPC 00000001)
[    0.003762] ACPI: DSDT 0x00000000BFFE0040 0021DF (v01 BOCHS  BXPC     00000001 BXPC 00000001)
[    0.003765] ACPI: FACS 0x00000000BFFE0000 000040
[    0.003767] ACPI: APIC 0x00000000BFFE2293 000080 (v03 BOCHS  BXPC     00000001 BXPC 00000001)
[    0.003769] ACPI: HPET 0x00000000BFFE2313 000038 (v01 BOCHS  BXPC     00000001 BXPC 00000001)
[    0.003770] ACPI: WAET 0x00000000BFFE234B 000028 (v01 BOCHS  BXPC     00000001 BXPC 00000001)
[    0.003772] ACPI: Reserving FACP table memory at [mem 0xbffe221f-0xbffe2292]
[    0.003773] ACPI: Reserving DSDT table memory at [mem 0xbffe0040-0xbffe221e]
[    0.003773] ACPI: Reserving FACS table memory at [mem 0xbffe0000-0xbffe003f]
[    0.003774] ACPI: Reserving APIC table memory at [mem 0xbffe2293-0xbffe2312]
[    0.003775] ACPI: Reserving HPET table memory at [mem 0xbffe2313-0xbffe234a]
[    0.003775] ACPI: Reserving WAET table memory at [mem 0xbffe234b-0xbffe2372]
[    0.004280] No NUMA configuration found
[    0.004282] Faking a node at [mem 0x0000000000000000-0x000000013fffffff]
[    0.004288] NODE_DATA(0) allocated [mem 0x13ffd3000-0x13fffdfff]
[    0.004436] Zone ranges:
[    0.004437]   DMA      [mem 0x0000000000001000-0x0000000000ffffff]
[    0.004439]   DMA32    [mem 0x0000000001000000-0x00000000ffffffff]
[    0.004440]   Normal   [mem 0x0000000100000000-0x000000013fffffff]
[    0.004441]   Device   empty
[    0.004442] Movable zone start for each node
[    0.004444] Early memory node ranges
[    0.004444]   node   0: [mem 0x0000000000001000-0x000000000009efff]
[    0.004446]   node   0: [mem 0x0000000000100000-0x00000000bffdcfff]
[    0.004446]   node   0: [mem 0x0000000100000000-0x000000013fffffff]
[    0.004448] Initmem setup node 0 [mem 0x0000000000001000-0x000000013fffffff]
[    0.004734] On node 0, zone DMA: 1 pages in unavailable ranges
[    0.004752] On node 0, zone DMA: 97 pages in unavailable ranges
[    0.016533] On node 0, zone Normal: 35 pages in unavailable ranges
[    0.017125] ACPI: PM-Timer IO Port: 0x608
[    0.017152] ACPI: LAPIC_NMI (acpi_id[0xff] dfl dfl lint[0x1])
[    0.017197] IOAPIC[0]: apic_id 0, version 17, address 0xfec00000, GSI 0-23
[    0.017200] ACPI: INT_SRC_OVR (bus 0 bus_irq 0 global_irq 2 dfl dfl)
[    0.017202] ACPI: INT_SRC_OVR (bus 0 bus_irq 5 global_irq 5 high level)
[    0.017203] ACPI: INT_SRC_OVR (bus 0 bus_irq 9 global_irq 9 high level)
[    0.017204] ACPI: INT_SRC_OVR (bus 0 bus_irq 10 global_irq 10 high level)
[    0.017204] ACPI: INT_SRC_OVR (bus 0 bus_irq 11 global_irq 11 high level)
[    0.017207] ACPI: Using ACPI (MADT) for SMP configuration information
[    0.017208] ACPI: HPET id: 0x8086a201 base: 0xfed00000
[    0.017214] TSC deadline timer available
[    0.017216] smpboot: Allowing 2 CPUs, 0 hotplug CPUs
[    0.017244] kvm-guest: KVM setup pv remote TLB flush
[    0.017246] kvm-guest: setup PV sched yield
[    0.017256] PM: hibernation: Registered nosave memory: [mem 0x00000000-0x00000fff]
[    0.017257] PM: hibernation: Registered nosave memory: [mem 0x0009f000-0x000fffff]
[    0.017258] PM: hibernation: Registered nosave memory: [mem 0xbffdd000-0xffffffff]
[    0.017259] [mem 0xc0000000-0xfeffbfff] available for PCI devices
[    0.017260] Booting paravirtualized kernel on KVM
[    0.017264] clocksource: refined-jiffies: mask: 0xffffffff max_cycles: 0xffffffff, max_idle_ns: 7645519600211568 ns
[    0.017273] setup_percpu: NR_CPUS:8192 nr_cpumask_bits:2 nr_cpu_ids:2 nr_node_ids:1
[    0.017588] percpu: Embedded 62 pages/cpu s217088 r8192 d28672 u1048576
[    0.017593] pcpu-alloc: s217088 r8192 d28672 u1048576 alloc=1*2097152
[    0.017596] pcpu-alloc: [0] 0 1 
[    0.017631] kvm-guest: PV spinlocks enabled
[    0.017633] PV qspinlock hash table entries: 256 (order: 0, 4096 bytes, linear)
[    0.017641] Fallback order for Node 0: 0 
[    0.017644] Built 1 zonelists, mobility grouping on.  Total pages: 1031901
[    0.017645] Policy zone: Normal
[    0.017646] Kernel command line: console=ttyS0,115200 root=/dev/vda rw rootfstype=ext4 init=/lab-init.sh panic=-1 cgroup_no_v1=all mitigations=off loglevel=4 rcupdate.rcu_cpu_stall_timeout=120 
[    0.017717] random: crng init done
[    0.018327] Dentry cache hash table entries: 524288 (order: 10, 4194304 bytes, linear)
[    0.018625] Inode-cache hash table entries: 262144 (order: 9, 2097152 bytes, linear)
[    0.018665] mem auto-init: stack:all(zero), heap alloc:on, heap free:off
[    0.018673] software IO TLB: area num 2.
[    0.039895] Memory: 3996032K/4193772K available (18441K kernel code, 4190K rwdata, 11572K rodata, 3140K init, 17080K bss, 197480K reserved, 0K cma-reserved)
[    0.039980] SLUB: HWalign=64, Order=0-3, MinObjects=0, CPUs=2, Nodes=1
[    0.040000] ftrace: allocating 53111 entries in 208 pages
[    0.044881] ftrace: allocated 208 pages with 3 groups
[    0.045541] Dynamic Preempt: voluntary
[    0.045758] rcu: Preemptible hierarchical RCU implementation.
[    0.045759] rcu: 	RCU restricting CPUs from NR_CPUS=8192 to nr_cpu_ids=2.
[    0.045760] 	RCU CPU stall warnings timeout set to 120 (rcu_cpu_stall_timeout).
[    0.045761] 	Trampoline variant of Tasks RCU enabled.
[    0.045761] 	Rude variant of Tasks RCU enabled.
[    0.045762] 	Tracing variant of Tasks RCU enabled.
[    0.045763] rcu: RCU calculated value of scheduler-enlistment delay is 25 jiffies.
[    0.045763] rcu: Adjusting geometry for rcu_fanout_leaf=16, nr_cpu_ids=2
[    0.048669] NR_IRQS: 524544, nr_irqs: 440, preallocated irqs: 16
[    0.048860] rcu: srcu_init: Setting srcu_struct sizes based on contention.
[    0.049057] Console: colour *CGA 80x25
[    0.049131] printk: console [ttyS0] enabled
[    0.049156] ACPI: Core revision 20220331
[    0.049706] clocksource: hpet: mask: 0xffffffff max_cycles: 0xffffffff, max_idle_ns: 19112604467 ns
[    0.050278] APIC: Switch to symmetric I/O mode setup
[    0.050657] x2apic enabled
[    0.051057] Switched APIC routing to physical x2apic.
[    0.051064] kvm-guest: setup PV IPIs
[    0.052907] ..TIMER: vector=0x30 apic1=0 pin1=2 apic2=-1 pin2=-1
[    0.052962] clocksource: tsc-early: mask: 0xffffffffffffffff max_cycles: 0x6a464ae9873, max_idle_ns: 881590529744 ns
[line about the CPU removed]
[line about the CPU removed]
[line about the CPU removed]
[line about the CPU removed]
[line about the CPU removed]
[line about the CPU removed]
[line about the CPU removed]
[line about the CPU removed]
[line about the CPU removed]
[line about the CPU removed]
[line about the CPU removed]
[line about the CPU removed]
[line about the CPU removed]
[    0.090631] Freeing SMP alternatives memory: 44K
[    0.090637] pid_max: default: 32768 minimum: 301
[    0.090669] LSM: Security Framework initializing
[    0.090681] landlock: Up and running.
[    0.090681] Yama: becoming mindful.
[    0.090717] AppArmor: AppArmor initialized
[    0.090758] Mount-cache hash table entries: 8192 (order: 4, 65536 bytes, linear)
[    0.090769] Mountpoint-cache hash table entries: 8192 (order: 4, 65536 bytes, linear)
[    0.090941] Disabling cpuset control group subsystem in v1 mounts
[    0.090947] Disabling cpu control group subsystem in v1 mounts
[    0.090949] Disabling cpuacct control group subsystem in v1 mounts
[    0.090952] Disabling io control group subsystem in v1 mounts
[    0.090965] Disabling memory control group subsystem in v1 mounts
[    0.090970] Disabling devices control group subsystem in v1 mounts
[    0.090972] Disabling freezer control group subsystem in v1 mounts
[    0.090977] Disabling net_cls control group subsystem in v1 mounts
[    0.090979] Disabling perf_event control group subsystem in v1 mounts
[    0.090980] Disabling net_prio control group subsystem in v1 mounts
[    0.090983] Disabling hugetlb control group subsystem in v1 mounts
[    0.090986] Disabling pids control group subsystem in v1 mounts
[    0.090988] Disabling rdma control group subsystem in v1 mounts
[    0.090990] Disabling misc control group subsystem in v1 mounts
[line about the CPU removed]
[    0.091325] cblist_init_generic: Setting adjustable number of callback queues.
[    0.091327] cblist_init_generic: Setting shift to 1 and lim to 1.
[    0.091338] cblist_init_generic: Setting adjustable number of callback queues.
[    0.091339] cblist_init_generic: Setting shift to 1 and lim to 1.
[    0.091351] cblist_init_generic: Setting adjustable number of callback queues.
[    0.091351] cblist_init_generic: Setting shift to 1 and lim to 1.
[line about the CPU removed]
[    0.091384] signal: max sigframe size: 3632
[    0.091402] rcu: Hierarchical SRCU implementation.
[    0.091403] rcu: 	Max phase no-delay instances is 1000.
[    0.091655] NMI watchdog: Perf NMI watchdog permanently disabled
[    0.091702] smp: Bringing up secondary CPUs ...
[    0.091806] x86: Booting SMP configuration:
[    0.091807] .... node  #0, CPUs:      #1
[    0.092674] smp: Brought up 1 node, 2 CPUs
[    0.092674] smpboot: Max logical packages: 1
[line about the CPU removed]
[    0.092674] devtmpfs: initialized
[    0.092674] x86/mm: Memory block size: 128MB
[    0.092674] clocksource: jiffies: mask: 0xffffffff max_cycles: 0xffffffff, max_idle_ns: 7645041785100000 ns
[    0.092674] futex hash table entries: 512 (order: 3, 32768 bytes, linear)
[    0.092674] pinctrl core: initialized pinctrl subsystem
[    0.092674] PM: RTC time: 20:35:34, date: 2026-10-07
[    0.093240] NET: Registered PF_NETLINK/PF_ROUTE protocol family
[    0.093344] DMA: preallocated 512 KiB GFP_KERNEL pool for atomic allocations
[    0.093418] DMA: preallocated 512 KiB GFP_KERNEL|GFP_DMA pool for atomic allocations
[    0.093734] DMA: preallocated 512 KiB GFP_KERNEL|GFP_DMA32 pool for atomic allocations
[    0.093744] audit: initializing netlink subsys (disabled)
[    0.093782] audit: type=2000 audit(1791405335.121:1): state=initialized audit_enabled=0 res=1
[    0.093782] thermal_sys: Registered thermal governor 'fair_share'
[    0.093782] thermal_sys: Registered thermal governor 'bang_bang'
[    0.093782] thermal_sys: Registered thermal governor 'step_wise'
[    0.093782] thermal_sys: Registered thermal governor 'user_space'
[    0.093782] thermal_sys: Registered thermal governor 'power_allocator'
[    0.093782] cpuidle: using governor ladder
[    0.093782] cpuidle: using governor menu
[    0.093782] acpiphp: ACPI Hot Plug PCI Controller Driver version: 0.5
[    0.093782] PCI: Using configuration type 1 for base access
[    0.094160] kprobes: kprobe jump-optimization is enabled. All kprobes are optimized if possible.
[    0.109173] HugeTLB: registered 1.00 GiB page size, pre-allocated 0 pages
[    0.109180] HugeTLB: 16380 KiB vmemmap can be freed for a 1.00 GiB page
[    0.109184] HugeTLB: registered 2.00 MiB page size, pre-allocated 0 pages
[    0.109187] HugeTLB: 28 KiB vmemmap can be freed for a 2.00 MiB page
[    0.115188] ACPI: Added _OSI(Module Device)
[    0.115188] ACPI: Added _OSI(Processor Device)
[    0.115188] ACPI: Added _OSI(Processor Aggregator Device)
[    0.115809] ACPI: 1 ACPI AML tables successfully acquired and loaded
[    0.118998] ACPI: Interpreter enabled
[    0.118998] ACPI: PM: (supports S0 S3 S4 S5)
[    0.118998] ACPI: Using IOAPIC for interrupt routing
[    0.118998] PCI: Using host bridge windows from ACPI; if necessary, use "pci=nocrs" and report a bug
[    0.118998] PCI: Ignoring E820 reservations for host bridge windows
[    0.118998] ACPI: Enabled 2 GPEs in block 00 to 0F
[    0.126557] ACPI: PCI Root Bridge [PCI0] (domain 0000 [bus 00-ff])
[    0.126574] acpi PNP0A03:00: _OSC: OS supports [ASPM ClockPM Segments MSI EDR HPX-Type3]
[    0.126579] acpi PNP0A03:00: _OSC: not requesting OS control; OS requires [ExtendedConfig ASPM ClockPM MSI]
[    0.126600] acpi PNP0A03:00: fail to add MMCONFIG information, can't access extended PCI configuration space under this bridge.
[    0.127487] acpiphp: Slot [2] registered
[    0.127561] acpiphp: Slot [3] registered
[    0.127631] acpiphp: Slot [4] registered
[    0.127695] acpiphp: Slot [5] registered
[    0.127754] acpiphp: Slot [6] registered
[    0.127844] acpiphp: Slot [7] registered
[    0.127916] acpiphp: Slot [8] registered
[    0.127980] acpiphp: Slot [9] registered
[    0.128042] acpiphp: Slot [10] registered
[    0.128101] acpiphp: Slot [11] registered
[    0.128161] acpiphp: Slot [12] registered
[    0.128220] acpiphp: Slot [13] registered
[    0.128280] acpiphp: Slot [14] registered
[    0.128338] acpiphp: Slot [15] registered
[    0.128401] acpiphp: Slot [16] registered
[    0.128461] acpiphp: Slot [17] registered
[    0.128520] acpiphp: Slot [18] registered
[    0.128645] acpiphp: Slot [19] registered
[    0.128697] acpiphp: Slot [20] registered
[    0.128749] acpiphp: Slot [21] registered
[    0.128804] acpiphp: Slot [22] registered
[    0.128882] acpiphp: Slot [23] registered
[    0.128935] acpiphp: Slot [24] registered
[    0.128992] acpiphp: Slot [25] registered
[    0.129044] acpiphp: Slot [26] registered
[    0.129096] acpiphp: Slot [27] registered
[    0.129148] acpiphp: Slot [28] registered
[    0.129204] acpiphp: Slot [29] registered
[    0.129257] acpiphp: Slot [30] registered
[    0.129310] acpiphp: Slot [31] registered
[    0.129350] PCI host bridge to bus 0000:00
[    0.129355] pci_bus 0000:00: root bus resource [io  0x0000-0x0cf7 window]
[    0.129363] pci_bus 0000:00: root bus resource [io  0x0d00-0xffff window]
[    0.129366] pci_bus 0000:00: root bus resource [mem 0x000a0000-0x000bffff window]
[    0.129368] pci_bus 0000:00: root bus resource [mem 0xc0000000-0xfebfffff window]
[    0.129371] pci_bus 0000:00: root bus resource [mem 0xe0000000000-0xe007fffffff window]
[    0.129373] pci_bus 0000:00: root bus resource [bus 00-ff]
[    0.129521] pci 0000:00:00.0: [8086:1237] type 00 class 0x060000
[    0.130846] pci 0000:00:01.0: [8086:7000] type 00 class 0x060100
[    0.132422] pci 0000:00:01.1: [8086:7010] type 00 class 0x010180
[    0.134964] pci 0000:00:01.1: BAR 4 [io  0xc100-0xc10f]
[    0.135882] pci 0000:00:01.1: BAR 0 [io  0x01f0-0x01f7]: legacy IDE quirk
[    0.135885] pci 0000:00:01.1: BAR 1 [io  0x03f6]: legacy IDE quirk
[    0.135886] pci 0000:00:01.1: BAR 2 [io  0x0170-0x0177]: legacy IDE quirk
[    0.135887] pci 0000:00:01.1: BAR 3 [io  0x0376]: legacy IDE quirk
[    0.136185] pci 0000:00:01.3: [8086:7113] type 00 class 0x068000
[    0.136977] pci 0000:00:01.3: quirk: [io  0x0600-0x063f] claimed by PIIX4 ACPI
[    0.136994] pci 0000:00:01.3: quirk: [io  0x0700-0x070f] claimed by PIIX4 SMB
[    0.137455] pci 0000:00:02.0: [1af4:1009] type 00 class 0x000200
[    0.138448] pci 0000:00:02.0: BAR 0 [io  0xc080-0xc0bf]
[    0.139215] pci 0000:00:02.0: BAR 1 [mem 0xfebfd000-0xfebfdfff]
[    0.141480] pci 0000:00:02.0: BAR 4 [mem 0xe0000000000-0xe0000003fff 64bit pref]
[    0.144344] pci 0000:00:03.0: [1af4:1009] type 00 class 0x000200
[    0.144974] pci 0000:00:03.0: BAR 0 [io  0xc0c0-0xc0ff]
[    0.146118] pci 0000:00:03.0: BAR 1 [mem 0xfebfe000-0xfebfefff]
[    0.152975] pci 0000:00:03.0: BAR 4 [mem 0xe0000004000-0xe0000007fff 64bit pref]
[    0.159146] pci 0000:00:04.0: [1af4:1001] type 00 class 0x010000
[    0.162150] pci 0000:00:04.0: BAR 0 [io  0xc000-0xc07f]
[    0.164979] pci 0000:00:04.0: BAR 1 [mem 0xfebff000-0xfebfffff]
[    0.173909] pci 0000:00:04.0: BAR 4 [mem 0xe0000008000-0xe000000bfff 64bit pref]
[    0.201382] ACPI: PCI: Interrupt link LNKA configured for IRQ 10
[    0.201559] ACPI: PCI: Interrupt link LNKB configured for IRQ 10
[    0.201723] ACPI: PCI: Interrupt link LNKC configured for IRQ 11
[    0.201884] ACPI: PCI: Interrupt link LNKD configured for IRQ 11
[    0.201967] ACPI: PCI: Interrupt link LNKS configured for IRQ 9
[    0.202329] iommu: Default domain type: Translated 
[    0.202329] iommu: DMA domain TLB invalidation policy: lazy mode 
[    0.202329] SCSI subsystem initialized
[    0.202329] libata version 3.00 loaded.
[    0.202329] ACPI: bus type USB registered
[    0.202329] usbcore: registered new interface driver usbfs
[    0.202329] usbcore: registered new interface driver hub
[    0.202329] usbcore: registered new device driver usb
[    0.202329] pps_core: LinuxPPS API ver. 1 registered
[    0.202329] pps_core: Software ver. 5.3.6 - Copyright 2005-2007 Rodolfo Giometti <giometti@linux.it>
[    0.202329] PTP clock support registered
[    0.202329] EDAC MC: Ver: 3.0.0
[    0.202329] NetLabel: Initializing
[    0.202329] NetLabel:  domain hash size = 128
[    0.202329] NetLabel:  protocols = UNLABELED CIPSOv4 CALIPSO
[    0.202329] NetLabel:  unlabeled traffic allowed by default
[    0.202329] mctp: management component transport protocol core
[    0.202329] NET: Registered PF_MCTP protocol family
[    0.202329] PCI: Using ACPI for IRQ routing
[    0.202329] PCI: pci_cache_line_size set to 64 bytes
[    0.205117] e820: reserve RAM buffer [mem 0x0009fc00-0x0009ffff]
[    0.205121] e820: reserve RAM buffer [mem 0xbffdd000-0xbfffffff]
[    0.205137] vgaarb: loaded
[    0.205137] hpet0: at MMIO 0xfed00000, IRQs 2, 8, 0
[line about the CPU removed]
[    0.211094] clocksource: Switched to clocksource kvm-clock
[    0.219556] VFS: Disk quotas dquot_6.6.0
[    0.219590] VFS: Dquot-cache hash table entries: 512 (order 0, 4096 bytes)
[    0.220149] AppArmor: AppArmor Filesystem Enabled
[    0.220171] pnp: PnP ACPI init
[    0.220274] pnp 00:02: [dma 2]
[    0.220558] pnp: PnP ACPI: found 5 devices
[    0.226970] clocksource: acpi_pm: mask: 0xffffff max_cycles: 0xffffff, max_idle_ns: 2085701024 ns
[    0.227033] NET: Registered PF_INET protocol family
[    0.227417] IP idents hash table entries: 65536 (order: 7, 524288 bytes, linear)
[    0.228516] tcp_listen_portaddr_hash hash table entries: 2048 (order: 3, 32768 bytes, linear)
[    0.228534] Table-perturb hash table entries: 65536 (order: 6, 262144 bytes, linear)
[    0.228555] TCP established hash table entries: 32768 (order: 6, 262144 bytes, linear)
[    0.228614] TCP bind hash table entries: 32768 (order: 8, 1048576 bytes, linear)
[    0.228639] TCP: Hash tables configured (established 32768 bind 32768)
[    0.228987] MPTCP token hash table entries: 4096 (order: 5, 98304 bytes, linear)
[    0.229002] UDP hash table entries: 2048 (order: 4, 65536 bytes, linear)
[    0.229011] UDP-Lite hash table entries: 2048 (order: 4, 65536 bytes, linear)
[    0.229047] NET: Registered PF_UNIX/PF_LOCAL protocol family
[    0.229055] NET: Registered PF_XDP protocol family
[    0.229067] pci_bus 0000:00: resource 4 [io  0x0000-0x0cf7 window]
[    0.229070] pci_bus 0000:00: resource 5 [io  0x0d00-0xffff window]
[    0.229071] pci_bus 0000:00: resource 6 [mem 0x000a0000-0x000bffff window]
[    0.229072] pci_bus 0000:00: resource 7 [mem 0xc0000000-0xfebfffff window]
[    0.229074] pci_bus 0000:00: resource 8 [mem 0xe0000000000-0xe007fffffff window]
[    0.229141] pci 0000:00:01.0: PIIX3: Enabling Passive Release
[    0.229161] pci 0000:00:00.0: Limiting direct PCI/PCI transfers
[    0.229269] PCI: CLS 0 bytes, default 64
[    0.229342] PCI-DMA: Using software bounce buffering for IO (SWIOTLB)
[    0.229344] software IO TLB: mapped [mem 0x00000000bbf1c000-0x00000000bff1c000] (64MB)
[line about the CPU removed]
[    0.229490] Trying to unpack rootfs image as initramfs...
[    0.230276] Initialise system trusted keyrings
[    0.230289] Key type blacklist registered
[    0.230331] workingset: timestamp_bits=36 max_order=20 bucket_order=0
[    0.230960] zbud: loaded
[    0.231160] squashfs: version 4.0 (2009/01/31) Phillip Lougher
[    0.236193] fuse: init (API version 7.38)
[    0.236352] integrity: Platform Keyring initialized
[    0.236355] integrity: Machine keyring initialized
[    0.238719] Key type asymmetric registered
[    0.238720] Asymmetric key parser 'x509' registered
[    0.249850] Freeing initrd memory: 720K
[    0.250645] alg: self-tests for CTR-KDF (hmac(sha256)) passed
[    0.250674] Block layer SCSI generic (bsg) driver version 0.4 loaded (major 243)
[    0.250729] io scheduler mq-deadline registered
[    0.251042] shpchp: Standard Hot Plug PCI Controller Driver version: 0.4
[    0.251199] input: Power Button as /devices/LNXSYSTM:00/LNXPWRBN:00/input/input0
[    0.251274] ACPI: button: Power Button [PWRF]
[    0.252804] ACPI: \_SB_.LNKB: Enabled at IRQ 10
[    0.255932] ACPI: \_SB_.LNKC: Enabled at IRQ 11
[    0.258443] ACPI: \_SB_.LNKD: Enabled at IRQ 11
[    0.261055] Serial: 8250/16550 driver, 32 ports, IRQ sharing enabled
[    0.286522] 00:03: ttyS0 at I/O 0x3f8 (irq = 4, base_baud = 115200) is a 16550A
[    0.287455] Linux agpgart interface v0.103
[    0.288496] loop: module loaded
[    0.288586] ata_piix 0000:00:01.1: version 2.13
[    0.289732] scsi host0: ata_piix
[    0.289840] scsi host1: ata_piix
[    0.289853] ata1: PATA max MWDMA2 cmd 0x1f0 ctl 0x3f6 bmdma 0xc100 irq 14
[    0.289855] ata2: PATA max MWDMA2 cmd 0x170 ctl 0x376 bmdma 0xc108 irq 15
[    0.290336] tun: Universal TUN/TAP device driver, 1.6
[    0.290361] PPP generic driver version 2.4.2
[    0.290392] VFIO - User Level meta-driver version: 0.3
[    0.290492] i8042: PNP: PS/2 Controller [PNP0303:KBD,PNP0f13:MOU] at 0x60,0x64 irq 1,12
[    0.291627] serio: i8042 KBD port at 0x60,0x64 irq 1
[    0.291633] serio: i8042 AUX port at 0x60,0x64 irq 12
[    0.291692] mousedev: PS/2 mouse device common for all mice
[    0.291987] input: AT Translated Set 2 keyboard as /devices/platform/i8042/serio0/input/input1
[    0.292074] rtc_cmos 00:04: RTC can wake from S4
[    0.292805] rtc_cmos 00:04: registered as rtc0
[    0.292890] rtc_cmos 00:04: setting system clock to 2026-10-07T20:35:34 UTC (1791405334)
[    0.292968] rtc_cmos 00:04: alarms up to one day, y3k, 242 bytes nvram
[    0.292976] i2c_dev: i2c /dev entries driver
[    0.292991] device-mapper: core: CONFIG_IMA_DISABLE_HTABLE is disabled. Duplicate IMA measurements will not be recorded in the IMA log.
[    0.293010] device-mapper: uevent: version 1.0.3
[    0.293041] device-mapper: ioctl: 4.47.0-ioctl (2022-07-28) initialised: dm-devel@redhat.com
[line about the CPU removed]
[    0.293100] ledtrig-cpu: registered to indicate activity on CPUs
[    0.293165] drop_monitor: Initializing network drop monitor service
[    0.302002] NET: Registered PF_INET6 protocol family
[    0.302870] Segment Routing with IPv6
[    0.302877] In-situ OAM (IOAM) with IPv6
[    0.302892] NET: Registered PF_PACKET protocol family
[    0.302936] Key type dns_resolver registered
[    0.303166] IPI shorthand broadcast: enabled
[    0.303195] sched_clock: Marking stable (302969396, 99271)->(307003887, -3935220)
[    0.303345] registered taskstats version 1
[    0.303393] Loading compiled-in X.509 certificates
[    0.303882] Loaded X.509 cert 'Build time autogenerated kernel key: b697b89f33aa926245f6f080f66a33b1aa8215d4'
[    0.304186] Loaded X.509 cert 'Canonical Ltd. Live Patch Signing: 14df34d1a87cf37625abec039ef2bf521249b969'
[    0.304480] Loaded X.509 cert 'Canonical Ltd. Kernel Module Signing: 88f752e560a1e0737e31163a466ad7b70a850c19'
[    0.304482] blacklist: Loading compiled-in revocation X.509 certificates
[    0.304494] Loaded X.509 cert 'Canonical Ltd. Secure Boot Signing: 61482aa2830d0ab2ad5af10b7250da9033ddcef0'
[    0.304504] Loaded X.509 cert 'Canonical Ltd. Secure Boot Signing (2017): 242ade75ac4a15e50d50c84b0d45ff3eae707a03'
[    0.304512] Loaded X.509 cert 'Canonical Ltd. Secure Boot Signing (ESM 2018): 365188c1d374d6b07c3c8f240f8ef722433d6a8b'
[    0.304523] Loaded X.509 cert 'Canonical Ltd. Secure Boot Signing (2019): c0746fd6c5da3ae827864651ad66ae47fe24b3e8'
[    0.304534] Loaded X.509 cert 'Canonical Ltd. Secure Boot Signing (2021 v1): a8d54bbb3825cfb94fa13c9f8a594a195c107b8d'
[    0.304542] Loaded X.509 cert 'Canonical Ltd. Secure Boot Signing (2021 v2): 4cf046892d6fd3c9a5b03f98d845f90851dc6a8c'
[    0.304549] Loaded X.509 cert 'Canonical Ltd. Secure Boot Signing (2021 v3): 100437bb6de6e469b581e61cd66bce3ef4ed53af'
[    0.304556] Loaded X.509 cert 'Canonical Ltd. Secure Boot Signing (Ubuntu Core 2019): c1d57b8f6b743f23ee41f4f7ee292f06eecadfb9'
[    0.304670] zswap: loaded using pool lzo/zbud
[    0.304759] Key type .fscrypt registered
[    0.304760] Key type fscrypt-provisioning registered
[    0.305012] Key type encrypted registered
[    0.305015] AppArmor: AppArmor sha1 policy hashing enabled
[    0.305024] ima: No TPM chip found, activating TPM-bypass!
[    0.305026] Loading compiled-in module X.509 certificates
[    0.305331] Loaded X.509 cert 'Build time autogenerated kernel key: b697b89f33aa926245f6f080f66a33b1aa8215d4'
[    0.305332] ima: Allocated hash algorithm: sha1
[    0.305344] ima: No architecture policies found
[    0.305356] evm: Initialising EVM extended attributes:
[    0.305357] evm: security.selinux
[    0.305357] evm: security.SMACK64
[    0.305358] evm: security.SMACK64EXEC
[    0.305359] evm: security.SMACK64TRANSMUTE
[    0.305359] evm: security.SMACK64MMAP
[    0.305360] evm: security.apparmor
[    0.305360] evm: security.ima
[    0.305361] evm: security.capability
[    0.305361] evm: HMAC attrs: 0x1
[    0.306852] PM:   Magic number: 14:701:598
[    0.307071] RAS: Correctable Errors collector initialized.
[    0.307091] clk: Disabling unused clocks
[    0.455285] Freeing unused decrypted memory: 2036K
[    0.456395] Freeing unused kernel image (initmem) memory: 3140K
[    0.456402] Write protecting the kernel read-only data: 32768k
[    0.457482] Freeing unused kernel image (text/rodata gap) memory: 2036K
[    0.457896] Freeing unused kernel image (rodata/data gap) memory: 716K
[    0.476198] x86/mm: Checked W+X mappings: passed, no W+X pages found.
[    0.476230] Run /init as init process
[    0.476233]   with arguments:
[    0.476235]     /init
[    0.476236]   with environment:
[    0.476237]     HOME=/
[    0.476238]     TERM=linux
[    0.483239] virtio_blk virtio2: 2/0/0 default/read/poll queues
[    0.487833] virtio_blk virtio2: [vda] 16777216 512-byte logical blocks (8.59 GB/8.00 GiB)
[    0.523243] EXT4-fs (vda): mounted filesystem with ordered data mode. Quota mode: none.
[    0.572588] EXT4-fs (vda): re-mounted. Quota mode: none.
[    0.607931] 9pnet: Installing 9P2000 support
[    0.622424] FS-Cache: Loaded
[    0.624069] 9p: Installing v9fs 9p2000 file system support
[    0.627360] null_blk: disk nullb0 created
[    0.627369] null_blk: module loaded
[    1.254553] loop0: detected capacity change from 0 to 131072
[    1.306329] loop0: detected capacity change from 0 to 131072
[    1.320460]  loop0: p1
[    1.514010] loop0: detected capacity change from 0 to 131072
[    1.748913] loop0: detected capacity change from 0 to 131072
[    1.751416] operation not supported error, dev loop0, sector 130944 op 0x9:(WRITE_ZEROES) flags 0x8000800 phys_seg 0 prio class 2
[    1.751468] operation not supported error, dev loop0, sector 328 op 0x9:(WRITE_ZEROES) flags 0x8000800 phys_seg 0 prio class 2
[    1.753060] operation not supported error, dev loop0, sector 8520 op 0x9:(WRITE_ZEROES) flags 0x8000800 phys_seg 0 prio class 2
[    1.753105] operation not supported error, dev loop0, sector 120 op 0x9:(WRITE_ZEROES) flags 0x8000800 phys_seg 0 prio class 2
[    1.753140] operation not supported error, dev loop0, sector 208 op 0x9:(WRITE_ZEROES) flags 0x8000800 phys_seg 0 prio class 2
[    1.753178] operation not supported error, dev loop0, sector 8528 op 0x9:(WRITE_ZEROES) flags 0x8000800 phys_seg 0 prio class 2
[    1.756282] EXT4-fs (loop0): mounted filesystem with ordered data mode. Quota mode: none.
[    1.925588] EXT4-fs (loop0): unmounting filesystem.
[    1.947913] loop0: detected capacity change from 0 to 131072
[    2.174070] loop0: detected capacity change from 0 to 131072
[    4.433750] loop0: detected capacity change from 0 to 131072
[    6.821823] scsi_debug:sdebug_driver_probe: scsi_debug: trim poll_queues to 0. poll_q/nr_hw = (0/1)
[    6.821837] scsi host2: scsi_debug: version 0191 [20210520]
                 dev_size_mb=64, opts=0x0, submit_queues=1, statistics=0
[    6.822127] scsi 2:0:0:0: Direct-Access     Linux    scsi_debug       0191 PQ: 0 ANSI: 7
[    6.822611] sd 2:0:0:0: Attached scsi generic sg0 type 0
[    6.822719] sd 2:0:0:0: Power-on or device reset occurred
[    6.830875] sd 2:0:0:0: [sda] 131072 512-byte logical blocks: (67.1 MB/64.0 MiB)
[    6.834935] sd 2:0:0:0: [sda] Write Protect is off
[    6.834942] sd 2:0:0:0: [sda] Mode Sense: 73 00 10 08
[    6.843134] sd 2:0:0:0: [sda] Write cache: enabled, read cache: enabled, supports DPO and FUA
[    6.855442] sd 2:0:0:0: [sda] Preferred minimum I/O size 512 bytes
[    6.855453] sd 2:0:0:0: [sda] Optimal transfer size 524288 bytes
[    6.901644] sd 2:0:0:0: [sda] Attached SCSI disk
[   10.212387] sd 2:0:0:0: [sda] Synchronizing SCSI cache
[   10.565535] loop0: detected capacity change from 0 to 131072
[   10.870628] zram: Added device: zram0
[   10.870948] zram0: detected capacity change from 0 to 32768
[   10.872584] zram0: detected capacity change from 32768 to 0
[   10.872722] zram: Removed device: zram0
[   12.420059] null_blk: disk obi-test-210 created
[   14.460171] null_blk: disk obi-test-210 created
[   15.332005] loop0: detected capacity change from 0 to 131072
[   18.687347] RPC: Registered named UNIX socket transport module.
[   18.687355] RPC: Registered udp transport module.
[   18.687356] RPC: Registered tcp transport module.
[   18.687356] RPC: Registered tcp NFSv4.1 backchannel transport module.
[   19.278450] null_blk: module loaded
[   19.286775] null_blk: disk ok created
[   19.568499] loop0: detected capacity change from 0 to 131072
[   19.568866]  loop0: p1
[   19.598187] loop1: detected capacity change from 0 to 131072
[   19.751899] operation not supported error, dev loop1, sector 2048 op 0x9:(WRITE_ZEROES) flags 0x8000800 phys_seg 0 prio class 2
[   19.796972] loop2: detected capacity change from 0 to 131072
[   19.799653] loop3: detected capacity change from 0 to 131072
[   19.817070] md0: detected capacity change from 0 to 253952
[   19.841210] loop4: detected capacity change from 0 to 131072
[   19.858401] loop5: detected capacity change from 0 to 131072
[   19.885767] loop6: detected capacity change from 0 to 131072
[   19.893184] EXT4-fs (loop6): mounted filesystem with ordered data mode. Quota mode: none.
[   21.137794] NFSD: Using UMH upcall client tracking operations.
[   21.137811] NFSD: starting 90-second grace period (net f0000000)
[   21.267423] NFS: Registering the id_resolver key type
[   21.267440] Key type id_resolver registered
[   21.267441] Key type id_legacy registered
[   21.291264] zram: Added device: zram0
[   21.292626] zram0: detected capacity change from 0 to 65536
[   21.303187] loop7: detected capacity change from 0 to 131072
[   33.565268] operation not supported error, dev loop1, sector 67584 op 0x9:(WRITE_ZEROES) flags 0x8000800 phys_seg 0 prio class 2
[   57.149512] EXT4-fs (loop6): unmounting filesystem.
[   57.313940] md0: detected capacity change from 253952 to 0
[   57.313948] md: md0 stopped.
