time=2026-10-07T21:45:36.119Z level=INFO msg="OpenTelemetry eBPF Instrumentation" Version=unset Revision=unset "OpenTelemetry SDK Version"=1.46.0
time=2026-10-07T21:45:36.120Z level=INFO msg="configuration loaded" version=v1
time=2026-10-07T21:45:36.125Z level=DEBUG msg="fetched node metadata" component=meta.NodeMeta fetcher=0 hostID=37550ce7a780481d872cf5f91b22ba5b
time=2026-10-07T21:45:36.126Z level=DEBUG msg="kubeconfig can't be detected. Assuming we are not in Kubernetes" component=kube.MetadataProvider error="can't access kubernetes. Tried using config from: config parameter, KUBECONFIG env, homedir and InClusterConfig. Got: unable to load in-cluster configuration, KUBERNETES_SERVICE_HOST and KUBERNETES_SERVICE_PORT must be defined"
time=2026-10-07T21:45:38.125Z level=WARN msg="timed out while waiting for Cloud metadata. Ignoring" component=meta.NodeMeta.otelNodeFetcher detector=ec2.resourceDetector
time=2026-10-07T21:45:38.126Z level=DEBUG msg="not reporting internal metrics"
time=2026-10-07T21:45:38.127Z level=DEBUG msg="failed to get docker info" component=docker.ContainerStore error="failed to connect to the docker API at unix:///var/run/docker.sock; check if the path is correct and if the daemon is running: dial unix /var/run/docker.sock: connect: no such file or directory"
time=2026-10-07T21:45:38.128Z level=DEBUG msg="failed to get docker info" component=docker.ContainerStore error="failed to connect to the docker API at unix:///var/run/docker.sock; check if the path is correct and if the daemon is running: dial unix /var/run/docker.sock: connect: no such file or directory"
time=2026-10-07T21:45:38.128Z level=INFO msg="starting OBI in Stat metrics mode"
time=2026-10-07T21:45:38.128Z level=INFO msg="initializing Stats agent" component=agent.StatsO11y
time=2026-10-07T21:45:38.128Z level=DEBUG msg="acquiring Agent IP" component=agent.StatsO11y
time=2026-10-07T21:45:38.128Z level=DEBUG msg="agent IP: 10.0.2.15" component=agent.StatsO11y
time=2026-10-07T21:45:38.130Z level=DEBUG msg="failed to get docker info" component=docker.ContainerStore error="failed to connect to the docker API at unix:///var/run/docker.sock; check if the path is correct and if the daemon is running: dial unix /var/run/docker.sock: connect: no such file or directory"
time=2026-10-07T21:45:38.257Z level=INFO msg="the probes of the enabled storage metrics are loaded" component=agent.StatsO11y
time=2026-10-07T21:45:38.257Z level=INFO msg="starting Stats agent" component=agent.StatsO11y
time=2026-10-07T21:45:38.257Z level=DEBUG msg="creating stats processing graph" component=agent.StatsO11y
time=2026-10-07T21:45:38.258Z level=DEBUG msg="registering stat disk operation duration metric" component=prom.StatsEndpoint
time=2026-10-07T21:45:38.258Z level=DEBUG msg="registering Prometheus metrics collectors" component=connector.PrometheusManager len=9 port=9400 path=/metrics
time=2026-10-07T21:45:38.258Z level=INFO msg="Stats agent successfully started" component=agent.StatsO11y
time=2026-10-07T21:45:38.258Z level=DEBUG msg="start reading and forwarding" component=stat.RingBufTracer
time=2026-10-07T21:45:38.258Z level=INFO msg="opening prometheus scrape endpoint" component=connector.PrometheusManager port=9400 path=/metrics
time=2026-10-07T21:45:38.258Z level=DEBUG msg="starting to read ring buffer" component=stat.RingBufTracer
time=2026-10-07T21:45:39.130Z level=DEBUG msg="failed to get docker info" component=docker.ContainerStore error="failed to connect to the docker API at unix:///var/run/docker.sock; check if the path is correct and if the daemon is running: dial unix /var/run/docker.sock: connect: no such file or directory"
time=2026-10-07T21:45:39.192Z level=DEBUG msg="received metrics request" component=connector.PrometheusManager uri=/metrics remoteAddr=[::1]:58708
time=2026-10-07T21:45:39.459Z level=DEBUG msg="storing new metric label set" component=prom.Expirer labelValues="[read false vda]"
time=2026-10-07T21:45:39.459Z level=DEBUG msg="storing new metric label set" component=prom.Expirer labelValues="[ read   false 10.0.2.15 vda]"
time=2026-10-07T21:45:39.459Z level=DEBUG msg="storing new metric label set" component=prom.Expirer labelValues="[read false vda]"
time=2026-10-07T21:45:39.459Z level=DEBUG msg="storing new metric label set" component=prom.Expirer labelValues="[read false vda]"
time=2026-10-07T21:45:39.960Z level=DEBUG msg="storing new metric label set" component=prom.Expirer labelValues="[write false vda]"
time=2026-10-07T21:45:39.966Z level=DEBUG msg="storing new metric label set" component=prom.Expirer labelValues="[ write   false 10.0.2.15 vda]"
time=2026-10-07T21:45:39.966Z level=DEBUG msg="storing new metric label set" component=prom.Expirer labelValues="[write false vda]"
time=2026-10-07T21:45:39.966Z level=DEBUG msg="storing new metric label set" component=prom.Expirer labelValues="[write false vda]"
time=2026-10-07T21:45:40.131Z level=DEBUG msg="failed to get docker info" component=docker.ContainerStore error="failed to connect to the docker API at unix:///var/run/docker.sock; check if the path is correct and if the daemon is running: dial unix /var/run/docker.sock: connect: no such file or directory"
time=2026-10-07T21:45:41.132Z level=DEBUG msg="failed to get docker info" component=docker.ContainerStore error="failed to connect to the docker API at unix:///var/run/docker.sock; check if the path is correct and if the daemon is running: dial unix /var/run/docker.sock: connect: no such file or directory"
time=2026-10-07T21:45:42.134Z level=DEBUG msg="failed to get docker info" component=docker.ContainerStore error="failed to connect to the docker API at unix:///var/run/docker.sock; check if the path is correct and if the daemon is running: dial unix /var/run/docker.sock: connect: no such file or directory"
time=2026-10-07T21:45:43.136Z level=DEBUG msg="failed to get docker info" component=docker.ContainerStore error="failed to connect to the docker API at unix:///var/run/docker.sock; check if the path is correct and if the daemon is running: dial unix /var/run/docker.sock: connect: no such file or directory"
time=2026-10-07T21:45:44.138Z level=DEBUG msg="failed to get docker info" component=docker.ContainerStore error="failed to connect to the docker API at unix:///var/run/docker.sock; check if the path is correct and if the daemon is running: dial unix /var/run/docker.sock: connect: no such file or directory"
time=2026-10-07T21:45:45.139Z level=DEBUG msg="failed to get docker info" component=docker.ContainerStore error="failed to connect to the docker API at unix:///var/run/docker.sock; check if the path is correct and if the daemon is running: dial unix /var/run/docker.sock: connect: no such file or directory"
time=2026-10-07T21:45:46.141Z level=DEBUG msg="failed to get docker info" component=docker.ContainerStore error="failed to connect to the docker API at unix:///var/run/docker.sock; check if the path is correct and if the daemon is running: dial unix /var/run/docker.sock: connect: no such file or directory"
time=2026-10-07T21:45:47.143Z level=DEBUG msg="failed to get docker info" component=docker.ContainerStore error="failed to connect to the docker API at unix:///var/run/docker.sock; check if the path is correct and if the daemon is running: dial unix /var/run/docker.sock: connect: no such file or directory"
time=2026-10-07T21:45:48.144Z level=DEBUG msg="failed to get docker info" component=docker.ContainerStore error="failed to connect to the docker API at unix:///var/run/docker.sock; check if the path is correct and if the daemon is running: dial unix /var/run/docker.sock: connect: no such file or directory"
time=2026-10-07T21:45:49.146Z level=DEBUG msg="failed to get docker info" component=docker.ContainerStore error="failed to connect to the docker API at unix:///var/run/docker.sock; check if the path is correct and if the daemon is running: dial unix /var/run/docker.sock: connect: no such file or directory"
time=2026-10-07T21:45:50.148Z level=DEBUG msg="failed to get docker info" component=docker.ContainerStore error="failed to connect to the docker API at unix:///var/run/docker.sock; check if the path is correct and if the daemon is running: dial unix /var/run/docker.sock: connect: no such file or directory"
time=2026-10-07T21:45:51.149Z level=DEBUG msg="failed to get docker info" component=docker.ContainerStore error="failed to connect to the docker API at unix:///var/run/docker.sock; check if the path is correct and if the daemon is running: dial unix /var/run/docker.sock: connect: no such file or directory"
time=2026-10-07T21:45:52.150Z level=DEBUG msg="failed to get docker info" component=docker.ContainerStore error="failed to connect to the docker API at unix:///var/run/docker.sock; check if the path is correct and if the daemon is running: dial unix /var/run/docker.sock: connect: no such file or directory"
time=2026-10-07T21:45:53.153Z level=DEBUG msg="failed to get docker info" component=docker.ContainerStore error="failed to connect to the docker API at unix:///var/run/docker.sock; check if the path is correct and if the daemon is running: dial unix /var/run/docker.sock: connect: no such file or directory"
time=2026-10-07T21:45:54.153Z level=DEBUG msg="failed to get docker info" component=docker.ContainerStore error="failed to connect to the docker API at unix:///var/run/docker.sock; check if the path is correct and if the daemon is running: dial unix /var/run/docker.sock: connect: no such file or directory"
time=2026-10-07T21:45:55.155Z level=DEBUG msg="failed to get docker info" component=docker.ContainerStore error="failed to connect to the docker API at unix:///var/run/docker.sock; check if the path is correct and if the daemon is running: dial unix /var/run/docker.sock: connect: no such file or directory"
time=2026-10-07T21:45:56.157Z level=DEBUG msg="failed to get docker info" component=docker.ContainerStore error="failed to connect to the docker API at unix:///var/run/docker.sock; check if the path is correct and if the daemon is running: dial unix /var/run/docker.sock: connect: no such file or directory"
time=2026-10-07T21:45:57.159Z level=DEBUG msg="failed to get docker info" component=docker.ContainerStore error="failed to connect to the docker API at unix:///var/run/docker.sock; check if the path is correct and if the daemon is running: dial unix /var/run/docker.sock: connect: no such file or directory"
time=2026-10-07T21:45:58.160Z level=DEBUG msg="failed to get docker info" component=docker.ContainerStore error="failed to connect to the docker API at unix:///var/run/docker.sock; check if the path is correct and if the daemon is running: dial unix /var/run/docker.sock: connect: no such file or directory"
time=2026-10-07T21:45:59.162Z level=DEBUG msg="failed to get docker info" component=docker.ContainerStore error="failed to connect to the docker API at unix:///var/run/docker.sock; check if the path is correct and if the daemon is running: dial unix /var/run/docker.sock: connect: no such file or directory"
time=2026-10-07T21:46:00.163Z level=DEBUG msg="failed to get docker info" component=docker.ContainerStore error="failed to connect to the docker API at unix:///var/run/docker.sock; check if the path is correct and if the daemon is running: dial unix /var/run/docker.sock: connect: no such file or directory"
time=2026-10-07T21:46:01.165Z level=DEBUG msg="failed to get docker info" component=docker.ContainerStore error="failed to connect to the docker API at unix:///var/run/docker.sock; check if the path is correct and if the daemon is running: dial unix /var/run/docker.sock: connect: no such file or directory"
time=2026-10-07T21:46:02.166Z level=DEBUG msg="failed to get docker info" component=docker.ContainerStore error="failed to connect to the docker API at unix:///var/run/docker.sock; check if the path is correct and if the daemon is running: dial unix /var/run/docker.sock: connect: no such file or directory"
time=2026-10-07T21:46:03.168Z level=DEBUG msg="failed to get docker info" component=docker.ContainerStore error="failed to connect to the docker API at unix:///var/run/docker.sock; check if the path is correct and if the daemon is running: dial unix /var/run/docker.sock: connect: no such file or directory"
time=2026-10-07T21:46:04.169Z level=DEBUG msg="failed to get docker info" component=docker.ContainerStore error="failed to connect to the docker API at unix:///var/run/docker.sock; check if the path is correct and if the daemon is running: dial unix /var/run/docker.sock: connect: no such file or directory"
time=2026-10-07T21:46:05.170Z level=DEBUG msg="failed to get docker info" component=docker.ContainerStore error="failed to connect to the docker API at unix:///var/run/docker.sock; check if the path is correct and if the daemon is running: dial unix /var/run/docker.sock: connect: no such file or directory"
time=2026-10-07T21:46:06.172Z level=DEBUG msg="failed to get docker info" component=docker.ContainerStore error="failed to connect to the docker API at unix:///var/run/docker.sock; check if the path is correct and if the daemon is running: dial unix /var/run/docker.sock: connect: no such file or directory"
time=2026-10-07T21:46:07.174Z level=DEBUG msg="failed to get docker info" component=docker.ContainerStore error="failed to connect to the docker API at unix:///var/run/docker.sock; check if the path is correct and if the daemon is running: dial unix /var/run/docker.sock: connect: no such file or directory"
time=2026-10-07T21:46:08.176Z level=DEBUG msg="failed to get docker info" component=docker.ContainerStore error="failed to connect to the docker API at unix:///var/run/docker.sock; check if the path is correct and if the daemon is running: dial unix /var/run/docker.sock: connect: no such file or directory"
time=2026-10-07T21:46:09.177Z level=DEBUG msg="failed to get docker info" component=docker.ContainerStore error="failed to connect to the docker API at unix:///var/run/docker.sock; check if the path is correct and if the daemon is running: dial unix /var/run/docker.sock: connect: no such file or directory"
time=2026-10-07T21:46:10.179Z level=DEBUG msg="failed to get docker info" component=docker.ContainerStore error="failed to connect to the docker API at unix:///var/run/docker.sock; check if the path is correct and if the daemon is running: dial unix /var/run/docker.sock: connect: no such file or directory"
time=2026-10-07T21:46:11.181Z level=DEBUG msg="failed to get docker info" component=docker.ContainerStore error="failed to connect to the docker API at unix:///var/run/docker.sock; check if the path is correct and if the daemon is running: dial unix /var/run/docker.sock: connect: no such file or directory"
time=2026-10-07T21:46:12.182Z level=DEBUG msg="failed to get docker info" component=docker.ContainerStore error="failed to connect to the docker API at unix:///var/run/docker.sock; check if the path is correct and if the daemon is running: dial unix /var/run/docker.sock: connect: no such file or directory"
time=2026-10-07T21:46:13.184Z level=DEBUG msg="failed to get docker info" component=docker.ContainerStore error="failed to connect to the docker API at unix:///var/run/docker.sock; check if the path is correct and if the daemon is running: dial unix /var/run/docker.sock: connect: no such file or directory"
time=2026-10-07T21:46:14.185Z level=DEBUG msg="failed to get docker info" component=docker.ContainerStore error="failed to connect to the docker API at unix:///var/run/docker.sock; check if the path is correct and if the daemon is running: dial unix /var/run/docker.sock: connect: no such file or directory"
time=2026-10-07T21:46:14.208Z level=DEBUG msg="received metrics request" component=connector.PrometheusManager uri=/metrics remoteAddr=[::1]:40114
time=2026-10-07T21:46:14.260Z level=DEBUG msg="storing new metric label set" component=prom.Expirer labelValues="[read false nvme0c0n1]"
time=2026-10-07T21:46:14.260Z level=DEBUG msg="storing new metric label set" component=prom.Expirer labelValues="[ read   false 10.0.2.15 nvme0c0n1]"
time=2026-10-07T21:46:14.260Z level=DEBUG msg="storing new metric label set" component=prom.Expirer labelValues="[read false nvme0c0n1]"
time=2026-10-07T21:46:14.260Z level=DEBUG msg="storing new metric label set" component=prom.Expirer labelValues="[write false nvme0c0n1]"
time=2026-10-07T21:46:14.260Z level=DEBUG msg="storing new metric label set" component=prom.Expirer labelValues="[ write   false 10.0.2.15 nvme0c0n1]"
time=2026-10-07T21:46:14.260Z level=DEBUG msg="storing new metric label set" component=prom.Expirer labelValues="[write false nvme0c0n1]"
time=2026-10-07T21:46:14.260Z level=DEBUG msg="storing new metric label set" component=prom.Expirer labelValues="[read false nvme0c0n1]"
time=2026-10-07T21:46:14.260Z level=DEBUG msg="storing new metric label set" component=prom.Expirer labelValues="[write false nvme0c0n1]"
time=2026-10-07T21:46:14.260Z level=DEBUG msg="storing new metric label set" component=prom.Expirer labelValues="[read true nvme0n1]"
time=2026-10-07T21:46:14.260Z level=DEBUG msg="storing new metric label set" component=prom.Expirer labelValues="[write true nvme0n1]"
time=2026-10-07T21:46:15.188Z level=DEBUG msg="failed to get docker info" component=docker.ContainerStore error="failed to connect to the docker API at unix:///var/run/docker.sock; check if the path is correct and if the daemon is running: dial unix /var/run/docker.sock: connect: no such file or directory"
time=2026-10-07T21:46:16.189Z level=DEBUG msg="failed to get docker info" component=docker.ContainerStore error="failed to connect to the docker API at unix:///var/run/docker.sock; check if the path is correct and if the daemon is running: dial unix /var/run/docker.sock: connect: no such file or directory"
time=2026-10-07T21:46:17.190Z level=DEBUG msg="failed to get docker info" component=docker.ContainerStore error="failed to connect to the docker API at unix:///var/run/docker.sock; check if the path is correct and if the daemon is running: dial unix /var/run/docker.sock: connect: no such file or directory"
time=2026-10-07T21:46:18.192Z level=DEBUG msg="failed to get docker info" component=docker.ContainerStore error="failed to connect to the docker API at unix:///var/run/docker.sock; check if the path is correct and if the daemon is running: dial unix /var/run/docker.sock: connect: no such file or directory"
time=2026-10-07T21:46:19.193Z level=DEBUG msg="failed to get docker info" component=docker.ContainerStore error="failed to connect to the docker API at unix:///var/run/docker.sock; check if the path is correct and if the daemon is running: dial unix /var/run/docker.sock: connect: no such file or directory"
time=2026-10-07T21:46:19.477Z level=DEBUG msg="received metrics request" component=connector.PrometheusManager uri=/metrics remoteAddr=[::1]:54088
time=2026-10-07T21:46:20.195Z level=DEBUG msg="failed to get docker info" component=docker.ContainerStore error="failed to connect to the docker API at unix:///var/run/docker.sock; check if the path is correct and if the daemon is running: dial unix /var/run/docker.sock: connect: no such file or directory"
time=2026-10-07T21:46:21.196Z level=DEBUG msg="failed to get docker info" component=docker.ContainerStore error="failed to connect to the docker API at unix:///var/run/docker.sock; check if the path is correct and if the daemon is running: dial unix /var/run/docker.sock: connect: no such file or directory"
time=2026-10-07T21:46:22.198Z level=DEBUG msg="failed to get docker info" component=docker.ContainerStore error="failed to connect to the docker API at unix:///var/run/docker.sock; check if the path is correct and if the daemon is running: dial unix /var/run/docker.sock: connect: no such file or directory"
time=2026-10-07T21:46:23.200Z level=DEBUG msg="failed to get docker info" component=docker.ContainerStore error="failed to connect to the docker API at unix:///var/run/docker.sock; check if the path is correct and if the daemon is running: dial unix /var/run/docker.sock: connect: no such file or directory"
time=2026-10-07T21:46:24.202Z level=DEBUG msg="failed to get docker info" component=docker.ContainerStore error="failed to connect to the docker API at unix:///var/run/docker.sock; check if the path is correct and if the daemon is running: dial unix /var/run/docker.sock: connect: no such file or directory"
time=2026-10-07T21:46:25.204Z level=DEBUG msg="failed to get docker info" component=docker.ContainerStore error="failed to connect to the docker API at unix:///var/run/docker.sock; check if the path is correct and if the daemon is running: dial unix /var/run/docker.sock: connect: no such file or directory"
time=2026-10-07T21:46:26.205Z level=DEBUG msg="failed to get docker info" component=docker.ContainerStore error="failed to connect to the docker API at unix:///var/run/docker.sock; check if the path is correct and if the daemon is running: dial unix /var/run/docker.sock: connect: no such file or directory"
time=2026-10-07T21:46:27.206Z level=DEBUG msg="failed to get docker info" component=docker.ContainerStore error="failed to connect to the docker API at unix:///var/run/docker.sock; check if the path is correct and if the daemon is running: dial unix /var/run/docker.sock: connect: no such file or directory"
time=2026-10-07T21:46:28.208Z level=DEBUG msg="failed to get docker info" component=docker.ContainerStore error="failed to connect to the docker API at unix:///var/run/docker.sock; check if the path is correct and if the daemon is running: dial unix /var/run/docker.sock: connect: no such file or directory"
time=2026-10-07T21:46:29.209Z level=DEBUG msg="failed to get docker info" component=docker.ContainerStore error="failed to connect to the docker API at unix:///var/run/docker.sock; check if the path is correct and if the daemon is running: dial unix /var/run/docker.sock: connect: no such file or directory"
time=2026-10-07T21:46:29.504Z level=DEBUG msg="received metrics request" component=connector.PrometheusManager uri=/metrics remoteAddr=[::1]:46992
time=2026-10-07T21:46:29.512Z level=INFO msg="stopping Stats agent" component=agent.StatsO11y
time=2026-10-07T21:46:29.512Z level=DEBUG msg="unregistering eBPF objects" component=ebpf.StatFetcher
time=2026-10-07T21:46:29.514Z level=DEBUG msg="waiting for all nodes to finish their pending work" component=agent.StatsO11y
time=2026-10-07T21:46:29.514Z level=DEBUG msg="context is cancelled. Closing events reader" component=stat.RingBufTracer
time=2026-10-07T21:46:29.514Z level=DEBUG msg="Prometheus endpoint server was closed" component=connector.PrometheusManager port=9400 error="http: Server closed"
time=2026-10-07T21:46:29.514Z level=DEBUG msg="ring buffer is closed" component=stat.RingBufTracer
time=2026-10-07T21:46:29.514Z level=DEBUG msg="closing eBPF resources" component=stat.RingBufTracer len=1
time=2026-10-07T21:46:29.515Z level=DEBUG msg="the eBPF resources are closed" component=stat.RingBufTracer
time=2026-10-07T21:46:29.515Z level=INFO msg="Stats agent stopped" component=agent.StatsO11y
time=2026-10-07T21:46:29.515Z level=DEBUG msg="OBI main node finished"
time=2026-10-07T21:46:29.515Z level=INFO msg="OpenTelemetry eBPF Instrumentation successfully exiting"
