time=2026-10-07T20:27:18.949Z level=INFO msg="OpenTelemetry eBPF Instrumentation" Version=unset Revision=unset "OpenTelemetry SDK Version"=1.46.0
time=2026-10-07T20:27:18.950Z level=INFO msg="configuration loaded" version=v1
time=2026-10-07T20:27:18.955Z level=DEBUG msg="fetched node metadata" component=meta.NodeMeta fetcher=0 hostID=37550ce7a780481d872cf5f91b22ba5b
time=2026-10-07T20:27:18.955Z level=DEBUG msg="kubeconfig can't be detected. Assuming we are not in Kubernetes" component=kube.MetadataProvider error="can't access kubernetes. Tried using config from: config parameter, KUBECONFIG env, homedir and InClusterConfig. Got: unable to load in-cluster configuration, KUBERNETES_SERVICE_HOST and KUBERNETES_SERVICE_PORT must be defined"
time=2026-10-07T20:27:20.956Z level=WARN msg="timed out while waiting for Cloud metadata. Ignoring" component=meta.NodeMeta.otelNodeFetcher detector=ec2.resourceDetector
time=2026-10-07T20:27:20.957Z level=DEBUG msg="not reporting internal metrics"
time=2026-10-07T20:27:20.958Z level=DEBUG msg="failed to get docker info" component=docker.ContainerStore error="failed to connect to the docker API at unix:///var/run/docker.sock; check if the path is correct and if the daemon is running: dial unix /var/run/docker.sock: connect: no such file or directory"
time=2026-10-07T20:27:20.959Z level=DEBUG msg="failed to get docker info" component=docker.ContainerStore error="failed to connect to the docker API at unix:///var/run/docker.sock; check if the path is correct and if the daemon is running: dial unix /var/run/docker.sock: connect: no such file or directory"
time=2026-10-07T20:27:20.960Z level=INFO msg="starting OBI in Stat metrics mode"
time=2026-10-07T20:27:20.962Z level=INFO msg="initializing Stats agent" component=agent.StatsO11y
time=2026-10-07T20:27:20.960Z level=DEBUG msg="failed to get docker info" component=docker.ContainerStore error="failed to connect to the docker API at unix:///var/run/docker.sock; check if the path is correct and if the daemon is running: dial unix /var/run/docker.sock: connect: no such file or directory"
time=2026-10-07T20:27:20.963Z level=DEBUG msg="acquiring Agent IP" component=agent.StatsO11y
time=2026-10-07T20:27:20.964Z level=DEBUG msg="agent IP: 10.0.2.15" component=agent.StatsO11y
time=2026-10-07T20:27:20.964Z level=WARN msg="a storage latency histogram is reported per pod or container: each pod adds a series per bucket. The operations and time counters give the mean latency per pod at one series each" component=agent.StatsO11y histogram=obi.stat.fs.sync.duration attributes=[container.id]
time=2026-10-07T20:27:21.342Z level=INFO msg="the probes of the enabled storage metrics are loaded" component=agent.StatsO11y
time=2026-10-07T20:27:21.342Z level=INFO msg="starting Stats agent" component=agent.StatsO11y
time=2026-10-07T20:27:21.342Z level=DEBUG msg="creating stats processing graph" component=agent.StatsO11y
time=2026-10-07T20:27:21.343Z level=DEBUG msg="registering stat disk operation duration metric" component=prom.StatsEndpoint
time=2026-10-07T20:27:21.344Z level=DEBUG msg="registering Prometheus metrics collectors" component=connector.PrometheusManager len=17 port=9400 path=/metrics
time=2026-10-07T20:27:21.345Z level=INFO msg="Stats agent successfully started" component=agent.StatsO11y
time=2026-10-07T20:27:21.345Z level=INFO msg="opening prometheus scrape endpoint" component=connector.PrometheusManager port=9400 path=/metrics
time=2026-10-07T20:27:21.346Z level=DEBUG msg="start reading and forwarding" component=stat.RingBufTracer
time=2026-10-07T20:27:21.346Z level=DEBUG msg="starting to read ring buffer" component=stat.RingBufTracer
time=2026-10-07T20:27:21.347Z level=DEBUG msg="storing new metric label set" component=prom.Expirer labelValues="[md0  loop3]"
time=2026-10-07T20:27:21.347Z level=DEBUG msg="storing new metric label set" component=prom.Expirer labelValues="[dm-0 obivg-lv loop1]"
time=2026-10-07T20:27:21.348Z level=DEBUG msg="storing new metric label set" component=prom.Expirer labelValues="[dm-1 slowdm loop4]"
time=2026-10-07T20:27:21.348Z level=DEBUG msg="storing new metric label set" component=prom.Expirer labelValues="[dm-2 obivg-lv2 loop1]"
time=2026-10-07T20:27:21.348Z level=DEBUG msg="storing new metric label set" component=prom.Expirer labelValues="[md0  loop2]"
time=2026-10-07T20:27:21.965Z level=DEBUG msg="failed to get docker info" component=docker.ContainerStore error="failed to connect to the docker API at unix:///var/run/docker.sock; check if the path is correct and if the daemon is running: dial unix /var/run/docker.sock: connect: no such file or directory"
time=2026-10-07T20:27:21.994Z level=DEBUG msg="received metrics request" component=connector.PrometheusManager uri=/metrics remoteAddr=[::1]:55830
time=2026-10-07T20:27:22.967Z level=DEBUG msg="failed to get docker info" component=docker.ContainerStore error="failed to connect to the docker API at unix:///var/run/docker.sock; check if the path is correct and if the daemon is running: dial unix /var/run/docker.sock: connect: no such file or directory"
time=2026-10-07T20:27:23.551Z level=DEBUG msg="storing new metric label set" component=prom.Expirer labelValues="[write false vda]"
time=2026-10-07T20:27:23.553Z level=DEBUG msg="storing new metric label set" component=prom.Expirer labelValues="[ write   false 10.0.2.15 vda]"
time=2026-10-07T20:27:23.553Z level=DEBUG msg="storing new metric label set" component=prom.Expirer labelValues="[write false vda]"
time=2026-10-07T20:27:23.554Z level=DEBUG msg="storing new metric label set" component=prom.Expirer labelValues="[write false vda]"
time=2026-10-07T20:27:23.969Z level=DEBUG msg="failed to get docker info" component=docker.ContainerStore error="failed to connect to the docker API at unix:///var/run/docker.sock; check if the path is correct and if the daemon is running: dial unix /var/run/docker.sock: connect: no such file or directory"
time=2026-10-07T20:27:24.972Z level=DEBUG msg="failed to get docker info" component=docker.ContainerStore error="failed to connect to the docker API at unix:///var/run/docker.sock; check if the path is correct and if the daemon is running: dial unix /var/run/docker.sock: connect: no such file or directory"
time=2026-10-07T20:27:25.050Z level=DEBUG msg="storing new metric label set" component=prom.Expirer labelValues="[write false ok]"
time=2026-10-07T20:27:25.051Z level=DEBUG msg="storing new metric label set" component=prom.Expirer labelValues="[ write   false 10.0.2.15 ok]"
time=2026-10-07T20:27:25.053Z level=DEBUG msg="storing new metric label set" component=prom.Expirer labelValues="[write false ok]"
time=2026-10-07T20:27:25.053Z level=DEBUG msg="storing new metric label set" component=prom.Expirer labelValues="[write true loop0]"
time=2026-10-07T20:27:25.054Z level=DEBUG msg="storing new metric label set" component=prom.Expirer labelValues="[ write  loop0p1 true 10.0.2.15 loop0]"
time=2026-10-07T20:27:25.054Z level=DEBUG msg="storing new metric label set" component=prom.Expirer labelValues="[write true loop0]"
time=2026-10-07T20:27:25.055Z level=DEBUG msg="storing new metric label set" component=prom.Expirer labelValues="[true loop0]"
time=2026-10-07T20:27:25.055Z level=DEBUG msg="storing new metric label set" component=prom.Expirer labelValues="[read false ok]"
time=2026-10-07T20:27:25.056Z level=DEBUG msg="storing new metric label set" component=prom.Expirer labelValues="[ read   false 10.0.2.15 ok]"
time=2026-10-07T20:27:25.056Z level=DEBUG msg="storing new metric label set" component=prom.Expirer labelValues="[read false ok]"
time=2026-10-07T20:27:25.056Z level=DEBUG msg="storing new metric label set" component=prom.Expirer labelValues="[read false vda]"
time=2026-10-07T20:27:25.057Z level=DEBUG msg="storing new metric label set" component=prom.Expirer labelValues="[ read   false 10.0.2.15 vda]"
time=2026-10-07T20:27:25.058Z level=DEBUG msg="storing new metric label set" component=prom.Expirer labelValues="[read false vda]"
time=2026-10-07T20:27:25.058Z level=DEBUG msg="storing new metric label set" component=prom.Expirer labelValues="[read false ok]"
time=2026-10-07T20:27:25.058Z level=DEBUG msg="storing new metric label set" component=prom.Expirer labelValues="[write false ok]"
time=2026-10-07T20:27:25.059Z level=DEBUG msg="storing new metric label set" component=prom.Expirer labelValues="[write true loop5]"
time=2026-10-07T20:27:25.061Z level=DEBUG msg="storing new metric label set" component=prom.Expirer labelValues="[write true loop0]"
time=2026-10-07T20:27:25.061Z level=DEBUG msg="storing new metric label set" component=prom.Expirer labelValues="[read false vda]"
time=2026-10-07T20:27:25.349Z level=DEBUG msg="storing new metric label set" component=prom.Expirer labelValues="[write true loop7]"
time=2026-10-07T20:27:25.350Z level=DEBUG msg="storing new metric label set" component=prom.Expirer labelValues="[ write   true 10.0.2.15 loop7]"
time=2026-10-07T20:27:25.350Z level=DEBUG msg="storing new metric label set" component=prom.Expirer labelValues="[write true loop7]"
time=2026-10-07T20:27:25.351Z level=DEBUG msg="storing new metric label set" component=prom.Expirer labelValues="[write true loop7]"
time=2026-10-07T20:27:25.651Z level=DEBUG msg="storing new metric label set" component=prom.Expirer labelValues="[write true loop6]"
time=2026-10-07T20:27:25.651Z level=DEBUG msg="storing new metric label set" component=prom.Expirer labelValues="[ write   true 10.0.2.15 loop6]"
time=2026-10-07T20:27:25.651Z level=DEBUG msg="storing new metric label set" component=prom.Expirer labelValues="[write true loop6]"
time=2026-10-07T20:27:25.651Z level=DEBUG msg="storing new metric label set" component=prom.Expirer labelValues="[write true loop2]"
time=2026-10-07T20:27:25.652Z level=DEBUG msg="storing new metric label set" component=prom.Expirer labelValues="[ write   true 10.0.2.15 loop2]"
time=2026-10-07T20:27:25.652Z level=DEBUG msg="storing new metric label set" component=prom.Expirer labelValues="[write true loop2]"
time=2026-10-07T20:27:25.652Z level=DEBUG msg="storing new metric label set" component=prom.Expirer labelValues="[ write   true 10.0.2.15 loop0]"
time=2026-10-07T20:27:25.652Z level=DEBUG msg="storing new metric label set" component=prom.Expirer labelValues="[read true loop6]"
time=2026-10-07T20:27:25.653Z level=DEBUG msg="storing new metric label set" component=prom.Expirer labelValues="[ read   true 10.0.2.15 loop6]"
time=2026-10-07T20:27:25.653Z level=DEBUG msg="storing new metric label set" component=prom.Expirer labelValues="[read true loop6]"
time=2026-10-07T20:27:25.653Z level=DEBUG msg="storing new metric label set" component=prom.Expirer labelValues="[write true loop3]"
time=2026-10-07T20:27:25.653Z level=DEBUG msg="storing new metric label set" component=prom.Expirer labelValues="[ write   true 10.0.2.15 loop3]"
time=2026-10-07T20:27:25.654Z level=DEBUG msg="storing new metric label set" component=prom.Expirer labelValues="[write true loop3]"
time=2026-10-07T20:27:25.654Z level=DEBUG msg="storing new metric label set" component=prom.Expirer labelValues="[write true loop1]"
time=2026-10-07T20:27:25.654Z level=DEBUG msg="storing new metric label set" component=prom.Expirer labelValues="[ write   true 10.0.2.15 loop1]"
time=2026-10-07T20:27:25.654Z level=DEBUG msg="storing new metric label set" component=prom.Expirer labelValues="[write true loop1]"
time=2026-10-07T20:27:25.655Z level=DEBUG msg="storing new metric label set" component=prom.Expirer labelValues="[write true md0]"
time=2026-10-07T20:27:25.655Z level=DEBUG msg="storing new metric label set" component=prom.Expirer labelValues="[ write   true 10.0.2.15 md0]"
time=2026-10-07T20:27:25.655Z level=DEBUG msg="storing new metric label set" component=prom.Expirer labelValues="[write true md0]"
time=2026-10-07T20:27:25.655Z level=DEBUG msg="storing new metric label set" component=prom.Expirer labelValues="[write true dm-0]"
time=2026-10-07T20:27:25.655Z level=DEBUG msg="storing new metric label set" component=prom.Expirer labelValues="[ write   true 10.0.2.15 dm-0]"
time=2026-10-07T20:27:25.655Z level=DEBUG msg="storing new metric label set" component=prom.Expirer labelValues="[write true dm-0]"
time=2026-10-07T20:27:25.656Z level=DEBUG msg="storing new metric label set" component=prom.Expirer labelValues="[write false zram0]"
time=2026-10-07T20:27:25.656Z level=DEBUG msg="storing new metric label set" component=prom.Expirer labelValues="[ write   false 10.0.2.15 zram0]"
time=2026-10-07T20:27:25.656Z level=DEBUG msg="storing new metric label set" component=prom.Expirer labelValues="[write false zram0]"
time=2026-10-07T20:27:25.656Z level=DEBUG msg="storing new metric label set" component=prom.Expirer labelValues="[  sync_file_range 10.0.2.15 /mnt/obifs ext4]"
time=2026-10-07T20:27:25.656Z level=DEBUG msg="storing new metric label set" component=prom.Expirer labelValues=[sync_file_range]
time=2026-10-07T20:27:25.656Z level=DEBUG msg="storing new metric label set" component=prom.Expirer labelValues="[  fsync 10.0.2.15 /mnt/obitmpfs tmpfs]"
time=2026-10-07T20:27:25.657Z level=DEBUG msg="storing new metric label set" component=prom.Expirer labelValues=[fsync]
time=2026-10-07T20:27:25.657Z level=DEBUG msg="storing new metric label set" component=prom.Expirer labelValues="[  fsync 10.0.2.15 /mnt/obifs ext4]"
time=2026-10-07T20:27:25.657Z level=DEBUG msg="storing new metric label set" component=prom.Expirer labelValues="[  syncfs 10.0.2.15 /mnt/obifs ext4]"
time=2026-10-07T20:27:25.657Z level=DEBUG msg="storing new metric label set" component=prom.Expirer labelValues=[syncfs]
time=2026-10-07T20:27:25.657Z level=DEBUG msg="storing new metric label set" component=prom.Expirer labelValues="[  fdatasync 10.0.2.15 /mnt/obifs ext4]"
time=2026-10-07T20:27:25.657Z level=DEBUG msg="storing new metric label set" component=prom.Expirer labelValues=[fdatasync]
time=2026-10-07T20:27:25.658Z level=DEBUG msg="storing new metric label set" component=prom.Expirer labelValues="[  fsync 10.0.2.15 /mnt/obiovl overlay]"
time=2026-10-07T20:27:25.658Z level=DEBUG msg="storing new metric label set" component=prom.Expirer labelValues="[  fsync 10.0.2.15 /dev devtmpfs]"
time=2026-10-07T20:27:25.658Z level=DEBUG msg="storing new metric label set" component=prom.Expirer labelValues="[  sync 10.0.2.15  ]"
time=2026-10-07T20:27:25.658Z level=DEBUG msg="storing new metric label set" component=prom.Expirer labelValues=[sync]
time=2026-10-07T20:27:25.658Z level=DEBUG msg="storing new metric label set" component=prom.Expirer labelValues="[NFS4ERR_GRACE OPEN 4 127.0.0.1]"
time=2026-10-07T20:27:25.658Z level=DEBUG msg="storing new metric label set" component=prom.Expirer labelValues="[OPEN 4 127.0.0.1]"
time=2026-10-07T20:27:25.659Z level=DEBUG msg="storing new metric label set" component=prom.Expirer labelValues="[ ACCESS 4 127.0.0.1]"
time=2026-10-07T20:27:25.659Z level=DEBUG msg="storing new metric label set" component=prom.Expirer labelValues="[ACCESS 4 127.0.0.1]"
time=2026-10-07T20:27:25.659Z level=DEBUG msg="storing new metric label set" component=prom.Expirer labelValues="[write true md0]"
time=2026-10-07T20:27:25.659Z level=DEBUG msg="storing new metric label set" component=prom.Expirer labelValues="[write true dm-0]"
time=2026-10-07T20:27:25.659Z level=DEBUG msg="storing new metric label set" component=prom.Expirer labelValues="[write true loop6]"
time=2026-10-07T20:27:25.659Z level=DEBUG msg="storing new metric label set" component=prom.Expirer labelValues="[read true loop6]"
time=2026-10-07T20:27:25.659Z level=DEBUG msg="storing new metric label set" component=prom.Expirer labelValues="[write true loop3]"
time=2026-10-07T20:27:25.660Z level=DEBUG msg="storing new metric label set" component=prom.Expirer labelValues="[write false zram0]"
time=2026-10-07T20:27:25.660Z level=DEBUG msg="storing new metric label set" component=prom.Expirer labelValues="[write true loop2]"
time=2026-10-07T20:27:25.660Z level=DEBUG msg="storing new metric label set" component=prom.Expirer labelValues="[write true loop1]"
time=2026-10-07T20:27:25.973Z level=DEBUG msg="failed to get docker info" component=docker.ContainerStore error="failed to connect to the docker API at unix:///var/run/docker.sock; check if the path is correct and if the daemon is running: dial unix /var/run/docker.sock: connect: no such file or directory"
time=2026-10-07T20:27:26.976Z level=DEBUG msg="failed to get docker info" component=docker.ContainerStore error="failed to connect to the docker API at unix:///var/run/docker.sock; check if the path is correct and if the daemon is running: dial unix /var/run/docker.sock: connect: no such file or directory"
time=2026-10-07T20:27:27.978Z level=DEBUG msg="failed to get docker info" component=docker.ContainerStore error="failed to connect to the docker API at unix:///var/run/docker.sock; check if the path is correct and if the daemon is running: dial unix /var/run/docker.sock: connect: no such file or directory"
time=2026-10-07T20:27:28.981Z level=DEBUG msg="failed to get docker info" component=docker.ContainerStore error="failed to connect to the docker API at unix:///var/run/docker.sock; check if the path is correct and if the daemon is running: dial unix /var/run/docker.sock: connect: no such file or directory"
time=2026-10-07T20:27:29.983Z level=DEBUG msg="failed to get docker info" component=docker.ContainerStore error="failed to connect to the docker API at unix:///var/run/docker.sock; check if the path is correct and if the daemon is running: dial unix /var/run/docker.sock: connect: no such file or directory"
time=2026-10-07T20:27:30.986Z level=DEBUG msg="failed to get docker info" component=docker.ContainerStore error="failed to connect to the docker API at unix:///var/run/docker.sock; check if the path is correct and if the daemon is running: dial unix /var/run/docker.sock: connect: no such file or directory"
time=2026-10-07T20:27:31.988Z level=DEBUG msg="failed to get docker info" component=docker.ContainerStore error="failed to connect to the docker API at unix:///var/run/docker.sock; check if the path is correct and if the daemon is running: dial unix /var/run/docker.sock: connect: no such file or directory"
time=2026-10-07T20:27:32.991Z level=DEBUG msg="failed to get docker info" component=docker.ContainerStore error="failed to connect to the docker API at unix:///var/run/docker.sock; check if the path is correct and if the daemon is running: dial unix /var/run/docker.sock: connect: no such file or directory"
time=2026-10-07T20:27:33.995Z level=DEBUG msg="failed to get docker info" component=docker.ContainerStore error="failed to connect to the docker API at unix:///var/run/docker.sock; check if the path is correct and if the daemon is running: dial unix /var/run/docker.sock: connect: no such file or directory"
time=2026-10-07T20:27:34.998Z level=DEBUG msg="failed to get docker info" component=docker.ContainerStore error="failed to connect to the docker API at unix:///var/run/docker.sock; check if the path is correct and if the daemon is running: dial unix /var/run/docker.sock: connect: no such file or directory"
time=2026-10-07T20:27:36.000Z level=DEBUG msg="failed to get docker info" component=docker.ContainerStore error="failed to connect to the docker API at unix:///var/run/docker.sock; check if the path is correct and if the daemon is running: dial unix /var/run/docker.sock: connect: no such file or directory"
time=2026-10-07T20:27:37.002Z level=DEBUG msg="failed to get docker info" component=docker.ContainerStore error="failed to connect to the docker API at unix:///var/run/docker.sock; check if the path is correct and if the daemon is running: dial unix /var/run/docker.sock: connect: no such file or directory"
time=2026-10-07T20:27:37.350Z level=DEBUG msg="storing new metric label set" component=prom.Expirer labelValues="[write true loop4]"
time=2026-10-07T20:27:37.352Z level=DEBUG msg="storing new metric label set" component=prom.Expirer labelValues="[ write   true 10.0.2.15 loop4]"
time=2026-10-07T20:27:37.353Z level=DEBUG msg="storing new metric label set" component=prom.Expirer labelValues="[write true loop4]"
time=2026-10-07T20:27:37.354Z level=DEBUG msg="storing new metric label set" component=prom.Expirer labelValues="[write true loop5]"
time=2026-10-07T20:27:37.355Z level=DEBUG msg="storing new metric label set" component=prom.Expirer labelValues="[ write   true 10.0.2.15 loop5]"
time=2026-10-07T20:27:37.356Z level=DEBUG msg="storing new metric label set" component=prom.Expirer labelValues="[write true loop5]"
time=2026-10-07T20:27:37.357Z level=DEBUG msg="storing new metric label set" component=prom.Expirer labelValues="[write true dm-1]"
time=2026-10-07T20:27:37.357Z level=DEBUG msg="storing new metric label set" component=prom.Expirer labelValues="[ write   true 10.0.2.15 dm-1]"
time=2026-10-07T20:27:37.358Z level=DEBUG msg="storing new metric label set" component=prom.Expirer labelValues="[write true dm-1]"
time=2026-10-07T20:27:37.358Z level=DEBUG msg="storing new metric label set" component=prom.Expirer labelValues="[write true loop4]"
time=2026-10-07T20:27:37.359Z level=DEBUG msg="storing new metric label set" component=prom.Expirer labelValues="[write true dm-1]"
time=2026-10-07T20:27:38.005Z level=DEBUG msg="failed to get docker info" component=docker.ContainerStore error="failed to connect to the docker API at unix:///var/run/docker.sock; check if the path is correct and if the daemon is running: dial unix /var/run/docker.sock: connect: no such file or directory"
time=2026-10-07T20:27:39.007Z level=DEBUG msg="failed to get docker info" component=docker.ContainerStore error="failed to connect to the docker API at unix:///var/run/docker.sock; check if the path is correct and if the daemon is running: dial unix /var/run/docker.sock: connect: no such file or directory"
time=2026-10-07T20:27:40.011Z level=DEBUG msg="failed to get docker info" component=docker.ContainerStore error="failed to connect to the docker API at unix:///var/run/docker.sock; check if the path is correct and if the daemon is running: dial unix /var/run/docker.sock: connect: no such file or directory"
time=2026-10-07T20:27:41.014Z level=DEBUG msg="failed to get docker info" component=docker.ContainerStore error="failed to connect to the docker API at unix:///var/run/docker.sock; check if the path is correct and if the daemon is running: dial unix /var/run/docker.sock: connect: no such file or directory"
time=2026-10-07T20:27:42.017Z level=DEBUG msg="failed to get docker info" component=docker.ContainerStore error="failed to connect to the docker API at unix:///var/run/docker.sock; check if the path is correct and if the daemon is running: dial unix /var/run/docker.sock: connect: no such file or directory"
time=2026-10-07T20:27:43.020Z level=DEBUG msg="failed to get docker info" component=docker.ContainerStore error="failed to connect to the docker API at unix:///var/run/docker.sock; check if the path is correct and if the daemon is running: dial unix /var/run/docker.sock: connect: no such file or directory"
time=2026-10-07T20:27:44.022Z level=DEBUG msg="failed to get docker info" component=docker.ContainerStore error="failed to connect to the docker API at unix:///var/run/docker.sock; check if the path is correct and if the daemon is running: dial unix /var/run/docker.sock: connect: no such file or directory"
time=2026-10-07T20:27:45.024Z level=DEBUG msg="failed to get docker info" component=docker.ContainerStore error="failed to connect to the docker API at unix:///var/run/docker.sock; check if the path is correct and if the daemon is running: dial unix /var/run/docker.sock: connect: no such file or directory"
time=2026-10-07T20:27:46.026Z level=DEBUG msg="failed to get docker info" component=docker.ContainerStore error="failed to connect to the docker API at unix:///var/run/docker.sock; check if the path is correct and if the daemon is running: dial unix /var/run/docker.sock: connect: no such file or directory"
time=2026-10-07T20:27:47.029Z level=DEBUG msg="failed to get docker info" component=docker.ContainerStore error="failed to connect to the docker API at unix:///var/run/docker.sock; check if the path is correct and if the daemon is running: dial unix /var/run/docker.sock: connect: no such file or directory"
time=2026-10-07T20:27:48.031Z level=DEBUG msg="failed to get docker info" component=docker.ContainerStore error="failed to connect to the docker API at unix:///var/run/docker.sock; check if the path is correct and if the daemon is running: dial unix /var/run/docker.sock: connect: no such file or directory"
time=2026-10-07T20:27:49.033Z level=DEBUG msg="failed to get docker info" component=docker.ContainerStore error="failed to connect to the docker API at unix:///var/run/docker.sock; check if the path is correct and if the daemon is running: dial unix /var/run/docker.sock: connect: no such file or directory"
time=2026-10-07T20:27:50.034Z level=DEBUG msg="failed to get docker info" component=docker.ContainerStore error="failed to connect to the docker API at unix:///var/run/docker.sock; check if the path is correct and if the daemon is running: dial unix /var/run/docker.sock: connect: no such file or directory"
time=2026-10-07T20:27:51.036Z level=DEBUG msg="failed to get docker info" component=docker.ContainerStore error="failed to connect to the docker API at unix:///var/run/docker.sock; check if the path is correct and if the daemon is running: dial unix /var/run/docker.sock: connect: no such file or directory"
time=2026-10-07T20:27:52.040Z level=DEBUG msg="failed to get docker info" component=docker.ContainerStore error="failed to connect to the docker API at unix:///var/run/docker.sock; check if the path is correct and if the daemon is running: dial unix /var/run/docker.sock: connect: no such file or directory"
time=2026-10-07T20:27:53.043Z level=DEBUG msg="failed to get docker info" component=docker.ContainerStore error="failed to connect to the docker API at unix:///var/run/docker.sock; check if the path is correct and if the daemon is running: dial unix /var/run/docker.sock: connect: no such file or directory"
time=2026-10-07T20:27:54.045Z level=DEBUG msg="failed to get docker info" component=docker.ContainerStore error="failed to connect to the docker API at unix:///var/run/docker.sock; check if the path is correct and if the daemon is running: dial unix /var/run/docker.sock: connect: no such file or directory"
time=2026-10-07T20:27:55.047Z level=DEBUG msg="failed to get docker info" component=docker.ContainerStore error="failed to connect to the docker API at unix:///var/run/docker.sock; check if the path is correct and if the daemon is running: dial unix /var/run/docker.sock: connect: no such file or directory"
time=2026-10-07T20:27:56.050Z level=DEBUG msg="failed to get docker info" component=docker.ContainerStore error="failed to connect to the docker API at unix:///var/run/docker.sock; check if the path is correct and if the daemon is running: dial unix /var/run/docker.sock: connect: no such file or directory"
time=2026-10-07T20:27:57.053Z level=DEBUG msg="failed to get docker info" component=docker.ContainerStore error="failed to connect to the docker API at unix:///var/run/docker.sock; check if the path is correct and if the daemon is running: dial unix /var/run/docker.sock: connect: no such file or directory"
time=2026-10-07T20:27:58.056Z level=DEBUG msg="failed to get docker info" component=docker.ContainerStore error="failed to connect to the docker API at unix:///var/run/docker.sock; check if the path is correct and if the daemon is running: dial unix /var/run/docker.sock: connect: no such file or directory"
time=2026-10-07T20:27:59.060Z level=DEBUG msg="failed to get docker info" component=docker.ContainerStore error="failed to connect to the docker API at unix:///var/run/docker.sock; check if the path is correct and if the daemon is running: dial unix /var/run/docker.sock: connect: no such file or directory"
time=2026-10-07T20:28:00.062Z level=DEBUG msg="failed to get docker info" component=docker.ContainerStore error="failed to connect to the docker API at unix:///var/run/docker.sock; check if the path is correct and if the daemon is running: dial unix /var/run/docker.sock: connect: no such file or directory"
time=2026-10-07T20:28:01.065Z level=DEBUG msg="failed to get docker info" component=docker.ContainerStore error="failed to connect to the docker API at unix:///var/run/docker.sock; check if the path is correct and if the daemon is running: dial unix /var/run/docker.sock: connect: no such file or directory"
time=2026-10-07T20:28:02.070Z level=DEBUG msg="failed to get docker info" component=docker.ContainerStore error="failed to connect to the docker API at unix:///var/run/docker.sock; check if the path is correct and if the daemon is running: dial unix /var/run/docker.sock: connect: no such file or directory"
time=2026-10-07T20:28:03.072Z level=DEBUG msg="failed to get docker info" component=docker.ContainerStore error="failed to connect to the docker API at unix:///var/run/docker.sock; check if the path is correct and if the daemon is running: dial unix /var/run/docker.sock: connect: no such file or directory"
time=2026-10-07T20:28:04.075Z level=DEBUG msg="failed to get docker info" component=docker.ContainerStore error="failed to connect to the docker API at unix:///var/run/docker.sock; check if the path is correct and if the daemon is running: dial unix /var/run/docker.sock: connect: no such file or directory"
time=2026-10-07T20:28:05.077Z level=DEBUG msg="failed to get docker info" component=docker.ContainerStore error="failed to connect to the docker API at unix:///var/run/docker.sock; check if the path is correct and if the daemon is running: dial unix /var/run/docker.sock: connect: no such file or directory"
time=2026-10-07T20:28:06.078Z level=DEBUG msg="failed to get docker info" component=docker.ContainerStore error="failed to connect to the docker API at unix:///var/run/docker.sock; check if the path is correct and if the daemon is running: dial unix /var/run/docker.sock: connect: no such file or directory"
time=2026-10-07T20:28:07.081Z level=DEBUG msg="failed to get docker info" component=docker.ContainerStore error="failed to connect to the docker API at unix:///var/run/docker.sock; check if the path is correct and if the daemon is running: dial unix /var/run/docker.sock: connect: no such file or directory"
time=2026-10-07T20:28:08.084Z level=DEBUG msg="failed to get docker info" component=docker.ContainerStore error="failed to connect to the docker API at unix:///var/run/docker.sock; check if the path is correct and if the daemon is running: dial unix /var/run/docker.sock: connect: no such file or directory"
time=2026-10-07T20:28:09.087Z level=DEBUG msg="failed to get docker info" component=docker.ContainerStore error="failed to connect to the docker API at unix:///var/run/docker.sock; check if the path is correct and if the daemon is running: dial unix /var/run/docker.sock: connect: no such file or directory"
time=2026-10-07T20:28:10.090Z level=DEBUG msg="failed to get docker info" component=docker.ContainerStore error="failed to connect to the docker API at unix:///var/run/docker.sock; check if the path is correct and if the daemon is running: dial unix /var/run/docker.sock: connect: no such file or directory"
time=2026-10-07T20:28:11.093Z level=DEBUG msg="failed to get docker info" component=docker.ContainerStore error="failed to connect to the docker API at unix:///var/run/docker.sock; check if the path is correct and if the daemon is running: dial unix /var/run/docker.sock: connect: no such file or directory"
time=2026-10-07T20:28:12.095Z level=DEBUG msg="failed to get docker info" component=docker.ContainerStore error="failed to connect to the docker API at unix:///var/run/docker.sock; check if the path is correct and if the daemon is running: dial unix /var/run/docker.sock: connect: no such file or directory"
time=2026-10-07T20:28:13.097Z level=DEBUG msg="failed to get docker info" component=docker.ContainerStore error="failed to connect to the docker API at unix:///var/run/docker.sock; check if the path is correct and if the daemon is running: dial unix /var/run/docker.sock: connect: no such file or directory"
time=2026-10-07T20:28:14.099Z level=DEBUG msg="failed to get docker info" component=docker.ContainerStore error="failed to connect to the docker API at unix:///var/run/docker.sock; check if the path is correct and if the daemon is running: dial unix /var/run/docker.sock: connect: no such file or directory"
time=2026-10-07T20:28:15.102Z level=DEBUG msg="failed to get docker info" component=docker.ContainerStore error="failed to connect to the docker API at unix:///var/run/docker.sock; check if the path is correct and if the daemon is running: dial unix /var/run/docker.sock: connect: no such file or directory"
time=2026-10-07T20:28:16.105Z level=DEBUG msg="failed to get docker info" component=docker.ContainerStore error="failed to connect to the docker API at unix:///var/run/docker.sock; check if the path is correct and if the daemon is running: dial unix /var/run/docker.sock: connect: no such file or directory"
time=2026-10-07T20:28:17.107Z level=DEBUG msg="failed to get docker info" component=docker.ContainerStore error="failed to connect to the docker API at unix:///var/run/docker.sock; check if the path is correct and if the daemon is running: dial unix /var/run/docker.sock: connect: no such file or directory"
time=2026-10-07T20:28:18.109Z level=DEBUG msg="failed to get docker info" component=docker.ContainerStore error="failed to connect to the docker API at unix:///var/run/docker.sock; check if the path is correct and if the daemon is running: dial unix /var/run/docker.sock: connect: no such file or directory"
time=2026-10-07T20:28:19.112Z level=DEBUG msg="failed to get docker info" component=docker.ContainerStore error="failed to connect to the docker API at unix:///var/run/docker.sock; check if the path is correct and if the daemon is running: dial unix /var/run/docker.sock: connect: no such file or directory"
time=2026-10-07T20:28:20.114Z level=DEBUG msg="failed to get docker info" component=docker.ContainerStore error="failed to connect to the docker API at unix:///var/run/docker.sock; check if the path is correct and if the daemon is running: dial unix /var/run/docker.sock: connect: no such file or directory"
time=2026-10-07T20:28:21.116Z level=DEBUG msg="failed to get docker info" component=docker.ContainerStore error="failed to connect to the docker API at unix:///var/run/docker.sock; check if the path is correct and if the daemon is running: dial unix /var/run/docker.sock: connect: no such file or directory"
time=2026-10-07T20:28:22.119Z level=DEBUG msg="failed to get docker info" component=docker.ContainerStore error="failed to connect to the docker API at unix:///var/run/docker.sock; check if the path is correct and if the daemon is running: dial unix /var/run/docker.sock: connect: no such file or directory"
time=2026-10-07T20:28:23.121Z level=DEBUG msg="failed to get docker info" component=docker.ContainerStore error="failed to connect to the docker API at unix:///var/run/docker.sock; check if the path is correct and if the daemon is running: dial unix /var/run/docker.sock: connect: no such file or directory"
time=2026-10-07T20:28:24.125Z level=DEBUG msg="failed to get docker info" component=docker.ContainerStore error="failed to connect to the docker API at unix:///var/run/docker.sock; check if the path is correct and if the daemon is running: dial unix /var/run/docker.sock: connect: no such file or directory"
time=2026-10-07T20:28:25.128Z level=DEBUG msg="failed to get docker info" component=docker.ContainerStore error="failed to connect to the docker API at unix:///var/run/docker.sock; check if the path is correct and if the daemon is running: dial unix /var/run/docker.sock: connect: no such file or directory"
time=2026-10-07T20:28:26.131Z level=DEBUG msg="failed to get docker info" component=docker.ContainerStore error="failed to connect to the docker API at unix:///var/run/docker.sock; check if the path is correct and if the daemon is running: dial unix /var/run/docker.sock: connect: no such file or directory"
time=2026-10-07T20:28:27.134Z level=DEBUG msg="failed to get docker info" component=docker.ContainerStore error="failed to connect to the docker API at unix:///var/run/docker.sock; check if the path is correct and if the daemon is running: dial unix /var/run/docker.sock: connect: no such file or directory"
time=2026-10-07T20:28:28.137Z level=DEBUG msg="failed to get docker info" component=docker.ContainerStore error="failed to connect to the docker API at unix:///var/run/docker.sock; check if the path is correct and if the daemon is running: dial unix /var/run/docker.sock: connect: no such file or directory"
time=2026-10-07T20:28:29.140Z level=DEBUG msg="failed to get docker info" component=docker.ContainerStore error="failed to connect to the docker API at unix:///var/run/docker.sock; check if the path is correct and if the daemon is running: dial unix /var/run/docker.sock: connect: no such file or directory"
time=2026-10-07T20:28:30.142Z level=DEBUG msg="failed to get docker info" component=docker.ContainerStore error="failed to connect to the docker API at unix:///var/run/docker.sock; check if the path is correct and if the daemon is running: dial unix /var/run/docker.sock: connect: no such file or directory"
time=2026-10-07T20:28:31.145Z level=DEBUG msg="failed to get docker info" component=docker.ContainerStore error="failed to connect to the docker API at unix:///var/run/docker.sock; check if the path is correct and if the daemon is running: dial unix /var/run/docker.sock: connect: no such file or directory"
time=2026-10-07T20:28:32.147Z level=DEBUG msg="failed to get docker info" component=docker.ContainerStore error="failed to connect to the docker API at unix:///var/run/docker.sock; check if the path is correct and if the daemon is running: dial unix /var/run/docker.sock: connect: no such file or directory"
time=2026-10-07T20:28:33.150Z level=DEBUG msg="failed to get docker info" component=docker.ContainerStore error="failed to connect to the docker API at unix:///var/run/docker.sock; check if the path is correct and if the daemon is running: dial unix /var/run/docker.sock: connect: no such file or directory"
time=2026-10-07T20:28:34.152Z level=DEBUG msg="failed to get docker info" component=docker.ContainerStore error="failed to connect to the docker API at unix:///var/run/docker.sock; check if the path is correct and if the daemon is running: dial unix /var/run/docker.sock: connect: no such file or directory"
time=2026-10-07T20:28:35.155Z level=DEBUG msg="failed to get docker info" component=docker.ContainerStore error="failed to connect to the docker API at unix:///var/run/docker.sock; check if the path is correct and if the daemon is running: dial unix /var/run/docker.sock: connect: no such file or directory"
time=2026-10-07T20:28:36.157Z level=DEBUG msg="failed to get docker info" component=docker.ContainerStore error="failed to connect to the docker API at unix:///var/run/docker.sock; check if the path is correct and if the daemon is running: dial unix /var/run/docker.sock: connect: no such file or directory"
time=2026-10-07T20:28:37.159Z level=DEBUG msg="failed to get docker info" component=docker.ContainerStore error="failed to connect to the docker API at unix:///var/run/docker.sock; check if the path is correct and if the daemon is running: dial unix /var/run/docker.sock: connect: no such file or directory"
time=2026-10-07T20:28:38.161Z level=DEBUG msg="failed to get docker info" component=docker.ContainerStore error="failed to connect to the docker API at unix:///var/run/docker.sock; check if the path is correct and if the daemon is running: dial unix /var/run/docker.sock: connect: no such file or directory"
time=2026-10-07T20:28:38.250Z level=DEBUG msg="storing new metric label set" component=prom.Expirer labelValues="[  fsync 10.0.2.15 /mnt/nfs nfs4]"
time=2026-10-07T20:28:38.251Z level=DEBUG msg="storing new metric label set" component=prom.Expirer labelValues="[ OPEN 4 127.0.0.1]"
time=2026-10-07T20:28:38.251Z level=DEBUG msg="storing new metric label set" component=prom.Expirer labelValues="[ CLOSE 4 127.0.0.1]"
time=2026-10-07T20:28:38.252Z level=DEBUG msg="storing new metric label set" component=prom.Expirer labelValues="[CLOSE 4 127.0.0.1]"
time=2026-10-07T20:28:38.253Z level=DEBUG msg="storing new metric label set" component=prom.Expirer labelValues="[ OPEN_NOATTR 4 127.0.0.1]"
time=2026-10-07T20:28:38.253Z level=DEBUG msg="storing new metric label set" component=prom.Expirer labelValues="[OPEN_NOATTR 4 127.0.0.1]"
time=2026-10-07T20:28:38.253Z level=DEBUG msg="storing new metric label set" component=prom.Expirer labelValues="[ WRITE 4 127.0.0.1]"
time=2026-10-07T20:28:38.254Z level=DEBUG msg="storing new metric label set" component=prom.Expirer labelValues="[WRITE 4 127.0.0.1]"
time=2026-10-07T20:28:38.255Z level=DEBUG msg="storing new metric label set" component=prom.Expirer labelValues="[ENOENT LOOKUP 4 127.0.0.1]"
time=2026-10-07T20:28:38.255Z level=DEBUG msg="storing new metric label set" component=prom.Expirer labelValues="[LOOKUP 4 127.0.0.1]"
time=2026-10-07T20:28:38.255Z level=DEBUG msg="storing new metric label set" component=prom.Expirer labelValues="[ READ 4 127.0.0.1]"
time=2026-10-07T20:28:38.255Z level=DEBUG msg="storing new metric label set" component=prom.Expirer labelValues="[READ 4 127.0.0.1]"
time=2026-10-07T20:28:38.256Z level=DEBUG msg="storing new metric label set" component=prom.Expirer labelValues="[receive 127.0.0.1]"
time=2026-10-07T20:28:38.256Z level=DEBUG msg="storing new metric label set" component=prom.Expirer labelValues="[transmit 127.0.0.1]"
time=2026-10-07T20:28:39.164Z level=DEBUG msg="failed to get docker info" component=docker.ContainerStore error="failed to connect to the docker API at unix:///var/run/docker.sock; check if the path is correct and if the daemon is running: dial unix /var/run/docker.sock: connect: no such file or directory"
time=2026-10-07T20:28:40.167Z level=DEBUG msg="failed to get docker info" component=docker.ContainerStore error="failed to connect to the docker API at unix:///var/run/docker.sock; check if the path is correct and if the daemon is running: dial unix /var/run/docker.sock: connect: no such file or directory"
time=2026-10-07T20:28:41.170Z level=DEBUG msg="failed to get docker info" component=docker.ContainerStore error="failed to connect to the docker API at unix:///var/run/docker.sock; check if the path is correct and if the daemon is running: dial unix /var/run/docker.sock: connect: no such file or directory"
time=2026-10-07T20:28:41.243Z level=DEBUG msg="received metrics request" component=connector.PrometheusManager uri=/metrics remoteAddr=[::1]:46612
time=2026-10-07T20:28:41.256Z level=INFO msg="stopping Stats agent" component=agent.StatsO11y
time=2026-10-07T20:28:41.256Z level=DEBUG msg="context is cancelled. Closing events reader" component=stat.RingBufTracer
time=2026-10-07T20:28:41.256Z level=DEBUG msg="unregistering eBPF objects" component=ebpf.StatFetcher
time=2026-10-07T20:28:41.256Z level=DEBUG msg="Prometheus endpoint server was closed" component=connector.PrometheusManager port=9400 error="http: Server closed"
time=2026-10-07T20:28:41.257Z level=DEBUG msg="ring buffer is closed" component=stat.RingBufTracer
time=2026-10-07T20:28:41.257Z level=DEBUG msg="closing eBPF resources" component=stat.RingBufTracer len=1
time=2026-10-07T20:28:41.257Z level=DEBUG msg="the eBPF resources are closed" component=stat.RingBufTracer
time=2026-10-07T20:28:41.627Z level=DEBUG msg="waiting for all nodes to finish their pending work" component=agent.StatsO11y
time=2026-10-07T20:28:41.627Z level=INFO msg="Stats agent stopped" component=agent.StatsO11y
time=2026-10-07T20:28:41.627Z level=DEBUG msg="OBI main node finished"
time=2026-10-07T20:28:41.628Z level=INFO msg="OpenTelemetry eBPF Instrumentation successfully exiting"
