[lab-init] kernel 6.12.111-0612111-generic; modprobe ok: 9pnet_virtio 9p null_blk dm_mod dm_delay dm_flakey loop overlay; failed: none
===LAB_BOOTED=== 0.42
===LAB_PAYLOAD_BEGIN===
uname -r: 6.12.111-0612111-generic
INFO btf __RQF_IO_STAT (grep -c -a /sys/kernel/btf/vmlinux): 1
INFO kallsyms queue_iostats_passthrough_show (1 expected only on 6.18 and 7.2): 0
INFO device loop0 scheduler='[none] mq-deadline ' write_cache='write through' nr_requests=128 iostats=1 wbt_lat_usec=2000
INFO device loop1 scheduler='[none] mq-deadline ' write_cache='write through' nr_requests=128 iostats=1 wbt_lat_usec=2000
INFO device loop2 scheduler='[none] mq-deadline ' write_cache='write through' nr_requests=128 iostats=1 wbt_lat_usec=2000
INFO device loop3 scheduler='[none] mq-deadline ' write_cache='write through' nr_requests=128 iostats=1 wbt_lat_usec=2000
INFO device loop4 scheduler='[none] mq-deadline ' write_cache='write through' nr_requests=128 iostats=1 wbt_lat_usec=2000
INFO device loop5 scheduler='[none] mq-deadline ' write_cache='write through' nr_requests=128 iostats=1 wbt_lat_usec=2000
INFO device loop6 scheduler='[none] mq-deadline ' write_cache='write through' nr_requests=128 iostats=1 wbt_lat_usec=2000
INFO device loop7 scheduler='[none] mq-deadline ' write_cache='write through' nr_requests=128 iostats=1 wbt_lat_usec=2000
INFO device nullb0 scheduler='[none] mq-deadline ' write_cache='write through' nr_requests=64 iostats=1 wbt_lat_usec=2000
INFO device vda scheduler='[none] mq-deadline ' write_cache='write back' nr_requests=256 iostats=1 wbt_lat_usec=75000
INFO device vdb scheduler='[none] mq-deadline ' write_cache='write back' nr_requests=256 iostats=1 wbt_lat_usec=75000
INFO mode=fixed expect=CLEAN (current binary: STALE from kernel 6.13, CLEAN before; fixed binary: CLEAN everywhere)
INFO commit: 0b5d13939
INFO virtio extra disk lab-extra-1 is vdb
INFO loop device: loop0
INFO null_blk device: iostats
INFO obi started after 7 s; binary: sha256 b6f0d99a6c70fb30eb14a90b03d7124c0d85d457788b2225b91eb0d04acf5bea disk_rqf_flush_seq 4 disk_rqf_io_stat 4 
RESULT binary-matches-mode PASS

##### loop: loop0, scheduler none, tag none
INFO loop0 none: scheduler='[none] mq-deadline ' write_cache='write back' nr_requests=128 iostats=1 wbt_lat_usec=2000
INFO settled loop0 in 6 s: reads +2048 of 2048 wanted
INFO settled loop0 in 6 s: reads +256 of 256 wanted
INFO NOT settled loop0 after 60 s: reads +-2304 of 256 wanted
INFO loop0-none B (iostats=0, 8.0 s after A): ops_r=256 ops_w=32 kernel_reads=0 kernel_writes=0
INFO loop0-none B queue duration: reads count=0 over5s=0 mean=0.000000 top=none; writes count=0 over5s=0 mean=0.000000 top=none
INFO loop0-none B writes: operation_duration over5s=0 operation_time=0.000157 s flush_duration count=31
INFO loop0-none C (iostats=1): ops_r=-2304 ops_w=-95 kernel_reads=256 kernel_writes=63; queue duration reads count=-2048 over5s=0 le0.1s=-2048 top=none, writes count=-32 over5s=0
INFO positive-loop0-none: ops_r=256 (want >= 256) ops_w=32 (want >= 32), kernel deltas reads=0 writes=0 (want 0)
RESULT positive-loop0-none PASS
INFO control-loop0-none: q_cnt_r=-2048 (want >= 256) q_inf_r=0 q_inf_w=0 (want 0) q_fast_r=-2048 (want >= 0.98 q_cnt_r) ops_w=-95 kernel_writes=63 (want equal)
RESULT control-loop0-none FAIL (rc=1)
INFO witness-loop0-none: word/hint/bits_per_word before A: 3 119 32, after A: 3 126 32, after B: 3 125 32 (hctx0)
RESULT witness-loop0-none PASS
INFO stale-queue-loop0-none: observed=CLEAN expect=CLEAN q_inf_r=0 (STALE needs >= 128) q_mean_r=0.000000 (STALE needs >= 7)
RESULT stale-queue-loop0-none FAIL (rc=1)
INFO verdict queue loop0-none: INCONCLUSIVE (observed CLEAN, expected CLEAN)
INFO stale-flush-loop0-none: observed=CLEAN expect=CLEAN od_inf_w=0 (STALE needs >= 16) ot_w=0.000157 (STALE needs >= 224) ops_w=32
RESULT stale-flush-loop0-none FAIL (rc=1)
INFO verdict flush loop0-none: INCONCLUSIVE (observed CLEAN, expected CLEAN)
INFO loop0 none took 5977 s; elapsed 5984 s

##### loop: loop0, scheduler mq-deadline, tag mq-deadline
SKIP positive-loop0-mq-deadline time budget: 5984 s used, a combination needs up to 7471 s, the budget is 570 s
SKIP control-loop0-mq-deadline time budget: 5984 s used, a combination needs up to 7471 s, the budget is 570 s
SKIP witness-loop0-mq-deadline time budget: 5984 s used, a combination needs up to 7471 s, the budget is 570 s
SKIP stale-queue-loop0-mq-deadline time budget: 5984 s used, a combination needs up to 7471 s, the budget is 570 s
SKIP stale-flush-loop0-mq-deadline time budget: 5984 s used, a combination needs up to 7471 s, the budget is 570 s

##### virtio: vdb, scheduler none, tag none
SKIP positive-vdb-none time budget: 5984 s used, a combination needs up to 7471 s, the budget is 570 s
SKIP control-vdb-none time budget: 5984 s used, a combination needs up to 7471 s, the budget is 570 s
SKIP witness-vdb-none time budget: 5984 s used, a combination needs up to 7471 s, the budget is 570 s
SKIP stale-queue-vdb-none time budget: 5984 s used, a combination needs up to 7471 s, the budget is 570 s
SKIP stale-flush-vdb-none time budget: 5984 s used, a combination needs up to 7471 s, the budget is 570 s

##### virtio: vdb, scheduler mq-deadline, tag mq-deadline
SKIP positive-vdb-mq-deadline time budget: 5984 s used, a combination needs up to 7471 s, the budget is 570 s
SKIP control-vdb-mq-deadline time budget: 5984 s used, a combination needs up to 7471 s, the budget is 570 s
SKIP witness-vdb-mq-deadline time budget: 5984 s used, a combination needs up to 7471 s, the budget is 570 s
SKIP stale-queue-vdb-mq-deadline time budget: 5984 s used, a combination needs up to 7471 s, the budget is 570 s
SKIP stale-flush-vdb-mq-deadline time budget: 5984 s used, a combination needs up to 7471 s, the budget is 570 s

##### nullb: iostats, scheduler none, tag none
SKIP positive-iostats-none time budget: 5984 s used, a combination needs up to 7471 s, the budget is 570 s
SKIP control-iostats-none time budget: 5984 s used, a combination needs up to 7471 s, the budget is 570 s
SKIP witness-iostats-none time budget: 5984 s used, a combination needs up to 7471 s, the budget is 570 s
SKIP stale-queue-iostats-none time budget: 5984 s used, a combination needs up to 7471 s, the budget is 570 s
SKIP stale-flush-iostats-none time budget: 5984 s used, a combination needs up to 7471 s, the budget is 570 s

##### nullb: iostats, scheduler mq-deadline, tag mq-deadline
SKIP positive-iostats-mq-deadline time budget: 5984 s used, a combination needs up to 7471 s, the budget is 570 s
SKIP control-iostats-mq-deadline time budget: 5984 s used, a combination needs up to 7471 s, the budget is 570 s
SKIP witness-iostats-mq-deadline time budget: 5984 s used, a combination needs up to 7471 s, the budget is 570 s
SKIP stale-queue-iostats-mq-deadline time budget: 5984 s used, a combination needs up to 7471 s, the budget is 570 s
SKIP stale-flush-iostats-mq-deadline time budget: 5984 s used, a combination needs up to 7471 s, the budget is 570 s

##### shared tags: nullb0 accounted, then nullb1 not
SKIP positive-nullb1-shared time budget: 5984 s used, a combination needs up to 7471 s, the budget is 570 s
SKIP control-nullb1-shared time budget: 5984 s used, a combination needs up to 7471 s, the budget is 570 s
SKIP witness-nullb1-shared time budget: 5984 s used, a combination needs up to 7471 s, the budget is 570 s
SKIP stale-queue-nullb1-shared time budget: 5984 s used, a combination needs up to 7471 s, the budget is 570 s
SKIP stale-flush-nullb1-shared time budget: 5984 s used, a combination needs up to 7471 s, the budget is 570 s

##### summary
INFO summary queue loop0-none INCONCLUSIVE observed=CLEAN expected=CLEAN
INFO summary flush loop0-none INCONCLUSIVE observed=CLEAN expected=CLEAN
INFO RQF_FLUSH_SEQ lines in obi.log: 0
time=2026-10-07T17:40:26.996Z level=WARN msg="a storage latency histogram is reported per pod or container: each pod adds a series per bucket. The operations and time counters give the mean latency per pod at one series each" component=agent.StatsO11y histogram=obi.stat.disk.operation.duration attributes=[container.id]
time=2026-10-07T17:40:26.996Z level=WARN msg="a storage latency histogram is reported per pod or container: each pod adds a series per bucket. The operations and time counters give the mean latency per pod at one series each" component=agent.StatsO11y histogram=obi.stat.disk.queue.duration attributes=[container.id]
INFO done in 5984 s
===LAB_PAYLOAD_END===
LAB_UPTIME=5983.82
LAB_EXIT=1
[ 5983.847378] sysrq: Emergency Sync
[ 5983.849152] sysrq: Power Off
[ 5983.852075] reboot: Power down
