=== RUN   TestDiskLatencyIsAccumulatedPerDevice
--- PASS: TestDiskLatencyIsAccumulatedPerDevice (0.23s)
=== RUN   TestDiskPartitions
--- PASS: TestDiskPartitions (0.18s)
=== RUN   TestDiskFlushesAndDiscards
--- PASS: TestDiskFlushesAndDiscards (0.16s)
=== RUN   TestDiskFileSyncsAreCountedLikeTheKernel
--- PASS: TestDiskFileSyncsAreCountedLikeTheKernel (0.20s)
=== RUN   TestDiskWriteZeroesAreCountedLikeTheKernel
--- PASS: TestDiskWriteZeroesAreCountedLikeTheKernel (0.14s)
=== RUN   TestDiskStartsOfRequestsWithoutIOStatistics
=== RUN   TestDiskStartsOfRequestsWithoutIOStatistics/none
=== RUN   TestDiskStartsOfRequestsWithoutIOStatistics/mq-deadline
--- PASS: TestDiskStartsOfRequestsWithoutIOStatistics (4.39s)
    --- PASS: TestDiskStartsOfRequestsWithoutIOStatistics/none (2.21s)
    --- PASS: TestDiskStartsOfRequestsWithoutIOStatistics/mq-deadline (2.19s)
=== RUN   TestDiskPassthroughCommands
--- PASS: TestDiskPassthroughCommands (2.95s)
=== RUN   TestDiskStackedVolumes
--- PASS: TestDiskStackedVolumes (0.26s)
=== RUN   TestDiskBioBasedDisks
--- PASS: TestDiskBioBasedDisks (0.15s)
=== RUN   TestDiskPendingRequests
--- PASS: TestDiskPendingRequests (1.51s)
=== RUN   TestDiskPendingStackedVolumes
--- PASS: TestDiskPendingStackedVolumes (1.54s)
=== RUN   TestDiskIOIsChargedPerCgroup
PASS
PASS
--- PASS: TestDiskIOIsChargedPerCgroup (0.18s)
=== RUN   TestDiskIOWriterProcess
    tracer_disk_privileged_test.go:960: only runs as a child process of TestDiskIOIsChargedPerCgroup
--- SKIP: TestDiskIOWriterProcess (0.00s)
=== RUN   TestFsSyncTypesAndFilesystems
--- PASS: TestFsSyncTypesAndFilesystems (0.52s)
=== RUN   TestFsSyncIsChargedPerCgroup
PASS
--- PASS: TestFsSyncIsChargedPerCgroup (0.50s)
=== RUN   TestFsSyncWithoutCgroupsOrFilesystems
PASS
--- PASS: TestFsSyncWithoutCgroupsOrFilesystems (0.50s)
=== RUN   TestFsSyncProcess
    tracer_disk_privileged_test.go:1114: only runs as a child process of TestFsSyncIsChargedPerCgroup
--- SKIP: TestFsSyncProcess (0.00s)
=== RUN   TestNFSStatsAreOptional
    tracer_disk_privileged_test.go:1331: storage features not measured: [{the NFS client procedure metrics (stats_nfs_client_procedure_*) can't tell the arguments of rpc_stats_latency on kernels older than 5.8} {the NFS client I/O metric (stats_nfs_client_io) can't tell the arguments of rpc_stats_latency on kernels older than 5.8}]
--- PASS: TestNFSStatsAreOptional (0.21s)
=== RUN   TestNFSProbesAttachWhenTheirModulesAreLoaded
    tracer_disk_privileged_test.go:1355: the kernel can't load the NFS client probes before their modules: can't tell the arguments of rpc_stats_latency on kernels older than 5.8
--- SKIP: TestNFSProbesAttachWhenTheirModulesAreLoaded (0.07s)
=== RUN   TestDiskReaderReadsFullMaps
2026/10/07 20:31:03 WARN the kernel map is full: the I/O of new workloads and devices is not measured until the entries of idle ones are deleted component=stat.DiskMapTracer map=disk_io_accum entries=1
--- PASS: TestDiskReaderReadsFullMaps (0.00s)
=== RUN   TestDiskReaderForwardsDeltas
--- PASS: TestDiskReaderForwardsDeltas (0.00s)
=== RUN   TestDiskReaderRestartsAfterEviction
--- PASS: TestDiskReaderRestartsAfterEviction (0.00s)
=== RUN   TestDiskReaderRestartsWhenOnlyTheLatencySumDecreased
--- PASS: TestDiskReaderRestartsWhenOnlyTheLatencySumDecreased (0.00s)
=== RUN   TestDiskReaderDeletesIdleEntries
--- PASS: TestDiskReaderDeletesIdleEntries (0.00s)
=== RUN   TestDiskReaderForwardsPartitionAndQueue
--- PASS: TestDiskReaderForwardsPartitionAndQueue (0.00s)
=== RUN   TestDiskReaderForwardsFlushesAndDiscards
--- PASS: TestDiskReaderForwardsFlushesAndDiscards (0.00s)
=== RUN   TestDiskErrorType
--- PASS: TestDiskErrorType (0.00s)
=== RUN   TestDiskReaderForwardsCounters
--- PASS: TestDiskReaderForwardsCounters (0.00s)
=== RUN   TestDiskReaderResolvesContainers
--- PASS: TestDiskReaderResolvesContainers (0.00s)
=== RUN   TestFsSyncReader
--- PASS: TestFsSyncReader (0.00s)
=== RUN   TestDiskVolumesTracer
--- PASS: TestDiskVolumesTracer (0.00s)
=== RUN   TestNFSProcedureReader
--- PASS: TestNFSProcedureReader (0.00s)
=== RUN   TestNFSIOReader
--- PASS: TestNFSIOReader (0.00s)
=== RUN   TestNFSErrorType
=== RUN   TestNFSErrorType/success
=== RUN   TestNFSErrorType/uapi_errno
=== RUN   TestNFSErrorType/first_kernel-internal_errno
=== RUN   TestNFSErrorType/NFSv3_not_supported
=== RUN   TestNFSErrorType/NFSv3_retry_later
=== RUN   TestNFSErrorType/last_kernel-internal_errno
=== RUN   TestNFSErrorType/first_NFSv4_status
=== RUN   TestNFSErrorType/NFSv4_retry_later
=== RUN   TestNFSErrorType/NFSv4_grace_period
=== RUN   TestNFSErrorType/last_NFSv4_status
=== RUN   TestNFSErrorType/unassigned_kernel-internal_errno
=== RUN   TestNFSErrorType/unassigned_NFSv4_status
=== RUN   TestNFSErrorType/past_the_NFSv4_statuses
=== RUN   TestNFSErrorType/internal_pNFS_status
--- PASS: TestNFSErrorType (0.00s)
    --- PASS: TestNFSErrorType/success (0.00s)
    --- PASS: TestNFSErrorType/uapi_errno (0.00s)
    --- PASS: TestNFSErrorType/first_kernel-internal_errno (0.00s)
    --- PASS: TestNFSErrorType/NFSv3_not_supported (0.00s)
    --- PASS: TestNFSErrorType/NFSv3_retry_later (0.00s)
    --- PASS: TestNFSErrorType/last_kernel-internal_errno (0.00s)
    --- PASS: TestNFSErrorType/first_NFSv4_status (0.00s)
    --- PASS: TestNFSErrorType/NFSv4_retry_later (0.00s)
    --- PASS: TestNFSErrorType/NFSv4_grace_period (0.00s)
    --- PASS: TestNFSErrorType/last_NFSv4_status (0.00s)
    --- PASS: TestNFSErrorType/unassigned_kernel-internal_errno (0.00s)
    --- PASS: TestNFSErrorType/unassigned_NFSv4_status (0.00s)
    --- PASS: TestNFSErrorType/past_the_NFSv4_statuses (0.00s)
    --- PASS: TestNFSErrorType/internal_pNFS_status (0.00s)
PASS
