[    0.000000] Linux version 6.6.157-0606157-generic (kernel@balboa) (x86_64-linux-gnu-gcc-13 (Ubuntu 13.3.0-6ubuntu2~24.04.1) 13.3.0, GNU ld (GNU Binutils for Ubuntu) 2.42) #202609141304 SMP PREEMPT_DYNAMIC Mon Sep 14 18:04:44 UTC 2026
[    0.000000] Command line: console=ttyS0,115200 root=/dev/vda rw rootfstype=ext4 init=/lab-init.sh panic=-1 cgroup_no_v1=all mitigations=off loglevel=4 rcupdate.rcu_cpu_stall_timeout=120 
[    0.000000] KERNEL supported cpus:
[line about the CPU removed]
[line about the CPU removed]
[line about the CPU removed]
[    0.000000]   Centaur CentaurHauls
[    0.000000]   zhaoxin   Shanghai  
[line about the CPU removed]
[    0.000000] BIOS-provided physical RAM map:
[    0.000000] BIOS-e820: [mem 0x0000000000000000-0x000000000009fbff] usable
[    0.000000] BIOS-e820: [mem 0x000000000009fc00-0x000000000009ffff] reserved
[    0.000000] BIOS-e820: [mem 0x00000000000f0000-0x00000000000fffff] reserved
[    0.000000] BIOS-e820: [mem 0x0000000000100000-0x00000000bffdcfff] usable
[    0.000000] BIOS-e820: [mem 0x00000000bffdd000-0x00000000bfffffff] reserved
[    0.000000] BIOS-e820: [mem 0x00000000feffc000-0x00000000feffffff] reserved
[    0.000000] BIOS-e820: [mem 0x00000000fffc0000-0x00000000ffffffff] reserved
[    0.000000] BIOS-e820: [mem 0x0000000100000000-0x000000013fffffff] usable
[    0.000000] NX (Execute Disable) protection: active
[    0.000000] APIC: Static calls initialized
[    0.000000] SMBIOS 2.8 present.
[    0.000000] DMI: QEMU Standard PC (i440FX + PIIX, 1996), BIOS [removed]
[    0.000000] Hypervisor detected: KVM
[    0.000000] kvm-clock: Using msrs 4b564d01 and 4b564d00
[    0.000001] kvm-clock: using sched offset of 146067895 cycles
[    0.000004] clocksource: kvm-clock: mask: 0xffffffffffffffff max_cycles: 0x1cd42e4dffb, max_idle_ns: 881590591483 ns
[line about the CPU removed]
[    0.000236] e820: update [mem 0x00000000-0x00000fff] usable ==> reserved
[    0.000238] e820: remove [mem 0x000a0000-0x000fffff] usable
[    0.000242] last_pfn = 0x140000 max_arch_pfn = 0x400000000
[    0.000271] MTRR map: 4 entries (3 fixed + 1 variable; max 19), built from 8 variable MTRRs
[    0.000275] x86/PAT: Configuration [0-7]: WB  WC  UC- UC  WB  WP  UC- WT  
[    0.000314] last_pfn = 0xbffdd max_arch_pfn = 0x400000000
[    0.003368] found SMP MP-table at [mem 0x000f54d0-0x000f54df]
[    0.003395] Using GB pages for direct mapping
[    0.003826] ACPI: Early table checksum verification disabled
[    0.003833] ACPI: RSDP 0x00000000000F52F0 000014 (v00 BOCHS )
[    0.003838] ACPI: RSDT 0x00000000BFFE2373 000034 (v01 BOCHS  BXPC     00000001 BXPC 00000001)
[    0.003846] ACPI: FACP 0x00000000BFFE221F 000074 (v01 BOCHS  BXPC     00000001 BXPC 00000001)
[    0.003852] ACPI: DSDT 0x00000000BFFE0040 0021DF (v01 BOCHS  BXPC     00000001 BXPC 00000001)
[    0.003855] ACPI: FACS 0x00000000BFFE0000 000040
[    0.003857] ACPI: APIC 0x00000000BFFE2293 000080 (v03 BOCHS  BXPC     00000001 BXPC 00000001)
[    0.003859] ACPI: HPET 0x00000000BFFE2313 000038 (v01 BOCHS  BXPC     00000001 BXPC 00000001)
[    0.003861] ACPI: WAET 0x00000000BFFE234B 000028 (v01 BOCHS  BXPC     00000001 BXPC 00000001)
[    0.003862] ACPI: Reserving FACP table memory at [mem 0xbffe221f-0xbffe2292]
[    0.003863] ACPI: Reserving DSDT table memory at [mem 0xbffe0040-0xbffe221e]
[    0.003864] ACPI: Reserving FACS table memory at [mem 0xbffe0000-0xbffe003f]
[    0.003864] ACPI: Reserving APIC table memory at [mem 0xbffe2293-0xbffe2312]
[    0.003865] ACPI: Reserving HPET table memory at [mem 0xbffe2313-0xbffe234a]
[    0.003865] ACPI: Reserving WAET table memory at [mem 0xbffe234b-0xbffe2372]
[    0.004340] No NUMA configuration found
[    0.004342] Faking a node at [mem 0x0000000000000000-0x000000013fffffff]
[    0.004349] NODE_DATA(0) allocated [mem 0x13ffd3000-0x13fffdfff]
[    0.004478] Zone ranges:
[    0.004479]   DMA      [mem 0x0000000000001000-0x0000000000ffffff]
[    0.004481]   DMA32    [mem 0x0000000001000000-0x00000000ffffffff]
[    0.004483]   Normal   [mem 0x0000000100000000-0x000000013fffffff]
[    0.004484]   Device   empty
[    0.004485] Movable zone start for each node
[    0.004486] Early memory node ranges
[    0.004487]   node   0: [mem 0x0000000000001000-0x000000000009efff]
[    0.004488]   node   0: [mem 0x0000000000100000-0x00000000bffdcfff]
[    0.004489]   node   0: [mem 0x0000000100000000-0x000000013fffffff]
[    0.004491] Initmem setup node 0 [mem 0x0000000000001000-0x000000013fffffff]
[    0.004788] On node 0, zone DMA: 1 pages in unavailable ranges
[    0.004808] On node 0, zone DMA: 97 pages in unavailable ranges
[    0.014851] On node 0, zone Normal: 35 pages in unavailable ranges
[    0.015463] ACPI: PM-Timer IO Port: 0x608
[    0.015487] ACPI: LAPIC_NMI (acpi_id[0xff] dfl dfl lint[0x1])
[    0.015532] IOAPIC[0]: apic_id 0, version 17, address 0xfec00000, GSI 0-23
[    0.015535] ACPI: INT_SRC_OVR (bus 0 bus_irq 0 global_irq 2 dfl dfl)
[    0.015537] ACPI: INT_SRC_OVR (bus 0 bus_irq 5 global_irq 5 high level)
[    0.015538] ACPI: INT_SRC_OVR (bus 0 bus_irq 9 global_irq 9 high level)
[    0.015539] ACPI: INT_SRC_OVR (bus 0 bus_irq 10 global_irq 10 high level)
[    0.015540] ACPI: INT_SRC_OVR (bus 0 bus_irq 11 global_irq 11 high level)
[    0.015543] ACPI: Using ACPI (MADT) for SMP configuration information
[    0.015544] ACPI: HPET id: 0x8086a201 base: 0xfed00000
[    0.015551] TSC deadline timer available
[    0.015551] smpboot: Allowing 2 CPUs, 0 hotplug CPUs
[    0.015598] kvm-guest: APIC: eoi() replaced with kvm_guest_apic_eoi_write()
[    0.015617] kvm-guest: KVM setup pv remote TLB flush
[    0.015619] kvm-guest: setup PV sched yield
[    0.015628] PM: hibernation: Registered nosave memory: [mem 0x00000000-0x00000fff]
[    0.015630] PM: hibernation: Registered nosave memory: [mem 0x0009f000-0x000fffff]
[    0.015630] PM: hibernation: Registered nosave memory: [mem 0xbffdd000-0xffffffff]
[    0.015632] [mem 0xc0000000-0xfeffbfff] available for PCI devices
[    0.015633] Booting paravirtualized kernel on KVM
[    0.015637] clocksource: refined-jiffies: mask: 0xffffffff max_cycles: 0xffffffff, max_idle_ns: 7645519600211568 ns
[    0.015645] setup_percpu: NR_CPUS:8192 nr_cpumask_bits:2 nr_cpu_ids:2 nr_node_ids:1
[    0.015985] percpu: Embedded 84 pages/cpu s221184 r8192 d114688 u1048576
[    0.015989] pcpu-alloc: s221184 r8192 d114688 u1048576 alloc=1*2097152
[    0.015993] pcpu-alloc: [0] 0 1 
[    0.016028] kvm-guest: PV spinlocks enabled
[    0.016030] PV qspinlock hash table entries: 256 (order: 0, 4096 bytes, linear)
[    0.016033] Kernel command line: console=ttyS0,115200 root=/dev/vda rw rootfstype=ext4 init=/lab-init.sh panic=-1 cgroup_no_v1=all mitigations=off loglevel=4 rcupdate.rcu_cpu_stall_timeout=120 
[    0.016112] random: crng init done
[    0.016724] Dentry cache hash table entries: 524288 (order: 10, 4194304 bytes, linear)
[    0.017008] Inode-cache hash table entries: 262144 (order: 9, 2097152 bytes, linear)
[    0.017054] Fallback order for Node 0: 0 
[    0.017058] Built 1 zonelists, mobility grouping on.  Total pages: 1031901
[    0.017059] Policy zone: Normal
[    0.017065] mem auto-init: stack:all(zero), heap alloc:on, heap free:off
[    0.017072] software IO TLB: area num 2.
[    0.037131] Memory: 4004756K/4193772K available (20480K kernel code, 4381K rwdata, 13372K rodata, 4776K init, 5004K bss, 188756K reserved, 0K cma-reserved)
[    0.037995] SLUB: HWalign=64, Order=0-3, MinObjects=0, CPUs=2, Nodes=1
[    0.043398] ftrace: allocating 55335 entries in 218 pages
[    0.043401] ftrace: allocated 218 pages with 5 groups
[    0.044448] Dynamic Preempt: voluntary
[    0.044802] rcu: Preemptible hierarchical RCU implementation.
[    0.044804] rcu: 	RCU restricting CPUs from NR_CPUS=8192 to nr_cpu_ids=2.
[    0.044805] 	RCU CPU stall warnings timeout set to 120 (rcu_cpu_stall_timeout).
[    0.044806] 	Trampoline variant of Tasks RCU enabled.
[    0.044806] 	Rude variant of Tasks RCU enabled.
[    0.044807] 	Tracing variant of Tasks RCU enabled.
[    0.044807] rcu: RCU calculated value of scheduler-enlistment delay is 25 jiffies.
[    0.044808] rcu: Adjusting geometry for rcu_fanout_leaf=16, nr_cpu_ids=2
[    0.047642] NR_IRQS: 524544, nr_irqs: 440, preallocated irqs: 16
[    0.047886] rcu: srcu_init: Setting srcu_struct sizes based on contention.
[    0.048144] Console: colour *CGA 80x25
[    0.048224] printk: console [ttyS0] enabled
[    0.048266] ACPI: Core revision 20230628
[    0.048546] clocksource: hpet: mask: 0xffffffff max_cycles: 0xffffffff, max_idle_ns: 19112604467 ns
[    0.048742] APIC: Switch to symmetric I/O mode setup
[    0.048893] x2apic enabled
[    0.049083] APIC: Switched APIC routing to: physical x2apic
[    0.049087] kvm-guest: APIC: send_IPI_mask() replaced with kvm_send_ipi_mask()
[    0.049095] kvm-guest: APIC: send_IPI_mask_allbutself() replaced with kvm_send_ipi_mask_allbutself()
[    0.049097] kvm-guest: setup PV IPIs
[    0.049775] ..TIMER: vector=0x30 apic1=0 pin1=2 apic2=-1 pin2=-1
[    0.049794] clocksource: tsc-early: mask: 0xffffffffffffffff max_cycles: 0x6a464ae9873, max_idle_ns: 881590529744 ns
[line about the CPU removed]
[line about the CPU removed]
[line about the CPU removed]
[line about the CPU removed]
[line about the CPU removed]
[line about the CPU removed]
[line about the CPU removed]
[line about the CPU removed]
[line about the CPU removed]
[line about the CPU removed]
[line about the CPU removed]
[line about the CPU removed]
[line about the CPU removed]
[    0.070165] Freeing SMP alternatives memory: 44K
[    0.070169] pid_max: default: 32768 minimum: 301
[    0.070241] LSM: initializing lsm=lockdown,capability,landlock,yama,apparmor,integrity
[    0.070267] landlock: Up and running.
[    0.070268] Yama: becoming mindful.
[    0.070299] AppArmor: AppArmor initialized
[    0.070349] Mount-cache hash table entries: 8192 (order: 4, 65536 bytes, linear)
[    0.070359] Mountpoint-cache hash table entries: 8192 (order: 4, 65536 bytes, linear)
[    0.070547] cgroup: Disabling cpuset control group subsystem in v1 mounts
[    0.070552] cgroup: Disabling cpu control group subsystem in v1 mounts
[    0.070554] cgroup: Disabling cpuacct control group subsystem in v1 mounts
[    0.070558] cgroup: Disabling io control group subsystem in v1 mounts
[    0.070585] cgroup: Disabling memory control group subsystem in v1 mounts
[    0.070591] cgroup: Disabling devices control group subsystem in v1 mounts
[    0.070593] cgroup: Disabling freezer control group subsystem in v1 mounts
[    0.070598] cgroup: Disabling net_cls control group subsystem in v1 mounts
[    0.070600] cgroup: Disabling perf_event control group subsystem in v1 mounts
[    0.070601] cgroup: Disabling net_prio control group subsystem in v1 mounts
[    0.070606] cgroup: Disabling hugetlb control group subsystem in v1 mounts
[    0.070608] cgroup: Disabling pids control group subsystem in v1 mounts
[    0.070610] cgroup: Disabling rdma control group subsystem in v1 mounts
[    0.070611] cgroup: Disabling misc control group subsystem in v1 mounts
[line about the CPU removed]
[    0.071015] RCU Tasks: Setting shift to 1 and lim to 1 rcu_task_cb_adjust=1 rcu_task_cpu_ids=2.
[    0.071033] RCU Tasks Rude: Setting shift to 1 and lim to 1 rcu_task_cb_adjust=1 rcu_task_cpu_ids=2.
[    0.071043] RCU Tasks Trace: Setting shift to 1 and lim to 1 rcu_task_cb_adjust=1 rcu_task_cpu_ids=2.
[line about the CPU removed]
[    0.071074] signal: max sigframe size: 3632
[    0.071103] rcu: Hierarchical SRCU implementation.
[    0.071104] rcu: 	Max phase no-delay instances is 1000.
[    0.071712] NMI watchdog: Perf NMI watchdog permanently disabled
[    0.071751] smp: Bringing up secondary CPUs ...
[    0.071844] smpboot: x86: Booting SMP configuration:
[    0.071845] .... node  #0, CPUs:      #1
[    0.072057] smp: Brought up 1 node, 2 CPUs
[    0.072057] smpboot: Max logical packages: 1
[line about the CPU removed]
[    0.072057] devtmpfs: initialized
[    0.072057] x86/mm: Memory block size: 128MB
[    0.074027] clocksource: jiffies: mask: 0xffffffff max_cycles: 0xffffffff, max_idle_ns: 7645041785100000 ns
[    0.074027] futex hash table entries: 512 (order: 3, 32768 bytes, linear)
[    0.074167] pinctrl core: initialized pinctrl subsystem
[    0.074665] PM: RTC time: 20:36:32, date: 2026-10-07
[    0.076088] NET: Registered PF_NETLINK/PF_ROUTE protocol family
[    0.076805] DMA: preallocated 512 KiB GFP_KERNEL pool for atomic allocations
[    0.076912] DMA: preallocated 512 KiB GFP_KERNEL|GFP_DMA pool for atomic allocations
[    0.077344] DMA: preallocated 512 KiB GFP_KERNEL|GFP_DMA32 pool for atomic allocations
[    0.077819] audit: initializing netlink subsys (disabled)
[    0.077895] audit: type=2000 audit(1791405393.187:1): state=initialized audit_enabled=0 res=1
[    0.078107] thermal_sys: Registered thermal governor 'fair_share'
[    0.078112] thermal_sys: Registered thermal governor 'bang_bang'
[    0.078115] thermal_sys: Registered thermal governor 'step_wise'
[    0.078117] thermal_sys: Registered thermal governor 'user_space'
[    0.078119] thermal_sys: Registered thermal governor 'power_allocator'
[    0.078146] cpuidle: using governor ladder
[    0.078155] cpuidle: using governor menu
[    0.078339] acpiphp: ACPI Hot Plug PCI Controller Driver version: 0.5
[    0.078914] PCI: Using configuration type 1 for base access
[    0.079388] kprobes: kprobe jump-optimization is enabled. All kprobes are optimized if possible.
[    0.111208] HugeTLB: registered 1.00 GiB page size, pre-allocated 0 pages
[    0.111208] HugeTLB: 16380 KiB vmemmap can be freed for a 1.00 GiB page
[    0.111208] HugeTLB: registered 2.00 MiB page size, pre-allocated 0 pages
[    0.111208] HugeTLB: 28 KiB vmemmap can be freed for a 2.00 MiB page
[    0.111208] ACPI: Added _OSI(Module Device)
[    0.111208] ACPI: Added _OSI(Processor Device)
[    0.111208] ACPI: Added _OSI(Processor Aggregator Device)
[    0.111769] ACPI: 1 ACPI AML tables successfully acquired and loaded
[    0.113914] ACPI: _OSC evaluation for CPUs failed, trying _PDC
[    0.114309] ACPI: Interpreter enabled
[    0.114347] ACPI: PM: (supports S0 S3 S4 S5)
[    0.114351] ACPI: Using IOAPIC for interrupt routing
[    0.114862] PCI: Using host bridge windows from ACPI; if necessary, use "pci=nocrs" and report a bug
[    0.114865] PCI: Ignoring E820 reservations for host bridge windows
[    0.117810] ACPI: Enabled 2 GPEs in block 00 to 0F
[    0.121011] ACPI: PCI Root Bridge [PCI0] (domain 0000 [bus 00-ff])
[    0.121026] acpi PNP0A03:00: _OSC: OS supports [ASPM ClockPM Segments MSI EDR HPX-Type3]
[    0.121030] acpi PNP0A03:00: _OSC: not requesting OS control; OS requires [ExtendedConfig ASPM ClockPM MSI]
[    0.121049] acpi PNP0A03:00: fail to add MMCONFIG information, can't access extended configuration space under this bridge
[    0.121740] acpiphp: Slot [2] registered
[    0.121797] acpiphp: Slot [3] registered
[    0.121849] acpiphp: Slot [4] registered
[    0.121896] acpiphp: Slot [5] registered
[    0.121959] acpiphp: Slot [6] registered
[    0.122004] acpiphp: Slot [7] registered
[    0.122052] acpiphp: Slot [8] registered
[    0.122097] acpiphp: Slot [9] registered
[    0.122155] acpiphp: Slot [10] registered
[    0.122209] acpiphp: Slot [11] registered
[    0.122255] acpiphp: Slot [12] registered
[    0.122301] acpiphp: Slot [13] registered
[    0.122346] acpiphp: Slot [14] registered
[    0.122396] acpiphp: Slot [15] registered
[    0.122442] acpiphp: Slot [16] registered
[    0.122487] acpiphp: Slot [17] registered
[    0.122533] acpiphp: Slot [18] registered
[    0.122576] acpiphp: Slot [19] registered
[    0.122625] acpiphp: Slot [20] registered
[    0.122672] acpiphp: Slot [21] registered
[    0.122718] acpiphp: Slot [22] registered
[    0.122761] acpiphp: Slot [23] registered
[    0.122821] acpiphp: Slot [24] registered
[    0.122864] acpiphp: Slot [25] registered
[    0.122908] acpiphp: Slot [26] registered
[    0.122951] acpiphp: Slot [27] registered
[    0.122995] acpiphp: Slot [28] registered
[    0.123040] acpiphp: Slot [29] registered
[    0.123084] acpiphp: Slot [30] registered
[    0.123127] acpiphp: Slot [31] registered
[    0.123159] PCI host bridge to bus 0000:00
[    0.123163] pci_bus 0000:00: root bus resource [io  0x0000-0x0cf7 window]
[    0.123167] pci_bus 0000:00: root bus resource [io  0x0d00-0xffff window]
[    0.123169] pci_bus 0000:00: root bus resource [mem 0x000a0000-0x000bffff window]
[    0.123172] pci_bus 0000:00: root bus resource [mem 0xc0000000-0xfebfffff window]
[    0.123173] pci_bus 0000:00: root bus resource [mem 0xe0000000000-0xe007fffffff window]
[    0.123176] pci_bus 0000:00: root bus resource [bus 00-ff]
[    0.123308] pci 0000:00:00.0: [8086:1237] type 00 class 0x060000
[    0.124507] pci 0000:00:01.0: [8086:7000] type 00 class 0x060100
[    0.125862] pci 0000:00:01.1: [8086:7010] type 00 class 0x010180
[    0.128369] pci 0000:00:01.1: BAR 4 [io  0xc100-0xc10f]
[    0.129217] pci 0000:00:01.1: BAR 0 [io  0x01f0-0x01f7]: legacy IDE quirk
[    0.129220] pci 0000:00:01.1: BAR 1 [io  0x03f6]: legacy IDE quirk
[    0.129221] pci 0000:00:01.1: BAR 2 [io  0x0170-0x0177]: legacy IDE quirk
[    0.129222] pci 0000:00:01.1: BAR 3 [io  0x0376]: legacy IDE quirk
[    0.129500] pci 0000:00:01.3: [8086:7113] type 00 class 0x068000
[    0.130245] pci 0000:00:01.3: quirk: [io  0x0600-0x063f] claimed by PIIX4 ACPI
[    0.130261] pci 0000:00:01.3: quirk: [io  0x0700-0x070f] claimed by PIIX4 SMB
[    0.130710] pci 0000:00:02.0: [1af4:1009] type 00 class 0x000200
[    0.131755] pci 0000:00:02.0: BAR 0 [io  0xc080-0xc0bf]
[    0.132523] pci 0000:00:02.0: BAR 1 [mem 0xfebfd000-0xfebfdfff]
[    0.134917] pci 0000:00:02.0: BAR 4 [mem 0xe0000000000-0xe0000003fff 64bit pref]
[    0.137106] pci 0000:00:03.0: [1af4:1009] type 00 class 0x000200
[    0.137801] pci 0000:00:03.0: BAR 0 [io  0xc0c0-0xc0ff]
[    0.138469] pci 0000:00:03.0: BAR 1 [mem 0xfebfe000-0xfebfefff]
[    0.141336] pci 0000:00:03.0: BAR 4 [mem 0xe0000004000-0xe0000007fff 64bit pref]
[    0.143289] pci 0000:00:04.0: [1af4:1001] type 00 class 0x010000
[    0.150277] pci 0000:00:04.0: BAR 0 [io  0xc000-0xc07f]
[    0.157060] pci 0000:00:04.0: BAR 1 [mem 0xfebff000-0xfebfffff]
[    0.170514] pci 0000:00:04.0: BAR 4 [mem 0xe0000008000-0xe000000bfff 64bit pref]
[    0.195678] ACPI: PCI: Interrupt link LNKA configured for IRQ 10
[    0.195873] ACPI: PCI: Interrupt link LNKB configured for IRQ 10
[    0.196048] ACPI: PCI: Interrupt link LNKC configured for IRQ 11
[    0.196217] ACPI: PCI: Interrupt link LNKD configured for IRQ 11
[    0.196307] ACPI: PCI: Interrupt link LNKS configured for IRQ 9
[    0.197919] iommu: Default domain type: Translated
[    0.197919] iommu: DMA domain TLB invalidation policy: lazy mode
[    0.198258] SCSI subsystem initialized
[    0.198278] libata version 3.00 loaded.
[    0.198278] ACPI: bus type USB registered
[    0.198278] usbcore: registered new interface driver usbfs
[    0.198278] usbcore: registered new interface driver hub
[    0.198278] usbcore: registered new device driver usb
[    0.198278] pps_core: LinuxPPS API ver. 1 registered
[    0.198278] pps_core: Software ver. 5.3.6 - Copyright 2005-2007 Rodolfo Giometti <giometti@linux.it>
[    0.198278] PTP clock support registered
[    0.198278] EDAC MC: Ver: 3.0.0
[    0.198278] NetLabel: Initializing
[    0.198278] NetLabel:  domain hash size = 128
[    0.198278] NetLabel:  protocols = UNLABELED CIPSOv4 CALIPSO
[    0.198278] NetLabel:  unlabeled traffic allowed by default
[    0.198278] mctp: management component transport protocol core
[    0.198278] NET: Registered PF_MCTP protocol family
[    0.198278] PCI: Using ACPI for IRQ routing
[    0.198278] PCI: pci_cache_line_size set to 64 bytes
[    0.198278] e820: reserve RAM buffer [mem 0x0009fc00-0x0009ffff]
[    0.198278] e820: reserve RAM buffer [mem 0xbffdd000-0xbfffffff]
[    0.198278] vgaarb: loaded
[    0.198278] hpet0: at MMIO 0xfed00000, IRQs 2, 8, 0
[line about the CPU removed]
[    0.204145] clocksource: Switched to clocksource kvm-clock
[    0.205002] VFS: Disk quotas dquot_6.6.0
[    0.205031] VFS: Dquot-cache hash table entries: 512 (order 0, 4096 bytes)
[    0.205056] AppArmor: AppArmor Filesystem Enabled
[    0.205056] pnp: PnP ACPI init
[    0.205056] pnp 00:02: [dma 2]
[    0.205056] pnp: PnP ACPI: found 5 devices
[    0.210534] clocksource: acpi_pm: mask: 0xffffff max_cycles: 0xffffff, max_idle_ns: 2085701024 ns
[    0.210653] NET: Registered PF_INET protocol family
[    0.211052] IP idents hash table entries: 65536 (order: 7, 524288 bytes, linear)
[    0.212216] tcp_listen_portaddr_hash hash table entries: 2048 (order: 3, 32768 bytes, linear)
[    0.212237] Table-perturb hash table entries: 65536 (order: 6, 262144 bytes, linear)
[    0.212257] TCP established hash table entries: 32768 (order: 6, 262144 bytes, linear)
[    0.212673] TCP bind hash table entries: 32768 (order: 8, 1048576 bytes, linear)
[    0.212721] TCP: Hash tables configured (established 32768 bind 32768)
[    0.212802] MPTCP token hash table entries: 4096 (order: 5, 98304 bytes, linear)
[    0.212826] UDP hash table entries: 2048 (order: 4, 65536 bytes, linear)
[    0.212839] UDP-Lite hash table entries: 2048 (order: 4, 65536 bytes, linear)
[    0.212894] NET: Registered PF_UNIX/PF_LOCAL protocol family
[    0.212904] NET: Registered PF_XDP protocol family
[    0.212919] pci_bus 0000:00: resource 4 [io  0x0000-0x0cf7 window]
[    0.212924] pci_bus 0000:00: resource 5 [io  0x0d00-0xffff window]
[    0.212926] pci_bus 0000:00: resource 6 [mem 0x000a0000-0x000bffff window]
[    0.212928] pci_bus 0000:00: resource 7 [mem 0xc0000000-0xfebfffff window]
[    0.212930] pci_bus 0000:00: resource 8 [mem 0xe0000000000-0xe007fffffff window]
[    0.213018] pci 0000:00:01.0: PIIX3: Enabling Passive Release
[    0.213048] pci 0000:00:00.0: Limiting direct PCI/PCI transfers
[    0.213214] PCI: CLS 0 bytes, default 64
[    0.213333] PCI-DMA: Using software bounce buffering for IO (SWIOTLB)
[    0.213337] software IO TLB: mapped [mem 0x00000000bbfdd000-0x00000000bffdd000] (64MB)
[line about the CPU removed]
[    0.213886] Initialise system trusted keyrings
[    0.213917] Key type blacklist registered
[    0.214020] workingset: timestamp_bits=36 max_order=20 bucket_order=0
[    0.214045] zbud: loaded
[    0.214858] squashfs: version 4.0 (2009/01/31) Phillip Lougher
[    0.215242] fuse: init (API version 7.39)
[    0.215457] integrity: Platform Keyring initialized
[    0.215462] integrity: Machine keyring initialized
[    0.221815] Key type asymmetric registered
[    0.221817] Asymmetric key parser 'x509' registered
[    0.221839] Block layer SCSI generic (bsg) driver version 0.4 loaded (major 243)
[    0.222197] io scheduler mq-deadline registered
[    0.222537] shpchp: Standard Hot Plug PCI Controller Driver version: 0.4
[    0.222904] input: Power Button as /devices/LNXSYSTM:00/LNXPWRBN:00/input/input0
[    0.223197] ACPI: button: Power Button [PWRF]
[    0.224451] ACPI: \_SB_.LNKB: Enabled at IRQ 10
[    0.226724] ACPI: \_SB_.LNKC: Enabled at IRQ 11
[    0.228501] ACPI: \_SB_.LNKD: Enabled at IRQ 11
[    0.231327] Serial: 8250/16550 driver, 32 ports, IRQ sharing enabled
[    0.258525] 00:03: ttyS0 at I/O 0x3f8 (irq = 4, base_baud = 115200) is a 16550A
[    0.260886] Linux agpgart interface v0.103
[    0.262838] loop: module loaded
[    0.263031] virtio_blk virtio2: 2/0/0 default/read/poll queues
[    0.264190] virtio_blk virtio2: [vda] 16777216 512-byte logical blocks (8.59 GB/8.00 GiB)
[    0.267161] ata_piix 0000:00:01.1: version 2.13
[    0.268832] scsi host0: ata_piix
[    0.268970] scsi host1: ata_piix
[    0.268990] ata1: PATA max MWDMA2 cmd 0x1f0 ctl 0x3f6 bmdma 0xc100 irq 14
[    0.268991] ata2: PATA max MWDMA2 cmd 0x170 ctl 0x376 bmdma 0xc108 irq 15
[    0.269112] tun: Universal TUN/TAP device driver, 1.6
[    0.269798] PPP generic driver version 2.4.2
[    0.269979] i8042: PNP: PS/2 Controller [PNP0303:KBD,PNP0f13:MOU] at 0x60,0x64 irq 1,12
[    0.270766] serio: i8042 KBD port at 0x60,0x64 irq 1
[    0.270774] serio: i8042 AUX port at 0x60,0x64 irq 12
[    0.270910] mousedev: PS/2 mouse device common for all mice
[    0.271303] rtc_cmos 00:04: RTC can wake from S4
[    0.271996] rtc_cmos 00:04: registered as rtc0
[    0.272158] rtc_cmos 00:04: setting system clock to 2026-10-07T20:36:32 UTC (1791405392)
[    0.272281] rtc_cmos 00:04: alarms up to one day, y3k, 242 bytes nvram
[    0.272310] input: AT Translated Set 2 keyboard as /devices/platform/i8042/serio0/input/input1
[    0.272332] i2c_dev: i2c /dev entries driver
[    0.272349] device-mapper: core: CONFIG_IMA_DISABLE_HTABLE is disabled. Duplicate IMA measurements will not be recorded in the IMA log.
[    0.272366] device-mapper: uevent: version 1.0.3
[    0.272631] device-mapper: ioctl: 4.48.0-ioctl (2023-03-01) initialised: dm-devel@redhat.com
[line about the CPU removed]
[    0.272698] ledtrig-cpu: registered to indicate activity on CPUs
[    0.272777] drop_monitor: Initializing network drop monitor service
[    0.281982] NET: Registered PF_INET6 protocol family
[    0.283194] Segment Routing with IPv6
[    0.283215] In-situ OAM (IOAM) with IPv6
[    0.283261] NET: Registered PF_PACKET protocol family
[    0.283326] Key type dns_resolver registered
[    0.283684] IPI shorthand broadcast: enabled
[    0.284670] sched_clock: Marking stable (285731394, -2103381)->(287619390, -3991377)
[    0.284852] registered taskstats version 1
[    0.284974] Loading compiled-in X.509 certificates
[    0.286185] Loaded X.509 cert 'Build time autogenerated kernel key: 6228320b6155925d6574c392236d3b461b24a65b'
[    0.287368] Loaded X.509 cert 'Canonical Ltd. Live Patch Signing 2025 Kmod: d541cef61dc7e793b7eb7e899970a2eef0b5dc8c'
[    0.288545] Loaded X.509 cert 'Canonical Ltd. Live Patch Signing: 14df34d1a87cf37625abec039ef2bf521249b969'
[    0.289649] Loaded X.509 cert 'Canonical Ltd. Kernel Module Signing 2025 Kmod: 4627603d2357a2a3f81006370894c221175893e9'
[    0.290754] Loaded X.509 cert 'Canonical Ltd. Kernel Module Signing: 88f752e560a1e0737e31163a466ad7b70a850c19'
[    0.290758] blacklist: Loading compiled-in revocation X.509 certificates
[    0.290800] Loaded X.509 cert 'Canonical Ltd. Secure Boot Signing: 61482aa2830d0ab2ad5af10b7250da9033ddcef0'
[    0.290830] Loaded X.509 cert 'Canonical Ltd. Secure Boot Signing (2017): 242ade75ac4a15e50d50c84b0d45ff3eae707a03'
[    0.290858] Loaded X.509 cert 'Canonical Ltd. Secure Boot Signing (ESM 2018): 365188c1d374d6b07c3c8f240f8ef722433d6a8b'
[    0.290884] Loaded X.509 cert 'Canonical Ltd. Secure Boot Signing (2019): c0746fd6c5da3ae827864651ad66ae47fe24b3e8'
[    0.290911] Loaded X.509 cert 'Canonical Ltd. Secure Boot Signing (2021 v1): a8d54bbb3825cfb94fa13c9f8a594a195c107b8d'
[    0.290937] Loaded X.509 cert 'Canonical Ltd. Secure Boot Signing (2021 v2): 4cf046892d6fd3c9a5b03f98d845f90851dc6a8c'
[    0.290968] Loaded X.509 cert 'Canonical Ltd. Secure Boot Signing (2021 v3): 100437bb6de6e469b581e61cd66bce3ef4ed53af'
[    0.290995] Loaded X.509 cert 'Canonical Ltd. Secure Boot Signing (Ubuntu Core 2019): c1d57b8f6b743f23ee41f4f7ee292f06eecadfb9'
[    0.297316] Key type .fscrypt registered
[    0.297328] Key type fscrypt-provisioning registered
[    0.297978] Key type encrypted registered
[    0.297987] AppArmor: AppArmor sha1 policy hashing enabled
[    0.298004] ima: No TPM chip found, activating TPM-bypass!
[    0.298012] Loading compiled-in module X.509 certificates
[    0.298983] Loaded X.509 cert 'Build time autogenerated kernel key: 6228320b6155925d6574c392236d3b461b24a65b'
[    0.298987] ima: Allocated hash algorithm: sha256
[    0.299016] ima: No architecture policies found
[    0.299035] evm: Initialising EVM extended attributes:
[    0.299037] evm: security.selinux
[    0.299039] evm: security.SMACK64
[    0.299041] evm: security.SMACK64EXEC
[    0.299043] evm: security.SMACK64TRANSMUTE
[    0.299044] evm: security.SMACK64MMAP
[    0.299046] evm: security.apparmor
[    0.299047] evm: security.ima
[    0.299049] evm: security.capability
[    0.299050] evm: HMAC attrs: 0x1
[    0.299684] PM:   Magic number: 14:254:649
[    0.308229] RAS: Correctable Errors collector initialized.
[    0.308399] clk: Disabling unused clocks
[    0.427480] md: Waiting for all devices to be available before autodetect
[    0.427493] md: If you don't use raid, use raid=noautodetect
[    0.427498] md: Autodetecting RAID arrays.
[    0.427501] md: autorun ...
[    0.427503] md: ... autorun DONE.
[    0.463858] EXT4-fs (vda): mounted filesystem cff9cbb1-45e6-4c4e-a1a3-0150c43eba20 r/w with ordered data mode. Quota mode: none.
[    0.463891] VFS: Mounted root (ext4 filesystem) on device 253:0.
[    0.464155] devtmpfs: mounted
[    0.465368] Freeing unused decrypted memory: 2028K
[    0.466281] Freeing unused kernel image (initmem) memory: 4776K
[    0.466285] Write protecting the kernel read-only data: 34816k
[    0.466591] Freeing unused kernel image (rodata/data gap) memory: 964K
[    0.472931] x86/mm: Checked W+X mappings: passed, no W+X pages found.
[    0.472942] Run /lab-init.sh as init process
[    0.472944]   with arguments:
[    0.472945]     /lab-init.sh
[    0.472946]   with environment:
[    0.472946]     HOME=/
[    0.472947]     TERM=linux
[    0.569980] EXT4-fs (vda): re-mounted cff9cbb1-45e6-4c4e-a1a3-0150c43eba20.
[    0.651670] 9pnet: Installing 9P2000 support
[    0.668226] FS-Cache: Loaded
[    0.670572] 9p: Installing v9fs 9p2000 file system support
[    0.674386] null_blk: disk nullb0 created
[    0.674398] null_blk: module loaded
[    1.344819] loop0: detected capacity change from 0 to 131072
[    1.381224] loop0: detected capacity change from 0 to 131072
[    1.394339]  loop0: p1
[    1.655617] loop0: detected capacity change from 0 to 131072
[    1.911683] loop0: detected capacity change from 0 to 131072
[    1.919115] operation not supported error, dev loop0, sector 130944 op 0x9:(WRITE_ZEROES) flags 0x8000800 phys_seg 0 prio class 2
[    1.919312] operation not supported error, dev loop0, sector 328 op 0x9:(WRITE_ZEROES) flags 0x8000800 phys_seg 0 prio class 2
[    1.923733] operation not supported error, dev loop0, sector 8520 op 0x9:(WRITE_ZEROES) flags 0x8000800 phys_seg 0 prio class 2
[    1.923898] operation not supported error, dev loop0, sector 120 op 0x9:(WRITE_ZEROES) flags 0x8000800 phys_seg 0 prio class 2
[    1.924133] operation not supported error, dev loop0, sector 208 op 0x9:(WRITE_ZEROES) flags 0x8000800 phys_seg 0 prio class 2
[    1.924292] operation not supported error, dev loop0, sector 8528 op 0x9:(WRITE_ZEROES) flags 0x8000800 phys_seg 0 prio class 2
[    1.930306] EXT4-fs (loop0): mounted filesystem 07ae0645-6c15-4637-a645-7cbd896c3f26 r/w with ordered data mode. Quota mode: none.
[    2.191467] EXT4-fs (loop0): unmounting filesystem 07ae0645-6c15-4637-a645-7cbd896c3f26.
[    2.209177] loop0: detected capacity change from 0 to 131072
[    2.535120] loop0: detected capacity change from 0 to 131072
[    4.912282] loop0: detected capacity change from 0 to 131072
[    7.407067] scsi_debug:sdebug_driver_probe: scsi_debug: trim poll_queues to 0. poll_q/nr_hw = (0/1)
[    7.407078] scsi host2: scsi_debug: version 0191 [20210520]
                 dev_size_mb=64, opts=0x0, submit_queues=1, statistics=0
[    7.407406] scsi 2:0:0:0: Direct-Access     Linux    scsi_debug       0191 PQ: 0 ANSI: 7
[    7.407617] scsi 2:0:0:0: Power-on or device reset occurred
[    7.420085] sd 2:0:0:0: Attached scsi generic sg0 type 0
[    7.428416] sd 2:0:0:0: [sda] 131072 512-byte logical blocks: (67.1 MB/64.0 MiB)
[    7.432570] sd 2:0:0:0: [sda] Write Protect is off
[    7.432608] sd 2:0:0:0: [sda] Mode Sense: 73 00 10 08
[    7.440766] sd 2:0:0:0: [sda] Write cache: enabled, read cache: enabled, supports DPO and FUA
[    7.453017] sd 2:0:0:0: [sda] Preferred minimum I/O size 512 bytes
[    7.453026] sd 2:0:0:0: [sda] Optimal transfer size 524288 bytes
[    7.498686] sd 2:0:0:0: [sda] Attached SCSI disk
[   10.990054] sd 2:0:0:0: [sda] Synchronizing SCSI cache
[   11.353292] loop0: detected capacity change from 0 to 131072
[   11.700156] zram: Added device: zram0
[   11.700532] zram0: detected capacity change from 0 to 32768
[   11.701852] zram0: detected capacity change from 32768 to 0
[   11.702069] zram: Removed device: zram0
[   13.225240] null_blk: disk obi-test-148 created
[   15.266830] null_blk: disk obi-test-148 created
[   16.186654] loop0: detected capacity change from 0 to 131072
[   19.651508] RPC: Registered named UNIX socket transport module.
[   19.651515] RPC: Registered udp transport module.
[   19.651516] RPC: Registered tcp transport module.
[   19.651516] RPC: Registered tcp-with-tls transport module.
[   19.651517] RPC: Registered tcp NFSv4.1 backchannel transport module.
[   20.307819] null_blk: module loaded
[   20.317071] null_blk: disk ok created
[   20.601741] loop0: detected capacity change from 0 to 131072
[   20.601975]  loop0: p1
[   20.618185] loop1: detected capacity change from 0 to 131072
[   20.785626] operation not supported error, dev loop1, sector 2048 op 0x9:(WRITE_ZEROES) flags 0x8000800 phys_seg 0 prio class 2
[   20.842071] loop2: detected capacity change from 0 to 131072
[   20.844120] loop3: detected capacity change from 0 to 131072
[   20.859325] md0: detected capacity change from 0 to 253952
[   20.876018] loop4: detected capacity change from 0 to 131072
[   20.886041] loop5: detected capacity change from 0 to 131072
[   20.904481] loop6: detected capacity change from 0 to 131072
[   20.909480] EXT4-fs (loop6): mounted filesystem 9bf052d9-64b2-424f-a774-74e8d5b51b2e r/w with ordered data mode. Quota mode: none.
[   22.180562] NFSD: Using UMH upcall client tracking operations.
[   22.180580] NFSD: starting 90-second grace period (net f0000000)
[   22.291144] NFS: Registering the id_resolver key type
[   22.291170] Key type id_resolver registered
[   22.291171] Key type id_legacy registered
[   22.325607] zram: Added device: zram0
[   22.326953] zram0: detected capacity change from 0 to 65536
[   22.334618] loop7: detected capacity change from 0 to 131072
[   34.585814] operation not supported error, dev loop1, sector 67584 op 0x9:(WRITE_ZEROES) flags 0x8000800 phys_seg 0 prio class 2
[   57.978230] EXT4-fs (loop6): unmounting filesystem 9bf052d9-64b2-424f-a774-74e8d5b51b2e.
[   58.100859] md0: detected capacity change from 253952 to 0
[   58.100870] md: md0 stopped.
