[    0.000000] Linux version 6.12.111-0612111-generic (kernel@balboa) (x86_64-linux-gnu-gcc-15 (Ubuntu 15.2.0-12ubuntu1) 15.2.0, GNU ld (GNU Binutils for Ubuntu) 2.46) #202609211340 SMP PREEMPT_DYNAMIC Mon Sep 21 16:44:44 UTC 2026
[    0.000000] Command line: console=ttyS0,115200 root=/dev/vda rw rootfstype=ext4 init=/lab-init.sh panic=-1 cgroup_no_v1=all mitigations=off loglevel=4 rcupdate.rcu_cpu_stall_timeout=120 
[    0.000000] KERNEL supported cpus:
[line about the CPU removed]
[line about the CPU removed]
[line about the CPU removed]
[    0.000000]   Centaur CentaurHauls
[    0.000000]   zhaoxin   Shanghai  
[line about the CPU removed]
[    0.000000] BIOS-provided physical RAM map:
[    0.000000] BIOS-e820: [mem 0x0000000000000000-0x000000000009fbff] usable
[    0.000000] BIOS-e820: [mem 0x000000000009fc00-0x000000000009ffff] reserved
[    0.000000] BIOS-e820: [mem 0x00000000000f0000-0x00000000000fffff] reserved
[    0.000000] BIOS-e820: [mem 0x0000000000100000-0x00000000bffd9fff] usable
[    0.000000] BIOS-e820: [mem 0x00000000bffda000-0x00000000bfffffff] reserved
[    0.000000] BIOS-e820: [mem 0x00000000feffc000-0x00000000feffffff] reserved
[    0.000000] BIOS-e820: [mem 0x00000000fffc0000-0x00000000ffffffff] reserved
[    0.000000] BIOS-e820: [mem 0x0000000100000000-0x000000013fffffff] usable
[    0.000000] NX (Execute Disable) protection: active
[    0.000000] APIC: Static calls initialized
[    0.000000] SMBIOS 2.8 present.
[    0.000000] DMI: QEMU Standard PC (i440FX + PIIX, 1996), BIOS [removed]
[    0.000000] DMI: Memory slots populated: 1/1
[    0.000000] Hypervisor detected: KVM
[    0.000000] last_pfn = 0xbffda max_arch_pfn = 0x400000000
[    0.000000] kvm-clock: Using msrs 4b564d01 and 4b564d00
[    0.000000] kvm-clock: using sched offset of 102176670 cycles
[    0.000002] clocksource: kvm-clock: mask: 0xffffffffffffffff max_cycles: 0x1cd42e4dffb, max_idle_ns: 881590591483 ns
[line about the CPU removed]
[    0.000087] e820: update [mem 0x00000000-0x00000fff] usable ==> reserved
[    0.000088] e820: remove [mem 0x000a0000-0x000fffff] usable
[    0.000091] last_pfn = 0x140000 max_arch_pfn = 0x400000000
[    0.000108] MTRR map: 4 entries (3 fixed + 1 variable; max 19), built from 8 variable MTRRs
[    0.000111] x86/PAT: Configuration [0-7]: WB  WC  UC- UC  WB  WP  UC- WT  
[    0.000134] last_pfn = 0xbffda max_arch_pfn = 0x400000000
[    0.002223] found SMP MP-table at [mem 0x000f54c0-0x000f54cf]
[    0.002234] Using GB pages for direct mapping
[    0.002339] ACPI: Early table checksum verification disabled
[    0.002342] ACPI: RSDP 0x00000000000F52E0 000014 (v00 BOCHS )
[    0.002345] ACPI: RSDT 0x00000000BFFE2379 000034 (v01 BOCHS  BXPC     00000001 BXPC 00000001)
[    0.002349] ACPI: FACP 0x00000000BFFE2225 000074 (v01 BOCHS  BXPC     00000001 BXPC 00000001)
[    0.002352] ACPI: DSDT 0x00000000BFFE0040 0021E5 (v01 BOCHS  BXPC     00000001 BXPC 00000001)
[    0.002354] ACPI: FACS 0x00000000BFFE0000 000040
[    0.002355] ACPI: APIC 0x00000000BFFE2299 000080 (v03 BOCHS  BXPC     00000001 BXPC 00000001)
[    0.002356] ACPI: HPET 0x00000000BFFE2319 000038 (v01 BOCHS  BXPC     00000001 BXPC 00000001)
[    0.002358] ACPI: WAET 0x00000000BFFE2351 000028 (v01 BOCHS  BXPC     00000001 BXPC 00000001)
[    0.002358] ACPI: Reserving FACP table memory at [mem 0xbffe2225-0xbffe2298]
[    0.002359] ACPI: Reserving DSDT table memory at [mem 0xbffe0040-0xbffe2224]
[    0.002360] ACPI: Reserving FACS table memory at [mem 0xbffe0000-0xbffe003f]
[    0.002360] ACPI: Reserving APIC table memory at [mem 0xbffe2299-0xbffe2318]
[    0.002360] ACPI: Reserving HPET table memory at [mem 0xbffe2319-0xbffe2350]
[    0.002361] ACPI: Reserving WAET table memory at [mem 0xbffe2351-0xbffe2378]
[    0.002580] No NUMA configuration found
[    0.002580] Faking a node at [mem 0x0000000000000000-0x000000013fffffff]
[    0.002584] NODE_DATA(0) allocated [mem 0x13ffd5680-0x13fffffff]
[    0.002787] Zone ranges:
[    0.002788]   DMA      [mem 0x0000000000001000-0x0000000000ffffff]
[    0.002789]   DMA32    [mem 0x0000000001000000-0x00000000ffffffff]
[    0.002790]   Normal   [mem 0x0000000100000000-0x000000013fffffff]
[    0.002790]   Device   empty
[    0.002791] Movable zone start for each node
[    0.002792] Early memory node ranges
[    0.002792]   node   0: [mem 0x0000000000001000-0x000000000009efff]
[    0.002793]   node   0: [mem 0x0000000000100000-0x00000000bffd9fff]
[    0.002793]   node   0: [mem 0x0000000100000000-0x000000013fffffff]
[    0.002794] Initmem setup node 0 [mem 0x0000000000001000-0x000000013fffffff]
[    0.002919] On node 0, zone DMA: 1 pages in unavailable ranges
[    0.002926] On node 0, zone DMA: 97 pages in unavailable ranges
[    0.008207] On node 0, zone Normal: 38 pages in unavailable ranges
[    0.008544] ACPI: PM-Timer IO Port: 0x608
[    0.008555] ACPI: LAPIC_NMI (acpi_id[0xff] dfl dfl lint[0x1])
[    0.008581] IOAPIC[0]: apic_id 0, version 17, address 0xfec00000, GSI 0-23
[    0.008583] ACPI: INT_SRC_OVR (bus 0 bus_irq 0 global_irq 2 dfl dfl)
[    0.008585] ACPI: INT_SRC_OVR (bus 0 bus_irq 5 global_irq 5 high level)
[    0.008585] ACPI: INT_SRC_OVR (bus 0 bus_irq 9 global_irq 9 high level)
[    0.008586] ACPI: INT_SRC_OVR (bus 0 bus_irq 10 global_irq 10 high level)
[    0.008587] ACPI: INT_SRC_OVR (bus 0 bus_irq 11 global_irq 11 high level)
[    0.008588] ACPI: Using ACPI (MADT) for SMP configuration information
[    0.008589] ACPI: HPET id: 0x8086a201 base: 0xfed00000
[    0.008592] TSC deadline timer available
[    0.008594] CPU topo: Max. logical packages:   1
[    0.008594] CPU topo: Max. logical dies:       1
[    0.008595] CPU topo: Max. dies per package:   1
[    0.008596] CPU topo: Max. threads per core:   1
[    0.008597] CPU topo: Num. cores per package:     2
[    0.008597] CPU topo: Num. threads per package:   2
[    0.008597] CPU topo: Allowing 2 present CPUs plus 0 hotplug CPUs
[    0.008613] kvm-guest: APIC: eoi() replaced with kvm_guest_apic_eoi_write()
[    0.008624] kvm-guest: KVM setup pv remote TLB flush
[    0.008626] kvm-guest: setup PV sched yield
[    0.008631] PM: hibernation: Registered nosave memory: [mem 0x00000000-0x00000fff]
[    0.008632] PM: hibernation: Registered nosave memory: [mem 0x0009f000-0x000fffff]
[    0.008632] PM: hibernation: Registered nosave memory: [mem 0xbffda000-0xffffffff]
[    0.008633] [mem 0xc0000000-0xfeffbfff] available for PCI devices
[    0.008634] Booting paravirtualized kernel on KVM
[    0.008636] clocksource: refined-jiffies: mask: 0xffffffff max_cycles: 0xffffffff, max_idle_ns: 1910969940391419 ns
[    0.008645] setup_percpu: NR_CPUS:8192 nr_cpumask_bits:2 nr_cpu_ids:2 nr_node_ids:1
[    0.008842] percpu: Embedded 88 pages/cpu s237568 r8192 d114688 u1048576
[    0.008845] pcpu-alloc: s237568 r8192 d114688 u1048576 alloc=1*2097152
[    0.008847] pcpu-alloc: [0] 0 1 
[    0.008868] kvm-guest: PV spinlocks enabled
[    0.008870] PV qspinlock hash table entries: 256 (order: 0, 4096 bytes, linear)
[    0.008872] Kernel command line: console=ttyS0,115200 root=/dev/vda rw rootfstype=ext4 init=/lab-init.sh panic=-1 cgroup_no_v1=all mitigations=off loglevel=4 rcupdate.rcu_cpu_stall_timeout=120 
[    0.008935] random: crng init done
[    0.009306] Dentry cache hash table entries: 524288 (order: 10, 4194304 bytes, linear)
[    0.009494] Inode-cache hash table entries: 262144 (order: 9, 2097152 bytes, linear)
[    0.009536] Fallback order for Node 0: 0 
[    0.009538] Built 1 zonelists, mobility grouping on.  Total pages: 1048440
[    0.009539] Policy zone: Normal
[    0.009545] mem auto-init: stack:all(zero), heap alloc:on, heap free:off
[    0.009550] software IO TLB: area num 2.
[    0.025367] SLUB: HWalign=64, Order=0-3, MinObjects=0, CPUs=2, Nodes=1
[    0.033483] ftrace: allocating 59484 entries in 234 pages
[    0.033486] ftrace: allocated 234 pages with 5 groups
[    0.034258] Dynamic Preempt: voluntary
[    0.034426] rcu: Preemptible hierarchical RCU implementation.
[    0.034427] rcu: 	RCU restricting CPUs from NR_CPUS=8192 to nr_cpu_ids=2.
[    0.034428] 	RCU CPU stall warnings timeout set to 120 (rcu_cpu_stall_timeout).
[    0.034428] 	Trampoline variant of Tasks RCU enabled.
[    0.034428] 	Rude variant of Tasks RCU enabled.
[    0.034429] 	Tracing variant of Tasks RCU enabled.
[    0.034429] rcu: RCU calculated value of scheduler-enlistment delay is 100 jiffies.
[    0.034430] rcu: Adjusting geometry for rcu_fanout_leaf=16, nr_cpu_ids=2
[    0.034437] RCU Tasks: Setting shift to 1 and lim to 1 rcu_task_cb_adjust=1 rcu_task_cpu_ids=2.
[    0.034438] RCU Tasks Rude: Setting shift to 1 and lim to 1 rcu_task_cb_adjust=1 rcu_task_cpu_ids=2.
[    0.034439] RCU Tasks Trace: Setting shift to 1 and lim to 1 rcu_task_cb_adjust=1 rcu_task_cpu_ids=2.
[    0.037345] NR_IRQS: 524544, nr_irqs: 440, preallocated irqs: 16
[    0.037526] rcu: srcu_init: Setting srcu_struct sizes based on contention.
[    0.037533] clocksource: jiffies: mask: 0xffffffff max_cycles: 0xffffffff, max_idle_ns: 1911260446275000 ns
[    0.037643] Console: colour *CGA 80x25
[    0.037677] printk: legacy console [ttyS0] enabled
[    0.037698] ACPI: Core revision 20240827
[    0.037816] clocksource: hpet: mask: 0xffffffff max_cycles: 0xffffffff, max_idle_ns: 19112604467 ns
[    0.037887] APIC: Switch to symmetric I/O mode setup
[    0.037971] x2apic enabled
[    0.038103] APIC: Switched APIC routing to: physical x2apic
[    0.038105] kvm-guest: APIC: send_IPI_mask() replaced with kvm_send_ipi_mask()
[    0.038109] kvm-guest: APIC: send_IPI_mask_allbutself() replaced with kvm_send_ipi_mask_allbutself()
[    0.038110] kvm-guest: setup PV IPIs
[    0.038574] ..TIMER: vector=0x30 apic1=0 pin1=2 apic2=-1 pin2=-1
[    0.038586] clocksource: tsc-early: mask: 0xffffffffffffffff max_cycles: 0x6a464ae9873, max_idle_ns: 881590529744 ns
[line about the CPU removed]
[line about the CPU removed]
[line about the CPU removed]
[line about the CPU removed]
[line about the CPU removed]
[line about the CPU removed]
[line about the CPU removed]
[line about the CPU removed]
[line about the CPU removed]
[line about the CPU removed]
[line about the CPU removed]
[line about the CPU removed]
[line about the CPU removed]
[    0.054143] Freeing SMP alternatives memory: 48K
[    0.054146] pid_max: default: 32768 minimum: 301
[    0.054178] LSM: initializing lsm=lockdown,capability,landlock,yama,apparmor,ima,evm
[    0.054233] landlock: Up and running.
[    0.054234] Yama: becoming mindful.
[    0.054290] AppArmor: AppArmor initialized
[    0.054336] Mount-cache hash table entries: 8192 (order: 4, 65536 bytes, linear)
[    0.054341] Mountpoint-cache hash table entries: 8192 (order: 4, 65536 bytes, linear)
[    0.054429] cgroup: Disabling cpuset control group subsystem in v1 mounts
[    0.054432] cgroup: Disabling cpu control group subsystem in v1 mounts
[    0.054433] cgroup: Disabling cpuacct control group subsystem in v1 mounts
[    0.054435] cgroup: Disabling blkio control group subsystem in v1 mounts
[    0.054447] cgroup: Disabling memory control group subsystem in v1 mounts
[    0.054451] cgroup: Disabling devices control group subsystem in v1 mounts
[    0.054452] cgroup: Disabling freezer control group subsystem in v1 mounts
[    0.054454] cgroup: Disabling net_cls control group subsystem in v1 mounts
[    0.054455] cgroup: Disabling perf_event control group subsystem in v1 mounts
[    0.054456] cgroup: Disabling net_prio control group subsystem in v1 mounts
[    0.054460] cgroup: Disabling hugetlb control group subsystem in v1 mounts
[    0.054461] cgroup: Disabling pids control group subsystem in v1 mounts
[    0.054462] cgroup: Disabling rdma control group subsystem in v1 mounts
[    0.054463] cgroup: Disabling misc control group subsystem in v1 mounts
[line about the CPU removed]
[line about the CPU removed]
[    0.054588] signal: max sigframe size: 3632
[    0.054588] rcu: Hierarchical SRCU implementation.
[    0.054588] rcu: 	Max phase no-delay instances is 400.
[    0.054588] Timer migration: 1 hierarchy levels; 8 children per group; 1 crossnode level
[    0.054588] NMI watchdog: Perf NMI watchdog permanently disabled
[    0.054588] smp: Bringing up secondary CPUs ...
[    0.054588] smpboot: x86: Booting SMP configuration:
[    0.054588] .... node  #0, CPUs:      #1
[    0.054633] smp: Brought up 1 node, 2 CPUs
[line about the CPU removed]
[    0.054808] Memory: 3993956K/4193760K available (22528K kernel code, 4648K rwdata, 15036K rodata, 5000K init, 4488K bss, 192832K reserved, 0K cma-reserved)
[    0.054994] devtmpfs: initialized
[    0.054994] x86/mm: Memory block size: 128MB
[    0.055635] futex hash table entries: 512 (order: 3, 32768 bytes, linear)
[    0.055665] pinctrl core: initialized pinctrl subsystem
[    0.055770] PM: RTC time: 17:40:24, date: 2026-10-07
[    0.056182] NET: Registered PF_NETLINK/PF_ROUTE protocol family
[    0.056255] DMA: preallocated 512 KiB GFP_KERNEL pool for atomic allocations
[    0.056295] DMA: preallocated 512 KiB GFP_KERNEL|GFP_DMA pool for atomic allocations
[    0.056335] DMA: preallocated 512 KiB GFP_KERNEL|GFP_DMA32 pool for atomic allocations
[    0.056342] audit: initializing netlink subsys (disabled)
[    0.056353] audit: type=2000 audit(1791394824.927:1): state=initialized audit_enabled=0 res=1
[    0.056353] thermal_sys: Registered thermal governor 'fair_share'
[    0.056353] thermal_sys: Registered thermal governor 'bang_bang'
[    0.056353] thermal_sys: Registered thermal governor 'step_wise'
[    0.056353] thermal_sys: Registered thermal governor 'user_space'
[    0.056353] thermal_sys: Registered thermal governor 'power_allocator'
[    0.056353] cpuidle: using governor ladder
[    0.056353] cpuidle: using governor menu
[    0.056353] acpiphp: ACPI Hot Plug PCI Controller Driver version: 0.5
[    0.056621] PCI: Using configuration type 1 for base access
[    0.056676] kprobes: kprobe jump-optimization is enabled. All kprobes are optimized if possible.
[    0.056687] HugeTLB: registered 1.00 GiB page size, pre-allocated 0 pages
[    0.056687] HugeTLB: 16380 KiB vmemmap can be freed for a 1.00 GiB page
[    0.056687] HugeTLB: registered 2.00 MiB page size, pre-allocated 0 pages
[    0.056687] HugeTLB: 28 KiB vmemmap can be freed for a 2.00 MiB page
[    0.064660] ACPI: Added _OSI(Module Device)
[    0.064661] ACPI: Added _OSI(Processor Device)
[    0.064661] ACPI: Added _OSI(Processor Aggregator Device)
[    0.065112] ACPI: 1 ACPI AML tables successfully acquired and loaded
[    0.065673] ACPI: Interpreter enabled
[    0.065681] ACPI: PM: (supports S0 S3 S4 S5)
[    0.065682] ACPI: Using IOAPIC for interrupt routing
[    0.065747] PCI: Using host bridge windows from ACPI; if necessary, use "pci=nocrs" and report a bug
[    0.065748] PCI: Ignoring E820 reservations for host bridge windows
[    0.065795] ACPI: Enabled 2 GPEs in block 00 to 0F
[    0.066912] ACPI: PCI Root Bridge [PCI0] (domain 0000 [bus 00-ff])
[    0.066917] acpi PNP0A03:00: _OSC: OS supports [ASPM ClockPM Segments MSI EDR HPX-Type3]
[    0.066918] acpi PNP0A03:00: _OSC: not requesting OS control; OS requires [ExtendedConfig ASPM ClockPM MSI]
[    0.066923] acpi PNP0A03:00: fail to add MMCONFIG information, can't access extended configuration space under this bridge
[    0.067101] acpiphp: Slot [2] registered
[    0.067112] acpiphp: Slot [3] registered
[    0.067121] acpiphp: Slot [4] registered
[    0.067132] acpiphp: Slot [16] registered
[    0.067142] acpiphp: Slot [5] registered
[    0.067152] acpiphp: Slot [6] registered
[    0.067162] acpiphp: Slot [7] registered
[    0.067171] acpiphp: Slot [8] registered
[    0.067181] acpiphp: Slot [9] registered
[    0.067191] acpiphp: Slot [10] registered
[    0.067201] acpiphp: Slot [11] registered
[    0.067211] acpiphp: Slot [12] registered
[    0.067220] acpiphp: Slot [13] registered
[    0.067230] acpiphp: Slot [14] registered
[    0.067240] acpiphp: Slot [15] registered
[    0.067249] acpiphp: Slot [17] registered
[    0.067259] acpiphp: Slot [18] registered
[    0.067269] acpiphp: Slot [19] registered
[    0.067279] acpiphp: Slot [20] registered
[    0.067290] acpiphp: Slot [21] registered
[    0.067300] acpiphp: Slot [22] registered
[    0.067309] acpiphp: Slot [23] registered
[    0.067319] acpiphp: Slot [24] registered
[    0.067329] acpiphp: Slot [25] registered
[    0.067339] acpiphp: Slot [26] registered
[    0.067349] acpiphp: Slot [27] registered
[    0.067358] acpiphp: Slot [28] registered
[    0.067368] acpiphp: Slot [29] registered
[    0.067378] acpiphp: Slot [30] registered
[    0.067388] acpiphp: Slot [31] registered
[    0.067397] PCI host bridge to bus 0000:00
[    0.067399] pci_bus 0000:00: root bus resource [io  0x0000-0x0cf7 window]
[    0.067400] pci_bus 0000:00: root bus resource [io  0x0d00-0xffff window]
[    0.067401] pci_bus 0000:00: root bus resource [mem 0x000a0000-0x000bffff window]
[    0.067402] pci_bus 0000:00: root bus resource [mem 0xc0000000-0xfebfffff window]
[    0.067402] pci_bus 0000:00: root bus resource [mem 0xe0000000000-0xe007fffffff window]
[    0.067403] pci_bus 0000:00: root bus resource [bus 00-ff]
[    0.067436] pci 0000:00:00.0: [8086:1237] type 00 class 0x060000 conventional PCI endpoint
[    0.067789] pci 0000:00:01.0: [8086:7000] type 00 class 0x060100 conventional PCI endpoint
[    0.068252] pci 0000:00:01.1: [8086:7010] type 00 class 0x010180 conventional PCI endpoint
[    0.069591] pci 0000:00:01.1: BAR 4 [io  0xc180-0xc18f]
[    0.070154] pci 0000:00:01.1: BAR 0 [io  0x01f0-0x01f7]: legacy IDE quirk
[    0.070156] pci 0000:00:01.1: BAR 1 [io  0x03f6]: legacy IDE quirk
[    0.070156] pci 0000:00:01.1: BAR 2 [io  0x0170-0x0177]: legacy IDE quirk
[    0.070157] pci 0000:00:01.1: BAR 3 [io  0x0376]: legacy IDE quirk
[    0.070271] pci 0000:00:01.3: [8086:7113] type 00 class 0x068000 conventional PCI endpoint
[    0.070597] pci 0000:00:01.3: quirk: [io  0x0600-0x063f] claimed by PIIX4 ACPI
[    0.070604] pci 0000:00:01.3: quirk: [io  0x0700-0x070f] claimed by PIIX4 SMB
[    0.070818] pci 0000:00:02.0: [1af4:1009] type 00 class 0x000200 conventional PCI endpoint
[    0.071587] pci 0000:00:02.0: BAR 0 [io  0xc100-0xc13f]
[    0.072365] pci 0000:00:02.0: BAR 1 [mem 0xfebfc000-0xfebfcfff]
[    0.074364] pci 0000:00:02.0: BAR 4 [mem 0xe0000000000-0xe0000003fff 64bit pref]
[    0.076397] pci 0000:00:03.0: [1af4:1009] type 00 class 0x000200 conventional PCI endpoint
[    0.076929] pci 0000:00:03.0: BAR 0 [io  0xc140-0xc17f]
[    0.077500] pci 0000:00:03.0: BAR 1 [mem 0xfebfd000-0xfebfdfff]
[    0.078898] pci 0000:00:03.0: BAR 4 [mem 0xe0000004000-0xe0000007fff 64bit pref]
[    0.080165] pci 0000:00:04.0: [1af4:1001] type 00 class 0x010000 conventional PCI endpoint
[    0.080900] pci 0000:00:04.0: BAR 0 [io  0xc000-0xc07f]
[    0.081899] pci 0000:00:04.0: BAR 1 [mem 0xfebfe000-0xfebfefff]
[    0.085591] pci 0000:00:04.0: BAR 4 [mem 0xe0000008000-0xe000000bfff 64bit pref]
[    0.089760] pci 0000:00:10.0: [1af4:1001] type 00 class 0x010000 conventional PCI endpoint
[    0.090589] pci 0000:00:10.0: BAR 0 [io  0xc080-0xc0ff]
[    0.091955] pci 0000:00:10.0: BAR 1 [mem 0xfebff000-0xfebfffff]
[    0.094928] pci 0000:00:10.0: BAR 4 [mem 0xe000000c000-0xe000000ffff 64bit pref]
[    0.100186] ACPI: PCI: Interrupt link LNKA configured for IRQ 10
[    0.100250] ACPI: PCI: Interrupt link LNKB configured for IRQ 10
[    0.100301] ACPI: PCI: Interrupt link LNKC configured for IRQ 11
[    0.100351] ACPI: PCI: Interrupt link LNKD configured for IRQ 11
[    0.100378] ACPI: PCI: Interrupt link LNKS configured for IRQ 9
[    0.100593] iommu: Default domain type: Translated
[    0.100596] iommu: DMA domain TLB invalidation policy: lazy mode
[    0.100774] SCSI subsystem initialized
[    0.100782] libata version 3.00 loaded.
[    0.100782] ACPI: bus type USB registered
[    0.100782] usbcore: registered new interface driver usbfs
[    0.100782] usbcore: registered new interface driver hub
[    0.100782] usbcore: registered new device driver usb
[    0.100782] pps_core: LinuxPPS API ver. 1 registered
[    0.100782] pps_core: Software ver. 5.3.6 - Copyright 2005-2007 Rodolfo Giometti <giometti@linux.it>
[    0.100782] PTP clock support registered
[    0.100782] EDAC MC: Ver: 3.0.0
[    0.100782] NetLabel: Initializing
[    0.100782] NetLabel:  domain hash size = 128
[    0.100782] NetLabel:  protocols = UNLABELED CIPSOv4 CALIPSO
[    0.100782] NetLabel:  unlabeled traffic allowed by default
[    0.100782] mctp: management component transport protocol core
[    0.100782] NET: Registered PF_MCTP protocol family
[    0.100782] PCI: Using ACPI for IRQ routing
[    0.100782] PCI: pci_cache_line_size set to 64 bytes
[    0.100782] e820: reserve RAM buffer [mem 0x0009fc00-0x0009ffff]
[    0.100782] e820: reserve RAM buffer [mem 0xbffda000-0xbfffffff]
[    0.100782] vgaarb: loaded
[    0.100782] hpet0: at MMIO 0xfed00000, IRQs 2, 8, 0
[line about the CPU removed]
[    0.105611] clocksource: Switched to clocksource kvm-clock
[    0.105948] VFS: Disk quotas dquot_6.6.0
[    0.105956] VFS: Dquot-cache hash table entries: 512 (order 0, 4096 bytes)
[    0.106028] AppArmor: AppArmor Filesystem Enabled
[    0.106035] pnp: PnP ACPI init
[    0.106074] pnp 00:02: [dma 2]
[    0.106185] pnp: PnP ACPI: found 5 devices
[    0.111763] clocksource: acpi_pm: mask: 0xffffff max_cycles: 0xffffff, max_idle_ns: 2085701024 ns
[    0.111811] NET: Registered PF_INET protocol family
[    0.111858] IP idents hash table entries: 65536 (order: 7, 524288 bytes, linear)
[    0.120381] tcp_listen_portaddr_hash hash table entries: 2048 (order: 3, 32768 bytes, linear)
[    0.120401] Table-perturb hash table entries: 65536 (order: 6, 262144 bytes, linear)
[    0.120432] TCP established hash table entries: 32768 (order: 6, 262144 bytes, linear)
[    0.120492] TCP bind hash table entries: 32768 (order: 8, 1048576 bytes, linear)
[    0.120516] TCP: Hash tables configured (established 32768 bind 32768)
[    0.120559] MPTCP token hash table entries: 4096 (order: 5, 98304 bytes, linear)
[    0.120572] UDP hash table entries: 2048 (order: 4, 65536 bytes, linear)
[    0.120580] UDP-Lite hash table entries: 2048 (order: 4, 65536 bytes, linear)
[    0.120614] NET: Registered PF_UNIX/PF_LOCAL protocol family
[    0.120620] NET: Registered PF_XDP protocol family
[    0.120628] pci_bus 0000:00: resource 4 [io  0x0000-0x0cf7 window]
[    0.120631] pci_bus 0000:00: resource 5 [io  0x0d00-0xffff window]
[    0.120632] pci_bus 0000:00: resource 6 [mem 0x000a0000-0x000bffff window]
[    0.120634] pci_bus 0000:00: resource 7 [mem 0xc0000000-0xfebfffff window]
[    0.120635] pci_bus 0000:00: resource 8 [mem 0xe0000000000-0xe007fffffff window]
[    0.120701] pci 0000:00:01.0: PIIX3: Enabling Passive Release
[    0.120717] pci 0000:00:00.0: Limiting direct PCI/PCI transfers
[    0.120812] PCI: CLS 0 bytes, default 64
[    0.120875] PCI-DMA: Using software bounce buffering for IO (SWIOTLB)
[    0.120877] software IO TLB: mapped [mem 0x00000000bbfda000-0x00000000bffda000] (64MB)
[line about the CPU removed]
[    0.128658] Initialise system trusted keyrings
[    0.128671] Key type blacklist registered
[    0.128719] workingset: timestamp_bits=36 max_order=20 bucket_order=0
[    0.128724] zbud: loaded
[    0.128973] squashfs: version 4.0 (2009/01/31) Phillip Lougher
[    0.129064] fuse: init (API version 7.41)
[    0.129159] integrity: Platform Keyring initialized
[    0.129162] integrity: Machine keyring initialized
[    0.134389] Key type asymmetric registered
[    0.134390] Asymmetric key parser 'x509' registered
[    0.134405] Block layer SCSI generic (bsg) driver version 0.4 loaded (major 243)
[    0.134454] io scheduler mq-deadline registered
[    0.134528] ledtrig-cpu: registered to indicate activity on CPUs
[    0.134548] shpchp: Standard Hot Plug PCI Controller Driver version: 0.4
[    0.134615] input: Power Button as /devices/LNXSYSTM:00/LNXPWRBN:00/input/input0
[    0.134672] ACPI: button: Power Button [PWRF]
[    0.135392] ACPI: \_SB_.LNKB: Enabled at IRQ 10
[    0.137135] ACPI: \_SB_.LNKC: Enabled at IRQ 11
[    0.138700] ACPI: \_SB_.LNKD: Enabled at IRQ 11
[    0.141271] Serial: 8250/16550 driver, 32 ports, IRQ sharing enabled
[    0.164360] 00:03: ttyS0 at I/O 0x3f8 (irq = 4, base_baud = 115200) is a 16550A
[    0.165802] Linux agpgart interface v0.103
[    0.165898] ACPI: bus type drm_connector registered
[    0.167076] loop: module loaded
[    0.167230] virtio_blk virtio2: 2/0/0 default/read/poll queues
[    0.168286] virtio_blk virtio2: [vda] 16777216 512-byte logical blocks (8.59 GB/8.00 GiB)
[    0.171004] virtio_blk virtio3: 2/0/0 default/read/poll queues
[    0.172006] virtio_blk virtio3: [vdb] 2097152 512-byte logical blocks (1.07 GB/1.00 GiB)
[    0.172840] ata_piix 0000:00:01.1: version 2.13
[    0.173448] scsi host0: ata_piix
[    0.173542] scsi host1: ata_piix
[    0.173557] ata1: PATA max MWDMA2 cmd 0x1f0 ctl 0x3f6 bmdma 0xc180 irq 14 lpm-pol 0
[    0.173559] ata2: PATA max MWDMA2 cmd 0x170 ctl 0x376 bmdma 0xc188 irq 15 lpm-pol 0
[    0.173816] tun: Universal TUN/TAP device driver, 1.6
[    0.174179] PPP generic driver version 2.4.2
[    0.174276] i8042: PNP: PS/2 Controller [PNP0303:KBD,PNP0f13:MOU] at 0x60,0x64 irq 1,12
[    0.175014] serio: i8042 KBD port at 0x60,0x64 irq 1
[    0.175021] serio: i8042 AUX port at 0x60,0x64 irq 12
[    0.175117] mousedev: PS/2 mouse device common for all mice
[    0.175378] input: AT Translated Set 2 keyboard as /devices/platform/i8042/serio0/input/input1
[    0.175565] rtc_cmos 00:04: RTC can wake from S4
[    0.176026] rtc_cmos 00:04: registered as rtc0
[    0.176110] rtc_cmos 00:04: setting system clock to 2026-10-07T17:40:24 UTC (1791394824)
[    0.176179] rtc_cmos 00:04: alarms up to one day, y3k, 242 bytes nvram
[    0.176187] i2c_dev: i2c /dev entries driver
[    0.176201] device-mapper: core: CONFIG_IMA_DISABLE_HTABLE is disabled. Duplicate IMA measurements will not be recorded in the IMA log.
[    0.176212] device-mapper: uevent: version 1.0.3
[    0.176251] device-mapper: ioctl: 4.48.0-ioctl (2023-03-01) initialised: dm-devel@lists.linux.dev
[line about the CPU removed]
[    0.176282] drop_monitor: Initializing network drop monitor service
[    0.176354] NET: Registered PF_INET6 protocol family
[    0.176726] Segment Routing with IPv6
[    0.176733] In-situ OAM (IOAM) with IPv6
[    0.176744] NET: Registered PF_PACKET protocol family
[    0.176767] Key type dns_resolver registered
[    0.176915] IPI shorthand broadcast: enabled
[    0.177841] sched_clock: Marking stable (177002042, 55212)->(193147199, -16089945)
[    0.177928] registered taskstats version 1
[    0.178027] Loading compiled-in X.509 certificates
[    0.178320] Loaded X.509 cert 'Build time autogenerated kernel key: 2a7b6e2e0d8b07c460a822aada189ba6a91786d4'
[    0.178532] Loaded X.509 cert 'Canonical Ltd. Live Patch Signing 2025 Kmod: d541cef61dc7e793b7eb7e899970a2eef0b5dc8c'
[    0.178748] Loaded X.509 cert 'Canonical Ltd. Live Patch Signing: 14df34d1a87cf37625abec039ef2bf521249b969'
[    0.178957] Loaded X.509 cert 'Canonical Ltd. Kernel Module Signing: 88f752e560a1e0737e31163a466ad7b70a850c19'
[    0.178958] blacklist: Loading compiled-in revocation X.509 certificates
[    0.178967] Loaded X.509 cert 'Canonical Ltd. Secure Boot Signing: 61482aa2830d0ab2ad5af10b7250da9033ddcef0'
[    0.178976] Loaded X.509 cert 'Canonical Ltd. Secure Boot Signing (2017): 242ade75ac4a15e50d50c84b0d45ff3eae707a03'
[    0.178983] Loaded X.509 cert 'Canonical Ltd. Secure Boot Signing (ESM 2018): 365188c1d374d6b07c3c8f240f8ef722433d6a8b'
[    0.178989] Loaded X.509 cert 'Canonical Ltd. Secure Boot Signing (2019): c0746fd6c5da3ae827864651ad66ae47fe24b3e8'
[    0.178995] Loaded X.509 cert 'Canonical Ltd. Secure Boot Signing (2021 v1): a8d54bbb3825cfb94fa13c9f8a594a195c107b8d'
[    0.179001] Loaded X.509 cert 'Canonical Ltd. Secure Boot Signing (2021 v2): 4cf046892d6fd3c9a5b03f98d845f90851dc6a8c'
[    0.179007] Loaded X.509 cert 'Canonical Ltd. Secure Boot Signing (2021 v3): 100437bb6de6e469b581e61cd66bce3ef4ed53af'
[    0.179013] Loaded X.509 cert 'Canonical Ltd. Secure Boot Signing (Ubuntu Core 2019): c1d57b8f6b743f23ee41f4f7ee292f06eecadfb9'
[    0.180790] Demotion targets for Node 0: null
[    0.180833] Key type .fscrypt registered
[    0.180834] Key type fscrypt-provisioning registered
[    0.181235] Key type encrypted registered
[    0.181237] AppArmor: AppArmor sha256 policy hashing enabled
[    0.181243] ima: No TPM chip found, activating TPM-bypass!
[    0.181247] Loading compiled-in module X.509 certificates
[    0.181530] Loaded X.509 cert 'Build time autogenerated kernel key: 2a7b6e2e0d8b07c460a822aada189ba6a91786d4'
[    0.181531] ima: Allocated hash algorithm: sha256
[    0.181540] ima: No architecture policies found
[    0.181548] evm: Initialising EVM extended attributes:
[    0.181549] evm: security.selinux
[    0.181550] evm: security.SMACK64
[    0.181550] evm: security.SMACK64EXEC
[    0.181551] evm: security.SMACK64TRANSMUTE
[    0.181551] evm: security.SMACK64MMAP
[    0.181552] evm: security.apparmor
[    0.181552] evm: security.ima
[    0.181553] evm: security.capability
[    0.181554] evm: HMAC attrs: 0x1
[    0.181762] PM:   Magic number: 14:486:693
[    0.182416] RAS: Correctable Errors collector initialized.
[    0.184435] clk: Disabling unused clocks
[    0.184436] PM: genpd: Disabling unused power domains
[    0.326887] md: Waiting for all devices to be available before autodetect
[    0.326896] md: If you don't use raid, use raid=noautodetect
[    0.326898] md: Autodetecting RAID arrays.
[    0.326899] md: autorun ...
[    0.326899] md: ... autorun DONE.
[    0.341364] EXT4-fs (vda): mounted filesystem cff9cbb1-45e6-4c4e-a1a3-0150c43eba20 r/w with ordered data mode. Quota mode: none.
[    0.341376] VFS: Mounted root (ext4 filesystem) on device 253:0.
[    0.341478] devtmpfs: mounted
[    0.346188] Freeing unused decrypted memory: 2028K
[    0.346723] Freeing unused kernel image (initmem) memory: 5000K
[    0.346742] Write protecting the kernel read-only data: 38912k
[    0.347017] Freeing unused kernel image (rodata/data gap) memory: 1348K
[    0.351583] x86/mm: Checked W+X mappings: passed, no W+X pages found.
[    0.351588] Run /lab-init.sh as init process
[    0.351589]   with arguments:
[    0.351589]     /lab-init.sh
[    0.351590]   with environment:
[    0.351590]     HOME=/
[    0.351591]     TERM=linux
[    0.373257] EXT4-fs (vda): re-mounted cff9cbb1-45e6-4c4e-a1a3-0150c43eba20.
[    0.397677] netfs: FS-Cache loaded
[    0.399815] 9pnet: Installing 9P2000 support
[    0.404872] 9p: Installing v9fs 9p2000 file system support
[    0.407314] null_blk: disk nullb0 created
[    0.407320] null_blk: module loaded
[    0.613712] loop0: detected capacity change from 0 to 524288
[    0.645739] null_blk: module loaded
[    0.647773] null_blk: disk iostats created
