fs: (g=0): rw=write, bs=(R) 4096B-4096B, (W) 4096B-4096B, (T) 4096B-4096B, ioengine=psync, iodepth=1
fio-3.36
Starting 1 process

fs: (groupid=0, jobs=1): err= 0: pid=455: Wed Oct  7 17:40:53 2026
  write: IOPS=10.7k, BW=41.7MiB/s (43.7MB/s)(128KiB/3msec); 0 zone resets
    clat (usec): min=26, max=191, avg=34.66, stdev=28.86
     lat (usec): min=27, max=193, avg=34.95, stdev=29.16
    clat percentiles (usec):
     |  1.00th=[   27],  5.00th=[   28], 10.00th=[   28], 20.00th=[   28],
     | 30.00th=[   28], 40.00th=[   28], 50.00th=[   29], 60.00th=[   29],
     | 70.00th=[   29], 80.00th=[   31], 90.00th=[   37], 95.00th=[   45],
     | 99.00th=[  192], 99.50th=[  192], 99.90th=[  192], 99.95th=[  192],
     | 99.99th=[  192]
  lat (usec)   : 50=96.88%, 250=3.12%
  fsync/fdatasync/sync_file_range:
    sync (nsec): min=29329, max=86909, avg=33512.23, stdev=11223.97
    sync percentiles (nsec):
     |  1.00th=[29312],  5.00th=[29568], 10.00th=[29568], 20.00th=[29568],
     | 30.00th=[29824], 40.00th=[29824], 50.00th=[30080], 60.00th=[30336],
     | 70.00th=[30592], 80.00th=[31872], 90.00th=[34048], 95.00th=[54016],
     | 99.00th=[86528], 99.50th=[86528], 99.90th=[86528], 99.95th=[86528],
     | 99.99th=[86528]
  cpu          : usr=0.00%, sys=50.00%, ctx=93, majf=0, minf=11
  IO depths    : 1=196.9%, 2=0.0%, 4=0.0%, 8=0.0%, 16=0.0%, 32=0.0%, >=64=0.0%
     submit    : 0=0.0%, 4=100.0%, 8=0.0%, 16=0.0%, 32=0.0%, 64=0.0%, >=64=0.0%
     complete  : 0=0.0%, 4=100.0%, 8=0.0%, 16=0.0%, 32=0.0%, 64=0.0%, >=64=0.0%
     issued rwts: total=0,32,0,31 short=0,0,0,0 dropped=0,0,0,0
     latency   : target=0, window=0, percentile=100.00%, depth=1

Run status group 0 (all jobs):
  WRITE: bw=41.7MiB/s (43.7MB/s), 41.7MiB/s-41.7MiB/s (43.7MB/s-43.7MB/s), io=128KiB (131kB), run=3-3msec

Disk stats (read/write):
  loop0: ios=0/0, sectors=0/0, merge=0/0, ticks=0/0, in_queue=0, util=0.00%
