fs: (g=0): rw=write, bs=(R) 4096B-4096B, (W) 4096B-4096B, (T) 4096B-4096B, ioengine=psync, iodepth=1
fio-3.36
Starting 1 process

fs: (groupid=0, jobs=1): err= 0: pid=414: Wed Oct  7 17:40:39 2026
  write: IOPS=32.0k, BW=125MiB/s (131MB/s)(128KiB/1msec); 0 zone resets
    clat (nsec): min=6819, max=66983, avg=9004.53, stdev=10588.19
     lat (nsec): min=6843, max=67417, avg=9048.38, stdev=10659.65
    clat percentiles (nsec):
     |  1.00th=[ 6816],  5.00th=[ 6816], 10.00th=[ 6880], 20.00th=[ 6944],
     | 30.00th=[ 7008], 40.00th=[ 7008], 50.00th=[ 7008], 60.00th=[ 7072],
     | 70.00th=[ 7200], 80.00th=[ 7200], 90.00th=[ 7264], 95.00th=[ 9280],
     | 99.00th=[67072], 99.50th=[67072], 99.90th=[67072], 99.95th=[67072],
     | 99.99th=[67072]
  lat (usec)   : 10=96.88%, 100=3.12%
  fsync/fdatasync/sync_file_range:
    sync (nsec): min=6718, max=27537, avg=7673.39, stdev=3698.58
    sync percentiles (nsec):
     |  1.00th=[ 6688],  5.00th=[ 6752], 10.00th=[ 6816], 20.00th=[ 6880],
     | 30.00th=[ 6880], 40.00th=[ 6880], 50.00th=[ 6944], 60.00th=[ 7008],
     | 70.00th=[ 7008], 80.00th=[ 7072], 90.00th=[ 7200], 95.00th=[ 8512],
     | 99.00th=[27520], 99.50th=[27520], 99.90th=[27520], 99.95th=[27520],
     | 99.99th=[27520]
  cpu          : usr=0.00%, sys=0.00%, ctx=85, majf=0, minf=15
  IO depths    : 1=196.9%, 2=0.0%, 4=0.0%, 8=0.0%, 16=0.0%, 32=0.0%, >=64=0.0%
     submit    : 0=0.0%, 4=100.0%, 8=0.0%, 16=0.0%, 32=0.0%, 64=0.0%, >=64=0.0%
     complete  : 0=0.0%, 4=100.0%, 8=0.0%, 16=0.0%, 32=0.0%, 64=0.0%, >=64=0.0%
     issued rwts: total=0,32,0,31 short=0,0,0,0 dropped=0,0,0,0
     latency   : target=0, window=0, percentile=100.00%, depth=1

Run status group 0 (all jobs):
  WRITE: bw=125MiB/s (131MB/s), 125MiB/s-125MiB/s (131MB/s-131MB/s), io=128KiB (131kB), run=1-1msec

Disk stats (read/write):
  loop0: ios=0/0, sectors=0/0, merge=0/0, ticks=0/0, in_queue=0, util=0.00%
