fs: (g=0): rw=write, bs=(R) 4096B-4096B, (W) 4096B-4096B, (T) 4096B-4096B, ioengine=psync, iodepth=1
fio-3.36
Starting 1 process

fs: (groupid=0, jobs=1): err= 0: pid=364: Wed Oct  7 17:40:31 2026
  write: IOPS=16.0k, BW=62.5MiB/s (65.5MB/s)(128KiB/2msec); 0 zone resets
    clat (usec): min=7, max=108, avg=13.42, stdev=18.88
     lat (usec): min=7, max=108, avg=13.50, stdev=18.98
    clat percentiles (usec):
     |  1.00th=[    8],  5.00th=[    8], 10.00th=[    8], 20.00th=[    8],
     | 30.00th=[    8], 40.00th=[    8], 50.00th=[    8], 60.00th=[    8],
     | 70.00th=[    8], 80.00th=[   15], 90.00th=[   15], 95.00th=[   49],
     | 99.00th=[  109], 99.50th=[  109], 99.90th=[  109], 99.95th=[  109],
     | 99.99th=[  109]
  lat (usec)   : 10=75.00%, 20=18.75%, 50=3.12%, 250=3.12%
  fsync/fdatasync/sync_file_range:
    sync (usec): min=7, max=772, avg=33.91, stdev=137.17
    sync percentiles (usec):
     |  1.00th=[    8],  5.00th=[    8], 10.00th=[    8], 20.00th=[    8],
     | 30.00th=[    8], 40.00th=[    8], 50.00th=[    8], 60.00th=[    8],
     | 70.00th=[    8], 80.00th=[   15], 90.00th=[   16], 95.00th=[   28],
     | 99.00th=[  775], 99.50th=[  775], 99.90th=[  775], 99.95th=[  775],
     | 99.99th=[  775]
  cpu          : usr=0.00%, sys=0.00%, ctx=94, majf=0, minf=14
  IO depths    : 1=196.9%, 2=0.0%, 4=0.0%, 8=0.0%, 16=0.0%, 32=0.0%, >=64=0.0%
     submit    : 0=0.0%, 4=100.0%, 8=0.0%, 16=0.0%, 32=0.0%, 64=0.0%, >=64=0.0%
     complete  : 0=0.0%, 4=100.0%, 8=0.0%, 16=0.0%, 32=0.0%, 64=0.0%, >=64=0.0%
     issued rwts: total=0,32,0,31 short=0,0,0,0 dropped=0,0,0,0
     latency   : target=0, window=0, percentile=100.00%, depth=1

Run status group 0 (all jobs):
  WRITE: bw=62.5MiB/s (65.5MB/s), 62.5MiB/s-62.5MiB/s (65.5MB/s-65.5MB/s), io=128KiB (131kB), run=2-2msec

Disk stats (read/write):
  loop0: ios=0/0, sectors=0/0, merge=0/0, ticks=0/0, in_queue=0, util=0.00%
