time=2026-10-07T17:40:24.989Z level=INFO msg="OpenTelemetry eBPF Instrumentation" Version=unset Revision=unset "OpenTelemetry SDK Version"=1.46.0
time=2026-10-07T17:40:24.990Z level=INFO msg="configuration loaded" version=v1
time=2026-10-07T17:40:24.992Z level=DEBUG msg="kubeconfig can't be detected. Assuming we are not in Kubernetes" component=kube.MetadataProvider error="can't access kubernetes. Tried using config from: config parameter, KUBECONFIG env, homedir and InClusterConfig. Got: unable to load in-cluster configuration, KUBERNETES_SERVICE_HOST and KUBERNETES_SERVICE_PORT must be defined"
time=2026-10-07T17:40:24.992Z level=DEBUG msg="fetched node metadata" component=meta.NodeMeta fetcher=0 hostID=37550ce7a780481d872cf5f91b22ba5b
time=2026-10-07T17:40:26.993Z level=WARN msg="timed out while waiting for Cloud metadata. Ignoring" component=meta.NodeMeta.otelNodeFetcher detector=ec2.resourceDetector
time=2026-10-07T17:40:26.993Z level=DEBUG msg="not reporting internal metrics"
time=2026-10-07T17:40:26.994Z level=DEBUG msg="failed to get docker info" component=docker.ContainerStore error="failed to connect to the docker API at unix:///var/run/docker.sock; check if the path is correct and if the daemon is running: dial unix /var/run/docker.sock: connect: no such file or directory"
time=2026-10-07T17:40:26.995Z level=DEBUG msg="failed to get docker info" component=docker.ContainerStore error="failed to connect to the docker API at unix:///var/run/docker.sock; check if the path is correct and if the daemon is running: dial unix /var/run/docker.sock: connect: no such file or directory"
time=2026-10-07T17:40:26.995Z level=INFO msg="starting OBI in Stat metrics mode"
time=2026-10-07T17:40:26.996Z level=INFO msg="initializing Stats agent" component=agent.StatsO11y
time=2026-10-07T17:40:26.996Z level=DEBUG msg="acquiring Agent IP" component=agent.StatsO11y
time=2026-10-07T17:40:26.996Z level=DEBUG msg="agent IP: 10.0.2.15" component=agent.StatsO11y
time=2026-10-07T17:40:26.996Z level=DEBUG msg="failed to get docker info" component=docker.ContainerStore error="failed to connect to the docker API at unix:///var/run/docker.sock; check if the path is correct and if the daemon is running: dial unix /var/run/docker.sock: connect: no such file or directory"
time=2026-10-07T17:40:26.996Z level=WARN msg="a storage latency histogram is reported per pod or container: each pod adds a series per bucket. The operations and time counters give the mean latency per pod at one series each" component=agent.StatsO11y histogram=obi.stat.disk.operation.duration attributes=[container.id]
time=2026-10-07T17:40:26.996Z level=WARN msg="a storage latency histogram is reported per pod or container: each pod adds a series per bucket. The operations and time counters give the mean latency per pod at one series each" component=agent.StatsO11y histogram=obi.stat.disk.queue.duration attributes=[container.id]
time=2026-10-07T17:40:27.054Z level=INFO msg="the probes of the enabled storage metrics are loaded" component=agent.StatsO11y
time=2026-10-07T17:40:27.055Z level=INFO msg="starting Stats agent" component=agent.StatsO11y
time=2026-10-07T17:40:27.055Z level=DEBUG msg="creating stats processing graph" component=agent.StatsO11y
time=2026-10-07T17:40:27.055Z level=DEBUG msg="registering stat disk operation duration metric" component=prom.StatsEndpoint
time=2026-10-07T17:40:27.056Z level=DEBUG msg="registering Prometheus metrics collectors" component=connector.PrometheusManager len=10 port=9400 path=/metrics
time=2026-10-07T17:40:27.056Z level=INFO msg="Stats agent successfully started" component=agent.StatsO11y
time=2026-10-07T17:40:27.056Z level=DEBUG msg="start reading and forwarding" component=stat.RingBufTracer
time=2026-10-07T17:40:27.056Z level=INFO msg="opening prometheus scrape endpoint" component=connector.PrometheusManager port=9400 path=/metrics
time=2026-10-07T17:40:27.057Z level=DEBUG msg="starting to read ring buffer" component=stat.RingBufTracer
time=2026-10-07T17:40:27.998Z level=DEBUG msg="failed to get docker info" component=docker.ContainerStore error="failed to connect to the docker API at unix:///var/run/docker.sock; check if the path is correct and if the daemon is running: dial unix /var/run/docker.sock: connect: no such file or directory"
time=2026-10-07T17:40:28.010Z level=DEBUG msg="received metrics request" component=connector.PrometheusManager uri=/metrics remoteAddr=[::1]:47392
time=2026-10-07T17:40:28.058Z level=DEBUG msg="storing new metric label set" component=prom.Expirer labelValues="[read false vda]"
time=2026-10-07T17:40:28.059Z level=DEBUG msg="storing new metric label set" component=prom.Expirer labelValues="[ read   false 10.0.2.15 vda]"
time=2026-10-07T17:40:28.059Z level=DEBUG msg="storing new metric label set" component=prom.Expirer labelValues="[ read  false 10.0.2.15 vda]"
time=2026-10-07T17:40:28.060Z level=DEBUG msg="storing new metric label set" component=prom.Expirer labelValues="[read false vda]"
time=2026-10-07T17:40:28.999Z level=DEBUG msg="failed to get docker info" component=docker.ContainerStore error="failed to connect to the docker API at unix:///var/run/docker.sock; check if the path is correct and if the daemon is running: dial unix /var/run/docker.sock: connect: no such file or directory"
time=2026-10-07T17:40:30.002Z level=DEBUG msg="failed to get docker info" component=docker.ContainerStore error="failed to connect to the docker API at unix:///var/run/docker.sock; check if the path is correct and if the daemon is running: dial unix /var/run/docker.sock: connect: no such file or directory"
time=2026-10-07T17:40:30.057Z level=DEBUG msg="storing new metric label set" component=prom.Expirer labelValues="[write false vda]"
time=2026-10-07T17:40:30.057Z level=DEBUG msg="storing new metric label set" component=prom.Expirer labelValues="[ write   false 10.0.2.15 vda]"
time=2026-10-07T17:40:30.058Z level=DEBUG msg="storing new metric label set" component=prom.Expirer labelValues="[ write  false 10.0.2.15 vda]"
time=2026-10-07T17:40:30.058Z level=DEBUG msg="storing new metric label set" component=prom.Expirer labelValues="[write false vda]"
time=2026-10-07T17:40:31.003Z level=DEBUG msg="failed to get docker info" component=docker.ContainerStore error="failed to connect to the docker API at unix:///var/run/docker.sock; check if the path is correct and if the daemon is running: dial unix /var/run/docker.sock: connect: no such file or directory"
time=2026-10-07T17:40:31.055Z level=DEBUG msg="received metrics request" component=connector.PrometheusManager uri=/metrics remoteAddr=[::1]:47406
time=2026-10-07T17:40:31.157Z level=DEBUG msg="storing new metric label set" component=prom.Expirer labelValues="[read true loop0]"
time=2026-10-07T17:40:31.157Z level=DEBUG msg="storing new metric label set" component=prom.Expirer labelValues="[ read   true 10.0.2.15 loop0]"
time=2026-10-07T17:40:31.158Z level=DEBUG msg="storing new metric label set" component=prom.Expirer labelValues="[ read  true 10.0.2.15 loop0]"
time=2026-10-07T17:40:31.158Z level=DEBUG msg="storing new metric label set" component=prom.Expirer labelValues="[read true loop0]"
time=2026-10-07T17:40:31.325Z level=DEBUG msg="received metrics request" component=connector.PrometheusManager uri=/metrics remoteAddr=[::1]:47418
time=2026-10-07T17:40:31.357Z level=DEBUG msg="storing new metric label set" component=prom.Expirer labelValues="[write true loop0]"
time=2026-10-07T17:40:31.358Z level=DEBUG msg="storing new metric label set" component=prom.Expirer labelValues="[ write   true 10.0.2.15 loop0]"
time=2026-10-07T17:40:31.358Z level=DEBUG msg="storing new metric label set" component=prom.Expirer labelValues="[ write  true 10.0.2.15 loop0]"
time=2026-10-07T17:40:31.359Z level=DEBUG msg="storing new metric label set" component=prom.Expirer labelValues="[write true loop0]"
time=2026-10-07T17:40:32.004Z level=DEBUG msg="failed to get docker info" component=docker.ContainerStore error="failed to connect to the docker API at unix:///var/run/docker.sock; check if the path is correct and if the daemon is running: dial unix /var/run/docker.sock: connect: no such file or directory"
time=2026-10-07T17:40:33.005Z level=DEBUG msg="failed to get docker info" component=docker.ContainerStore error="failed to connect to the docker API at unix:///var/run/docker.sock; check if the path is correct and if the daemon is running: dial unix /var/run/docker.sock: connect: no such file or directory"
time=2026-10-07T17:40:33.346Z level=DEBUG msg="received metrics request" component=connector.PrometheusManager uri=/metrics remoteAddr=[::1]:47424
time=2026-10-07T17:40:34.007Z level=DEBUG msg="failed to get docker info" component=docker.ContainerStore error="failed to connect to the docker API at unix:///var/run/docker.sock; check if the path is correct and if the daemon is running: dial unix /var/run/docker.sock: connect: no such file or directory"
time=2026-10-07T17:40:35.010Z level=DEBUG msg="failed to get docker info" component=docker.ContainerStore error="failed to connect to the docker API at unix:///var/run/docker.sock; check if the path is correct and if the daemon is running: dial unix /var/run/docker.sock: connect: no such file or directory"
time=2026-10-07T17:40:35.362Z level=DEBUG msg="received metrics request" component=connector.PrometheusManager uri=/metrics remoteAddr=[::1]:47430
time=2026-10-07T17:40:36.012Z level=DEBUG msg="failed to get docker info" component=docker.ContainerStore error="failed to connect to the docker API at unix:///var/run/docker.sock; check if the path is correct and if the daemon is running: dial unix /var/run/docker.sock: connect: no such file or directory"
time=2026-10-07T17:40:37.013Z level=DEBUG msg="failed to get docker info" component=docker.ContainerStore error="failed to connect to the docker API at unix:///var/run/docker.sock; check if the path is correct and if the daemon is running: dial unix /var/run/docker.sock: connect: no such file or directory"
time=2026-10-07T17:40:37.377Z level=DEBUG msg="received metrics request" component=connector.PrometheusManager uri=/metrics remoteAddr=[::1]:59704
time=2026-10-07T17:40:38.015Z level=DEBUG msg="failed to get docker info" component=docker.ContainerStore error="failed to connect to the docker API at unix:///var/run/docker.sock; check if the path is correct and if the daemon is running: dial unix /var/run/docker.sock: connect: no such file or directory"
time=2026-10-07T17:40:39.017Z level=DEBUG msg="failed to get docker info" component=docker.ContainerStore error="failed to connect to the docker API at unix:///var/run/docker.sock; check if the path is correct and if the daemon is running: dial unix /var/run/docker.sock: connect: no such file or directory"
time=2026-10-07T17:40:39.540Z level=DEBUG msg="received metrics request" component=connector.PrometheusManager uri=/metrics remoteAddr=[::1]:59714
time=2026-10-07T17:40:40.020Z level=DEBUG msg="failed to get docker info" component=docker.ContainerStore error="failed to connect to the docker API at unix:///var/run/docker.sock; check if the path is correct and if the daemon is running: dial unix /var/run/docker.sock: connect: no such file or directory"
time=2026-10-07T17:40:41.021Z level=DEBUG msg="failed to get docker info" component=docker.ContainerStore error="failed to connect to the docker API at unix:///var/run/docker.sock; check if the path is correct and if the daemon is running: dial unix /var/run/docker.sock: connect: no such file or directory"
time=2026-10-07T17:40:41.557Z level=DEBUG msg="received metrics request" component=connector.PrometheusManager uri=/metrics remoteAddr=[::1]:59716
time=2026-10-07T17:40:42.022Z level=DEBUG msg="failed to get docker info" component=docker.ContainerStore error="failed to connect to the docker API at unix:///var/run/docker.sock; check if the path is correct and if the daemon is running: dial unix /var/run/docker.sock: connect: no such file or directory"
time=2026-10-07T17:40:43.023Z level=DEBUG msg="failed to get docker info" component=docker.ContainerStore error="failed to connect to the docker API at unix:///var/run/docker.sock; check if the path is correct and if the daemon is running: dial unix /var/run/docker.sock: connect: no such file or directory"
time=2026-10-07T17:40:43.584Z level=DEBUG msg="received metrics request" component=connector.PrometheusManager uri=/metrics remoteAddr=[::1]:59718
time=2026-10-07T17:40:44.025Z level=DEBUG msg="failed to get docker info" component=docker.ContainerStore error="failed to connect to the docker API at unix:///var/run/docker.sock; check if the path is correct and if the daemon is running: dial unix /var/run/docker.sock: connect: no such file or directory"
time=2026-10-07T17:40:45.027Z level=DEBUG msg="failed to get docker info" component=docker.ContainerStore error="failed to connect to the docker API at unix:///var/run/docker.sock; check if the path is correct and if the daemon is running: dial unix /var/run/docker.sock: connect: no such file or directory"
time=2026-10-07T17:40:45.596Z level=DEBUG msg="received metrics request" component=connector.PrometheusManager uri=/metrics remoteAddr=[::1]:59730
time=2026-10-07T17:40:46.028Z level=DEBUG msg="failed to get docker info" component=docker.ContainerStore error="failed to connect to the docker API at unix:///var/run/docker.sock; check if the path is correct and if the daemon is running: dial unix /var/run/docker.sock: connect: no such file or directory"
time=2026-10-07T17:40:47.029Z level=DEBUG msg="failed to get docker info" component=docker.ContainerStore error="failed to connect to the docker API at unix:///var/run/docker.sock; check if the path is correct and if the daemon is running: dial unix /var/run/docker.sock: connect: no such file or directory"
time=2026-10-07T17:40:48.030Z level=DEBUG msg="failed to get docker info" component=docker.ContainerStore error="failed to connect to the docker API at unix:///var/run/docker.sock; check if the path is correct and if the daemon is running: dial unix /var/run/docker.sock: connect: no such file or directory"
time=2026-10-07T17:40:49.032Z level=DEBUG msg="failed to get docker info" component=docker.ContainerStore error="failed to connect to the docker API at unix:///var/run/docker.sock; check if the path is correct and if the daemon is running: dial unix /var/run/docker.sock: connect: no such file or directory"
time=2026-10-07T17:40:50.034Z level=DEBUG msg="failed to get docker info" component=docker.ContainerStore error="failed to connect to the docker API at unix:///var/run/docker.sock; check if the path is correct and if the daemon is running: dial unix /var/run/docker.sock: connect: no such file or directory"
time=2026-10-07T17:40:51.035Z level=DEBUG msg="failed to get docker info" component=docker.ContainerStore error="failed to connect to the docker API at unix:///var/run/docker.sock; check if the path is correct and if the daemon is running: dial unix /var/run/docker.sock: connect: no such file or directory"
time=2026-10-07T17:40:52.037Z level=DEBUG msg="failed to get docker info" component=docker.ContainerStore error="failed to connect to the docker API at unix:///var/run/docker.sock; check if the path is correct and if the daemon is running: dial unix /var/run/docker.sock: connect: no such file or directory"
time=2026-10-07T17:40:53.038Z level=DEBUG msg="failed to get docker info" component=docker.ContainerStore error="failed to connect to the docker API at unix:///var/run/docker.sock; check if the path is correct and if the daemon is running: dial unix /var/run/docker.sock: connect: no such file or directory"
time=2026-10-07T17:40:53.889Z level=DEBUG msg="received metrics request" component=connector.PrometheusManager uri=/metrics remoteAddr=[::1]:47346
time=2026-10-07T17:40:54.040Z level=DEBUG msg="failed to get docker info" component=docker.ContainerStore error="failed to connect to the docker API at unix:///var/run/docker.sock; check if the path is correct and if the daemon is running: dial unix /var/run/docker.sock: connect: no such file or directory"
time=2026-10-07T17:40:55.042Z level=DEBUG msg="failed to get docker info" component=docker.ContainerStore error="failed to connect to the docker API at unix:///var/run/docker.sock; check if the path is correct and if the daemon is running: dial unix /var/run/docker.sock: connect: no such file or directory"
time=2026-10-07T19:20:07.788Z level=DEBUG msg="failed to get docker info" component=docker.ContainerStore error="failed to connect to the docker API at unix:///var/run/docker.sock; check if the path is correct and if the daemon is running: dial unix /var/run/docker.sock: connect: no such file or directory"
time=2026-10-07T19:20:07.810Z level=DEBUG msg="received metrics request" component=connector.PrometheusManager uri=/metrics remoteAddr=[::1]:51700
time=2026-10-07T19:20:07.821Z level=DEBUG msg="deleting old Prometheus metric" component=prom.Expirer labelValues="&{Metric:0x1f2ac5cc95c0 LabelVals:[write false vda]}"
time=2026-10-07T19:20:07.823Z level=DEBUG msg="deleting old Prometheus metric" component=prom.Expirer labelValues="&{Metric:0x1f2ac63282a0 LabelVals:[read true loop0]}"
time=2026-10-07T19:20:07.825Z level=DEBUG msg="deleting old Prometheus metric" component=prom.Expirer labelValues="&{Metric:0x1f2ac63285a0 LabelVals:[write true loop0]}"
time=2026-10-07T19:20:07.826Z level=DEBUG msg="deleting old Prometheus metric" component=prom.Expirer labelValues="&{Metric:0x1f2ac60a2de0 LabelVals:[read false vda]}"
time=2026-10-07T19:20:07.821Z level=DEBUG msg="deleting old Prometheus metric" component=prom.Expirer labelValues="&{Metric:0x1f2ac60a2f60 LabelVals:[ read  false 10.0.2.15 vda]}"
time=2026-10-07T19:20:07.828Z level=DEBUG msg="deleting old Prometheus metric" component=prom.Expirer labelValues="&{Metric:0x1f2ac5cc9740 LabelVals:[ write  false 10.0.2.15 vda]}"
time=2026-10-07T19:20:07.822Z level=DEBUG msg="deleting old Prometheus metric" component=prom.Expirer labelValues="&{Metric:0x1f2ac60bb140 LabelVals:[read false vda]}"
time=2026-10-07T19:20:07.822Z level=DEBUG msg="deleting old Prometheus metric" component=prom.Expirer labelValues="&{Metric:0x1f2ac6328600 LabelVals:[ write   true 10.0.2.15 loop0]}"
time=2026-10-07T19:20:07.830Z level=DEBUG msg="deleting old Prometheus metric" component=prom.Expirer labelValues="&{Metric:0x1f2ac6328420 LabelVals:[ read  true 10.0.2.15 loop0]}"
time=2026-10-07T19:20:07.835Z level=DEBUG msg="deleting old Prometheus metric" component=prom.Expirer labelValues="&{Metric:0x1f2ac5eeb040 LabelVals:[write false vda]}"
time=2026-10-07T19:20:07.837Z level=DEBUG msg="deleting old Prometheus metric" component=prom.Expirer labelValues="&{Metric:0x1f2ac60a2e40 LabelVals:[ read   false 10.0.2.15 vda]}"
time=2026-10-07T19:20:07.844Z level=DEBUG msg="deleting old Prometheus metric" component=prom.Expirer labelValues="&{Metric:0x1f2ac6328720 LabelVals:[ write  true 10.0.2.15 loop0]}"
time=2026-10-07T19:20:07.850Z level=DEBUG msg="deleting old Prometheus metric" component=prom.Expirer labelValues="&{Metric:0x1f2ac5cc9620 LabelVals:[ write   false 10.0.2.15 vda]}"
time=2026-10-07T19:20:07.850Z level=DEBUG msg="deleting old Prometheus metric" component=prom.Expirer labelValues="&{Metric:0x1f2ac6328300 LabelVals:[ read   true 10.0.2.15 loop0]}"
time=2026-10-07T19:20:07.858Z level=DEBUG msg="storing new metric label set" component=prom.Expirer labelValues="[write false vda]"
time=2026-10-07T19:20:07.860Z level=DEBUG msg="storing new metric label set" component=prom.Expirer labelValues="[ write   false 10.0.2.15 vda]"
time=2026-10-07T19:20:07.864Z level=DEBUG msg="storing new metric label set" component=prom.Expirer labelValues="[ write  false 10.0.2.15 vda]"
time=2026-10-07T19:20:07.864Z level=DEBUG msg="storing new metric label set" component=prom.Expirer labelValues="[write false vda]"
time=2026-10-07T19:20:08.080Z level=DEBUG msg="received metrics request" component=connector.PrometheusManager uri=/metrics remoteAddr=[::1]:51702
time=2026-10-07T19:20:08.083Z level=DEBUG msg="context is cancelled. Closing events reader" component=stat.RingBufTracer
time=2026-10-07T19:20:08.083Z level=DEBUG msg="Prometheus endpoint server was closed" component=connector.PrometheusManager port=9400 error="http: Server closed"
time=2026-10-07T19:20:08.083Z level=INFO msg="stopping Stats agent" component=agent.StatsO11y
time=2026-10-07T19:20:08.083Z level=DEBUG msg="unregistering eBPF objects" component=ebpf.StatFetcher
time=2026-10-07T19:20:08.083Z level=DEBUG msg="ring buffer is closed" component=stat.RingBufTracer
time=2026-10-07T19:20:08.084Z level=DEBUG msg="closing eBPF resources" component=stat.RingBufTracer len=1
time=2026-10-07T19:20:08.084Z level=DEBUG msg="waiting for all nodes to finish their pending work" component=agent.StatsO11y
time=2026-10-07T19:20:08.084Z level=DEBUG msg="the eBPF resources are closed" component=stat.RingBufTracer
time=2026-10-07T19:20:08.084Z level=INFO msg="Stats agent stopped" component=agent.StatsO11y
time=2026-10-07T19:20:08.084Z level=DEBUG msg="OBI main node finished"
time=2026-10-07T19:20:08.084Z level=INFO msg="OpenTelemetry eBPF Instrumentation successfully exiting"
