time=2026-10-07T21:32:08.560Z level=INFO msg="OpenTelemetry eBPF Instrumentation" Version=unset Revision=unset "OpenTelemetry SDK Version"=1.46.0
time=2026-10-07T21:32:08.561Z level=INFO msg="configuration loaded" version=v1
time=2026-10-07T21:32:08.562Z level=DEBUG msg="kubeconfig can't be detected. Assuming we are not in Kubernetes" component=kube.MetadataProvider error="can't access kubernetes. Tried using config from: config parameter, KUBECONFIG env, homedir and InClusterConfig. Got: unable to load in-cluster configuration, KUBERNETES_SERVICE_HOST and KUBERNETES_SERVICE_PORT must be defined"
time=2026-10-07T21:32:08.562Z level=DEBUG msg="fetched node metadata" component=meta.NodeMeta fetcher=0 hostID=37550ce7a780481d872cf5f91b22ba5b
time=2026-10-07T21:32:10.563Z level=WARN msg="timed out while waiting for Cloud metadata. Ignoring" component=meta.NodeMeta.otelNodeFetcher detector=ec2.resourceDetector
time=2026-10-07T21:32:10.564Z level=DEBUG msg="not reporting internal metrics"
time=2026-10-07T21:32:10.566Z level=DEBUG msg="failed to get docker info" component=docker.ContainerStore error="failed to connect to the docker API at unix:///var/run/docker.sock; check if the path is correct and if the daemon is running: dial unix /var/run/docker.sock: connect: no such file or directory"
time=2026-10-07T21:32:10.567Z level=DEBUG msg="failed to get docker info" component=docker.ContainerStore error="failed to connect to the docker API at unix:///var/run/docker.sock; check if the path is correct and if the daemon is running: dial unix /var/run/docker.sock: connect: no such file or directory"
time=2026-10-07T21:32:10.568Z level=DEBUG msg="failed to get docker info" component=docker.ContainerStore error="failed to connect to the docker API at unix:///var/run/docker.sock; check if the path is correct and if the daemon is running: dial unix /var/run/docker.sock: connect: no such file or directory"
time=2026-10-07T21:32:10.568Z level=INFO msg="starting OBI in Stat metrics mode"
time=2026-10-07T21:32:10.568Z level=INFO msg="initializing Stats agent" component=agent.StatsO11y
time=2026-10-07T21:32:10.568Z level=DEBUG msg="acquiring Agent IP" component=agent.StatsO11y
time=2026-10-07T21:32:10.569Z level=DEBUG msg="agent IP: 10.0.2.15" component=agent.StatsO11y
time=2026-10-07T21:32:10.914Z level=INFO msg="the probes of the enabled storage metrics are loaded" component=agent.StatsO11y
time=2026-10-07T21:32:10.914Z level=INFO msg="starting Stats agent" component=agent.StatsO11y
time=2026-10-07T21:32:10.915Z level=DEBUG msg="creating stats processing graph" component=agent.StatsO11y
time=2026-10-07T21:32:10.915Z level=DEBUG msg="registering stat disk operation duration metric" component=prom.StatsEndpoint
time=2026-10-07T21:32:10.915Z level=DEBUG msg="registering Prometheus metrics collectors" component=connector.PrometheusManager len=2 port=9400 path=/metrics
time=2026-10-07T21:32:10.915Z level=INFO msg="Stats agent successfully started" component=agent.StatsO11y
time=2026-10-07T21:32:10.915Z level=DEBUG msg="start reading and forwarding" component=stat.RingBufTracer
time=2026-10-07T21:32:10.916Z level=INFO msg="opening prometheus scrape endpoint" component=connector.PrometheusManager port=9400 path=/metrics
time=2026-10-07T21:32:10.916Z level=DEBUG msg="starting to read ring buffer" component=stat.RingBufTracer
time=2026-10-07T21:32:11.569Z level=DEBUG msg="failed to get docker info" component=docker.ContainerStore error="failed to connect to the docker API at unix:///var/run/docker.sock; check if the path is correct and if the daemon is running: dial unix /var/run/docker.sock: connect: no such file or directory"
time=2026-10-07T21:32:11.604Z level=DEBUG msg="received metrics request" component=connector.PrometheusManager uri=/metrics remoteAddr=[::1]:49708
time=2026-10-07T21:32:12.572Z level=DEBUG msg="failed to get docker info" component=docker.ContainerStore error="failed to connect to the docker API at unix:///var/run/docker.sock; check if the path is correct and if the daemon is running: dial unix /var/run/docker.sock: connect: no such file or directory"
time=2026-10-07T21:32:12.918Z level=DEBUG msg="storing new metric label set" component=prom.Expirer labelValues="[ write   false 10.0.2.15 vda]"
time=2026-10-07T21:32:13.574Z level=DEBUG msg="failed to get docker info" component=docker.ContainerStore error="failed to connect to the docker API at unix:///var/run/docker.sock; check if the path is correct and if the daemon is running: dial unix /var/run/docker.sock: connect: no such file or directory"
time=2026-10-07T21:32:14.576Z level=DEBUG msg="failed to get docker info" component=docker.ContainerStore error="failed to connect to the docker API at unix:///var/run/docker.sock; check if the path is correct and if the daemon is running: dial unix /var/run/docker.sock: connect: no such file or directory"
time=2026-10-07T21:32:15.579Z level=DEBUG msg="failed to get docker info" component=docker.ContainerStore error="failed to connect to the docker API at unix:///var/run/docker.sock; check if the path is correct and if the daemon is running: dial unix /var/run/docker.sock: connect: no such file or directory"
time=2026-10-07T21:32:16.581Z level=DEBUG msg="failed to get docker info" component=docker.ContainerStore error="failed to connect to the docker API at unix:///var/run/docker.sock; check if the path is correct and if the daemon is running: dial unix /var/run/docker.sock: connect: no such file or directory"
time=2026-10-07T21:32:17.582Z level=DEBUG msg="failed to get docker info" component=docker.ContainerStore error="failed to connect to the docker API at unix:///var/run/docker.sock; check if the path is correct and if the daemon is running: dial unix /var/run/docker.sock: connect: no such file or directory"
time=2026-10-07T21:32:18.416Z level=DEBUG msg="storing new metric label set" component=prom.Expirer labelValues="[ read   false 10.0.2.15 vda]"
time=2026-10-07T21:32:18.586Z level=DEBUG msg="failed to get docker info" component=docker.ContainerStore error="failed to connect to the docker API at unix:///var/run/docker.sock; check if the path is correct and if the daemon is running: dial unix /var/run/docker.sock: connect: no such file or directory"
time=2026-10-07T21:32:19.588Z level=DEBUG msg="failed to get docker info" component=docker.ContainerStore error="failed to connect to the docker API at unix:///var/run/docker.sock; check if the path is correct and if the daemon is running: dial unix /var/run/docker.sock: connect: no such file or directory"
time=2026-10-07T21:32:20.591Z level=DEBUG msg="failed to get docker info" component=docker.ContainerStore error="failed to connect to the docker API at unix:///var/run/docker.sock; check if the path is correct and if the daemon is running: dial unix /var/run/docker.sock: connect: no such file or directory"
time=2026-10-07T21:32:21.593Z level=DEBUG msg="failed to get docker info" component=docker.ContainerStore error="failed to connect to the docker API at unix:///var/run/docker.sock; check if the path is correct and if the daemon is running: dial unix /var/run/docker.sock: connect: no such file or directory"
time=2026-10-07T21:32:22.595Z level=DEBUG msg="failed to get docker info" component=docker.ContainerStore error="failed to connect to the docker API at unix:///var/run/docker.sock; check if the path is correct and if the daemon is running: dial unix /var/run/docker.sock: connect: no such file or directory"
time=2026-10-07T21:32:23.597Z level=DEBUG msg="failed to get docker info" component=docker.ContainerStore error="failed to connect to the docker API at unix:///var/run/docker.sock; check if the path is correct and if the daemon is running: dial unix /var/run/docker.sock: connect: no such file or directory"
time=2026-10-07T21:32:24.601Z level=DEBUG msg="failed to get docker info" component=docker.ContainerStore error="failed to connect to the docker API at unix:///var/run/docker.sock; check if the path is correct and if the daemon is running: dial unix /var/run/docker.sock: connect: no such file or directory"
time=2026-10-07T21:32:25.603Z level=DEBUG msg="failed to get docker info" component=docker.ContainerStore error="failed to connect to the docker API at unix:///var/run/docker.sock; check if the path is correct and if the daemon is running: dial unix /var/run/docker.sock: connect: no such file or directory"
time=2026-10-07T21:32:26.606Z level=DEBUG msg="failed to get docker info" component=docker.ContainerStore error="failed to connect to the docker API at unix:///var/run/docker.sock; check if the path is correct and if the daemon is running: dial unix /var/run/docker.sock: connect: no such file or directory"
time=2026-10-07T21:32:27.610Z level=DEBUG msg="failed to get docker info" component=docker.ContainerStore error="failed to connect to the docker API at unix:///var/run/docker.sock; check if the path is correct and if the daemon is running: dial unix /var/run/docker.sock: connect: no such file or directory"
time=2026-10-07T21:32:28.615Z level=DEBUG msg="failed to get docker info" component=docker.ContainerStore error="failed to connect to the docker API at unix:///var/run/docker.sock; check if the path is correct and if the daemon is running: dial unix /var/run/docker.sock: connect: no such file or directory"
time=2026-10-07T21:32:29.617Z level=DEBUG msg="failed to get docker info" component=docker.ContainerStore error="failed to connect to the docker API at unix:///var/run/docker.sock; check if the path is correct and if the daemon is running: dial unix /var/run/docker.sock: connect: no such file or directory"
time=2026-10-07T21:32:30.620Z level=DEBUG msg="failed to get docker info" component=docker.ContainerStore error="failed to connect to the docker API at unix:///var/run/docker.sock; check if the path is correct and if the daemon is running: dial unix /var/run/docker.sock: connect: no such file or directory"
time=2026-10-07T21:32:31.622Z level=DEBUG msg="failed to get docker info" component=docker.ContainerStore error="failed to connect to the docker API at unix:///var/run/docker.sock; check if the path is correct and if the daemon is running: dial unix /var/run/docker.sock: connect: no such file or directory"
time=2026-10-07T21:32:32.624Z level=DEBUG msg="failed to get docker info" component=docker.ContainerStore error="failed to connect to the docker API at unix:///var/run/docker.sock; check if the path is correct and if the daemon is running: dial unix /var/run/docker.sock: connect: no such file or directory"
time=2026-10-07T21:32:33.628Z level=DEBUG msg="failed to get docker info" component=docker.ContainerStore error="failed to connect to the docker API at unix:///var/run/docker.sock; check if the path is correct and if the daemon is running: dial unix /var/run/docker.sock: connect: no such file or directory"
time=2026-10-07T21:32:34.631Z level=DEBUG msg="failed to get docker info" component=docker.ContainerStore error="failed to connect to the docker API at unix:///var/run/docker.sock; check if the path is correct and if the daemon is running: dial unix /var/run/docker.sock: connect: no such file or directory"
time=2026-10-07T21:32:35.634Z level=DEBUG msg="failed to get docker info" component=docker.ContainerStore error="failed to connect to the docker API at unix:///var/run/docker.sock; check if the path is correct and if the daemon is running: dial unix /var/run/docker.sock: connect: no such file or directory"
time=2026-10-07T21:32:36.636Z level=DEBUG msg="failed to get docker info" component=docker.ContainerStore error="failed to connect to the docker API at unix:///var/run/docker.sock; check if the path is correct and if the daemon is running: dial unix /var/run/docker.sock: connect: no such file or directory"
time=2026-10-07T21:32:37.639Z level=DEBUG msg="failed to get docker info" component=docker.ContainerStore error="failed to connect to the docker API at unix:///var/run/docker.sock; check if the path is correct and if the daemon is running: dial unix /var/run/docker.sock: connect: no such file or directory"
time=2026-10-07T21:32:38.641Z level=DEBUG msg="failed to get docker info" component=docker.ContainerStore error="failed to connect to the docker API at unix:///var/run/docker.sock; check if the path is correct and if the daemon is running: dial unix /var/run/docker.sock: connect: no such file or directory"
time=2026-10-07T21:32:39.643Z level=DEBUG msg="failed to get docker info" component=docker.ContainerStore error="failed to connect to the docker API at unix:///var/run/docker.sock; check if the path is correct and if the daemon is running: dial unix /var/run/docker.sock: connect: no such file or directory"
time=2026-10-07T21:32:40.645Z level=DEBUG msg="failed to get docker info" component=docker.ContainerStore error="failed to connect to the docker API at unix:///var/run/docker.sock; check if the path is correct and if the daemon is running: dial unix /var/run/docker.sock: connect: no such file or directory"
time=2026-10-07T21:32:41.648Z level=DEBUG msg="failed to get docker info" component=docker.ContainerStore error="failed to connect to the docker API at unix:///var/run/docker.sock; check if the path is correct and if the daemon is running: dial unix /var/run/docker.sock: connect: no such file or directory"
time=2026-10-07T21:32:42.651Z level=DEBUG msg="failed to get docker info" component=docker.ContainerStore error="failed to connect to the docker API at unix:///var/run/docker.sock; check if the path is correct and if the daemon is running: dial unix /var/run/docker.sock: connect: no such file or directory"
time=2026-10-07T21:32:43.655Z level=DEBUG msg="failed to get docker info" component=docker.ContainerStore error="failed to connect to the docker API at unix:///var/run/docker.sock; check if the path is correct and if the daemon is running: dial unix /var/run/docker.sock: connect: no such file or directory"
time=2026-10-07T21:32:44.657Z level=DEBUG msg="failed to get docker info" component=docker.ContainerStore error="failed to connect to the docker API at unix:///var/run/docker.sock; check if the path is correct and if the daemon is running: dial unix /var/run/docker.sock: connect: no such file or directory"
time=2026-10-07T21:32:45.659Z level=DEBUG msg="failed to get docker info" component=docker.ContainerStore error="failed to connect to the docker API at unix:///var/run/docker.sock; check if the path is correct and if the daemon is running: dial unix /var/run/docker.sock: connect: no such file or directory"
time=2026-10-07T21:32:46.634Z level=DEBUG msg="received metrics request" component=connector.PrometheusManager uri=/metrics remoteAddr=[::1]:51808
time=2026-10-07T21:32:46.662Z level=DEBUG msg="failed to get docker info" component=docker.ContainerStore error="failed to connect to the docker API at unix:///var/run/docker.sock; check if the path is correct and if the daemon is running: dial unix /var/run/docker.sock: connect: no such file or directory"
time=2026-10-07T21:32:46.718Z level=DEBUG msg="storing new metric label set" component=prom.Expirer labelValues="[ read   false 10.0.2.15 nvme0c0n1]"
time=2026-10-07T21:32:46.720Z level=DEBUG msg="storing new metric label set" component=prom.Expirer labelValues="[ write   false 10.0.2.15 nvme0c0n1]"
time=2026-10-07T21:32:46.722Z level=DEBUG msg="storing new metric label set" component=prom.Expirer labelValues="[ write   true 10.0.2.15 nvme0n1]"
time=2026-10-07T21:32:46.724Z level=DEBUG msg="storing new metric label set" component=prom.Expirer labelValues="[ read   true 10.0.2.15 nvme0n1]"
time=2026-10-07T21:32:47.664Z level=DEBUG msg="failed to get docker info" component=docker.ContainerStore error="failed to connect to the docker API at unix:///var/run/docker.sock; check if the path is correct and if the daemon is running: dial unix /var/run/docker.sock: connect: no such file or directory"
time=2026-10-07T21:32:48.666Z level=DEBUG msg="failed to get docker info" component=docker.ContainerStore error="failed to connect to the docker API at unix:///var/run/docker.sock; check if the path is correct and if the daemon is running: dial unix /var/run/docker.sock: connect: no such file or directory"
time=2026-10-07T21:32:49.668Z level=DEBUG msg="failed to get docker info" component=docker.ContainerStore error="failed to connect to the docker API at unix:///var/run/docker.sock; check if the path is correct and if the daemon is running: dial unix /var/run/docker.sock: connect: no such file or directory"
time=2026-10-07T21:32:50.673Z level=DEBUG msg="failed to get docker info" component=docker.ContainerStore error="failed to connect to the docker API at unix:///var/run/docker.sock; check if the path is correct and if the daemon is running: dial unix /var/run/docker.sock: connect: no such file or directory"
time=2026-10-07T21:32:51.674Z level=DEBUG msg="failed to get docker info" component=docker.ContainerStore error="failed to connect to the docker API at unix:///var/run/docker.sock; check if the path is correct and if the daemon is running: dial unix /var/run/docker.sock: connect: no such file or directory"
time=2026-10-07T21:32:52.400Z level=DEBUG msg="received metrics request" component=connector.PrometheusManager uri=/metrics remoteAddr=[::1]:53846
time=2026-10-07T21:32:52.677Z level=DEBUG msg="failed to get docker info" component=docker.ContainerStore error="failed to connect to the docker API at unix:///var/run/docker.sock; check if the path is correct and if the daemon is running: dial unix /var/run/docker.sock: connect: no such file or directory"
time=2026-10-07T21:32:53.680Z level=DEBUG msg="failed to get docker info" component=docker.ContainerStore error="failed to connect to the docker API at unix:///var/run/docker.sock; check if the path is correct and if the daemon is running: dial unix /var/run/docker.sock: connect: no such file or directory"
time=2026-10-07T21:32:54.683Z level=DEBUG msg="failed to get docker info" component=docker.ContainerStore error="failed to connect to the docker API at unix:///var/run/docker.sock; check if the path is correct and if the daemon is running: dial unix /var/run/docker.sock: connect: no such file or directory"
time=2026-10-07T21:32:55.686Z level=DEBUG msg="failed to get docker info" component=docker.ContainerStore error="failed to connect to the docker API at unix:///var/run/docker.sock; check if the path is correct and if the daemon is running: dial unix /var/run/docker.sock: connect: no such file or directory"
time=2026-10-07T21:32:56.688Z level=DEBUG msg="failed to get docker info" component=docker.ContainerStore error="failed to connect to the docker API at unix:///var/run/docker.sock; check if the path is correct and if the daemon is running: dial unix /var/run/docker.sock: connect: no such file or directory"
time=2026-10-07T21:32:57.691Z level=DEBUG msg="failed to get docker info" component=docker.ContainerStore error="failed to connect to the docker API at unix:///var/run/docker.sock; check if the path is correct and if the daemon is running: dial unix /var/run/docker.sock: connect: no such file or directory"
time=2026-10-07T21:32:58.693Z level=DEBUG msg="failed to get docker info" component=docker.ContainerStore error="failed to connect to the docker API at unix:///var/run/docker.sock; check if the path is correct and if the daemon is running: dial unix /var/run/docker.sock: connect: no such file or directory"
time=2026-10-07T21:32:59.695Z level=DEBUG msg="failed to get docker info" component=docker.ContainerStore error="failed to connect to the docker API at unix:///var/run/docker.sock; check if the path is correct and if the daemon is running: dial unix /var/run/docker.sock: connect: no such file or directory"
time=2026-10-07T21:33:00.698Z level=DEBUG msg="failed to get docker info" component=docker.ContainerStore error="failed to connect to the docker API at unix:///var/run/docker.sock; check if the path is correct and if the daemon is running: dial unix /var/run/docker.sock: connect: no such file or directory"
time=2026-10-07T21:33:01.701Z level=DEBUG msg="failed to get docker info" component=docker.ContainerStore error="failed to connect to the docker API at unix:///var/run/docker.sock; check if the path is correct and if the daemon is running: dial unix /var/run/docker.sock: connect: no such file or directory"
time=2026-10-07T21:33:02.438Z level=DEBUG msg="received metrics request" component=connector.PrometheusManager uri=/metrics remoteAddr=[::1]:45160
time=2026-10-07T21:33:02.462Z level=DEBUG msg="Prometheus endpoint server was closed" component=connector.PrometheusManager port=9400 error="http: Server closed"
time=2026-10-07T21:33:02.462Z level=INFO msg="stopping Stats agent" component=agent.StatsO11y
time=2026-10-07T21:33:02.463Z level=DEBUG msg="unregistering eBPF objects" component=ebpf.StatFetcher
time=2026-10-07T21:33:02.462Z level=DEBUG msg="context is cancelled. Closing events reader" component=stat.RingBufTracer
time=2026-10-07T21:33:02.464Z level=DEBUG msg="waiting for all nodes to finish their pending work" component=agent.StatsO11y
time=2026-10-07T21:33:02.464Z level=DEBUG msg="ring buffer is closed" component=stat.RingBufTracer
time=2026-10-07T21:33:02.465Z level=DEBUG msg="closing eBPF resources" component=stat.RingBufTracer len=1
time=2026-10-07T21:33:02.466Z level=DEBUG msg="the eBPF resources are closed" component=stat.RingBufTracer
time=2026-10-07T21:33:02.466Z level=INFO msg="Stats agent stopped" component=agent.StatsO11y
time=2026-10-07T21:33:02.466Z level=DEBUG msg="OBI main node finished"
time=2026-10-07T21:33:02.467Z level=INFO msg="OpenTelemetry eBPF Instrumentation successfully exiting"
