time=2026-10-07T20:29:10.052Z level=INFO msg="OpenTelemetry eBPF Instrumentation" Version=unset Revision=unset "OpenTelemetry SDK Version"=1.46.0
time=2026-10-07T20:29:10.052Z level=INFO msg="configuration loaded" version=v1
time=2026-10-07T20:29:10.053Z level=DEBUG msg="fetched node metadata" component=meta.NodeMeta fetcher=0 hostID=37550ce7a780481d872cf5f91b22ba5b
time=2026-10-07T20:29:10.054Z level=DEBUG msg="kubeconfig can't be detected. Assuming we are not in Kubernetes" component=kube.MetadataProvider error="can't access kubernetes. Tried using config from: config parameter, KUBECONFIG env, homedir and InClusterConfig. Got: unable to load in-cluster configuration, KUBERNETES_SERVICE_HOST and KUBERNETES_SERVICE_PORT must be defined"
time=2026-10-07T20:29:12.054Z level=WARN msg="timed out while waiting for Cloud metadata. Ignoring" component=meta.NodeMeta.otelNodeFetcher detector=ec2.resourceDetector
time=2026-10-07T20:29:12.054Z level=DEBUG msg="not reporting internal metrics"
time=2026-10-07T20:29:12.055Z level=DEBUG msg="failed to get docker info" component=docker.ContainerStore error="failed to connect to the docker API at unix:///var/run/docker.sock; check if the path is correct and if the daemon is running: dial unix /var/run/docker.sock: connect: no such file or directory"
time=2026-10-07T20:29:12.056Z level=DEBUG msg="failed to get docker info" component=docker.ContainerStore error="failed to connect to the docker API at unix:///var/run/docker.sock; check if the path is correct and if the daemon is running: dial unix /var/run/docker.sock: connect: no such file or directory"
time=2026-10-07T20:29:12.056Z level=INFO msg="starting OBI in Stat metrics mode"
time=2026-10-07T20:29:12.056Z level=INFO msg="initializing Stats agent" component=agent.StatsO11y
time=2026-10-07T20:29:12.056Z level=DEBUG msg="acquiring Agent IP" component=agent.StatsO11y
time=2026-10-07T20:29:12.056Z level=DEBUG msg="agent IP: 10.0.2.15" component=agent.StatsO11y
time=2026-10-07T20:29:12.056Z level=WARN msg="a storage latency histogram is reported per pod or container: each pod adds a series per bucket. The operations and time counters give the mean latency per pod at one series each" component=agent.StatsO11y histogram=obi.stat.fs.sync.duration attributes=[container.id]
time=2026-10-07T20:29:12.057Z level=DEBUG msg="failed to get docker info" component=docker.ContainerStore error="failed to connect to the docker API at unix:///var/run/docker.sock; check if the path is correct and if the daemon is running: dial unix /var/run/docker.sock: connect: no such file or directory"
time=2026-10-07T20:29:12.224Z level=DEBUG msg="attaching the kretprobe with the default number of instances" component=ebpf.StatFetcher function=do_fsync error="creating tracefs event (arch-specific fallback for \"do_fsync\"): creating probe entry on tracefs: token __x64_do_fsync: not found: write /sys/kernel/tracing/kprobe_events: no such file or directory"
[line about the CPU removed]
time=2026-10-07T20:29:12.241Z level=INFO msg="the probes of the enabled storage metrics are loaded" component=agent.StatsO11y
time=2026-10-07T20:29:12.241Z level=INFO msg="starting Stats agent" component=agent.StatsO11y
time=2026-10-07T20:29:12.241Z level=DEBUG msg="creating stats processing graph" component=agent.StatsO11y
time=2026-10-07T20:29:12.241Z level=DEBUG msg="registering stat disk operation duration metric" component=prom.StatsEndpoint
time=2026-10-07T20:29:12.242Z level=DEBUG msg="registering Prometheus metrics collectors" component=connector.PrometheusManager len=17 port=9400 path=/metrics
time=2026-10-07T20:29:12.242Z level=INFO msg="Stats agent successfully started" component=agent.StatsO11y
time=2026-10-07T20:29:12.242Z level=DEBUG msg="start reading and forwarding" component=stat.RingBufTracer
time=2026-10-07T20:29:12.242Z level=DEBUG msg="starting to read ring buffer" component=stat.RingBufTracer
time=2026-10-07T20:29:12.244Z level=DEBUG msg="storing new metric label set" component=prom.Expirer labelValues="[dm-1 slowdm loop4]"
time=2026-10-07T20:29:12.244Z level=DEBUG msg="storing new metric label set" component=prom.Expirer labelValues="[dm-2 obivg-lv2 loop1]"
time=2026-10-07T20:29:12.244Z level=DEBUG msg="storing new metric label set" component=prom.Expirer labelValues="[md0  loop2]"
time=2026-10-07T20:29:12.244Z level=DEBUG msg="storing new metric label set" component=prom.Expirer labelValues="[md0  loop3]"
time=2026-10-07T20:29:12.244Z level=DEBUG msg="storing new metric label set" component=prom.Expirer labelValues="[dm-0 obivg-lv loop1]"
time=2026-10-07T20:29:12.245Z level=INFO msg="opening prometheus scrape endpoint" component=connector.PrometheusManager port=9400 path=/metrics
time=2026-10-07T20:29:13.058Z level=DEBUG msg="failed to get docker info" component=docker.ContainerStore error="failed to connect to the docker API at unix:///var/run/docker.sock; check if the path is correct and if the daemon is running: dial unix /var/run/docker.sock: connect: no such file or directory"
time=2026-10-07T20:29:13.094Z level=DEBUG msg="received metrics request" component=connector.PrometheusManager uri=/metrics remoteAddr=[::1]:55620
time=2026-10-07T20:29:14.060Z level=DEBUG msg="failed to get docker info" component=docker.ContainerStore error="failed to connect to the docker API at unix:///var/run/docker.sock; check if the path is correct and if the daemon is running: dial unix /var/run/docker.sock: connect: no such file or directory"
time=2026-10-07T20:29:15.061Z level=DEBUG msg="failed to get docker info" component=docker.ContainerStore error="failed to connect to the docker API at unix:///var/run/docker.sock; check if the path is correct and if the daemon is running: dial unix /var/run/docker.sock: connect: no such file or directory"
time=2026-10-07T20:29:15.144Z level=DEBUG msg="storing new metric label set" component=prom.Expirer labelValues="[write false vda]"
time=2026-10-07T20:29:15.144Z level=DEBUG msg="storing new metric label set" component=prom.Expirer labelValues="[ write   false 10.0.2.15 vda]"
time=2026-10-07T20:29:15.144Z level=DEBUG msg="storing new metric label set" component=prom.Expirer labelValues="[write false vda]"
time=2026-10-07T20:29:15.144Z level=DEBUG msg="storing new metric label set" component=prom.Expirer labelValues="[write false vda]"
time=2026-10-07T20:29:16.062Z level=DEBUG msg="failed to get docker info" component=docker.ContainerStore error="failed to connect to the docker API at unix:///var/run/docker.sock; check if the path is correct and if the daemon is running: dial unix /var/run/docker.sock: connect: no such file or directory"
time=2026-10-07T20:29:16.143Z level=DEBUG msg="storing new metric label set" component=prom.Expirer labelValues="[true loop0]"
time=2026-10-07T20:29:16.143Z level=DEBUG msg="storing new metric label set" component=prom.Expirer labelValues="[write false ok]"
time=2026-10-07T20:29:16.143Z level=DEBUG msg="storing new metric label set" component=prom.Expirer labelValues="[ write   false 10.0.2.15 ok]"
time=2026-10-07T20:29:16.143Z level=DEBUG msg="storing new metric label set" component=prom.Expirer labelValues="[write false ok]"
time=2026-10-07T20:29:16.143Z level=DEBUG msg="storing new metric label set" component=prom.Expirer labelValues="[read false ok]"
time=2026-10-07T20:29:16.144Z level=DEBUG msg="storing new metric label set" component=prom.Expirer labelValues="[ read   false 10.0.2.15 ok]"
time=2026-10-07T20:29:16.144Z level=DEBUG msg="storing new metric label set" component=prom.Expirer labelValues="[read false ok]"
time=2026-10-07T20:29:16.144Z level=DEBUG msg="storing new metric label set" component=prom.Expirer labelValues="[write true loop0]"
time=2026-10-07T20:29:16.144Z level=DEBUG msg="storing new metric label set" component=prom.Expirer labelValues="[ write  loop0p1 true 10.0.2.15 loop0]"
time=2026-10-07T20:29:16.144Z level=DEBUG msg="storing new metric label set" component=prom.Expirer labelValues="[write true loop0]"
time=2026-10-07T20:29:16.144Z level=DEBUG msg="storing new metric label set" component=prom.Expirer labelValues="[read false vda]"
time=2026-10-07T20:29:16.144Z level=DEBUG msg="storing new metric label set" component=prom.Expirer labelValues="[ read   false 10.0.2.15 vda]"
time=2026-10-07T20:29:16.144Z level=DEBUG msg="storing new metric label set" component=prom.Expirer labelValues="[read false vda]"
time=2026-10-07T20:29:16.144Z level=DEBUG msg="storing new metric label set" component=prom.Expirer labelValues="[read false vda]"
time=2026-10-07T20:29:16.144Z level=DEBUG msg="storing new metric label set" component=prom.Expirer labelValues="[write true loop0]"
time=2026-10-07T20:29:16.144Z level=DEBUG msg="storing new metric label set" component=prom.Expirer labelValues="[read false ok]"
time=2026-10-07T20:29:16.144Z level=DEBUG msg="storing new metric label set" component=prom.Expirer labelValues="[write false ok]"
time=2026-10-07T20:29:16.144Z level=DEBUG msg="storing new metric label set" component=prom.Expirer labelValues="[write true loop5]"
time=2026-10-07T20:29:16.443Z level=DEBUG msg="storing new metric label set" component=prom.Expirer labelValues="[write true loop7]"
time=2026-10-07T20:29:16.443Z level=DEBUG msg="storing new metric label set" component=prom.Expirer labelValues="[ write   true 10.0.2.15 loop7]"
time=2026-10-07T20:29:16.443Z level=DEBUG msg="storing new metric label set" component=prom.Expirer labelValues="[write true loop7]"
time=2026-10-07T20:29:16.443Z level=DEBUG msg="storing new metric label set" component=prom.Expirer labelValues="[write true loop7]"
time=2026-10-07T20:29:16.745Z level=DEBUG msg="storing new metric label set" component=prom.Expirer labelValues="[write true loop2]"
time=2026-10-07T20:29:16.745Z level=DEBUG msg="storing new metric label set" component=prom.Expirer labelValues="[ write   true 10.0.2.15 loop2]"
time=2026-10-07T20:29:16.745Z level=DEBUG msg="storing new metric label set" component=prom.Expirer labelValues="[write true loop2]"
time=2026-10-07T20:29:16.745Z level=DEBUG msg="storing new metric label set" component=prom.Expirer labelValues="[write true loop1]"
time=2026-10-07T20:29:16.745Z level=DEBUG msg="storing new metric label set" component=prom.Expirer labelValues="[ write   true 10.0.2.15 loop1]"
time=2026-10-07T20:29:16.745Z level=DEBUG msg="storing new metric label set" component=prom.Expirer labelValues="[write true loop1]"
time=2026-10-07T20:29:16.745Z level=DEBUG msg="storing new metric label set" component=prom.Expirer labelValues="[ write   true 10.0.2.15 loop0]"
time=2026-10-07T20:29:16.745Z level=DEBUG msg="storing new metric label set" component=prom.Expirer labelValues="[read true loop6]"
time=2026-10-07T20:29:16.745Z level=DEBUG msg="storing new metric label set" component=prom.Expirer labelValues="[ read   true 10.0.2.15 loop6]"
time=2026-10-07T20:29:16.745Z level=DEBUG msg="storing new metric label set" component=prom.Expirer labelValues="[read true loop6]"
time=2026-10-07T20:29:16.745Z level=DEBUG msg="storing new metric label set" component=prom.Expirer labelValues="[write true loop6]"
time=2026-10-07T20:29:16.746Z level=DEBUG msg="storing new metric label set" component=prom.Expirer labelValues="[ write   true 10.0.2.15 loop6]"
time=2026-10-07T20:29:16.746Z level=DEBUG msg="storing new metric label set" component=prom.Expirer labelValues="[write true loop6]"
time=2026-10-07T20:29:16.746Z level=DEBUG msg="storing new metric label set" component=prom.Expirer labelValues="[write true loop3]"
time=2026-10-07T20:29:16.746Z level=DEBUG msg="storing new metric label set" component=prom.Expirer labelValues="[ write   true 10.0.2.15 loop3]"
time=2026-10-07T20:29:16.746Z level=DEBUG msg="storing new metric label set" component=prom.Expirer labelValues="[write true loop3]"
time=2026-10-07T20:29:16.746Z level=DEBUG msg="storing new metric label set" component=prom.Expirer labelValues="[write false zram0]"
time=2026-10-07T20:29:16.746Z level=DEBUG msg="storing new metric label set" component=prom.Expirer labelValues="[ write   false 10.0.2.15 zram0]"
time=2026-10-07T20:29:16.746Z level=DEBUG msg="storing new metric label set" component=prom.Expirer labelValues="[write false zram0]"
time=2026-10-07T20:29:16.746Z level=DEBUG msg="storing new metric label set" component=prom.Expirer labelValues="[write true md0]"
time=2026-10-07T20:29:16.746Z level=DEBUG msg="storing new metric label set" component=prom.Expirer labelValues="[ write   true 10.0.2.15 md0]"
time=2026-10-07T20:29:16.746Z level=DEBUG msg="storing new metric label set" component=prom.Expirer labelValues="[write true md0]"
time=2026-10-07T20:29:16.746Z level=DEBUG msg="storing new metric label set" component=prom.Expirer labelValues="[write true dm-0]"
time=2026-10-07T20:29:16.746Z level=DEBUG msg="storing new metric label set" component=prom.Expirer labelValues="[ write   true 10.0.2.15 dm-0]"
time=2026-10-07T20:29:16.746Z level=DEBUG msg="storing new metric label set" component=prom.Expirer labelValues="[write true dm-0]"
time=2026-10-07T20:29:16.746Z level=DEBUG msg="storing new metric label set" component=prom.Expirer labelValues="[  sync_file_range 10.0.2.15 /mnt/obifs ext4]"
time=2026-10-07T20:29:16.746Z level=DEBUG msg="storing new metric label set" component=prom.Expirer labelValues=[sync_file_range]
time=2026-10-07T20:29:16.746Z level=DEBUG msg="storing new metric label set" component=prom.Expirer labelValues="[  syncfs 10.0.2.15 /mnt/obifs ext4]"
time=2026-10-07T20:29:16.746Z level=DEBUG msg="storing new metric label set" component=prom.Expirer labelValues=[syncfs]
time=2026-10-07T20:29:16.746Z level=DEBUG msg="storing new metric label set" component=prom.Expirer labelValues="[  fsync 10.0.2.15 /mnt/obifs ext4]"
time=2026-10-07T20:29:16.746Z level=DEBUG msg="storing new metric label set" component=prom.Expirer labelValues=[fsync]
time=2026-10-07T20:29:16.746Z level=DEBUG msg="storing new metric label set" component=prom.Expirer labelValues="[  sync 10.0.2.15  ]"
time=2026-10-07T20:29:16.746Z level=DEBUG msg="storing new metric label set" component=prom.Expirer labelValues=[sync]
time=2026-10-07T20:29:16.746Z level=DEBUG msg="storing new metric label set" component=prom.Expirer labelValues="[  fsync 10.0.2.15 /mnt/obitmpfs tmpfs]"
time=2026-10-07T20:29:16.746Z level=DEBUG msg="storing new metric label set" component=prom.Expirer labelValues="[  fsync 10.0.2.15 /dev devtmpfs]"
time=2026-10-07T20:29:16.746Z level=DEBUG msg="storing new metric label set" component=prom.Expirer labelValues="[  fdatasync 10.0.2.15 /mnt/obifs ext4]"
time=2026-10-07T20:29:16.746Z level=DEBUG msg="storing new metric label set" component=prom.Expirer labelValues=[fdatasync]
time=2026-10-07T20:29:16.746Z level=DEBUG msg="storing new metric label set" component=prom.Expirer labelValues="[  fsync 10.0.2.15 /mnt/obiovl overlay]"
time=2026-10-07T20:29:16.746Z level=DEBUG msg="storing new metric label set" component=prom.Expirer labelValues="[NFS4ERR_GRACE OPEN 4 127.0.0.1]"
time=2026-10-07T20:29:16.746Z level=DEBUG msg="storing new metric label set" component=prom.Expirer labelValues="[OPEN 4 127.0.0.1]"
time=2026-10-07T20:29:16.746Z level=DEBUG msg="storing new metric label set" component=prom.Expirer labelValues="[ ACCESS 4 127.0.0.1]"
time=2026-10-07T20:29:16.746Z level=DEBUG msg="storing new metric label set" component=prom.Expirer labelValues="[ACCESS 4 127.0.0.1]"
time=2026-10-07T20:29:16.746Z level=DEBUG msg="storing new metric label set" component=prom.Expirer labelValues="[write true loop2]"
time=2026-10-07T20:29:16.746Z level=DEBUG msg="storing new metric label set" component=prom.Expirer labelValues="[write true dm-0]"
time=2026-10-07T20:29:16.746Z level=DEBUG msg="storing new metric label set" component=prom.Expirer labelValues="[write true md0]"
time=2026-10-07T20:29:16.746Z level=DEBUG msg="storing new metric label set" component=prom.Expirer labelValues="[write true loop1]"
time=2026-10-07T20:29:16.746Z level=DEBUG msg="storing new metric label set" component=prom.Expirer labelValues="[read true loop6]"
time=2026-10-07T20:29:16.746Z level=DEBUG msg="storing new metric label set" component=prom.Expirer labelValues="[write true loop6]"
time=2026-10-07T20:29:16.746Z level=DEBUG msg="storing new metric label set" component=prom.Expirer labelValues="[write false zram0]"
time=2026-10-07T20:29:16.746Z level=DEBUG msg="storing new metric label set" component=prom.Expirer labelValues="[write true loop3]"
time=2026-10-07T20:29:17.063Z level=DEBUG msg="failed to get docker info" component=docker.ContainerStore error="failed to connect to the docker API at unix:///var/run/docker.sock; check if the path is correct and if the daemon is running: dial unix /var/run/docker.sock: connect: no such file or directory"
time=2026-10-07T20:29:18.065Z level=DEBUG msg="failed to get docker info" component=docker.ContainerStore error="failed to connect to the docker API at unix:///var/run/docker.sock; check if the path is correct and if the daemon is running: dial unix /var/run/docker.sock: connect: no such file or directory"
time=2026-10-07T20:29:19.067Z level=DEBUG msg="failed to get docker info" component=docker.ContainerStore error="failed to connect to the docker API at unix:///var/run/docker.sock; check if the path is correct and if the daemon is running: dial unix /var/run/docker.sock: connect: no such file or directory"
time=2026-10-07T20:29:20.068Z level=DEBUG msg="failed to get docker info" component=docker.ContainerStore error="failed to connect to the docker API at unix:///var/run/docker.sock; check if the path is correct and if the daemon is running: dial unix /var/run/docker.sock: connect: no such file or directory"
time=2026-10-07T20:29:21.070Z level=DEBUG msg="failed to get docker info" component=docker.ContainerStore error="failed to connect to the docker API at unix:///var/run/docker.sock; check if the path is correct and if the daemon is running: dial unix /var/run/docker.sock: connect: no such file or directory"
time=2026-10-07T20:29:22.071Z level=DEBUG msg="failed to get docker info" component=docker.ContainerStore error="failed to connect to the docker API at unix:///var/run/docker.sock; check if the path is correct and if the daemon is running: dial unix /var/run/docker.sock: connect: no such file or directory"
time=2026-10-07T20:29:23.073Z level=DEBUG msg="failed to get docker info" component=docker.ContainerStore error="failed to connect to the docker API at unix:///var/run/docker.sock; check if the path is correct and if the daemon is running: dial unix /var/run/docker.sock: connect: no such file or directory"
time=2026-10-07T20:29:24.075Z level=DEBUG msg="failed to get docker info" component=docker.ContainerStore error="failed to connect to the docker API at unix:///var/run/docker.sock; check if the path is correct and if the daemon is running: dial unix /var/run/docker.sock: connect: no such file or directory"
time=2026-10-07T20:29:25.076Z level=DEBUG msg="failed to get docker info" component=docker.ContainerStore error="failed to connect to the docker API at unix:///var/run/docker.sock; check if the path is correct and if the daemon is running: dial unix /var/run/docker.sock: connect: no such file or directory"
time=2026-10-07T20:29:26.079Z level=DEBUG msg="failed to get docker info" component=docker.ContainerStore error="failed to connect to the docker API at unix:///var/run/docker.sock; check if the path is correct and if the daemon is running: dial unix /var/run/docker.sock: connect: no such file or directory"
time=2026-10-07T20:29:27.081Z level=DEBUG msg="failed to get docker info" component=docker.ContainerStore error="failed to connect to the docker API at unix:///var/run/docker.sock; check if the path is correct and if the daemon is running: dial unix /var/run/docker.sock: connect: no such file or directory"
time=2026-10-07T20:29:28.083Z level=DEBUG msg="failed to get docker info" component=docker.ContainerStore error="failed to connect to the docker API at unix:///var/run/docker.sock; check if the path is correct and if the daemon is running: dial unix /var/run/docker.sock: connect: no such file or directory"
time=2026-10-07T20:29:28.444Z level=DEBUG msg="storing new metric label set" component=prom.Expirer labelValues="[write true loop4]"
time=2026-10-07T20:29:28.444Z level=DEBUG msg="storing new metric label set" component=prom.Expirer labelValues="[ write   true 10.0.2.15 loop4]"
time=2026-10-07T20:29:28.444Z level=DEBUG msg="storing new metric label set" component=prom.Expirer labelValues="[write true loop4]"
time=2026-10-07T20:29:28.444Z level=DEBUG msg="storing new metric label set" component=prom.Expirer labelValues="[write true loop5]"
time=2026-10-07T20:29:28.444Z level=DEBUG msg="storing new metric label set" component=prom.Expirer labelValues="[ write   true 10.0.2.15 loop5]"
time=2026-10-07T20:29:28.444Z level=DEBUG msg="storing new metric label set" component=prom.Expirer labelValues="[write true loop5]"
time=2026-10-07T20:29:28.444Z level=DEBUG msg="storing new metric label set" component=prom.Expirer labelValues="[write true dm-1]"
time=2026-10-07T20:29:28.444Z level=DEBUG msg="storing new metric label set" component=prom.Expirer labelValues="[ write   true 10.0.2.15 dm-1]"
time=2026-10-07T20:29:28.444Z level=DEBUG msg="storing new metric label set" component=prom.Expirer labelValues="[write true dm-1]"
time=2026-10-07T20:29:28.444Z level=DEBUG msg="storing new metric label set" component=prom.Expirer labelValues="[write true loop4]"
time=2026-10-07T20:29:28.444Z level=DEBUG msg="storing new metric label set" component=prom.Expirer labelValues="[write true dm-1]"
time=2026-10-07T20:29:29.084Z level=DEBUG msg="failed to get docker info" component=docker.ContainerStore error="failed to connect to the docker API at unix:///var/run/docker.sock; check if the path is correct and if the daemon is running: dial unix /var/run/docker.sock: connect: no such file or directory"
time=2026-10-07T20:29:30.087Z level=DEBUG msg="failed to get docker info" component=docker.ContainerStore error="failed to connect to the docker API at unix:///var/run/docker.sock; check if the path is correct and if the daemon is running: dial unix /var/run/docker.sock: connect: no such file or directory"
time=2026-10-07T20:29:31.088Z level=DEBUG msg="failed to get docker info" component=docker.ContainerStore error="failed to connect to the docker API at unix:///var/run/docker.sock; check if the path is correct and if the daemon is running: dial unix /var/run/docker.sock: connect: no such file or directory"
time=2026-10-07T20:29:32.090Z level=DEBUG msg="failed to get docker info" component=docker.ContainerStore error="failed to connect to the docker API at unix:///var/run/docker.sock; check if the path is correct and if the daemon is running: dial unix /var/run/docker.sock: connect: no such file or directory"
time=2026-10-07T20:29:33.092Z level=DEBUG msg="failed to get docker info" component=docker.ContainerStore error="failed to connect to the docker API at unix:///var/run/docker.sock; check if the path is correct and if the daemon is running: dial unix /var/run/docker.sock: connect: no such file or directory"
time=2026-10-07T20:29:34.093Z level=DEBUG msg="failed to get docker info" component=docker.ContainerStore error="failed to connect to the docker API at unix:///var/run/docker.sock; check if the path is correct and if the daemon is running: dial unix /var/run/docker.sock: connect: no such file or directory"
time=2026-10-07T20:29:35.095Z level=DEBUG msg="failed to get docker info" component=docker.ContainerStore error="failed to connect to the docker API at unix:///var/run/docker.sock; check if the path is correct and if the daemon is running: dial unix /var/run/docker.sock: connect: no such file or directory"
time=2026-10-07T20:29:36.097Z level=DEBUG msg="failed to get docker info" component=docker.ContainerStore error="failed to connect to the docker API at unix:///var/run/docker.sock; check if the path is correct and if the daemon is running: dial unix /var/run/docker.sock: connect: no such file or directory"
time=2026-10-07T20:29:37.098Z level=DEBUG msg="failed to get docker info" component=docker.ContainerStore error="failed to connect to the docker API at unix:///var/run/docker.sock; check if the path is correct and if the daemon is running: dial unix /var/run/docker.sock: connect: no such file or directory"
time=2026-10-07T20:29:38.100Z level=DEBUG msg="failed to get docker info" component=docker.ContainerStore error="failed to connect to the docker API at unix:///var/run/docker.sock; check if the path is correct and if the daemon is running: dial unix /var/run/docker.sock: connect: no such file or directory"
time=2026-10-07T20:29:39.102Z level=DEBUG msg="failed to get docker info" component=docker.ContainerStore error="failed to connect to the docker API at unix:///var/run/docker.sock; check if the path is correct and if the daemon is running: dial unix /var/run/docker.sock: connect: no such file or directory"
time=2026-10-07T20:29:40.103Z level=DEBUG msg="failed to get docker info" component=docker.ContainerStore error="failed to connect to the docker API at unix:///var/run/docker.sock; check if the path is correct and if the daemon is running: dial unix /var/run/docker.sock: connect: no such file or directory"
time=2026-10-07T20:29:41.105Z level=DEBUG msg="failed to get docker info" component=docker.ContainerStore error="failed to connect to the docker API at unix:///var/run/docker.sock; check if the path is correct and if the daemon is running: dial unix /var/run/docker.sock: connect: no such file or directory"
time=2026-10-07T20:29:42.107Z level=DEBUG msg="failed to get docker info" component=docker.ContainerStore error="failed to connect to the docker API at unix:///var/run/docker.sock; check if the path is correct and if the daemon is running: dial unix /var/run/docker.sock: connect: no such file or directory"
time=2026-10-07T20:29:43.108Z level=DEBUG msg="failed to get docker info" component=docker.ContainerStore error="failed to connect to the docker API at unix:///var/run/docker.sock; check if the path is correct and if the daemon is running: dial unix /var/run/docker.sock: connect: no such file or directory"
time=2026-10-07T20:29:44.109Z level=DEBUG msg="failed to get docker info" component=docker.ContainerStore error="failed to connect to the docker API at unix:///var/run/docker.sock; check if the path is correct and if the daemon is running: dial unix /var/run/docker.sock: connect: no such file or directory"
time=2026-10-07T20:29:45.111Z level=DEBUG msg="failed to get docker info" component=docker.ContainerStore error="failed to connect to the docker API at unix:///var/run/docker.sock; check if the path is correct and if the daemon is running: dial unix /var/run/docker.sock: connect: no such file or directory"
time=2026-10-07T20:29:46.114Z level=DEBUG msg="failed to get docker info" component=docker.ContainerStore error="failed to connect to the docker API at unix:///var/run/docker.sock; check if the path is correct and if the daemon is running: dial unix /var/run/docker.sock: connect: no such file or directory"
time=2026-10-07T20:29:47.116Z level=DEBUG msg="failed to get docker info" component=docker.ContainerStore error="failed to connect to the docker API at unix:///var/run/docker.sock; check if the path is correct and if the daemon is running: dial unix /var/run/docker.sock: connect: no such file or directory"
time=2026-10-07T20:29:48.118Z level=DEBUG msg="failed to get docker info" component=docker.ContainerStore error="failed to connect to the docker API at unix:///var/run/docker.sock; check if the path is correct and if the daemon is running: dial unix /var/run/docker.sock: connect: no such file or directory"
time=2026-10-07T20:29:49.119Z level=DEBUG msg="failed to get docker info" component=docker.ContainerStore error="failed to connect to the docker API at unix:///var/run/docker.sock; check if the path is correct and if the daemon is running: dial unix /var/run/docker.sock: connect: no such file or directory"
time=2026-10-07T20:29:50.121Z level=DEBUG msg="failed to get docker info" component=docker.ContainerStore error="failed to connect to the docker API at unix:///var/run/docker.sock; check if the path is correct and if the daemon is running: dial unix /var/run/docker.sock: connect: no such file or directory"
time=2026-10-07T20:29:51.124Z level=DEBUG msg="failed to get docker info" component=docker.ContainerStore error="failed to connect to the docker API at unix:///var/run/docker.sock; check if the path is correct and if the daemon is running: dial unix /var/run/docker.sock: connect: no such file or directory"
time=2026-10-07T20:29:52.126Z level=DEBUG msg="failed to get docker info" component=docker.ContainerStore error="failed to connect to the docker API at unix:///var/run/docker.sock; check if the path is correct and if the daemon is running: dial unix /var/run/docker.sock: connect: no such file or directory"
time=2026-10-07T20:29:53.128Z level=DEBUG msg="failed to get docker info" component=docker.ContainerStore error="failed to connect to the docker API at unix:///var/run/docker.sock; check if the path is correct and if the daemon is running: dial unix /var/run/docker.sock: connect: no such file or directory"
time=2026-10-07T20:29:54.130Z level=DEBUG msg="failed to get docker info" component=docker.ContainerStore error="failed to connect to the docker API at unix:///var/run/docker.sock; check if the path is correct and if the daemon is running: dial unix /var/run/docker.sock: connect: no such file or directory"
time=2026-10-07T20:29:55.132Z level=DEBUG msg="failed to get docker info" component=docker.ContainerStore error="failed to connect to the docker API at unix:///var/run/docker.sock; check if the path is correct and if the daemon is running: dial unix /var/run/docker.sock: connect: no such file or directory"
time=2026-10-07T20:29:56.135Z level=DEBUG msg="failed to get docker info" component=docker.ContainerStore error="failed to connect to the docker API at unix:///var/run/docker.sock; check if the path is correct and if the daemon is running: dial unix /var/run/docker.sock: connect: no such file or directory"
time=2026-10-07T20:29:57.136Z level=DEBUG msg="failed to get docker info" component=docker.ContainerStore error="failed to connect to the docker API at unix:///var/run/docker.sock; check if the path is correct and if the daemon is running: dial unix /var/run/docker.sock: connect: no such file or directory"
time=2026-10-07T20:29:58.138Z level=DEBUG msg="failed to get docker info" component=docker.ContainerStore error="failed to connect to the docker API at unix:///var/run/docker.sock; check if the path is correct and if the daemon is running: dial unix /var/run/docker.sock: connect: no such file or directory"
time=2026-10-07T20:29:59.139Z level=DEBUG msg="failed to get docker info" component=docker.ContainerStore error="failed to connect to the docker API at unix:///var/run/docker.sock; check if the path is correct and if the daemon is running: dial unix /var/run/docker.sock: connect: no such file or directory"
time=2026-10-07T20:30:00.141Z level=DEBUG msg="failed to get docker info" component=docker.ContainerStore error="failed to connect to the docker API at unix:///var/run/docker.sock; check if the path is correct and if the daemon is running: dial unix /var/run/docker.sock: connect: no such file or directory"
time=2026-10-07T20:30:01.144Z level=DEBUG msg="failed to get docker info" component=docker.ContainerStore error="failed to connect to the docker API at unix:///var/run/docker.sock; check if the path is correct and if the daemon is running: dial unix /var/run/docker.sock: connect: no such file or directory"
time=2026-10-07T20:30:02.147Z level=DEBUG msg="failed to get docker info" component=docker.ContainerStore error="failed to connect to the docker API at unix:///var/run/docker.sock; check if the path is correct and if the daemon is running: dial unix /var/run/docker.sock: connect: no such file or directory"
time=2026-10-07T20:30:03.149Z level=DEBUG msg="failed to get docker info" component=docker.ContainerStore error="failed to connect to the docker API at unix:///var/run/docker.sock; check if the path is correct and if the daemon is running: dial unix /var/run/docker.sock: connect: no such file or directory"
time=2026-10-07T20:30:04.151Z level=DEBUG msg="failed to get docker info" component=docker.ContainerStore error="failed to connect to the docker API at unix:///var/run/docker.sock; check if the path is correct and if the daemon is running: dial unix /var/run/docker.sock: connect: no such file or directory"
time=2026-10-07T20:30:05.153Z level=DEBUG msg="failed to get docker info" component=docker.ContainerStore error="failed to connect to the docker API at unix:///var/run/docker.sock; check if the path is correct and if the daemon is running: dial unix /var/run/docker.sock: connect: no such file or directory"
time=2026-10-07T20:30:06.154Z level=DEBUG msg="failed to get docker info" component=docker.ContainerStore error="failed to connect to the docker API at unix:///var/run/docker.sock; check if the path is correct and if the daemon is running: dial unix /var/run/docker.sock: connect: no such file or directory"
time=2026-10-07T20:30:07.156Z level=DEBUG msg="failed to get docker info" component=docker.ContainerStore error="failed to connect to the docker API at unix:///var/run/docker.sock; check if the path is correct and if the daemon is running: dial unix /var/run/docker.sock: connect: no such file or directory"
time=2026-10-07T20:30:08.157Z level=DEBUG msg="failed to get docker info" component=docker.ContainerStore error="failed to connect to the docker API at unix:///var/run/docker.sock; check if the path is correct and if the daemon is running: dial unix /var/run/docker.sock: connect: no such file or directory"
time=2026-10-07T20:30:09.158Z level=DEBUG msg="failed to get docker info" component=docker.ContainerStore error="failed to connect to the docker API at unix:///var/run/docker.sock; check if the path is correct and if the daemon is running: dial unix /var/run/docker.sock: connect: no such file or directory"
time=2026-10-07T20:30:10.160Z level=DEBUG msg="failed to get docker info" component=docker.ContainerStore error="failed to connect to the docker API at unix:///var/run/docker.sock; check if the path is correct and if the daemon is running: dial unix /var/run/docker.sock: connect: no such file or directory"
time=2026-10-07T20:30:11.162Z level=DEBUG msg="failed to get docker info" component=docker.ContainerStore error="failed to connect to the docker API at unix:///var/run/docker.sock; check if the path is correct and if the daemon is running: dial unix /var/run/docker.sock: connect: no such file or directory"
time=2026-10-07T20:30:12.163Z level=DEBUG msg="failed to get docker info" component=docker.ContainerStore error="failed to connect to the docker API at unix:///var/run/docker.sock; check if the path is correct and if the daemon is running: dial unix /var/run/docker.sock: connect: no such file or directory"
time=2026-10-07T20:30:13.165Z level=DEBUG msg="failed to get docker info" component=docker.ContainerStore error="failed to connect to the docker API at unix:///var/run/docker.sock; check if the path is correct and if the daemon is running: dial unix /var/run/docker.sock: connect: no such file or directory"
time=2026-10-07T20:30:14.166Z level=DEBUG msg="failed to get docker info" component=docker.ContainerStore error="failed to connect to the docker API at unix:///var/run/docker.sock; check if the path is correct and if the daemon is running: dial unix /var/run/docker.sock: connect: no such file or directory"
time=2026-10-07T20:30:15.168Z level=DEBUG msg="failed to get docker info" component=docker.ContainerStore error="failed to connect to the docker API at unix:///var/run/docker.sock; check if the path is correct and if the daemon is running: dial unix /var/run/docker.sock: connect: no such file or directory"
time=2026-10-07T20:30:16.169Z level=DEBUG msg="failed to get docker info" component=docker.ContainerStore error="failed to connect to the docker API at unix:///var/run/docker.sock; check if the path is correct and if the daemon is running: dial unix /var/run/docker.sock: connect: no such file or directory"
time=2026-10-07T20:30:17.170Z level=DEBUG msg="failed to get docker info" component=docker.ContainerStore error="failed to connect to the docker API at unix:///var/run/docker.sock; check if the path is correct and if the daemon is running: dial unix /var/run/docker.sock: connect: no such file or directory"
time=2026-10-07T20:30:18.171Z level=DEBUG msg="failed to get docker info" component=docker.ContainerStore error="failed to connect to the docker API at unix:///var/run/docker.sock; check if the path is correct and if the daemon is running: dial unix /var/run/docker.sock: connect: no such file or directory"
time=2026-10-07T20:30:19.174Z level=DEBUG msg="failed to get docker info" component=docker.ContainerStore error="failed to connect to the docker API at unix:///var/run/docker.sock; check if the path is correct and if the daemon is running: dial unix /var/run/docker.sock: connect: no such file or directory"
time=2026-10-07T20:30:20.175Z level=DEBUG msg="failed to get docker info" component=docker.ContainerStore error="failed to connect to the docker API at unix:///var/run/docker.sock; check if the path is correct and if the daemon is running: dial unix /var/run/docker.sock: connect: no such file or directory"
time=2026-10-07T20:30:21.177Z level=DEBUG msg="failed to get docker info" component=docker.ContainerStore error="failed to connect to the docker API at unix:///var/run/docker.sock; check if the path is correct and if the daemon is running: dial unix /var/run/docker.sock: connect: no such file or directory"
time=2026-10-07T20:30:22.179Z level=DEBUG msg="failed to get docker info" component=docker.ContainerStore error="failed to connect to the docker API at unix:///var/run/docker.sock; check if the path is correct and if the daemon is running: dial unix /var/run/docker.sock: connect: no such file or directory"
time=2026-10-07T20:30:23.181Z level=DEBUG msg="failed to get docker info" component=docker.ContainerStore error="failed to connect to the docker API at unix:///var/run/docker.sock; check if the path is correct and if the daemon is running: dial unix /var/run/docker.sock: connect: no such file or directory"
time=2026-10-07T20:30:24.182Z level=DEBUG msg="failed to get docker info" component=docker.ContainerStore error="failed to connect to the docker API at unix:///var/run/docker.sock; check if the path is correct and if the daemon is running: dial unix /var/run/docker.sock: connect: no such file or directory"
time=2026-10-07T20:30:25.184Z level=DEBUG msg="failed to get docker info" component=docker.ContainerStore error="failed to connect to the docker API at unix:///var/run/docker.sock; check if the path is correct and if the daemon is running: dial unix /var/run/docker.sock: connect: no such file or directory"
time=2026-10-07T20:30:26.186Z level=DEBUG msg="failed to get docker info" component=docker.ContainerStore error="failed to connect to the docker API at unix:///var/run/docker.sock; check if the path is correct and if the daemon is running: dial unix /var/run/docker.sock: connect: no such file or directory"
time=2026-10-07T20:30:27.189Z level=DEBUG msg="failed to get docker info" component=docker.ContainerStore error="failed to connect to the docker API at unix:///var/run/docker.sock; check if the path is correct and if the daemon is running: dial unix /var/run/docker.sock: connect: no such file or directory"
time=2026-10-07T20:30:28.191Z level=DEBUG msg="failed to get docker info" component=docker.ContainerStore error="failed to connect to the docker API at unix:///var/run/docker.sock; check if the path is correct and if the daemon is running: dial unix /var/run/docker.sock: connect: no such file or directory"
time=2026-10-07T20:30:29.194Z level=DEBUG msg="failed to get docker info" component=docker.ContainerStore error="failed to connect to the docker API at unix:///var/run/docker.sock; check if the path is correct and if the daemon is running: dial unix /var/run/docker.sock: connect: no such file or directory"
time=2026-10-07T20:30:30.196Z level=DEBUG msg="failed to get docker info" component=docker.ContainerStore error="failed to connect to the docker API at unix:///var/run/docker.sock; check if the path is correct and if the daemon is running: dial unix /var/run/docker.sock: connect: no such file or directory"
time=2026-10-07T20:30:31.198Z level=DEBUG msg="failed to get docker info" component=docker.ContainerStore error="failed to connect to the docker API at unix:///var/run/docker.sock; check if the path is correct and if the daemon is running: dial unix /var/run/docker.sock: connect: no such file or directory"
time=2026-10-07T20:30:32.200Z level=DEBUG msg="failed to get docker info" component=docker.ContainerStore error="failed to connect to the docker API at unix:///var/run/docker.sock; check if the path is correct and if the daemon is running: dial unix /var/run/docker.sock: connect: no such file or directory"
time=2026-10-07T20:30:33.201Z level=DEBUG msg="failed to get docker info" component=docker.ContainerStore error="failed to connect to the docker API at unix:///var/run/docker.sock; check if the path is correct and if the daemon is running: dial unix /var/run/docker.sock: connect: no such file or directory"
time=2026-10-07T20:30:34.203Z level=DEBUG msg="failed to get docker info" component=docker.ContainerStore error="failed to connect to the docker API at unix:///var/run/docker.sock; check if the path is correct and if the daemon is running: dial unix /var/run/docker.sock: connect: no such file or directory"
time=2026-10-07T20:30:35.205Z level=DEBUG msg="failed to get docker info" component=docker.ContainerStore error="failed to connect to the docker API at unix:///var/run/docker.sock; check if the path is correct and if the daemon is running: dial unix /var/run/docker.sock: connect: no such file or directory"
time=2026-10-07T20:30:36.207Z level=DEBUG msg="failed to get docker info" component=docker.ContainerStore error="failed to connect to the docker API at unix:///var/run/docker.sock; check if the path is correct and if the daemon is running: dial unix /var/run/docker.sock: connect: no such file or directory"
time=2026-10-07T20:30:37.208Z level=DEBUG msg="failed to get docker info" component=docker.ContainerStore error="failed to connect to the docker API at unix:///var/run/docker.sock; check if the path is correct and if the daemon is running: dial unix /var/run/docker.sock: connect: no such file or directory"
time=2026-10-07T20:30:38.210Z level=DEBUG msg="failed to get docker info" component=docker.ContainerStore error="failed to connect to the docker API at unix:///var/run/docker.sock; check if the path is correct and if the daemon is running: dial unix /var/run/docker.sock: connect: no such file or directory"
time=2026-10-07T20:30:39.211Z level=DEBUG msg="failed to get docker info" component=docker.ContainerStore error="failed to connect to the docker API at unix:///var/run/docker.sock; check if the path is correct and if the daemon is running: dial unix /var/run/docker.sock: connect: no such file or directory"
time=2026-10-07T20:30:40.212Z level=DEBUG msg="failed to get docker info" component=docker.ContainerStore error="failed to connect to the docker API at unix:///var/run/docker.sock; check if the path is correct and if the daemon is running: dial unix /var/run/docker.sock: connect: no such file or directory"
time=2026-10-07T20:30:41.214Z level=DEBUG msg="failed to get docker info" component=docker.ContainerStore error="failed to connect to the docker API at unix:///var/run/docker.sock; check if the path is correct and if the daemon is running: dial unix /var/run/docker.sock: connect: no such file or directory"
time=2026-10-07T20:30:42.215Z level=DEBUG msg="failed to get docker info" component=docker.ContainerStore error="failed to connect to the docker API at unix:///var/run/docker.sock; check if the path is correct and if the daemon is running: dial unix /var/run/docker.sock: connect: no such file or directory"
time=2026-10-07T20:30:43.217Z level=DEBUG msg="failed to get docker info" component=docker.ContainerStore error="failed to connect to the docker API at unix:///var/run/docker.sock; check if the path is correct and if the daemon is running: dial unix /var/run/docker.sock: connect: no such file or directory"
time=2026-10-07T20:30:44.218Z level=DEBUG msg="failed to get docker info" component=docker.ContainerStore error="failed to connect to the docker API at unix:///var/run/docker.sock; check if the path is correct and if the daemon is running: dial unix /var/run/docker.sock: connect: no such file or directory"
time=2026-10-07T20:30:44.744Z level=DEBUG msg="storing new metric label set" component=prom.Expirer labelValues="[  fsync 10.0.2.15 /mnt/nfs nfs4]"
time=2026-10-07T20:30:44.744Z level=DEBUG msg="storing new metric label set" component=prom.Expirer labelValues="[ WRITE 4 127.0.0.1]"
time=2026-10-07T20:30:44.744Z level=DEBUG msg="storing new metric label set" component=prom.Expirer labelValues="[WRITE 4 127.0.0.1]"
time=2026-10-07T20:30:44.744Z level=DEBUG msg="storing new metric label set" component=prom.Expirer labelValues="[ OPEN_NOATTR 4 127.0.0.1]"
time=2026-10-07T20:30:44.744Z level=DEBUG msg="storing new metric label set" component=prom.Expirer labelValues="[OPEN_NOATTR 4 127.0.0.1]"
time=2026-10-07T20:30:44.744Z level=DEBUG msg="storing new metric label set" component=prom.Expirer labelValues="[ENOENT LOOKUP 4 127.0.0.1]"
time=2026-10-07T20:30:44.744Z level=DEBUG msg="storing new metric label set" component=prom.Expirer labelValues="[LOOKUP 4 127.0.0.1]"
time=2026-10-07T20:30:44.744Z level=DEBUG msg="storing new metric label set" component=prom.Expirer labelValues="[ CLOSE 4 127.0.0.1]"
time=2026-10-07T20:30:44.744Z level=DEBUG msg="storing new metric label set" component=prom.Expirer labelValues="[CLOSE 4 127.0.0.1]"
time=2026-10-07T20:30:44.744Z level=DEBUG msg="storing new metric label set" component=prom.Expirer labelValues="[ OPEN 4 127.0.0.1]"
time=2026-10-07T20:30:44.744Z level=DEBUG msg="storing new metric label set" component=prom.Expirer labelValues="[ READ 4 127.0.0.1]"
time=2026-10-07T20:30:44.744Z level=DEBUG msg="storing new metric label set" component=prom.Expirer labelValues="[READ 4 127.0.0.1]"
time=2026-10-07T20:30:44.744Z level=DEBUG msg="storing new metric label set" component=prom.Expirer labelValues="[receive 127.0.0.1]"
time=2026-10-07T20:30:44.744Z level=DEBUG msg="storing new metric label set" component=prom.Expirer labelValues="[transmit 127.0.0.1]"
time=2026-10-07T20:30:45.220Z level=DEBUG msg="failed to get docker info" component=docker.ContainerStore error="failed to connect to the docker API at unix:///var/run/docker.sock; check if the path is correct and if the daemon is running: dial unix /var/run/docker.sock: connect: no such file or directory"
time=2026-10-07T20:30:46.221Z level=DEBUG msg="failed to get docker info" component=docker.ContainerStore error="failed to connect to the docker API at unix:///var/run/docker.sock; check if the path is correct and if the daemon is running: dial unix /var/run/docker.sock: connect: no such file or directory"
time=2026-10-07T20:30:47.223Z level=DEBUG msg="failed to get docker info" component=docker.ContainerStore error="failed to connect to the docker API at unix:///var/run/docker.sock; check if the path is correct and if the daemon is running: dial unix /var/run/docker.sock: connect: no such file or directory"
time=2026-10-07T20:30:47.733Z level=DEBUG msg="received metrics request" component=connector.PrometheusManager uri=/metrics remoteAddr=[::1]:60522
time=2026-10-07T20:30:47.740Z level=INFO msg="stopping Stats agent" component=agent.StatsO11y
time=2026-10-07T20:30:47.740Z level=DEBUG msg="unregistering eBPF objects" component=ebpf.StatFetcher
time=2026-10-07T20:30:47.740Z level=DEBUG msg="context is cancelled. Closing events reader" component=stat.RingBufTracer
time=2026-10-07T20:30:47.740Z level=DEBUG msg="Prometheus endpoint server was closed" component=connector.PrometheusManager port=9400 error="http: Server closed"
time=2026-10-07T20:30:47.740Z level=DEBUG msg="ring buffer is closed" component=stat.RingBufTracer
time=2026-10-07T20:30:47.740Z level=DEBUG msg="closing eBPF resources" component=stat.RingBufTracer len=1
time=2026-10-07T20:30:47.740Z level=DEBUG msg="the eBPF resources are closed" component=stat.RingBufTracer
time=2026-10-07T20:30:47.902Z level=DEBUG msg="waiting for all nodes to finish their pending work" component=agent.StatsO11y
time=2026-10-07T20:30:47.902Z level=INFO msg="Stats agent stopped" component=agent.StatsO11y
time=2026-10-07T20:30:47.902Z level=DEBUG msg="OBI main node finished"
time=2026-10-07T20:30:47.902Z level=INFO msg="OpenTelemetry eBPF Instrumentation successfully exiting"
